nohup: ignoring input

======================================================================
PERCENTILE: 1.0%
======================================================================
======================================================================
CALCULATING DIST STD: POSTERIOR CONCENTRATION
======================================================================
Total samples: 998,493
Posterior (1.0%): 9,985 samples
  R0:    mean=1.846, std=0.320
  sigma: mean=0.781, std=0.167
Posterior shape: (9985, 2)

Calculating posterior concentration...

======================================================================
posterior concentration RESULT
======================================================================
Distance std (posterior concentration): 0.405352

Interpretation:
  Small value → posterior tightly concentrated
               → ABC learned a lot from the observation
  Large value → posterior spread out
               → ABC learned little from the observation

✅ posterior concentration: 0.405352
======================================================================
PLOTTING SCATTER + CONTOUR
======================================================================
Percentile 1.0%: 9,985 samples
True values: R0=2.0, sigma=0.9
Peak: R0=1.8291, sigma=0.8754

✓ Saved to: ../../figures/from_260528/ppc/sigma0p9/R02p0/posterior_scatter_contour_1percentile_silverman.png
✅ Peak: R0=1.8291, sigma=0.8754
======================================================================
PLOTTING SCATTER + CONTOUR
======================================================================
Percentile 1.0%: 9,985 samples
True values: R0=2.0, sigma=0.9
Peak: R0=1.8291, sigma=0.8754

✓ Saved to: ../../figures/from_260528/ppc/sigma0p9/R02p0/posterior_scatter_contour_1percentile_scott.png
✅ Peak: R0=1.8291, sigma=0.8754
======================================================================
PLOTTING SCATTER + CONTOUR
======================================================================
Percentile 1.0%: 9,985 samples
True values: R0=2.0, sigma=0.9
Peak: R0=1.8141, sigma=0.8472

✓ Saved to: ../../figures/from_260528/ppc/sigma0p9/R02p0/posterior_scatter_contour_1percentile_0.5.png
✅ Peak: R0=1.8141, sigma=0.8472
======================================================================
PLOTTING SCATTER + CONTOUR
======================================================================
Percentile 1.0%: 9,985 samples
True values: R0=2.0, sigma=0.9
Peak: R0=1.8291, sigma=0.8754

✓ Saved to: ../../figures/from_260528/ppc/sigma0p9/R02p0/posterior_scatter_contour_1percentile_0.3.png
✅ Peak: R0=1.8291, sigma=0.8754
======================================================================
PLOTTING SCATTER + CONTOUR
======================================================================
Percentile 1.0%: 9,985 samples
True values: R0=2.0, sigma=0.9
Peak: R0=1.8291, sigma=0.8714

✓ Saved to: ../../figures/from_260528/ppc/sigma0p9/R02p0/posterior_scatter_contour_1percentile_0.2.png
✅ Peak: R0=1.8291, sigma=0.8714
======================================================================
PLOTTING SCATTER + CONTOUR
======================================================================
Percentile 1.0%: 9,985 samples
True values: R0=2.0, sigma=0.9
Peak: R0=1.8593, sigma=0.9678

✓ Saved to: ../../figures/from_260528/ppc/sigma0p9/R02p0/posterior_scatter_contour_1percentile_0.1.png
✅ Peak: R0=1.8593, sigma=0.9678

======================================================================
PERCENTILE: 0.1%
======================================================================
======================================================================
CALCULATING DIST STD: POSTERIOR CONCENTRATION
======================================================================
Total samples: 998,493
Posterior (0.1%): 999 samples
  R0:    mean=1.830, std=0.283
  sigma: mean=0.788, std=0.157
Posterior shape: (999, 2)

Calculating posterior concentration...

======================================================================
posterior concentration RESULT
======================================================================
Distance std (posterior concentration): 0.360687

Interpretation:
  Small value → posterior tightly concentrated
               → ABC learned a lot from the observation
  Large value → posterior spread out
               → ABC learned little from the observation

✅ posterior concentration: 0.360687
======================================================================
PLOTTING SCATTER + CONTOUR
======================================================================
Percentile 0.1%: 999 samples
True values: R0=2.0, sigma=0.9
Peak: R0=1.7839, sigma=0.8593

✓ Saved to: ../../figures/from_260528/ppc/sigma0p9/R02p0/posterior_scatter_contour_0p1percentile_silverman.png
✅ Peak: R0=1.7839, sigma=0.8593
======================================================================
PLOTTING SCATTER + CONTOUR
======================================================================
Percentile 0.1%: 999 samples
True values: R0=2.0, sigma=0.9
Peak: R0=1.7839, sigma=0.8593

✓ Saved to: ../../figures/from_260528/ppc/sigma0p9/R02p0/posterior_scatter_contour_0p1percentile_scott.png
✅ Peak: R0=1.7839, sigma=0.8593
======================================================================
PLOTTING SCATTER + CONTOUR
======================================================================
Percentile 0.1%: 999 samples
True values: R0=2.0, sigma=0.9
Peak: R0=1.7990, sigma=0.8352

✓ Saved to: ../../figures/from_260528/ppc/sigma0p9/R02p0/posterior_scatter_contour_0p1percentile_0.5.png
✅ Peak: R0=1.7990, sigma=0.8352
======================================================================
PLOTTING SCATTER + CONTOUR
======================================================================
Percentile 0.1%: 999 samples
True values: R0=2.0, sigma=0.9
Peak: R0=1.7839, sigma=0.8633

✓ Saved to: ../../figures/from_260528/ppc/sigma0p9/R02p0/posterior_scatter_contour_0p1percentile_0.3.png
✅ Peak: R0=1.7839, sigma=0.8633
======================================================================
PLOTTING SCATTER + CONTOUR
======================================================================
Percentile 0.1%: 999 samples
True values: R0=2.0, sigma=0.9
Peak: R0=1.7236, sigma=0.8151

✓ Saved to: ../../figures/from_260528/ppc/sigma0p9/R02p0/posterior_scatter_contour_0p1percentile_0.2.png
✅ Peak: R0=1.7236, sigma=0.8151
======================================================================
PLOTTING SCATTER + CONTOUR
======================================================================
Percentile 0.1%: 999 samples
True values: R0=2.0, sigma=0.9
Peak: R0=1.6935, sigma=0.8070

✓ Saved to: ../../figures/from_260528/ppc/sigma0p9/R02p0/posterior_scatter_contour_0p1percentile_0.1.png
✅ Peak: R0=1.6935, sigma=0.8070

======================================================================
PERCENTILE: 0.01%
======================================================================
======================================================================
CALCULATING DIST STD: POSTERIOR CONCENTRATION
======================================================================
Total samples: 998,493
Posterior (0.01%): 100 samples
  R0:    mean=1.857, std=0.246
  sigma: mean=0.796, std=0.151
Posterior shape: (100, 2)

Calculating posterior concentration...

======================================================================
posterior concentration RESULT
======================================================================
Distance std (posterior concentration): 0.339219

Interpretation:
  Small value → posterior tightly concentrated
               → ABC learned a lot from the observation
  Large value → posterior spread out
               → ABC learned little from the observation

✅ posterior concentration: 0.339219
======================================================================
PLOTTING SCATTER + CONTOUR
======================================================================
Percentile 0.01%: 100 samples
True values: R0=2.0, sigma=0.9
Peak: R0=1.8291, sigma=0.8312

✓ Saved to: ../../figures/from_260528/ppc/sigma0p9/R02p0/posterior_scatter_contour_0p01percentile_silverman.png
✅ Peak: R0=1.8291, sigma=0.8312
======================================================================
PLOTTING SCATTER + CONTOUR
======================================================================
Percentile 0.01%: 100 samples
True values: R0=2.0, sigma=0.9
Peak: R0=1.8291, sigma=0.8312

✓ Saved to: ../../figures/from_260528/ppc/sigma0p9/R02p0/posterior_scatter_contour_0p01percentile_scott.png
✅ Peak: R0=1.8291, sigma=0.8312
======================================================================
PLOTTING SCATTER + CONTOUR
======================================================================
Percentile 0.01%: 100 samples
True values: R0=2.0, sigma=0.9
Peak: R0=1.8291, sigma=0.8312

✓ Saved to: ../../figures/from_260528/ppc/sigma0p9/R02p0/posterior_scatter_contour_0p01percentile_0.5.png
✅ Peak: R0=1.8291, sigma=0.8312
======================================================================
PLOTTING SCATTER + CONTOUR
======================================================================
Percentile 0.01%: 100 samples
True values: R0=2.0, sigma=0.9
Peak: R0=1.7839, sigma=0.8070

✓ Saved to: ../../figures/from_260528/ppc/sigma0p9/R02p0/posterior_scatter_contour_0p01percentile_0.3.png
✅ Peak: R0=1.7839, sigma=0.8070
======================================================================
PLOTTING SCATTER + CONTOUR
======================================================================
Percentile 0.01%: 100 samples
True values: R0=2.0, sigma=0.9
Peak: R0=1.7688, sigma=0.7990

✓ Saved to: ../../figures/from_260528/ppc/sigma0p9/R02p0/posterior_scatter_contour_0p01percentile_0.2.png
✅ Peak: R0=1.7688, sigma=0.7990
======================================================================
PLOTTING SCATTER + CONTOUR
======================================================================
Percentile 0.01%: 100 samples
True values: R0=2.0, sigma=0.9
Peak: R0=1.7538, sigma=0.7910

✓ Saved to: ../../figures/from_260528/ppc/sigma0p9/R02p0/posterior_scatter_contour_0p01percentile_0.1.png
✅ Peak: R0=1.7538, sigma=0.7910
