nohup: ignoring input

======================================================================
PERCENTILE: 1.0%
======================================================================
======================================================================
CALCULATING DIST STD: POSTERIOR CONCENTRATION
======================================================================
Total samples: 998,493
Posterior (1.0%): 9,985 samples
  R0:    mean=2.819, std=0.519
  sigma: mean=0.881, std=0.090
Posterior shape: (9985, 2)

Calculating posterior concentration...

======================================================================
posterior concentration RESULT
======================================================================
Distance std (posterior concentration): 0.610950

Interpretation:
  Small value → posterior tightly concentrated
               → ABC learned a lot from the observation
  Large value → posterior spread out
               → ABC learned little from the observation

✅ posterior concentration: 0.610950
======================================================================
PLOTTING SCATTER + CONTOUR
======================================================================
Percentile 1.0%: 9,985 samples
True values: R0=2.5, sigma=0.8
Peak: R0=2.8844, sigma=0.9317

✓ Saved to: ../../figures/from_260528/ppc/sigma0p8/R02p5/posterior_scatter_contour_1percentile_silverman.png
✅ Peak: R0=2.8844, sigma=0.9317
======================================================================
PLOTTING SCATTER + CONTOUR
======================================================================
Percentile 1.0%: 9,985 samples
True values: R0=2.5, sigma=0.8
Peak: R0=2.8844, sigma=0.9317

✓ Saved to: ../../figures/from_260528/ppc/sigma0p8/R02p5/posterior_scatter_contour_1percentile_scott.png
✅ Peak: R0=2.8844, sigma=0.9317
======================================================================
PLOTTING SCATTER + CONTOUR
======================================================================
Percentile 1.0%: 9,985 samples
True values: R0=2.5, sigma=0.8
Peak: R0=2.8392, sigma=0.9156

✓ Saved to: ../../figures/from_260528/ppc/sigma0p8/R02p5/posterior_scatter_contour_1percentile_0.5.png
✅ Peak: R0=2.8392, sigma=0.9156
======================================================================
PLOTTING SCATTER + CONTOUR
======================================================================
Percentile 1.0%: 9,985 samples
True values: R0=2.5, sigma=0.8
Peak: R0=2.8995, sigma=0.9276

✓ Saved to: ../../figures/from_260528/ppc/sigma0p8/R02p5/posterior_scatter_contour_1percentile_0.3.png
✅ Peak: R0=2.8995, sigma=0.9276
======================================================================
PLOTTING SCATTER + CONTOUR
======================================================================
Percentile 1.0%: 9,985 samples
True values: R0=2.5, sigma=0.8
Peak: R0=2.8844, sigma=0.9357

✓ Saved to: ../../figures/from_260528/ppc/sigma0p8/R02p5/posterior_scatter_contour_1percentile_0.2.png
✅ Peak: R0=2.8844, sigma=0.9357
======================================================================
PLOTTING SCATTER + CONTOUR
======================================================================
Percentile 1.0%: 9,985 samples
True values: R0=2.5, sigma=0.8
Peak: R0=2.8543, sigma=0.9317

✓ Saved to: ../../figures/from_260528/ppc/sigma0p8/R02p5/posterior_scatter_contour_1percentile_0.1.png
✅ Peak: R0=2.8543, sigma=0.9317

======================================================================
PERCENTILE: 0.1%
======================================================================
======================================================================
CALCULATING DIST STD: POSTERIOR CONCENTRATION
======================================================================
Total samples: 998,493
Posterior (0.1%): 999 samples
  R0:    mean=2.884, std=0.499
  sigma: mean=0.900, std=0.072
Posterior shape: (999, 2)

Calculating posterior concentration...

======================================================================
posterior concentration RESULT
======================================================================
Distance std (posterior concentration): 0.581825

Interpretation:
  Small value → posterior tightly concentrated
               → ABC learned a lot from the observation
  Large value → posterior spread out
               → ABC learned little from the observation

✅ posterior concentration: 0.581825
======================================================================
PLOTTING SCATTER + CONTOUR
======================================================================
Percentile 0.1%: 999 samples
True values: R0=2.5, sigma=0.8
Peak: R0=2.7638, sigma=0.9196

✓ Saved to: ../../figures/from_260528/ppc/sigma0p8/R02p5/posterior_scatter_contour_0p1percentile_silverman.png
✅ Peak: R0=2.7638, sigma=0.9196
======================================================================
PLOTTING SCATTER + CONTOUR
======================================================================
Percentile 0.1%: 999 samples
True values: R0=2.5, sigma=0.8
Peak: R0=2.7638, sigma=0.9196

✓ Saved to: ../../figures/from_260528/ppc/sigma0p8/R02p5/posterior_scatter_contour_0p1percentile_scott.png
✅ Peak: R0=2.7638, sigma=0.9196
======================================================================
PLOTTING SCATTER + CONTOUR
======================================================================
Percentile 0.1%: 999 samples
True values: R0=2.5, sigma=0.8
Peak: R0=2.8543, sigma=0.9236

✓ Saved to: ../../figures/from_260528/ppc/sigma0p8/R02p5/posterior_scatter_contour_0p1percentile_0.5.png
✅ Peak: R0=2.8543, sigma=0.9236
======================================================================
PLOTTING SCATTER + CONTOUR
======================================================================
Percentile 0.1%: 999 samples
True values: R0=2.5, sigma=0.8
Peak: R0=2.7487, sigma=0.9196

✓ Saved to: ../../figures/from_260528/ppc/sigma0p8/R02p5/posterior_scatter_contour_0p1percentile_0.3.png
✅ Peak: R0=2.7487, sigma=0.9196
======================================================================
PLOTTING SCATTER + CONTOUR
======================================================================
Percentile 0.1%: 999 samples
True values: R0=2.5, sigma=0.8
Peak: R0=3.1859, sigma=0.9598

✓ Saved to: ../../figures/from_260528/ppc/sigma0p8/R02p5/posterior_scatter_contour_0p1percentile_0.2.png
✅ Peak: R0=3.1859, sigma=0.9598
======================================================================
PLOTTING SCATTER + CONTOUR
======================================================================
Percentile 0.1%: 999 samples
True values: R0=2.5, sigma=0.8
Peak: R0=3.2010, sigma=0.9558

✓ Saved to: ../../figures/from_260528/ppc/sigma0p8/R02p5/posterior_scatter_contour_0p1percentile_0.1.png
✅ Peak: R0=3.2010, sigma=0.9558

======================================================================
PERCENTILE: 0.01%
======================================================================
======================================================================
CALCULATING DIST STD: POSTERIOR CONCENTRATION
======================================================================
Total samples: 998,493
Posterior (0.01%): 100 samples
  R0:    mean=2.867, std=0.454
  sigma: mean=0.904, std=0.055
Posterior shape: (100, 2)

Calculating posterior concentration...

======================================================================
posterior concentration RESULT
======================================================================
Distance std (posterior concentration): 0.527250

Interpretation:
  Small value → posterior tightly concentrated
               → ABC learned a lot from the observation
  Large value → posterior spread out
               → ABC learned little from the observation

✅ posterior concentration: 0.527250
======================================================================
PLOTTING SCATTER + CONTOUR
======================================================================
Percentile 0.01%: 100 samples
True values: R0=2.5, sigma=0.8
Peak: R0=2.8693, sigma=0.9196

✓ Saved to: ../../figures/from_260528/ppc/sigma0p8/R02p5/posterior_scatter_contour_0p01percentile_silverman.png
✅ Peak: R0=2.8693, sigma=0.9196
======================================================================
PLOTTING SCATTER + CONTOUR
======================================================================
Percentile 0.01%: 100 samples
True values: R0=2.5, sigma=0.8
Peak: R0=2.8693, sigma=0.9196

✓ Saved to: ../../figures/from_260528/ppc/sigma0p8/R02p5/posterior_scatter_contour_0p01percentile_scott.png
✅ Peak: R0=2.8693, sigma=0.9196
======================================================================
PLOTTING SCATTER + CONTOUR
======================================================================
Percentile 0.01%: 100 samples
True values: R0=2.5, sigma=0.8
Peak: R0=2.8693, sigma=0.9196

✓ Saved to: ../../figures/from_260528/ppc/sigma0p8/R02p5/posterior_scatter_contour_0p01percentile_0.5.png
✅ Peak: R0=2.8693, sigma=0.9196
======================================================================
PLOTTING SCATTER + CONTOUR
======================================================================
Percentile 0.01%: 100 samples
True values: R0=2.5, sigma=0.8
Peak: R0=2.8693, sigma=0.9156

✓ Saved to: ../../figures/from_260528/ppc/sigma0p8/R02p5/posterior_scatter_contour_0p01percentile_0.3.png
✅ Peak: R0=2.8693, sigma=0.9156
======================================================================
PLOTTING SCATTER + CONTOUR
======================================================================
Percentile 0.01%: 100 samples
True values: R0=2.5, sigma=0.8
Peak: R0=2.8693, sigma=0.9116

✓ Saved to: ../../figures/from_260528/ppc/sigma0p8/R02p5/posterior_scatter_contour_0p01percentile_0.2.png
✅ Peak: R0=2.8693, sigma=0.9116
======================================================================
PLOTTING SCATTER + CONTOUR
======================================================================
Percentile 0.01%: 100 samples
True values: R0=2.5, sigma=0.8
Peak: R0=3.2010, sigma=0.9518

✓ Saved to: ../../figures/from_260528/ppc/sigma0p8/R02p5/posterior_scatter_contour_0p01percentile_0.1.png
✅ Peak: R0=3.2010, sigma=0.9518
