nohup: ignoring input

======================================================================
PERCENTILE: 1.0%
======================================================================
======================================================================
CALCULATING DIST STD: POSTERIOR CONCENTRATION
======================================================================
Total samples: 998,493
Posterior (1.0%): 9,985 samples
  R0:    mean=1.732, std=0.275
  sigma: mean=0.793, std=0.162
Posterior shape: (9985, 2)

Calculating posterior concentration...

======================================================================
posterior concentration RESULT
======================================================================
Distance std (posterior concentration): 0.361543

Interpretation:
  Small value → posterior tightly concentrated
               → ABC learned a lot from the observation
  Large value → posterior spread out
               → ABC learned little from the observation

✅ posterior concentration: 0.361543
======================================================================
PLOTTING SCATTER + CONTOUR
======================================================================
Percentile 1.0%: 9,985 samples
True values: R0=2.0, sigma=0.9
Peak: R0=1.7538, sigma=0.9156

✓ Saved to: ../../figures/from_260528/ppc/sigma0p9/R02p0_seed1267/posterior_scatter_contour_1percentile_silverman.png
✅ Peak: R0=1.7538, sigma=0.9156
======================================================================
PLOTTING SCATTER + CONTOUR
======================================================================
Percentile 1.0%: 9,985 samples
True values: R0=2.0, sigma=0.9
Peak: R0=1.7538, sigma=0.9156

✓ Saved to: ../../figures/from_260528/ppc/sigma0p9/R02p0_seed1267/posterior_scatter_contour_1percentile_scott.png
✅ Peak: R0=1.7538, sigma=0.9156
======================================================================
PLOTTING SCATTER + CONTOUR
======================================================================
Percentile 1.0%: 9,985 samples
True values: R0=2.0, sigma=0.9
Peak: R0=1.7236, sigma=0.8633

✓ Saved to: ../../figures/from_260528/ppc/sigma0p9/R02p0_seed1267/posterior_scatter_contour_1percentile_0.5.png
✅ Peak: R0=1.7236, sigma=0.8633
======================================================================
PLOTTING SCATTER + CONTOUR
======================================================================
Percentile 1.0%: 9,985 samples
True values: R0=2.0, sigma=0.9
Peak: R0=1.7236, sigma=0.8874

✓ Saved to: ../../figures/from_260528/ppc/sigma0p9/R02p0_seed1267/posterior_scatter_contour_1percentile_0.3.png
✅ Peak: R0=1.7236, sigma=0.8874
======================================================================
PLOTTING SCATTER + CONTOUR
======================================================================
Percentile 1.0%: 9,985 samples
True values: R0=2.0, sigma=0.9
Peak: R0=1.7538, sigma=0.9196

✓ Saved to: ../../figures/from_260528/ppc/sigma0p9/R02p0_seed1267/posterior_scatter_contour_1percentile_0.2.png
✅ Peak: R0=1.7538, sigma=0.9196
======================================================================
PLOTTING SCATTER + CONTOUR
======================================================================
Percentile 1.0%: 9,985 samples
True values: R0=2.0, sigma=0.9
Peak: R0=1.7688, sigma=0.9236

✓ Saved to: ../../figures/from_260528/ppc/sigma0p9/R02p0_seed1267/posterior_scatter_contour_1percentile_0.1.png
✅ Peak: R0=1.7688, sigma=0.9236

======================================================================
PERCENTILE: 0.1%
======================================================================
======================================================================
CALCULATING DIST STD: POSTERIOR CONCENTRATION
======================================================================
Total samples: 998,493
Posterior (0.1%): 999 samples
  R0:    mean=1.695, std=0.239
  sigma: mean=0.779, std=0.161
Posterior shape: (999, 2)

Calculating posterior concentration...

======================================================================
posterior concentration RESULT
======================================================================
Distance std (posterior concentration): 0.325575

Interpretation:
  Small value → posterior tightly concentrated
               → ABC learned a lot from the observation
  Large value → posterior spread out
               → ABC learned little from the observation

✅ posterior concentration: 0.325575
======================================================================
PLOTTING SCATTER + CONTOUR
======================================================================
Percentile 0.1%: 999 samples
True values: R0=2.0, sigma=0.9
Peak: R0=1.6633, sigma=0.8312

✓ Saved to: ../../figures/from_260528/ppc/sigma0p9/R02p0_seed1267/posterior_scatter_contour_0p1percentile_silverman.png
✅ Peak: R0=1.6633, sigma=0.8312
======================================================================
PLOTTING SCATTER + CONTOUR
======================================================================
Percentile 0.1%: 999 samples
True values: R0=2.0, sigma=0.9
Peak: R0=1.6633, sigma=0.8312

✓ Saved to: ../../figures/from_260528/ppc/sigma0p9/R02p0_seed1267/posterior_scatter_contour_0p1percentile_scott.png
✅ Peak: R0=1.6633, sigma=0.8312
======================================================================
PLOTTING SCATTER + CONTOUR
======================================================================
Percentile 0.1%: 999 samples
True values: R0=2.0, sigma=0.9
Peak: R0=1.6784, sigma=0.8271

✓ Saved to: ../../figures/from_260528/ppc/sigma0p9/R02p0_seed1267/posterior_scatter_contour_0p1percentile_0.5.png
✅ Peak: R0=1.6784, sigma=0.8271
======================================================================
PLOTTING SCATTER + CONTOUR
======================================================================
Percentile 0.1%: 999 samples
True values: R0=2.0, sigma=0.9
Peak: R0=1.6633, sigma=0.8312

✓ Saved to: ../../figures/from_260528/ppc/sigma0p9/R02p0_seed1267/posterior_scatter_contour_0p1percentile_0.3.png
✅ Peak: R0=1.6633, sigma=0.8312
======================================================================
PLOTTING SCATTER + CONTOUR
======================================================================
Percentile 0.1%: 999 samples
True values: R0=2.0, sigma=0.9
Peak: R0=1.6482, sigma=0.8312

✓ Saved to: ../../figures/from_260528/ppc/sigma0p9/R02p0_seed1267/posterior_scatter_contour_0p1percentile_0.2.png
✅ Peak: R0=1.6482, sigma=0.8312
======================================================================
PLOTTING SCATTER + CONTOUR
======================================================================
Percentile 0.1%: 999 samples
True values: R0=2.0, sigma=0.9
Peak: R0=1.6784, sigma=0.8432

✓ Saved to: ../../figures/from_260528/ppc/sigma0p9/R02p0_seed1267/posterior_scatter_contour_0p1percentile_0.1.png
✅ Peak: R0=1.6784, sigma=0.8432

======================================================================
PERCENTILE: 0.01%
======================================================================
======================================================================
CALCULATING DIST STD: POSTERIOR CONCENTRATION
======================================================================
Total samples: 998,493
Posterior (0.01%): 100 samples
  R0:    mean=1.734, std=0.231
  sigma: mean=0.809, std=0.153
Posterior shape: (100, 2)

Calculating posterior concentration...

======================================================================
posterior concentration RESULT
======================================================================
Distance std (posterior concentration): 0.303422

Interpretation:
  Small value → posterior tightly concentrated
               → ABC learned a lot from the observation
  Large value → posterior spread out
               → ABC learned little from the observation

✅ posterior concentration: 0.303422
======================================================================
PLOTTING SCATTER + CONTOUR
======================================================================
Percentile 0.01%: 100 samples
True values: R0=2.0, sigma=0.9
Peak: R0=1.6935, sigma=0.8231

✓ Saved to: ../../figures/from_260528/ppc/sigma0p9/R02p0_seed1267/posterior_scatter_contour_0p01percentile_silverman.png
✅ Peak: R0=1.6935, sigma=0.8231
======================================================================
PLOTTING SCATTER + CONTOUR
======================================================================
Percentile 0.01%: 100 samples
True values: R0=2.0, sigma=0.9
Peak: R0=1.6935, sigma=0.8231

✓ Saved to: ../../figures/from_260528/ppc/sigma0p9/R02p0_seed1267/posterior_scatter_contour_0p01percentile_scott.png
✅ Peak: R0=1.6935, sigma=0.8231
======================================================================
PLOTTING SCATTER + CONTOUR
======================================================================
Percentile 0.01%: 100 samples
True values: R0=2.0, sigma=0.9
Peak: R0=1.7085, sigma=0.8352

✓ Saved to: ../../figures/from_260528/ppc/sigma0p9/R02p0_seed1267/posterior_scatter_contour_0p01percentile_0.5.png
✅ Peak: R0=1.7085, sigma=0.8352
======================================================================
PLOTTING SCATTER + CONTOUR
======================================================================
Percentile 0.01%: 100 samples
True values: R0=2.0, sigma=0.9
Peak: R0=1.6633, sigma=0.8151

✓ Saved to: ../../figures/from_260528/ppc/sigma0p9/R02p0_seed1267/posterior_scatter_contour_0p01percentile_0.3.png
✅ Peak: R0=1.6633, sigma=0.8151
======================================================================
PLOTTING SCATTER + CONTOUR
======================================================================
Percentile 0.01%: 100 samples
True values: R0=2.0, sigma=0.9
Peak: R0=1.6633, sigma=0.8231

✓ Saved to: ../../figures/from_260528/ppc/sigma0p9/R02p0_seed1267/posterior_scatter_contour_0p01percentile_0.2.png
✅ Peak: R0=1.6633, sigma=0.8231
======================================================================
PLOTTING SCATTER + CONTOUR
======================================================================
Percentile 0.01%: 100 samples
True values: R0=2.0, sigma=0.9
Peak: R0=1.6633, sigma=0.8231

✓ Saved to: ../../figures/from_260528/ppc/sigma0p9/R02p0_seed1267/posterior_scatter_contour_0p01percentile_0.1.png
✅ Peak: R0=1.6633, sigma=0.8231
