nohup: ignoring input

======================================================================
PERCENTILE: 1.0%
======================================================================
======================================================================
CALCULATING DIST STD: POSTERIOR CONCENTRATION
======================================================================
Total samples: 998,493
Posterior (1.0%): 9,985 samples
  R0:    mean=1.320, std=0.176
  sigma: mean=0.660, std=0.220
Posterior shape: (9985, 2)

Calculating posterior concentration...

======================================================================
posterior concentration RESULT
======================================================================
Distance std (posterior concentration): 0.342298

Interpretation:
  Small value → posterior tightly concentrated
               → ABC learned a lot from the observation
  Large value → posterior spread out
               → ABC learned little from the observation

✅ posterior concentration: 0.342298
======================================================================
PLOTTING SCATTER + CONTOUR
======================================================================
Percentile 1.0%: 9,985 samples
True values: R0=1.3, sigma=0.8
Peak: R0=1.2111, sigma=0.3688

✓ Saved to: ../../figures/from_260528/ppc/sigma0p8/R01p3_seed1212/posterior_scatter_contour_1percentile_silverman.png
✅ Peak: R0=1.2111, sigma=0.3688
======================================================================
PLOTTING SCATTER + CONTOUR
======================================================================
Percentile 1.0%: 9,985 samples
True values: R0=1.3, sigma=0.8
Peak: R0=1.2111, sigma=0.3688

✓ Saved to: ../../figures/from_260528/ppc/sigma0p8/R01p3_seed1212/posterior_scatter_contour_1percentile_scott.png
✅ Peak: R0=1.2111, sigma=0.3688
======================================================================
PLOTTING SCATTER + CONTOUR
======================================================================
Percentile 1.0%: 9,985 samples
True values: R0=1.3, sigma=0.8
Peak: R0=1.3015, sigma=0.6663

✓ Saved to: ../../figures/from_260528/ppc/sigma0p8/R01p3_seed1212/posterior_scatter_contour_1percentile_0.5.png
✅ Peak: R0=1.3015, sigma=0.6663
======================================================================
PLOTTING SCATTER + CONTOUR
======================================================================
Percentile 1.0%: 9,985 samples
True values: R0=1.3, sigma=0.8
Peak: R0=1.2412, sigma=0.4492

✓ Saved to: ../../figures/from_260528/ppc/sigma0p8/R01p3_seed1212/posterior_scatter_contour_1percentile_0.3.png
✅ Peak: R0=1.2412, sigma=0.4492
======================================================================
PLOTTING SCATTER + CONTOUR
======================================================================
Percentile 1.0%: 9,985 samples
True values: R0=1.3, sigma=0.8
Peak: R0=1.2111, sigma=0.3648

✓ Saved to: ../../figures/from_260528/ppc/sigma0p8/R01p3_seed1212/posterior_scatter_contour_1percentile_0.2.png
✅ Peak: R0=1.2111, sigma=0.3648
======================================================================
PLOTTING SCATTER + CONTOUR
======================================================================
Percentile 1.0%: 9,985 samples
True values: R0=1.3, sigma=0.8
Peak: R0=1.2111, sigma=0.3327

✓ Saved to: ../../figures/from_260528/ppc/sigma0p8/R01p3_seed1212/posterior_scatter_contour_1percentile_0.1.png
✅ Peak: R0=1.2111, sigma=0.3327

======================================================================
PERCENTILE: 0.1%
======================================================================
======================================================================
CALCULATING DIST STD: POSTERIOR CONCENTRATION
======================================================================
Total samples: 998,493
Posterior (0.1%): 999 samples
  R0:    mean=1.327, std=0.166
  sigma: mean=0.695, std=0.211
Posterior shape: (999, 2)

Calculating posterior concentration...

======================================================================
posterior concentration RESULT
======================================================================
Distance std (posterior concentration): 0.325914

Interpretation:
  Small value → posterior tightly concentrated
               → ABC learned a lot from the observation
  Large value → posterior spread out
               → ABC learned little from the observation

✅ posterior concentration: 0.325914
======================================================================
PLOTTING SCATTER + CONTOUR
======================================================================
Percentile 0.1%: 999 samples
True values: R0=1.3, sigma=0.8
Peak: R0=1.3317, sigma=0.8673

✓ Saved to: ../../figures/from_260528/ppc/sigma0p8/R01p3_seed1212/posterior_scatter_contour_0p1percentile_silverman.png
✅ Peak: R0=1.3317, sigma=0.8673
======================================================================
PLOTTING SCATTER + CONTOUR
======================================================================
Percentile 0.1%: 999 samples
True values: R0=1.3, sigma=0.8
Peak: R0=1.3317, sigma=0.8673

✓ Saved to: ../../figures/from_260528/ppc/sigma0p8/R01p3_seed1212/posterior_scatter_contour_0p1percentile_scott.png
✅ Peak: R0=1.3317, sigma=0.8673
======================================================================
PLOTTING SCATTER + CONTOUR
======================================================================
Percentile 0.1%: 999 samples
True values: R0=1.3, sigma=0.8
Peak: R0=1.3317, sigma=0.8070

✓ Saved to: ../../figures/from_260528/ppc/sigma0p8/R01p3_seed1212/posterior_scatter_contour_0p1percentile_0.5.png
✅ Peak: R0=1.3317, sigma=0.8070
======================================================================
PLOTTING SCATTER + CONTOUR
======================================================================
Percentile 0.1%: 999 samples
True values: R0=1.3, sigma=0.8
Peak: R0=1.3317, sigma=0.8754

✓ Saved to: ../../figures/from_260528/ppc/sigma0p8/R01p3_seed1212/posterior_scatter_contour_0p1percentile_0.3.png
✅ Peak: R0=1.3317, sigma=0.8754
======================================================================
PLOTTING SCATTER + CONTOUR
======================================================================
Percentile 0.1%: 999 samples
True values: R0=1.3, sigma=0.8
Peak: R0=1.3166, sigma=0.9075

✓ Saved to: ../../figures/from_260528/ppc/sigma0p8/R01p3_seed1212/posterior_scatter_contour_0p1percentile_0.2.png
✅ Peak: R0=1.3166, sigma=0.9075
======================================================================
PLOTTING SCATTER + CONTOUR
======================================================================
Percentile 0.1%: 999 samples
True values: R0=1.3, sigma=0.8
Peak: R0=1.3166, sigma=0.9035

✓ Saved to: ../../figures/from_260528/ppc/sigma0p8/R01p3_seed1212/posterior_scatter_contour_0p1percentile_0.1.png
✅ Peak: R0=1.3166, sigma=0.9035

======================================================================
PERCENTILE: 0.01%
======================================================================
======================================================================
CALCULATING DIST STD: POSTERIOR CONCENTRATION
======================================================================
Total samples: 998,493
Posterior (0.01%): 100 samples
  R0:    mean=1.345, std=0.169
  sigma: mean=0.732, std=0.192
Posterior shape: (100, 2)

Calculating posterior concentration...

======================================================================
posterior concentration RESULT
======================================================================
Distance std (posterior concentration): 0.313120

Interpretation:
  Small value → posterior tightly concentrated
               → ABC learned a lot from the observation
  Large value → posterior spread out
               → ABC learned little from the observation

✅ posterior concentration: 0.313120
======================================================================
PLOTTING SCATTER + CONTOUR
======================================================================
Percentile 0.01%: 100 samples
True values: R0=1.3, sigma=0.8
Peak: R0=1.3166, sigma=0.8513

✓ Saved to: ../../figures/from_260528/ppc/sigma0p8/R01p3_seed1212/posterior_scatter_contour_0p01percentile_silverman.png
✅ Peak: R0=1.3166, sigma=0.8513
======================================================================
PLOTTING SCATTER + CONTOUR
======================================================================
Percentile 0.01%: 100 samples
True values: R0=1.3, sigma=0.8
Peak: R0=1.3166, sigma=0.8513

✓ Saved to: ../../figures/from_260528/ppc/sigma0p8/R01p3_seed1212/posterior_scatter_contour_0p01percentile_scott.png
✅ Peak: R0=1.3166, sigma=0.8513
======================================================================
PLOTTING SCATTER + CONTOUR
======================================================================
Percentile 0.01%: 100 samples
True values: R0=1.3, sigma=0.8
Peak: R0=1.3166, sigma=0.8432

✓ Saved to: ../../figures/from_260528/ppc/sigma0p8/R01p3_seed1212/posterior_scatter_contour_0p01percentile_0.5.png
✅ Peak: R0=1.3166, sigma=0.8432
======================================================================
PLOTTING SCATTER + CONTOUR
======================================================================
Percentile 0.01%: 100 samples
True values: R0=1.3, sigma=0.8
Peak: R0=1.3015, sigma=0.8955

✓ Saved to: ../../figures/from_260528/ppc/sigma0p8/R01p3_seed1212/posterior_scatter_contour_0p01percentile_0.3.png
✅ Peak: R0=1.3015, sigma=0.8955
======================================================================
PLOTTING SCATTER + CONTOUR
======================================================================
Percentile 0.01%: 100 samples
True values: R0=1.3, sigma=0.8
Peak: R0=1.3166, sigma=0.9236

✓ Saved to: ../../figures/from_260528/ppc/sigma0p8/R01p3_seed1212/posterior_scatter_contour_0p01percentile_0.2.png
✅ Peak: R0=1.3166, sigma=0.9236
======================================================================
PLOTTING SCATTER + CONTOUR
======================================================================
Percentile 0.01%: 100 samples
True values: R0=1.3, sigma=0.8
Peak: R0=1.4824, sigma=0.8955

✓ Saved to: ../../figures/from_260528/ppc/sigma0p8/R01p3_seed1212/posterior_scatter_contour_0p01percentile_0.1.png
✅ Peak: R0=1.4824, sigma=0.8955
