nohup: ignoring input

======================================================================
PERCENTILE: 1.0%
======================================================================
======================================================================
CALCULATING DIST STD: POSTERIOR CONCENTRATION
======================================================================
Total samples: 998,493
Posterior (1.0%): 9,985 samples
  R0:    mean=1.363, std=0.170
  sigma: mean=0.673, std=0.214
Posterior shape: (9985, 2)

Calculating posterior concentration...

======================================================================
posterior concentration RESULT
======================================================================
Distance std (posterior concentration): 0.331761

Interpretation:
  Small value → posterior tightly concentrated
               → ABC learned a lot from the observation
  Large value → posterior spread out
               → ABC learned little from the observation

✅ posterior concentration: 0.331761
======================================================================
PLOTTING SCATTER + CONTOUR
======================================================================
Percentile 1.0%: 9,985 samples
True values: R0=1.3, sigma=0.8
Peak: R0=1.3618, sigma=0.7347

✓ Saved to: ../../figures/from_260528/ppc/sigma0p8/R01p3_seed1314/posterior_scatter_contour_1percentile_silverman.png
✅ Peak: R0=1.3618, sigma=0.7347
======================================================================
PLOTTING SCATTER + CONTOUR
======================================================================
Percentile 1.0%: 9,985 samples
True values: R0=1.3, sigma=0.8
Peak: R0=1.3618, sigma=0.7347

✓ Saved to: ../../figures/from_260528/ppc/sigma0p8/R01p3_seed1314/posterior_scatter_contour_1percentile_scott.png
✅ Peak: R0=1.3618, sigma=0.7347
======================================================================
PLOTTING SCATTER + CONTOUR
======================================================================
Percentile 1.0%: 9,985 samples
True values: R0=1.3, sigma=0.8
Peak: R0=1.3618, sigma=0.7146

✓ Saved to: ../../figures/from_260528/ppc/sigma0p8/R01p3_seed1314/posterior_scatter_contour_1percentile_0.5.png
✅ Peak: R0=1.3618, sigma=0.7146
======================================================================
PLOTTING SCATTER + CONTOUR
======================================================================
Percentile 1.0%: 9,985 samples
True values: R0=1.3, sigma=0.8
Peak: R0=1.3618, sigma=0.7186

✓ Saved to: ../../figures/from_260528/ppc/sigma0p8/R01p3_seed1314/posterior_scatter_contour_1percentile_0.3.png
✅ Peak: R0=1.3618, sigma=0.7186
======================================================================
PLOTTING SCATTER + CONTOUR
======================================================================
Percentile 1.0%: 9,985 samples
True values: R0=1.3, sigma=0.8
Peak: R0=1.3618, sigma=0.7387

✓ Saved to: ../../figures/from_260528/ppc/sigma0p8/R01p3_seed1314/posterior_scatter_contour_1percentile_0.2.png
✅ Peak: R0=1.3618, sigma=0.7387
======================================================================
PLOTTING SCATTER + CONTOUR
======================================================================
Percentile 1.0%: 9,985 samples
True values: R0=1.3, sigma=0.8
Peak: R0=1.3769, sigma=0.7628

✓ Saved to: ../../figures/from_260528/ppc/sigma0p8/R01p3_seed1314/posterior_scatter_contour_1percentile_0.1.png
✅ Peak: R0=1.3769, sigma=0.7628

======================================================================
PERCENTILE: 0.1%
======================================================================
======================================================================
CALCULATING DIST STD: POSTERIOR CONCENTRATION
======================================================================
Total samples: 998,493
Posterior (0.1%): 999 samples
  R0:    mean=1.359, std=0.166
  sigma: mean=0.669, std=0.210
Posterior shape: (999, 2)

Calculating posterior concentration...

======================================================================
posterior concentration RESULT
======================================================================
Distance std (posterior concentration): 0.323077

Interpretation:
  Small value → posterior tightly concentrated
               → ABC learned a lot from the observation
  Large value → posterior spread out
               → ABC learned little from the observation

✅ posterior concentration: 0.323077
======================================================================
PLOTTING SCATTER + CONTOUR
======================================================================
Percentile 0.1%: 999 samples
True values: R0=1.3, sigma=0.8
Peak: R0=1.3166, sigma=0.6261

✓ Saved to: ../../figures/from_260528/ppc/sigma0p8/R01p3_seed1314/posterior_scatter_contour_0p1percentile_silverman.png
✅ Peak: R0=1.3166, sigma=0.6261
======================================================================
PLOTTING SCATTER + CONTOUR
======================================================================
Percentile 0.1%: 999 samples
True values: R0=1.3, sigma=0.8
Peak: R0=1.3166, sigma=0.6261

✓ Saved to: ../../figures/from_260528/ppc/sigma0p8/R01p3_seed1314/posterior_scatter_contour_0p1percentile_scott.png
✅ Peak: R0=1.3166, sigma=0.6261
======================================================================
PLOTTING SCATTER + CONTOUR
======================================================================
Percentile 0.1%: 999 samples
True values: R0=1.3, sigma=0.8
Peak: R0=1.3317, sigma=0.6623

✓ Saved to: ../../figures/from_260528/ppc/sigma0p8/R01p3_seed1314/posterior_scatter_contour_0p1percentile_0.5.png
✅ Peak: R0=1.3317, sigma=0.6623
======================================================================
PLOTTING SCATTER + CONTOUR
======================================================================
Percentile 0.1%: 999 samples
True values: R0=1.3, sigma=0.8
Peak: R0=1.3166, sigma=0.6221

✓ Saved to: ../../figures/from_260528/ppc/sigma0p8/R01p3_seed1314/posterior_scatter_contour_0p1percentile_0.3.png
✅ Peak: R0=1.3166, sigma=0.6221
======================================================================
PLOTTING SCATTER + CONTOUR
======================================================================
Percentile 0.1%: 999 samples
True values: R0=1.3, sigma=0.8
Peak: R0=1.3015, sigma=0.5980

✓ Saved to: ../../figures/from_260528/ppc/sigma0p8/R01p3_seed1314/posterior_scatter_contour_0p1percentile_0.2.png
✅ Peak: R0=1.3015, sigma=0.5980
======================================================================
PLOTTING SCATTER + CONTOUR
======================================================================
Percentile 0.1%: 999 samples
True values: R0=1.3, sigma=0.8
Peak: R0=1.2412, sigma=0.3769

✓ Saved to: ../../figures/from_260528/ppc/sigma0p8/R01p3_seed1314/posterior_scatter_contour_0p1percentile_0.1.png
✅ Peak: R0=1.2412, sigma=0.3769

======================================================================
PERCENTILE: 0.01%
======================================================================
======================================================================
CALCULATING DIST STD: POSTERIOR CONCENTRATION
======================================================================
Total samples: 998,493
Posterior (0.01%): 100 samples
  R0:    mean=1.372, std=0.181
  sigma: mean=0.676, std=0.203
Posterior shape: (100, 2)

Calculating posterior concentration...

======================================================================
posterior concentration RESULT
======================================================================
Distance std (posterior concentration): 0.319792

Interpretation:
  Small value → posterior tightly concentrated
               → ABC learned a lot from the observation
  Large value → posterior spread out
               → ABC learned little from the observation

✅ posterior concentration: 0.319792
======================================================================
PLOTTING SCATTER + CONTOUR
======================================================================
Percentile 0.01%: 100 samples
True values: R0=1.3, sigma=0.8
Peak: R0=1.3920, sigma=0.7709

✓ Saved to: ../../figures/from_260528/ppc/sigma0p8/R01p3_seed1314/posterior_scatter_contour_0p01percentile_silverman.png
✅ Peak: R0=1.3920, sigma=0.7709
======================================================================
PLOTTING SCATTER + CONTOUR
======================================================================
Percentile 0.01%: 100 samples
True values: R0=1.3, sigma=0.8
Peak: R0=1.3920, sigma=0.7709

✓ Saved to: ../../figures/from_260528/ppc/sigma0p8/R01p3_seed1314/posterior_scatter_contour_0p01percentile_scott.png
✅ Peak: R0=1.3920, sigma=0.7709
======================================================================
PLOTTING SCATTER + CONTOUR
======================================================================
Percentile 0.01%: 100 samples
True values: R0=1.3, sigma=0.8
Peak: R0=1.3920, sigma=0.7668

✓ Saved to: ../../figures/from_260528/ppc/sigma0p8/R01p3_seed1314/posterior_scatter_contour_0p01percentile_0.5.png
✅ Peak: R0=1.3920, sigma=0.7668
======================================================================
PLOTTING SCATTER + CONTOUR
======================================================================
Percentile 0.01%: 100 samples
True values: R0=1.3, sigma=0.8
Peak: R0=1.4372, sigma=0.7990

✓ Saved to: ../../figures/from_260528/ppc/sigma0p8/R01p3_seed1314/posterior_scatter_contour_0p01percentile_0.3.png
✅ Peak: R0=1.4372, sigma=0.7990
======================================================================
PLOTTING SCATTER + CONTOUR
======================================================================
Percentile 0.01%: 100 samples
True values: R0=1.3, sigma=0.8
Peak: R0=1.4673, sigma=0.8030

✓ Saved to: ../../figures/from_260528/ppc/sigma0p8/R01p3_seed1314/posterior_scatter_contour_0p01percentile_0.2.png
✅ Peak: R0=1.4673, sigma=0.8030
======================================================================
PLOTTING SCATTER + CONTOUR
======================================================================
Percentile 0.01%: 100 samples
True values: R0=1.3, sigma=0.8
Peak: R0=1.4673, sigma=0.7789

✓ Saved to: ../../figures/from_260528/ppc/sigma0p8/R01p3_seed1314/posterior_scatter_contour_0p01percentile_0.1.png
✅ Peak: R0=1.4673, sigma=0.7789
