nohup: ignoring input

======================================================================
PERCENTILE: 1.0%
======================================================================
======================================================================
CALCULATING DIST STD: POSTERIOR CONCENTRATION
======================================================================
Total samples: 998,493
Posterior (1.0%): 9,985 samples
  R0:    mean=1.842, std=0.322
  sigma: mean=0.768, std=0.175
Posterior shape: (9985, 2)

Calculating posterior concentration...

======================================================================
posterior concentration RESULT
======================================================================
Distance std (posterior concentration): 0.412888

Interpretation:
  Small value → posterior tightly concentrated
               → ABC learned a lot from the observation
  Large value → posterior spread out
               → ABC learned little from the observation

✅ posterior concentration: 0.412888
======================================================================
PLOTTING SCATTER + CONTOUR
======================================================================
Percentile 1.0%: 9,985 samples
True values: R0=1.8, sigma=0.9
Peak: R0=1.8442, sigma=0.9116

✓ Saved to: ../../figures/from_260528/ppc/sigma0p9/R01p8_seed1267/posterior_scatter_contour_1percentile_silverman.png
✅ Peak: R0=1.8442, sigma=0.9116
======================================================================
PLOTTING SCATTER + CONTOUR
======================================================================
Percentile 1.0%: 9,985 samples
True values: R0=1.8, sigma=0.9
Peak: R0=1.8442, sigma=0.9116

✓ Saved to: ../../figures/from_260528/ppc/sigma0p9/R01p8_seed1267/posterior_scatter_contour_1percentile_scott.png
✅ Peak: R0=1.8442, sigma=0.9116
======================================================================
PLOTTING SCATTER + CONTOUR
======================================================================
Percentile 1.0%: 9,985 samples
True values: R0=1.8, sigma=0.9
Peak: R0=1.8291, sigma=0.8472

✓ Saved to: ../../figures/from_260528/ppc/sigma0p9/R01p8_seed1267/posterior_scatter_contour_1percentile_0.5.png
✅ Peak: R0=1.8291, sigma=0.8472
======================================================================
PLOTTING SCATTER + CONTOUR
======================================================================
Percentile 1.0%: 9,985 samples
True values: R0=1.8, sigma=0.9
Peak: R0=1.8291, sigma=0.8834

✓ Saved to: ../../figures/from_260528/ppc/sigma0p9/R01p8_seed1267/posterior_scatter_contour_1percentile_0.3.png
✅ Peak: R0=1.8291, sigma=0.8834
======================================================================
PLOTTING SCATTER + CONTOUR
======================================================================
Percentile 1.0%: 9,985 samples
True values: R0=1.8, sigma=0.9
Peak: R0=1.8442, sigma=0.9156

✓ Saved to: ../../figures/from_260528/ppc/sigma0p9/R01p8_seed1267/posterior_scatter_contour_1percentile_0.2.png
✅ Peak: R0=1.8442, sigma=0.9156
======================================================================
PLOTTING SCATTER + CONTOUR
======================================================================
Percentile 1.0%: 9,985 samples
True values: R0=1.8, sigma=0.9
Peak: R0=1.8442, sigma=0.9598

✓ Saved to: ../../figures/from_260528/ppc/sigma0p9/R01p8_seed1267/posterior_scatter_contour_1percentile_0.1.png
✅ Peak: R0=1.8442, sigma=0.9598

======================================================================
PERCENTILE: 0.1%
======================================================================
======================================================================
CALCULATING DIST STD: POSTERIOR CONCENTRATION
======================================================================
Total samples: 998,493
Posterior (0.1%): 999 samples
  R0:    mean=1.841, std=0.311
  sigma: mean=0.789, std=0.164
Posterior shape: (999, 2)

Calculating posterior concentration...

======================================================================
posterior concentration RESULT
======================================================================
Distance std (posterior concentration): 0.387533

Interpretation:
  Small value → posterior tightly concentrated
               → ABC learned a lot from the observation
  Large value → posterior spread out
               → ABC learned little from the observation

✅ posterior concentration: 0.387533
======================================================================
PLOTTING SCATTER + CONTOUR
======================================================================
Percentile 0.1%: 999 samples
True values: R0=1.8, sigma=0.9
Peak: R0=1.7990, sigma=0.8673

✓ Saved to: ../../figures/from_260528/ppc/sigma0p9/R01p8_seed1267/posterior_scatter_contour_0p1percentile_silverman.png
✅ Peak: R0=1.7990, sigma=0.8673
======================================================================
PLOTTING SCATTER + CONTOUR
======================================================================
Percentile 0.1%: 999 samples
True values: R0=1.8, sigma=0.9
Peak: R0=1.7990, sigma=0.8673

✓ Saved to: ../../figures/from_260528/ppc/sigma0p9/R01p8_seed1267/posterior_scatter_contour_0p1percentile_scott.png
✅ Peak: R0=1.7990, sigma=0.8673
======================================================================
PLOTTING SCATTER + CONTOUR
======================================================================
Percentile 0.1%: 999 samples
True values: R0=1.8, sigma=0.9
Peak: R0=1.8141, sigma=0.8553

✓ Saved to: ../../figures/from_260528/ppc/sigma0p9/R01p8_seed1267/posterior_scatter_contour_0p1percentile_0.5.png
✅ Peak: R0=1.8141, sigma=0.8553
======================================================================
PLOTTING SCATTER + CONTOUR
======================================================================
Percentile 0.1%: 999 samples
True values: R0=1.8, sigma=0.9
Peak: R0=1.7990, sigma=0.8673

✓ Saved to: ../../figures/from_260528/ppc/sigma0p9/R01p8_seed1267/posterior_scatter_contour_0p1percentile_0.3.png
✅ Peak: R0=1.7990, sigma=0.8673
======================================================================
PLOTTING SCATTER + CONTOUR
======================================================================
Percentile 0.1%: 999 samples
True values: R0=1.8, sigma=0.9
Peak: R0=1.7387, sigma=0.8312

✓ Saved to: ../../figures/from_260528/ppc/sigma0p9/R01p8_seed1267/posterior_scatter_contour_0p1percentile_0.2.png
✅ Peak: R0=1.7387, sigma=0.8312
======================================================================
PLOTTING SCATTER + CONTOUR
======================================================================
Percentile 0.1%: 999 samples
True values: R0=1.8, sigma=0.9
Peak: R0=1.7085, sigma=0.8111

✓ Saved to: ../../figures/from_260528/ppc/sigma0p9/R01p8_seed1267/posterior_scatter_contour_0p1percentile_0.1.png
✅ Peak: R0=1.7085, sigma=0.8111

======================================================================
PERCENTILE: 0.01%
======================================================================
======================================================================
CALCULATING DIST STD: POSTERIOR CONCENTRATION
======================================================================
Total samples: 998,493
Posterior (0.01%): 100 samples
  R0:    mean=1.806, std=0.176
  sigma: mean=0.797, std=0.128
Posterior shape: (100, 2)

Calculating posterior concentration...

======================================================================
posterior concentration RESULT
======================================================================
Distance std (posterior concentration): 0.259657

Interpretation:
  Small value → posterior tightly concentrated
               → ABC learned a lot from the observation
  Large value → posterior spread out
               → ABC learned little from the observation

✅ posterior concentration: 0.259657
======================================================================
PLOTTING SCATTER + CONTOUR
======================================================================
Percentile 0.01%: 100 samples
True values: R0=1.8, sigma=0.9
Peak: R0=1.7387, sigma=0.7829

✓ Saved to: ../../figures/from_260528/ppc/sigma0p9/R01p8_seed1267/posterior_scatter_contour_0p01percentile_silverman.png
✅ Peak: R0=1.7387, sigma=0.7829
======================================================================
PLOTTING SCATTER + CONTOUR
======================================================================
Percentile 0.01%: 100 samples
True values: R0=1.8, sigma=0.9
Peak: R0=1.7387, sigma=0.7829

✓ Saved to: ../../figures/from_260528/ppc/sigma0p9/R01p8_seed1267/posterior_scatter_contour_0p01percentile_scott.png
✅ Peak: R0=1.7387, sigma=0.7829
======================================================================
PLOTTING SCATTER + CONTOUR
======================================================================
Percentile 0.01%: 100 samples
True values: R0=1.8, sigma=0.9
Peak: R0=1.7538, sigma=0.7910

✓ Saved to: ../../figures/from_260528/ppc/sigma0p9/R01p8_seed1267/posterior_scatter_contour_0p01percentile_0.5.png
✅ Peak: R0=1.7538, sigma=0.7910
======================================================================
PLOTTING SCATTER + CONTOUR
======================================================================
Percentile 0.01%: 100 samples
True values: R0=1.8, sigma=0.9
Peak: R0=1.6935, sigma=0.7628

✓ Saved to: ../../figures/from_260528/ppc/sigma0p9/R01p8_seed1267/posterior_scatter_contour_0p01percentile_0.3.png
✅ Peak: R0=1.6935, sigma=0.7628
======================================================================
PLOTTING SCATTER + CONTOUR
======================================================================
Percentile 0.01%: 100 samples
True values: R0=1.8, sigma=0.9
Peak: R0=1.8442, sigma=0.8070

✓ Saved to: ../../figures/from_260528/ppc/sigma0p9/R01p8_seed1267/posterior_scatter_contour_0p01percentile_0.2.png
✅ Peak: R0=1.8442, sigma=0.8070
======================================================================
PLOTTING SCATTER + CONTOUR
======================================================================
Percentile 0.01%: 100 samples
True values: R0=1.8, sigma=0.9
Peak: R0=1.8442, sigma=0.8030

✓ Saved to: ../../figures/from_260528/ppc/sigma0p9/R01p8_seed1267/posterior_scatter_contour_0p01percentile_0.1.png
✅ Peak: R0=1.8442, sigma=0.8030
