nohup: ignoring input

======================================================================
PERCENTILE: 1.0%
======================================================================
======================================================================
CALCULATING DIST STD: POSTERIOR CONCENTRATION
======================================================================
Total samples: 998,493
Posterior (1.0%): 9,985 samples
  R0:    mean=2.454, std=0.478
  sigma: mean=0.838, std=0.114
Posterior shape: (9985, 2)

Calculating posterior concentration...

======================================================================
posterior concentration RESULT
======================================================================
Distance std (posterior concentration): 0.561250

Interpretation:
  Small value → posterior tightly concentrated
               → ABC learned a lot from the observation
  Large value → posterior spread out
               → ABC learned little from the observation

✅ posterior concentration: 0.561250
======================================================================
PLOTTING SCATTER + CONTOUR
======================================================================
Percentile 1.0%: 9,985 samples
True values: R0=2.3, sigma=0.8
Peak: R0=2.3417, sigma=0.8714

✓ Saved to: ../../figures/from_260528/ppc/sigma0p8/R02p3_seed1690/posterior_scatter_contour_1percentile_silverman.png
✅ Peak: R0=2.3417, sigma=0.8714
======================================================================
PLOTTING SCATTER + CONTOUR
======================================================================
Percentile 1.0%: 9,985 samples
True values: R0=2.3, sigma=0.8
Peak: R0=2.3417, sigma=0.8714

✓ Saved to: ../../figures/from_260528/ppc/sigma0p8/R02p3_seed1690/posterior_scatter_contour_1percentile_scott.png
✅ Peak: R0=2.3417, sigma=0.8714
======================================================================
PLOTTING SCATTER + CONTOUR
======================================================================
Percentile 1.0%: 9,985 samples
True values: R0=2.3, sigma=0.8
Peak: R0=2.3869, sigma=0.8633

✓ Saved to: ../../figures/from_260528/ppc/sigma0p8/R02p3_seed1690/posterior_scatter_contour_1percentile_0.5.png
✅ Peak: R0=2.3869, sigma=0.8633
======================================================================
PLOTTING SCATTER + CONTOUR
======================================================================
Percentile 1.0%: 9,985 samples
True values: R0=2.3, sigma=0.8
Peak: R0=2.3568, sigma=0.8633

✓ Saved to: ../../figures/from_260528/ppc/sigma0p8/R02p3_seed1690/posterior_scatter_contour_1percentile_0.3.png
✅ Peak: R0=2.3568, sigma=0.8633
======================================================================
PLOTTING SCATTER + CONTOUR
======================================================================
Percentile 1.0%: 9,985 samples
True values: R0=2.3, sigma=0.8
Peak: R0=2.3417, sigma=0.8714

✓ Saved to: ../../figures/from_260528/ppc/sigma0p8/R02p3_seed1690/posterior_scatter_contour_1percentile_0.2.png
✅ Peak: R0=2.3417, sigma=0.8714
======================================================================
PLOTTING SCATTER + CONTOUR
======================================================================
Percentile 1.0%: 9,985 samples
True values: R0=2.3, sigma=0.8
Peak: R0=2.3116, sigma=0.8673

✓ Saved to: ../../figures/from_260528/ppc/sigma0p8/R02p3_seed1690/posterior_scatter_contour_1percentile_0.1.png
✅ Peak: R0=2.3116, sigma=0.8673

======================================================================
PERCENTILE: 0.1%
======================================================================
======================================================================
CALCULATING DIST STD: POSTERIOR CONCENTRATION
======================================================================
Total samples: 998,493
Posterior (0.1%): 999 samples
  R0:    mean=2.432, std=0.434
  sigma: mean=0.810, std=0.103
Posterior shape: (999, 2)

Calculating posterior concentration...

======================================================================
posterior concentration RESULT
======================================================================
Distance std (posterior concentration): 0.507444

Interpretation:
  Small value → posterior tightly concentrated
               → ABC learned a lot from the observation
  Large value → posterior spread out
               → ABC learned little from the observation

✅ posterior concentration: 0.507444
======================================================================
PLOTTING SCATTER + CONTOUR
======================================================================
Percentile 0.1%: 999 samples
True values: R0=2.3, sigma=0.8
Peak: R0=2.2965, sigma=0.7910

✓ Saved to: ../../figures/from_260528/ppc/sigma0p8/R02p3_seed1690/posterior_scatter_contour_0p1percentile_silverman.png
✅ Peak: R0=2.2965, sigma=0.7910
======================================================================
PLOTTING SCATTER + CONTOUR
======================================================================
Percentile 0.1%: 999 samples
True values: R0=2.3, sigma=0.8
Peak: R0=2.2965, sigma=0.7910

✓ Saved to: ../../figures/from_260528/ppc/sigma0p8/R02p3_seed1690/posterior_scatter_contour_0p1percentile_scott.png
✅ Peak: R0=2.2965, sigma=0.7910
======================================================================
PLOTTING SCATTER + CONTOUR
======================================================================
Percentile 0.1%: 999 samples
True values: R0=2.3, sigma=0.8
Peak: R0=2.3116, sigma=0.7950

✓ Saved to: ../../figures/from_260528/ppc/sigma0p8/R02p3_seed1690/posterior_scatter_contour_0p1percentile_0.5.png
✅ Peak: R0=2.3116, sigma=0.7950
======================================================================
PLOTTING SCATTER + CONTOUR
======================================================================
Percentile 0.1%: 999 samples
True values: R0=2.3, sigma=0.8
Peak: R0=2.2965, sigma=0.7910

✓ Saved to: ../../figures/from_260528/ppc/sigma0p8/R02p3_seed1690/posterior_scatter_contour_0p1percentile_0.3.png
✅ Peak: R0=2.2965, sigma=0.7910
======================================================================
PLOTTING SCATTER + CONTOUR
======================================================================
Percentile 0.1%: 999 samples
True values: R0=2.3, sigma=0.8
Peak: R0=2.2814, sigma=0.8070

✓ Saved to: ../../figures/from_260528/ppc/sigma0p8/R02p3_seed1690/posterior_scatter_contour_0p1percentile_0.2.png
✅ Peak: R0=2.2814, sigma=0.8070
======================================================================
PLOTTING SCATTER + CONTOUR
======================================================================
Percentile 0.1%: 999 samples
True values: R0=2.3, sigma=0.8
Peak: R0=2.2814, sigma=0.8070

✓ Saved to: ../../figures/from_260528/ppc/sigma0p8/R02p3_seed1690/posterior_scatter_contour_0p1percentile_0.1.png
✅ Peak: R0=2.2814, sigma=0.8070

======================================================================
PERCENTILE: 0.01%
======================================================================
======================================================================
CALCULATING DIST STD: POSTERIOR CONCENTRATION
======================================================================
Total samples: 998,493
Posterior (0.01%): 100 samples
  R0:    mean=2.401, std=0.447
  sigma: mean=0.774, std=0.093
Posterior shape: (100, 2)

Calculating posterior concentration...

======================================================================
posterior concentration RESULT
======================================================================
Distance std (posterior concentration): 0.522648

Interpretation:
  Small value → posterior tightly concentrated
               → ABC learned a lot from the observation
  Large value → posterior spread out
               → ABC learned little from the observation

✅ posterior concentration: 0.522648
======================================================================
PLOTTING SCATTER + CONTOUR
======================================================================
Percentile 0.01%: 100 samples
True values: R0=2.3, sigma=0.8
Peak: R0=2.1608, sigma=0.7387

✓ Saved to: ../../figures/from_260528/ppc/sigma0p8/R02p3_seed1690/posterior_scatter_contour_0p01percentile_silverman.png
✅ Peak: R0=2.1608, sigma=0.7387
======================================================================
PLOTTING SCATTER + CONTOUR
======================================================================
Percentile 0.01%: 100 samples
True values: R0=2.3, sigma=0.8
Peak: R0=2.1608, sigma=0.7387

✓ Saved to: ../../figures/from_260528/ppc/sigma0p8/R02p3_seed1690/posterior_scatter_contour_0p01percentile_scott.png
✅ Peak: R0=2.1608, sigma=0.7387
======================================================================
PLOTTING SCATTER + CONTOUR
======================================================================
Percentile 0.01%: 100 samples
True values: R0=2.3, sigma=0.8
Peak: R0=2.1759, sigma=0.7427

✓ Saved to: ../../figures/from_260528/ppc/sigma0p8/R02p3_seed1690/posterior_scatter_contour_0p01percentile_0.5.png
✅ Peak: R0=2.1759, sigma=0.7427
======================================================================
PLOTTING SCATTER + CONTOUR
======================================================================
Percentile 0.01%: 100 samples
True values: R0=2.3, sigma=0.8
Peak: R0=2.2211, sigma=0.7548

✓ Saved to: ../../figures/from_260528/ppc/sigma0p8/R02p3_seed1690/posterior_scatter_contour_0p01percentile_0.3.png
✅ Peak: R0=2.2211, sigma=0.7548
======================================================================
PLOTTING SCATTER + CONTOUR
======================================================================
Percentile 0.01%: 100 samples
True values: R0=2.3, sigma=0.8
Peak: R0=2.2814, sigma=0.7628

✓ Saved to: ../../figures/from_260528/ppc/sigma0p8/R02p3_seed1690/posterior_scatter_contour_0p01percentile_0.2.png
✅ Peak: R0=2.2814, sigma=0.7628
======================================================================
PLOTTING SCATTER + CONTOUR
======================================================================
Percentile 0.01%: 100 samples
True values: R0=2.3, sigma=0.8
Peak: R0=1.9497, sigma=0.7106

✓ Saved to: ../../figures/from_260528/ppc/sigma0p8/R02p3_seed1690/posterior_scatter_contour_0p01percentile_0.1.png
✅ Peak: R0=1.9497, sigma=0.7106
