nohup: ignoring input

======================================================================
PERCENTILE: 1.0%
======================================================================
======================================================================
CALCULATING DIST STD: POSTERIOR CONCENTRATION
======================================================================
Total samples: 998,493
Posterior (1.0%): 9,985 samples
  R0:    mean=1.368, std=0.181
  sigma: mean=0.645, std=0.222
Posterior shape: (9985, 2)

Calculating posterior concentration...

======================================================================
posterior concentration RESULT
======================================================================
Distance std (posterior concentration): 0.345144

Interpretation:
  Small value → posterior tightly concentrated
               → ABC learned a lot from the observation
  Large value → posterior spread out
               → ABC learned little from the observation

✅ posterior concentration: 0.345144
======================================================================
PLOTTING SCATTER + CONTOUR
======================================================================
Percentile 1.0%: 9,985 samples
True values: R0=1.5, sigma=0.8
Peak: R0=1.2563, sigma=0.3889

✓ Saved to: ../../figures/from_260528/ppc/sigma0p8/R01p5_seed1234/posterior_scatter_contour_1percentile_silverman.png
✅ Peak: R0=1.2563, sigma=0.3889
======================================================================
PLOTTING SCATTER + CONTOUR
======================================================================
Percentile 1.0%: 9,985 samples
True values: R0=1.5, sigma=0.8
Peak: R0=1.2563, sigma=0.3889

✓ Saved to: ../../figures/from_260528/ppc/sigma0p8/R01p5_seed1234/posterior_scatter_contour_1percentile_scott.png
✅ Peak: R0=1.2563, sigma=0.3889
======================================================================
PLOTTING SCATTER + CONTOUR
======================================================================
Percentile 1.0%: 9,985 samples
True values: R0=1.5, sigma=0.8
Peak: R0=1.3015, sigma=0.5136

✓ Saved to: ../../figures/from_260528/ppc/sigma0p8/R01p5_seed1234/posterior_scatter_contour_1percentile_0.5.png
✅ Peak: R0=1.3015, sigma=0.5136
======================================================================
PLOTTING SCATTER + CONTOUR
======================================================================
Percentile 1.0%: 9,985 samples
True values: R0=1.5, sigma=0.8
Peak: R0=1.2563, sigma=0.3889

✓ Saved to: ../../figures/from_260528/ppc/sigma0p8/R01p5_seed1234/posterior_scatter_contour_1percentile_0.3.png
✅ Peak: R0=1.2563, sigma=0.3889
======================================================================
PLOTTING SCATTER + CONTOUR
======================================================================
Percentile 1.0%: 9,985 samples
True values: R0=1.5, sigma=0.8
Peak: R0=1.2563, sigma=0.3889

✓ Saved to: ../../figures/from_260528/ppc/sigma0p8/R01p5_seed1234/posterior_scatter_contour_1percentile_0.2.png
✅ Peak: R0=1.2563, sigma=0.3889
======================================================================
PLOTTING SCATTER + CONTOUR
======================================================================
Percentile 1.0%: 9,985 samples
True values: R0=1.5, sigma=0.8
Peak: R0=1.2563, sigma=0.3085

✓ Saved to: ../../figures/from_260528/ppc/sigma0p8/R01p5_seed1234/posterior_scatter_contour_1percentile_0.1.png
✅ Peak: R0=1.2563, sigma=0.3085

======================================================================
PERCENTILE: 0.1%
======================================================================
======================================================================
CALCULATING DIST STD: POSTERIOR CONCENTRATION
======================================================================
Total samples: 998,493
Posterior (0.1%): 999 samples
  R0:    mean=1.394, std=0.169
  sigma: mean=0.666, std=0.213
Posterior shape: (999, 2)

Calculating posterior concentration...

======================================================================
posterior concentration RESULT
======================================================================
Distance std (posterior concentration): 0.329447

Interpretation:
  Small value → posterior tightly concentrated
               → ABC learned a lot from the observation
  Large value → posterior spread out
               → ABC learned little from the observation

✅ posterior concentration: 0.329447
======================================================================
PLOTTING SCATTER + CONTOUR
======================================================================
Percentile 0.1%: 999 samples
True values: R0=1.5, sigma=0.8
Peak: R0=1.4673, sigma=0.8030

✓ Saved to: ../../figures/from_260528/ppc/sigma0p8/R01p5_seed1234/posterior_scatter_contour_0p1percentile_silverman.png
✅ Peak: R0=1.4673, sigma=0.8030
======================================================================
PLOTTING SCATTER + CONTOUR
======================================================================
Percentile 0.1%: 999 samples
True values: R0=1.5, sigma=0.8
Peak: R0=1.4673, sigma=0.8030

✓ Saved to: ../../figures/from_260528/ppc/sigma0p8/R01p5_seed1234/posterior_scatter_contour_0p1percentile_scott.png
✅ Peak: R0=1.4673, sigma=0.8030
======================================================================
PLOTTING SCATTER + CONTOUR
======================================================================
Percentile 0.1%: 999 samples
True values: R0=1.5, sigma=0.8
Peak: R0=1.4070, sigma=0.7387

✓ Saved to: ../../figures/from_260528/ppc/sigma0p8/R01p5_seed1234/posterior_scatter_contour_0p1percentile_0.5.png
✅ Peak: R0=1.4070, sigma=0.7387
======================================================================
PLOTTING SCATTER + CONTOUR
======================================================================
Percentile 0.1%: 999 samples
True values: R0=1.5, sigma=0.8
Peak: R0=1.4673, sigma=0.8030

✓ Saved to: ../../figures/from_260528/ppc/sigma0p8/R01p5_seed1234/posterior_scatter_contour_0p1percentile_0.3.png
✅ Peak: R0=1.4673, sigma=0.8030
======================================================================
PLOTTING SCATTER + CONTOUR
======================================================================
Percentile 0.1%: 999 samples
True values: R0=1.5, sigma=0.8
Peak: R0=1.4824, sigma=0.8070

✓ Saved to: ../../figures/from_260528/ppc/sigma0p8/R01p5_seed1234/posterior_scatter_contour_0p1percentile_0.2.png
✅ Peak: R0=1.4824, sigma=0.8070
======================================================================
PLOTTING SCATTER + CONTOUR
======================================================================
Percentile 0.1%: 999 samples
True values: R0=1.5, sigma=0.8
Peak: R0=1.4673, sigma=0.7789

✓ Saved to: ../../figures/from_260528/ppc/sigma0p8/R01p5_seed1234/posterior_scatter_contour_0p1percentile_0.1.png
✅ Peak: R0=1.4673, sigma=0.7789

======================================================================
PERCENTILE: 0.01%
======================================================================
======================================================================
CALCULATING DIST STD: POSTERIOR CONCENTRATION
======================================================================
Total samples: 998,493
Posterior (0.01%): 100 samples
  R0:    mean=1.431, std=0.170
  sigma: mean=0.713, std=0.202
Posterior shape: (100, 2)

Calculating posterior concentration...

======================================================================
posterior concentration RESULT
======================================================================
Distance std (posterior concentration): 0.317089

Interpretation:
  Small value → posterior tightly concentrated
               → ABC learned a lot from the observation
  Large value → posterior spread out
               → ABC learned little from the observation

✅ posterior concentration: 0.317089
======================================================================
PLOTTING SCATTER + CONTOUR
======================================================================
Percentile 0.01%: 100 samples
True values: R0=1.5, sigma=0.8
Peak: R0=1.4221, sigma=0.7427

✓ Saved to: ../../figures/from_260528/ppc/sigma0p8/R01p5_seed1234/posterior_scatter_contour_0p01percentile_silverman.png
✅ Peak: R0=1.4221, sigma=0.7427
======================================================================
PLOTTING SCATTER + CONTOUR
======================================================================
Percentile 0.01%: 100 samples
True values: R0=1.5, sigma=0.8
Peak: R0=1.4221, sigma=0.7427

✓ Saved to: ../../figures/from_260528/ppc/sigma0p8/R01p5_seed1234/posterior_scatter_contour_0p01percentile_scott.png
✅ Peak: R0=1.4221, sigma=0.7427
======================================================================
PLOTTING SCATTER + CONTOUR
======================================================================
Percentile 0.01%: 100 samples
True values: R0=1.5, sigma=0.8
Peak: R0=1.4221, sigma=0.7467

✓ Saved to: ../../figures/from_260528/ppc/sigma0p8/R01p5_seed1234/posterior_scatter_contour_0p01percentile_0.5.png
✅ Peak: R0=1.4221, sigma=0.7467
======================================================================
PLOTTING SCATTER + CONTOUR
======================================================================
Percentile 0.01%: 100 samples
True values: R0=1.5, sigma=0.8
Peak: R0=1.4221, sigma=0.7347

✓ Saved to: ../../figures/from_260528/ppc/sigma0p8/R01p5_seed1234/posterior_scatter_contour_0p01percentile_0.3.png
✅ Peak: R0=1.4221, sigma=0.7347
======================================================================
PLOTTING SCATTER + CONTOUR
======================================================================
Percentile 0.01%: 100 samples
True values: R0=1.5, sigma=0.8
Peak: R0=1.4372, sigma=0.7347

✓ Saved to: ../../figures/from_260528/ppc/sigma0p8/R01p5_seed1234/posterior_scatter_contour_0p01percentile_0.2.png
✅ Peak: R0=1.4372, sigma=0.7347
======================================================================
PLOTTING SCATTER + CONTOUR
======================================================================
Percentile 0.01%: 100 samples
True values: R0=1.5, sigma=0.8
Peak: R0=1.4372, sigma=0.7186

✓ Saved to: ../../figures/from_260528/ppc/sigma0p8/R01p5_seed1234/posterior_scatter_contour_0p01percentile_0.1.png
✅ Peak: R0=1.4372, sigma=0.7186
