nohup: ignoring input

======================================================================
PERCENTILE: 1.0%
======================================================================
======================================================================
CALCULATING DIST STD: POSTERIOR CONCENTRATION
======================================================================
Total samples: 998,493
Posterior (1.0%): 9,985 samples
  R0:    mean=2.098, std=0.405
  sigma: mean=0.806, std=0.147
Posterior shape: (9985, 2)

Calculating posterior concentration...

======================================================================
posterior concentration RESULT
======================================================================
Distance std (posterior concentration): 0.485241

Interpretation:
  Small value → posterior tightly concentrated
               → ABC learned a lot from the observation
  Large value → posterior spread out
               → ABC learned little from the observation

✅ posterior concentration: 0.485241
======================================================================
PLOTTING SCATTER + CONTOUR
======================================================================
Percentile 1.0%: 9,985 samples
True values: R0=2.0, sigma=0.8
Peak: R0=2.1156, sigma=0.9156

✓ Saved to: ../../figures/from_260528/ppc/sigma0p8/R02p0_seed1690/posterior_scatter_contour_1percentile_silverman.png
✅ Peak: R0=2.1156, sigma=0.9156
======================================================================
PLOTTING SCATTER + CONTOUR
======================================================================
Percentile 1.0%: 9,985 samples
True values: R0=2.0, sigma=0.8
Peak: R0=2.1156, sigma=0.9156

✓ Saved to: ../../figures/from_260528/ppc/sigma0p8/R02p0_seed1690/posterior_scatter_contour_1percentile_scott.png
✅ Peak: R0=2.1156, sigma=0.9156
======================================================================
PLOTTING SCATTER + CONTOUR
======================================================================
Percentile 1.0%: 9,985 samples
True values: R0=2.0, sigma=0.8
Peak: R0=2.0553, sigma=0.8513

✓ Saved to: ../../figures/from_260528/ppc/sigma0p8/R02p0_seed1690/posterior_scatter_contour_1percentile_0.5.png
✅ Peak: R0=2.0553, sigma=0.8513
======================================================================
PLOTTING SCATTER + CONTOUR
======================================================================
Percentile 1.0%: 9,985 samples
True values: R0=2.0, sigma=0.8
Peak: R0=2.0704, sigma=0.8794

✓ Saved to: ../../figures/from_260528/ppc/sigma0p8/R02p0_seed1690/posterior_scatter_contour_1percentile_0.3.png
✅ Peak: R0=2.0704, sigma=0.8794
======================================================================
PLOTTING SCATTER + CONTOUR
======================================================================
Percentile 1.0%: 9,985 samples
True values: R0=2.0, sigma=0.8
Peak: R0=2.1156, sigma=0.9196

✓ Saved to: ../../figures/from_260528/ppc/sigma0p8/R02p0_seed1690/posterior_scatter_contour_1percentile_0.2.png
✅ Peak: R0=2.1156, sigma=0.9196
======================================================================
PLOTTING SCATTER + CONTOUR
======================================================================
Percentile 1.0%: 9,985 samples
True values: R0=2.0, sigma=0.8
Peak: R0=1.8442, sigma=0.7347

✓ Saved to: ../../figures/from_260528/ppc/sigma0p8/R02p0_seed1690/posterior_scatter_contour_1percentile_0.1.png
✅ Peak: R0=1.8442, sigma=0.7347

======================================================================
PERCENTILE: 0.1%
======================================================================
======================================================================
CALCULATING DIST STD: POSTERIOR CONCENTRATION
======================================================================
Total samples: 998,493
Posterior (0.1%): 999 samples
  R0:    mean=2.120, std=0.374
  sigma: mean=0.829, std=0.118
Posterior shape: (999, 2)

Calculating posterior concentration...

======================================================================
posterior concentration RESULT
======================================================================
Distance std (posterior concentration): 0.444834

Interpretation:
  Small value → posterior tightly concentrated
               → ABC learned a lot from the observation
  Large value → posterior spread out
               → ABC learned little from the observation

✅ posterior concentration: 0.444834
======================================================================
PLOTTING SCATTER + CONTOUR
======================================================================
Percentile 0.1%: 999 samples
True values: R0=2.0, sigma=0.8
Peak: R0=2.0101, sigma=0.8593

✓ Saved to: ../../figures/from_260528/ppc/sigma0p8/R02p0_seed1690/posterior_scatter_contour_0p1percentile_silverman.png
✅ Peak: R0=2.0101, sigma=0.8593
======================================================================
PLOTTING SCATTER + CONTOUR
======================================================================
Percentile 0.1%: 999 samples
True values: R0=2.0, sigma=0.8
Peak: R0=2.0101, sigma=0.8593

✓ Saved to: ../../figures/from_260528/ppc/sigma0p8/R02p0_seed1690/posterior_scatter_contour_0p1percentile_scott.png
✅ Peak: R0=2.0101, sigma=0.8593
======================================================================
PLOTTING SCATTER + CONTOUR
======================================================================
Percentile 0.1%: 999 samples
True values: R0=2.0, sigma=0.8
Peak: R0=2.0704, sigma=0.8633

✓ Saved to: ../../figures/from_260528/ppc/sigma0p8/R02p0_seed1690/posterior_scatter_contour_0p1percentile_0.5.png
✅ Peak: R0=2.0704, sigma=0.8633
======================================================================
PLOTTING SCATTER + CONTOUR
======================================================================
Percentile 0.1%: 999 samples
True values: R0=2.0, sigma=0.8
Peak: R0=1.9950, sigma=0.8593

✓ Saved to: ../../figures/from_260528/ppc/sigma0p8/R02p0_seed1690/posterior_scatter_contour_0p1percentile_0.3.png
✅ Peak: R0=1.9950, sigma=0.8593
======================================================================
PLOTTING SCATTER + CONTOUR
======================================================================
Percentile 0.1%: 999 samples
True values: R0=2.0, sigma=0.8
Peak: R0=1.9347, sigma=0.8472

✓ Saved to: ../../figures/from_260528/ppc/sigma0p8/R02p0_seed1690/posterior_scatter_contour_0p1percentile_0.2.png
✅ Peak: R0=1.9347, sigma=0.8472
======================================================================
PLOTTING SCATTER + CONTOUR
======================================================================
Percentile 0.1%: 999 samples
True values: R0=2.0, sigma=0.8
Peak: R0=2.2513, sigma=0.8673

✓ Saved to: ../../figures/from_260528/ppc/sigma0p8/R02p0_seed1690/posterior_scatter_contour_0p1percentile_0.1.png
✅ Peak: R0=2.2513, sigma=0.8673

======================================================================
PERCENTILE: 0.01%
======================================================================
======================================================================
CALCULATING DIST STD: POSTERIOR CONCENTRATION
======================================================================
Total samples: 998,493
Posterior (0.01%): 100 samples
  R0:    mean=2.280, std=0.355
  sigma: mean=0.883, std=0.077
Posterior shape: (100, 2)

Calculating posterior concentration...

======================================================================
posterior concentration RESULT
======================================================================
Distance std (posterior concentration): 0.410510

Interpretation:
  Small value → posterior tightly concentrated
               → ABC learned a lot from the observation
  Large value → posterior spread out
               → ABC learned little from the observation

✅ posterior concentration: 0.410510
======================================================================
PLOTTING SCATTER + CONTOUR
======================================================================
Percentile 0.01%: 100 samples
True values: R0=2.0, sigma=0.8
Peak: R0=2.2663, sigma=0.8995

✓ Saved to: ../../figures/from_260528/ppc/sigma0p8/R02p0_seed1690/posterior_scatter_contour_0p01percentile_silverman.png
✅ Peak: R0=2.2663, sigma=0.8995
======================================================================
PLOTTING SCATTER + CONTOUR
======================================================================
Percentile 0.01%: 100 samples
True values: R0=2.0, sigma=0.8
Peak: R0=2.2663, sigma=0.8995

✓ Saved to: ../../figures/from_260528/ppc/sigma0p8/R02p0_seed1690/posterior_scatter_contour_0p01percentile_scott.png
✅ Peak: R0=2.2663, sigma=0.8995
======================================================================
PLOTTING SCATTER + CONTOUR
======================================================================
Percentile 0.01%: 100 samples
True values: R0=2.0, sigma=0.8
Peak: R0=2.2663, sigma=0.8995

✓ Saved to: ../../figures/from_260528/ppc/sigma0p8/R02p0_seed1690/posterior_scatter_contour_0p01percentile_0.5.png
✅ Peak: R0=2.2663, sigma=0.8995
======================================================================
PLOTTING SCATTER + CONTOUR
======================================================================
Percentile 0.01%: 100 samples
True values: R0=2.0, sigma=0.8
Peak: R0=2.2663, sigma=0.9116

✓ Saved to: ../../figures/from_260528/ppc/sigma0p8/R02p0_seed1690/posterior_scatter_contour_0p01percentile_0.3.png
✅ Peak: R0=2.2663, sigma=0.9116
======================================================================
PLOTTING SCATTER + CONTOUR
======================================================================
Percentile 0.01%: 100 samples
True values: R0=2.0, sigma=0.8
Peak: R0=2.2211, sigma=0.9075

✓ Saved to: ../../figures/from_260528/ppc/sigma0p8/R02p0_seed1690/posterior_scatter_contour_0p01percentile_0.2.png
✅ Peak: R0=2.2211, sigma=0.9075
======================================================================
PLOTTING SCATTER + CONTOUR
======================================================================
Percentile 0.01%: 100 samples
True values: R0=2.0, sigma=0.8
Peak: R0=2.4171, sigma=0.9196

✓ Saved to: ../../figures/from_260528/ppc/sigma0p8/R02p0_seed1690/posterior_scatter_contour_0p01percentile_0.1.png
✅ Peak: R0=2.4171, sigma=0.9196
