nohup: ignoring input

======================================================================
PERCENTILE: 1.0%
======================================================================
======================================================================
CALCULATING DIST STD: POSTERIOR CONCENTRATION
======================================================================
Total samples: 998,493
Posterior (1.0%): 9,985 samples
  R0:    mean=1.259, std=0.162
  sigma: mean=0.636, std=0.226
Posterior shape: (9985, 2)

Calculating posterior concentration...

======================================================================
posterior concentration RESULT
======================================================================
Distance std (posterior concentration): 0.339482

Interpretation:
  Small value → posterior tightly concentrated
               → ABC learned a lot from the observation
  Large value → posterior spread out
               → ABC learned little from the observation

✅ posterior concentration: 0.339482
======================================================================
PLOTTING SCATTER + CONTOUR
======================================================================
Percentile 1.0%: 9,985 samples
True values: R0=1.3, sigma=0.8
Peak: R0=1.1658, sigma=0.3849

✓ Saved to: ../../figures/from_260528/ppc/sigma0p8/R01p3_seed1690/posterior_scatter_contour_1percentile_silverman.png
✅ Peak: R0=1.1658, sigma=0.3849
======================================================================
PLOTTING SCATTER + CONTOUR
======================================================================
Percentile 1.0%: 9,985 samples
True values: R0=1.3, sigma=0.8
Peak: R0=1.1658, sigma=0.3849

✓ Saved to: ../../figures/from_260528/ppc/sigma0p8/R01p3_seed1690/posterior_scatter_contour_1percentile_scott.png
✅ Peak: R0=1.1658, sigma=0.3849
======================================================================
PLOTTING SCATTER + CONTOUR
======================================================================
Percentile 1.0%: 9,985 samples
True values: R0=1.3, sigma=0.8
Peak: R0=1.1960, sigma=0.4774

✓ Saved to: ../../figures/from_260528/ppc/sigma0p8/R01p3_seed1690/posterior_scatter_contour_1percentile_0.5.png
✅ Peak: R0=1.1960, sigma=0.4774
======================================================================
PLOTTING SCATTER + CONTOUR
======================================================================
Percentile 1.0%: 9,985 samples
True values: R0=1.3, sigma=0.8
Peak: R0=1.1658, sigma=0.3729

✓ Saved to: ../../figures/from_260528/ppc/sigma0p8/R01p3_seed1690/posterior_scatter_contour_1percentile_0.3.png
✅ Peak: R0=1.1658, sigma=0.3729
======================================================================
PLOTTING SCATTER + CONTOUR
======================================================================
Percentile 1.0%: 9,985 samples
True values: R0=1.3, sigma=0.8
Peak: R0=1.1658, sigma=0.3889

✓ Saved to: ../../figures/from_260528/ppc/sigma0p8/R01p3_seed1690/posterior_scatter_contour_1percentile_0.2.png
✅ Peak: R0=1.1658, sigma=0.3889
======================================================================
PLOTTING SCATTER + CONTOUR
======================================================================
Percentile 1.0%: 9,985 samples
True values: R0=1.3, sigma=0.8
Peak: R0=1.1508, sigma=0.2603

✓ Saved to: ../../figures/from_260528/ppc/sigma0p8/R01p3_seed1690/posterior_scatter_contour_1percentile_0.1.png
✅ Peak: R0=1.1508, sigma=0.2603

======================================================================
PERCENTILE: 0.1%
======================================================================
======================================================================
CALCULATING DIST STD: POSTERIOR CONCENTRATION
======================================================================
Total samples: 998,493
Posterior (0.1%): 999 samples
  R0:    mean=1.283, std=0.172
  sigma: mean=0.665, std=0.217
Posterior shape: (999, 2)

Calculating posterior concentration...

======================================================================
posterior concentration RESULT
======================================================================
Distance std (posterior concentration): 0.328495

Interpretation:
  Small value → posterior tightly concentrated
               → ABC learned a lot from the observation
  Large value → posterior spread out
               → ABC learned little from the observation

✅ posterior concentration: 0.328495
======================================================================
PLOTTING SCATTER + CONTOUR
======================================================================
Percentile 0.1%: 999 samples
True values: R0=1.3, sigma=0.8
Peak: R0=1.2864, sigma=0.6945

✓ Saved to: ../../figures/from_260528/ppc/sigma0p8/R01p3_seed1690/posterior_scatter_contour_0p1percentile_silverman.png
✅ Peak: R0=1.2864, sigma=0.6945
======================================================================
PLOTTING SCATTER + CONTOUR
======================================================================
Percentile 0.1%: 999 samples
True values: R0=1.3, sigma=0.8
Peak: R0=1.2864, sigma=0.6945

✓ Saved to: ../../figures/from_260528/ppc/sigma0p8/R01p3_seed1690/posterior_scatter_contour_0p1percentile_scott.png
✅ Peak: R0=1.2864, sigma=0.6945
======================================================================
PLOTTING SCATTER + CONTOUR
======================================================================
Percentile 0.1%: 999 samples
True values: R0=1.3, sigma=0.8
Peak: R0=1.2714, sigma=0.6864

✓ Saved to: ../../figures/from_260528/ppc/sigma0p8/R01p3_seed1690/posterior_scatter_contour_0p1percentile_0.5.png
✅ Peak: R0=1.2714, sigma=0.6864
======================================================================
PLOTTING SCATTER + CONTOUR
======================================================================
Percentile 0.1%: 999 samples
True values: R0=1.3, sigma=0.8
Peak: R0=1.3015, sigma=0.7186

✓ Saved to: ../../figures/from_260528/ppc/sigma0p8/R01p3_seed1690/posterior_scatter_contour_0p1percentile_0.3.png
✅ Peak: R0=1.3015, sigma=0.7186
======================================================================
PLOTTING SCATTER + CONTOUR
======================================================================
Percentile 0.1%: 999 samples
True values: R0=1.3, sigma=0.8
Peak: R0=1.3015, sigma=0.7307

✓ Saved to: ../../figures/from_260528/ppc/sigma0p8/R01p3_seed1690/posterior_scatter_contour_0p1percentile_0.2.png
✅ Peak: R0=1.3015, sigma=0.7307
======================================================================
PLOTTING SCATTER + CONTOUR
======================================================================
Percentile 0.1%: 999 samples
True values: R0=1.3, sigma=0.8
Peak: R0=1.3015, sigma=0.7427

✓ Saved to: ../../figures/from_260528/ppc/sigma0p8/R01p3_seed1690/posterior_scatter_contour_0p1percentile_0.1.png
✅ Peak: R0=1.3015, sigma=0.7427

======================================================================
PERCENTILE: 0.01%
======================================================================
======================================================================
CALCULATING DIST STD: POSTERIOR CONCENTRATION
======================================================================
Total samples: 998,493
Posterior (0.01%): 100 samples
  R0:    mean=1.286, std=0.141
  sigma: mean=0.676, std=0.221
Posterior shape: (100, 2)

Calculating posterior concentration...

======================================================================
posterior concentration RESULT
======================================================================
Distance std (posterior concentration): 0.320882

Interpretation:
  Small value → posterior tightly concentrated
               → ABC learned a lot from the observation
  Large value → posterior spread out
               → ABC learned little from the observation

✅ posterior concentration: 0.320882
======================================================================
PLOTTING SCATTER + CONTOUR
======================================================================
Percentile 0.01%: 100 samples
True values: R0=1.3, sigma=0.8
Peak: R0=1.1809, sigma=0.5377

✓ Saved to: ../../figures/from_260528/ppc/sigma0p8/R01p3_seed1690/posterior_scatter_contour_0p01percentile_silverman.png
✅ Peak: R0=1.1809, sigma=0.5377
======================================================================
PLOTTING SCATTER + CONTOUR
======================================================================
Percentile 0.01%: 100 samples
True values: R0=1.3, sigma=0.8
Peak: R0=1.1809, sigma=0.5377

✓ Saved to: ../../figures/from_260528/ppc/sigma0p8/R01p3_seed1690/posterior_scatter_contour_0p01percentile_scott.png
✅ Peak: R0=1.1809, sigma=0.5377
======================================================================
PLOTTING SCATTER + CONTOUR
======================================================================
Percentile 0.01%: 100 samples
True values: R0=1.3, sigma=0.8
Peak: R0=1.1809, sigma=0.5417

✓ Saved to: ../../figures/from_260528/ppc/sigma0p8/R01p3_seed1690/posterior_scatter_contour_0p01percentile_0.5.png
✅ Peak: R0=1.1809, sigma=0.5417
======================================================================
PLOTTING SCATTER + CONTOUR
======================================================================
Percentile 0.01%: 100 samples
True values: R0=1.3, sigma=0.8
Peak: R0=1.4372, sigma=0.9116

✓ Saved to: ../../figures/from_260528/ppc/sigma0p8/R01p3_seed1690/posterior_scatter_contour_0p01percentile_0.3.png
✅ Peak: R0=1.4372, sigma=0.9116
======================================================================
PLOTTING SCATTER + CONTOUR
======================================================================
Percentile 0.01%: 100 samples
True values: R0=1.3, sigma=0.8
Peak: R0=1.4523, sigma=0.9116

✓ Saved to: ../../figures/from_260528/ppc/sigma0p8/R01p3_seed1690/posterior_scatter_contour_0p01percentile_0.2.png
✅ Peak: R0=1.4523, sigma=0.9116
======================================================================
PLOTTING SCATTER + CONTOUR
======================================================================
Percentile 0.01%: 100 samples
True values: R0=1.3, sigma=0.8
Peak: R0=1.1206, sigma=0.4975

✓ Saved to: ../../figures/from_260528/ppc/sigma0p8/R01p3_seed1690/posterior_scatter_contour_0p01percentile_0.1.png
✅ Peak: R0=1.1206, sigma=0.4975
