nohup: ignoring input

======================================================================
PERCENTILE: 1.0%
======================================================================
======================================================================
CALCULATING DIST STD: POSTERIOR CONCENTRATION
======================================================================
Total samples: 998,493
Posterior (1.0%): 9,985 samples
  R0:    mean=2.370, std=0.545
  sigma: mean=0.795, std=0.150
Posterior shape: (9985, 2)

Calculating posterior concentration...

======================================================================
posterior concentration RESULT
======================================================================
Distance std (posterior concentration): 0.645605

Interpretation:
  Small value → posterior tightly concentrated
               → ABC learned a lot from the observation
  Large value → posterior spread out
               → ABC learned little from the observation

✅ posterior concentration: 0.645605
======================================================================
PLOTTING SCATTER + CONTOUR
======================================================================
Percentile 1.0%: 9,985 samples
True values: R0=3.0, sigma=0.9
Peak: R0=2.1005, sigma=0.7628

✓ Saved to: ../../figures/from_260528/ppc/sigma0p9/R03p0/posterior_scatter_contour_1percentile_silverman.png
✅ Peak: R0=2.1005, sigma=0.7628
======================================================================
PLOTTING SCATTER + CONTOUR
======================================================================
Percentile 1.0%: 9,985 samples
True values: R0=3.0, sigma=0.9
Peak: R0=2.1005, sigma=0.7628

✓ Saved to: ../../figures/from_260528/ppc/sigma0p9/R03p0/posterior_scatter_contour_1percentile_scott.png
✅ Peak: R0=2.1005, sigma=0.7628
======================================================================
PLOTTING SCATTER + CONTOUR
======================================================================
Percentile 1.0%: 9,985 samples
True values: R0=3.0, sigma=0.9
Peak: R0=2.2211, sigma=0.8030

✓ Saved to: ../../figures/from_260528/ppc/sigma0p9/R03p0/posterior_scatter_contour_1percentile_0.5.png
✅ Peak: R0=2.2211, sigma=0.8030
======================================================================
PLOTTING SCATTER + CONTOUR
======================================================================
Percentile 1.0%: 9,985 samples
True values: R0=3.0, sigma=0.9
Peak: R0=2.1307, sigma=0.7709

✓ Saved to: ../../figures/from_260528/ppc/sigma0p9/R03p0/posterior_scatter_contour_1percentile_0.3.png
✅ Peak: R0=2.1307, sigma=0.7709
======================================================================
PLOTTING SCATTER + CONTOUR
======================================================================
Percentile 1.0%: 9,985 samples
True values: R0=3.0, sigma=0.9
Peak: R0=2.1005, sigma=0.7628

✓ Saved to: ../../figures/from_260528/ppc/sigma0p9/R03p0/posterior_scatter_contour_1percentile_0.2.png
✅ Peak: R0=2.1005, sigma=0.7628
======================================================================
PLOTTING SCATTER + CONTOUR
======================================================================
Percentile 1.0%: 9,985 samples
True values: R0=3.0, sigma=0.9
Peak: R0=1.9497, sigma=0.7025

✓ Saved to: ../../figures/from_260528/ppc/sigma0p9/R03p0/posterior_scatter_contour_1percentile_0.1.png
✅ Peak: R0=1.9497, sigma=0.7025

======================================================================
PERCENTILE: 0.1%
======================================================================
======================================================================
CALCULATING DIST STD: POSTERIOR CONCENTRATION
======================================================================
Total samples: 998,493
Posterior (0.1%): 999 samples
  R0:    mean=2.307, std=0.484
  sigma: mean=0.787, std=0.146
Posterior shape: (999, 2)

Calculating posterior concentration...

======================================================================
posterior concentration RESULT
======================================================================
Distance std (posterior concentration): 0.576619

Interpretation:
  Small value → posterior tightly concentrated
               → ABC learned a lot from the observation
  Large value → posterior spread out
               → ABC learned little from the observation

✅ posterior concentration: 0.576619
======================================================================
PLOTTING SCATTER + CONTOUR
======================================================================
Percentile 0.1%: 999 samples
True values: R0=3.0, sigma=0.9
Peak: R0=2.3116, sigma=0.8472

✓ Saved to: ../../figures/from_260528/ppc/sigma0p9/R03p0/posterior_scatter_contour_0p1percentile_silverman.png
✅ Peak: R0=2.3116, sigma=0.8472
======================================================================
PLOTTING SCATTER + CONTOUR
======================================================================
Percentile 0.1%: 999 samples
True values: R0=3.0, sigma=0.9
Peak: R0=2.3116, sigma=0.8472

✓ Saved to: ../../figures/from_260528/ppc/sigma0p9/R03p0/posterior_scatter_contour_0p1percentile_scott.png
✅ Peak: R0=2.3116, sigma=0.8472
======================================================================
PLOTTING SCATTER + CONTOUR
======================================================================
Percentile 0.1%: 999 samples
True values: R0=3.0, sigma=0.9
Peak: R0=2.2965, sigma=0.8352

✓ Saved to: ../../figures/from_260528/ppc/sigma0p9/R03p0/posterior_scatter_contour_0p1percentile_0.5.png
✅ Peak: R0=2.2965, sigma=0.8352
======================================================================
PLOTTING SCATTER + CONTOUR
======================================================================
Percentile 0.1%: 999 samples
True values: R0=3.0, sigma=0.9
Peak: R0=2.3116, sigma=0.8472

✓ Saved to: ../../figures/from_260528/ppc/sigma0p9/R03p0/posterior_scatter_contour_0p1percentile_0.3.png
✅ Peak: R0=2.3116, sigma=0.8472
======================================================================
PLOTTING SCATTER + CONTOUR
======================================================================
Percentile 0.1%: 999 samples
True values: R0=3.0, sigma=0.9
Peak: R0=2.2814, sigma=0.8472

✓ Saved to: ../../figures/from_260528/ppc/sigma0p9/R03p0/posterior_scatter_contour_0p1percentile_0.2.png
✅ Peak: R0=2.2814, sigma=0.8472
======================================================================
PLOTTING SCATTER + CONTOUR
======================================================================
Percentile 0.1%: 999 samples
True values: R0=3.0, sigma=0.9
Peak: R0=2.2362, sigma=0.8432

✓ Saved to: ../../figures/from_260528/ppc/sigma0p9/R03p0/posterior_scatter_contour_0p1percentile_0.1.png
✅ Peak: R0=2.2362, sigma=0.8432

======================================================================
PERCENTILE: 0.01%
======================================================================
======================================================================
CALCULATING DIST STD: POSTERIOR CONCENTRATION
======================================================================
Total samples: 998,493
Posterior (0.01%): 100 samples
  R0:    mean=2.362, std=0.427
  sigma: mean=0.812, std=0.122
Posterior shape: (100, 2)

Calculating posterior concentration...

======================================================================
posterior concentration RESULT
======================================================================
Distance std (posterior concentration): 0.493818

Interpretation:
  Small value → posterior tightly concentrated
               → ABC learned a lot from the observation
  Large value → posterior spread out
               → ABC learned little from the observation

✅ posterior concentration: 0.493818
======================================================================
PLOTTING SCATTER + CONTOUR
======================================================================
Percentile 0.01%: 100 samples
True values: R0=3.0, sigma=0.9
Peak: R0=2.4472, sigma=0.8673

✓ Saved to: ../../figures/from_260528/ppc/sigma0p9/R03p0/posterior_scatter_contour_0p01percentile_silverman.png
✅ Peak: R0=2.4472, sigma=0.8673
======================================================================
PLOTTING SCATTER + CONTOUR
======================================================================
Percentile 0.01%: 100 samples
True values: R0=3.0, sigma=0.9
Peak: R0=2.4472, sigma=0.8673

✓ Saved to: ../../figures/from_260528/ppc/sigma0p9/R03p0/posterior_scatter_contour_0p01percentile_scott.png
✅ Peak: R0=2.4472, sigma=0.8673
======================================================================
PLOTTING SCATTER + CONTOUR
======================================================================
Percentile 0.01%: 100 samples
True values: R0=3.0, sigma=0.9
Peak: R0=2.4322, sigma=0.8673

✓ Saved to: ../../figures/from_260528/ppc/sigma0p9/R03p0/posterior_scatter_contour_0p01percentile_0.5.png
✅ Peak: R0=2.4322, sigma=0.8673
======================================================================
PLOTTING SCATTER + CONTOUR
======================================================================
Percentile 0.01%: 100 samples
True values: R0=3.0, sigma=0.9
Peak: R0=2.4623, sigma=0.8714

✓ Saved to: ../../figures/from_260528/ppc/sigma0p9/R03p0/posterior_scatter_contour_0p01percentile_0.3.png
✅ Peak: R0=2.4623, sigma=0.8714
======================================================================
PLOTTING SCATTER + CONTOUR
======================================================================
Percentile 0.01%: 100 samples
True values: R0=3.0, sigma=0.9
Peak: R0=2.4623, sigma=0.8754

✓ Saved to: ../../figures/from_260528/ppc/sigma0p9/R03p0/posterior_scatter_contour_0p01percentile_0.2.png
✅ Peak: R0=2.4623, sigma=0.8754
======================================================================
PLOTTING SCATTER + CONTOUR
======================================================================
Percentile 0.01%: 100 samples
True values: R0=3.0, sigma=0.9
Peak: R0=2.4774, sigma=0.8673

✓ Saved to: ../../figures/from_260528/ppc/sigma0p9/R03p0/posterior_scatter_contour_0p01percentile_0.1.png
✅ Peak: R0=2.4774, sigma=0.8673
