nohup: ignoring input

======================================================================
PERCENTILE: 1.0%
======================================================================
======================================================================
CALCULATING ENERGY DISTANCE: POSTERIOR vs PRIOR
======================================================================
Total samples (prior): 998,493
Posterior (1.0%): 9,985 samples
  R0:    mean=1.237, std=0.150
  sigma: mean=0.700, std=0.210

Prior: 998,493 samples
  R0:    mean=2.502, std=0.865
  sigma: mean=0.600, std=0.231

Posterior subsampled: 9,985 → 1000
Prior subsampled: 998,493 → 1000
Posterior shape: (1000, 2)
Prior shape:     (1000, 2)

Calculating energy distance...

======================================================================
ENERGY DISTANCE RESULT
======================================================================
Energy distance (posterior vs prior): 1.360745

Interpretation:
  Large value → posterior very different from prior
               → ABC learned a lot from the observation
  Small value → posterior similar to prior
               → ABC learned little from the observation

✅ Energy distance: 1.360745
======================================================================
PLOTTING SCATTER + CONTOUR
======================================================================
Percentile 1.0%: 9,985 samples
True values: R0=1.3, sigma=0.9
Peak: R0=1.2412, sigma=0.9035

✓ Saved to: ../../figures/from_260528/ppc/sigma0p9/R01p3/posterior_scatter_contour_1percentile.png
✅ Peak: R0=1.2412, sigma=0.9035

======================================================================
PERCENTILE: 0.1%
======================================================================
======================================================================
CALCULATING ENERGY DISTANCE: POSTERIOR vs PRIOR
======================================================================
Total samples (prior): 998,493
Posterior (0.1%): 999 samples
  R0:    mean=1.241, std=0.141
  sigma: mean=0.703, std=0.206

Prior: 998,493 samples
  R0:    mean=2.502, std=0.865
  sigma: mean=0.600, std=0.231

Posterior using ALL 999 samples (< 1000)
Prior subsampled: 998,493 → 1000
Posterior shape: (999, 2)
Prior shape:     (1000, 2)

Calculating energy distance...

======================================================================
ENERGY DISTANCE RESULT
======================================================================
Energy distance (posterior vs prior): 1.329918

Interpretation:
  Large value → posterior very different from prior
               → ABC learned a lot from the observation
  Small value → posterior similar to prior
               → ABC learned little from the observation

✅ Energy distance: 1.329918
======================================================================
PLOTTING SCATTER + CONTOUR
======================================================================
Percentile 0.1%: 999 samples
True values: R0=1.3, sigma=0.9
Peak: R0=1.2563, sigma=0.8472

✓ Saved to: ../../figures/from_260528/ppc/sigma0p9/R01p3/posterior_scatter_contour_0p1percentile.png
✅ Peak: R0=1.2563, sigma=0.8472

======================================================================
PERCENTILE: 0.01%
======================================================================
======================================================================
CALCULATING ENERGY DISTANCE: POSTERIOR vs PRIOR
======================================================================
Total samples (prior): 998,493
Posterior (0.01%): 100 samples
  R0:    mean=1.243, std=0.117
  sigma: mean=0.682, std=0.215

Prior: 998,493 samples
  R0:    mean=2.502, std=0.865
  sigma: mean=0.600, std=0.231

Posterior using ALL 100 samples (< 1000)
Prior subsampled: 998,493 → 1000
Posterior shape: (100, 2)
Prior shape:     (1000, 2)

Calculating energy distance...

======================================================================
ENERGY DISTANCE RESULT
======================================================================
Energy distance (posterior vs prior): 1.332040

Interpretation:
  Large value → posterior very different from prior
               → ABC learned a lot from the observation
  Small value → posterior similar to prior
               → ABC learned little from the observation

✅ Energy distance: 1.332040
======================================================================
PLOTTING SCATTER + CONTOUR
======================================================================
Percentile 0.01%: 100 samples
True values: R0=1.3, sigma=0.9
Peak: R0=1.2563, sigma=0.7508

✓ Saved to: ../../figures/from_260528/ppc/sigma0p9/R01p3/posterior_scatter_contour_0p01percentile.png
✅ Peak: R0=1.2563, sigma=0.7508
