nohup: ignoring input

======================================================================
PERCENTILE: 1.0%
======================================================================
======================================================================
CALCULATING DIST STD: POSTERIOR CONCENTRATION
======================================================================
Total samples: 998,493
Posterior (1.0%): 9,985 samples
  R0:    mean=1.850, std=0.353
  sigma: mean=0.767, std=0.178
Posterior shape: (9985, 2)

Calculating posterior concentration...

======================================================================
posterior concentration RESULT
======================================================================
Distance std (posterior concentration): 0.447349

Interpretation:
  Small value → posterior tightly concentrated
               → ABC learned a lot from the observation
  Large value → posterior spread out
               → ABC learned little from the observation

✅ posterior concentration: 0.447349
======================================================================
PLOTTING SCATTER + CONTOUR
======================================================================
Percentile 1.0%: 9,985 samples
True values: R0=1.8, sigma=0.8
Peak: R0=1.8593, sigma=0.9116

✓ Saved to: ../../figures/from_260528/ppc/sigma0p8/R01p8/posterior_scatter_contour_1percentile_silverman.png
✅ Peak: R0=1.8593, sigma=0.9116
======================================================================
PLOTTING SCATTER + CONTOUR
======================================================================
Percentile 1.0%: 9,985 samples
True values: R0=1.8, sigma=0.8
Peak: R0=1.8593, sigma=0.9116

✓ Saved to: ../../figures/from_260528/ppc/sigma0p8/R01p8/posterior_scatter_contour_1percentile_scott.png
✅ Peak: R0=1.8593, sigma=0.9116
======================================================================
PLOTTING SCATTER + CONTOUR
======================================================================
Percentile 1.0%: 9,985 samples
True values: R0=1.8, sigma=0.8
Peak: R0=1.8291, sigma=0.8312

✓ Saved to: ../../figures/from_260528/ppc/sigma0p8/R01p8/posterior_scatter_contour_1percentile_0.5.png
✅ Peak: R0=1.8291, sigma=0.8312
======================================================================
PLOTTING SCATTER + CONTOUR
======================================================================
Percentile 1.0%: 9,985 samples
True values: R0=1.8, sigma=0.8
Peak: R0=1.8442, sigma=0.8754

✓ Saved to: ../../figures/from_260528/ppc/sigma0p8/R01p8/posterior_scatter_contour_1percentile_0.3.png
✅ Peak: R0=1.8442, sigma=0.8754
======================================================================
PLOTTING SCATTER + CONTOUR
======================================================================
Percentile 1.0%: 9,985 samples
True values: R0=1.8, sigma=0.8
Peak: R0=1.8442, sigma=0.9116

✓ Saved to: ../../figures/from_260528/ppc/sigma0p8/R01p8/posterior_scatter_contour_1percentile_0.2.png
✅ Peak: R0=1.8442, sigma=0.9116
======================================================================
PLOTTING SCATTER + CONTOUR
======================================================================
Percentile 1.0%: 9,985 samples
True values: R0=1.8, sigma=0.8
Peak: R0=1.7387, sigma=0.7829

✓ Saved to: ../../figures/from_260528/ppc/sigma0p8/R01p8/posterior_scatter_contour_1percentile_0.1.png
✅ Peak: R0=1.7387, sigma=0.7829

======================================================================
PERCENTILE: 0.1%
======================================================================
======================================================================
CALCULATING DIST STD: POSTERIOR CONCENTRATION
======================================================================
Total samples: 998,493
Posterior (0.1%): 999 samples
  R0:    mean=1.884, std=0.341
  sigma: mean=0.824, std=0.145
Posterior shape: (999, 2)

Calculating posterior concentration...

======================================================================
posterior concentration RESULT
======================================================================
Distance std (posterior concentration): 0.412129

Interpretation:
  Small value → posterior tightly concentrated
               → ABC learned a lot from the observation
  Large value → posterior spread out
               → ABC learned little from the observation

✅ posterior concentration: 0.412129
======================================================================
PLOTTING SCATTER + CONTOUR
======================================================================
Percentile 0.1%: 999 samples
True values: R0=1.8, sigma=0.8
Peak: R0=1.8442, sigma=0.9276

✓ Saved to: ../../figures/from_260528/ppc/sigma0p8/R01p8/posterior_scatter_contour_0p1percentile_silverman.png
✅ Peak: R0=1.8442, sigma=0.9276
======================================================================
PLOTTING SCATTER + CONTOUR
======================================================================
Percentile 0.1%: 999 samples
True values: R0=1.8, sigma=0.8
Peak: R0=1.8442, sigma=0.9276

✓ Saved to: ../../figures/from_260528/ppc/sigma0p8/R01p8/posterior_scatter_contour_0p1percentile_scott.png
✅ Peak: R0=1.8442, sigma=0.9276
======================================================================
PLOTTING SCATTER + CONTOUR
======================================================================
Percentile 0.1%: 999 samples
True values: R0=1.8, sigma=0.8
Peak: R0=1.8593, sigma=0.8915

✓ Saved to: ../../figures/from_260528/ppc/sigma0p8/R01p8/posterior_scatter_contour_0p1percentile_0.5.png
✅ Peak: R0=1.8593, sigma=0.8915
======================================================================
PLOTTING SCATTER + CONTOUR
======================================================================
Percentile 0.1%: 999 samples
True values: R0=1.8, sigma=0.8
Peak: R0=1.8442, sigma=0.9276

✓ Saved to: ../../figures/from_260528/ppc/sigma0p8/R01p8/posterior_scatter_contour_0p1percentile_0.3.png
✅ Peak: R0=1.8442, sigma=0.9276
======================================================================
PLOTTING SCATTER + CONTOUR
======================================================================
Percentile 0.1%: 999 samples
True values: R0=1.8, sigma=0.8
Peak: R0=1.8291, sigma=0.9357

✓ Saved to: ../../figures/from_260528/ppc/sigma0p8/R01p8/posterior_scatter_contour_0p1percentile_0.2.png
✅ Peak: R0=1.8291, sigma=0.9357
======================================================================
PLOTTING SCATTER + CONTOUR
======================================================================
Percentile 0.1%: 999 samples
True values: R0=1.8, sigma=0.8
Peak: R0=1.7990, sigma=0.9156

✓ Saved to: ../../figures/from_260528/ppc/sigma0p8/R01p8/posterior_scatter_contour_0p1percentile_0.1.png
✅ Peak: R0=1.7990, sigma=0.9156

======================================================================
PERCENTILE: 0.01%
======================================================================
======================================================================
CALCULATING DIST STD: POSTERIOR CONCENTRATION
======================================================================
Total samples: 998,493
Posterior (0.01%): 100 samples
  R0:    mean=1.908, std=0.270
  sigma: mean=0.863, std=0.120
Posterior shape: (100, 2)

Calculating posterior concentration...

======================================================================
posterior concentration RESULT
======================================================================
Distance std (posterior concentration): 0.342022

Interpretation:
  Small value → posterior tightly concentrated
               → ABC learned a lot from the observation
  Large value → posterior spread out
               → ABC learned little from the observation

✅ posterior concentration: 0.342022
======================================================================
PLOTTING SCATTER + CONTOUR
======================================================================
Percentile 0.01%: 100 samples
True values: R0=1.8, sigma=0.8
Peak: R0=2.0101, sigma=0.9317

✓ Saved to: ../../figures/from_260528/ppc/sigma0p8/R01p8/posterior_scatter_contour_0p01percentile_silverman.png
✅ Peak: R0=2.0101, sigma=0.9317
======================================================================
PLOTTING SCATTER + CONTOUR
======================================================================
Percentile 0.01%: 100 samples
True values: R0=1.8, sigma=0.8
Peak: R0=2.0101, sigma=0.9317

✓ Saved to: ../../figures/from_260528/ppc/sigma0p8/R01p8/posterior_scatter_contour_0p01percentile_scott.png
✅ Peak: R0=2.0101, sigma=0.9317
======================================================================
PLOTTING SCATTER + CONTOUR
======================================================================
Percentile 0.01%: 100 samples
True values: R0=1.8, sigma=0.8
Peak: R0=1.9950, sigma=0.9276

✓ Saved to: ../../figures/from_260528/ppc/sigma0p8/R01p8/posterior_scatter_contour_0p01percentile_0.5.png
✅ Peak: R0=1.9950, sigma=0.9276
======================================================================
PLOTTING SCATTER + CONTOUR
======================================================================
Percentile 0.01%: 100 samples
True values: R0=1.8, sigma=0.8
Peak: R0=2.0402, sigma=0.9437

✓ Saved to: ../../figures/from_260528/ppc/sigma0p8/R01p8/posterior_scatter_contour_0p01percentile_0.3.png
✅ Peak: R0=2.0402, sigma=0.9437
======================================================================
PLOTTING SCATTER + CONTOUR
======================================================================
Percentile 0.01%: 100 samples
True values: R0=1.8, sigma=0.8
Peak: R0=2.0251, sigma=0.9477

✓ Saved to: ../../figures/from_260528/ppc/sigma0p8/R01p8/posterior_scatter_contour_0p01percentile_0.2.png
✅ Peak: R0=2.0251, sigma=0.9477
======================================================================
PLOTTING SCATTER + CONTOUR
======================================================================
Percentile 0.01%: 100 samples
True values: R0=1.8, sigma=0.8
Peak: R0=1.9950, sigma=0.8714

✓ Saved to: ../../figures/from_260528/ppc/sigma0p8/R01p8/posterior_scatter_contour_0p01percentile_0.1.png
✅ Peak: R0=1.9950, sigma=0.8714
