nohup: ignoring input

======================================================================
PERCENTILE: 1.0%
======================================================================
======================================================================
CALCULATING DIST STD: POSTERIOR CONCENTRATION
======================================================================
Total samples: 998,493
Posterior (1.0%): 9,985 samples
  R0:    mean=2.365, std=0.603
  sigma: mean=0.725, std=0.193
Posterior shape: (9985, 2)

Calculating posterior concentration...

======================================================================
posterior concentration RESULT
======================================================================
Distance std (posterior concentration): 0.732481

Interpretation:
  Small value → posterior tightly concentrated
               → ABC learned a lot from the observation
  Large value → posterior spread out
               → ABC learned little from the observation

✅ posterior concentration: 0.732481
======================================================================
PLOTTING SCATTER + CONTOUR
======================================================================
Percentile 1.0%: 9,985 samples
True values: R0=2.3, sigma=0.8
Peak: R0=1.9347, sigma=0.5980

✓ Saved to: ../../figures/from_260528/ppc/sigma0p8/R02p3/posterior_scatter_contour_1percentile_silverman.png
✅ Peak: R0=1.9347, sigma=0.5980
======================================================================
PLOTTING SCATTER + CONTOUR
======================================================================
Percentile 1.0%: 9,985 samples
True values: R0=2.3, sigma=0.8
Peak: R0=1.9347, sigma=0.5980

✓ Saved to: ../../figures/from_260528/ppc/sigma0p8/R02p3/posterior_scatter_contour_1percentile_scott.png
✅ Peak: R0=1.9347, sigma=0.5980
======================================================================
PLOTTING SCATTER + CONTOUR
======================================================================
Percentile 1.0%: 9,985 samples
True values: R0=2.3, sigma=0.8
Peak: R0=2.1759, sigma=0.6905

✓ Saved to: ../../figures/from_260528/ppc/sigma0p8/R02p3/posterior_scatter_contour_1percentile_0.5.png
✅ Peak: R0=2.1759, sigma=0.6905
======================================================================
PLOTTING SCATTER + CONTOUR
======================================================================
Percentile 1.0%: 9,985 samples
True values: R0=2.3, sigma=0.8
Peak: R0=2.0101, sigma=0.6261

✓ Saved to: ../../figures/from_260528/ppc/sigma0p8/R02p3/posterior_scatter_contour_1percentile_0.3.png
✅ Peak: R0=2.0101, sigma=0.6261
======================================================================
PLOTTING SCATTER + CONTOUR
======================================================================
Percentile 1.0%: 9,985 samples
True values: R0=2.3, sigma=0.8
Peak: R0=1.9347, sigma=0.5980

✓ Saved to: ../../figures/from_260528/ppc/sigma0p8/R02p3/posterior_scatter_contour_1percentile_0.2.png
✅ Peak: R0=1.9347, sigma=0.5980
======================================================================
PLOTTING SCATTER + CONTOUR
======================================================================
Percentile 1.0%: 9,985 samples
True values: R0=2.3, sigma=0.8
Peak: R0=1.8894, sigma=0.5859

✓ Saved to: ../../figures/from_260528/ppc/sigma0p8/R02p3/posterior_scatter_contour_1percentile_0.1.png
✅ Peak: R0=1.8894, sigma=0.5859

======================================================================
PERCENTILE: 0.1%
======================================================================
======================================================================
CALCULATING DIST STD: POSTERIOR CONCENTRATION
======================================================================
Total samples: 998,493
Posterior (0.1%): 999 samples
  R0:    mean=2.543, std=0.543
  sigma: mean=0.779, std=0.141
Posterior shape: (999, 2)

Calculating posterior concentration...

======================================================================
posterior concentration RESULT
======================================================================
Distance std (posterior concentration): 0.646465

Interpretation:
  Small value → posterior tightly concentrated
               → ABC learned a lot from the observation
  Large value → posterior spread out
               → ABC learned little from the observation

✅ posterior concentration: 0.646465
======================================================================
PLOTTING SCATTER + CONTOUR
======================================================================
Percentile 0.1%: 999 samples
True values: R0=2.3, sigma=0.8
Peak: R0=2.4171, sigma=0.7789

✓ Saved to: ../../figures/from_260528/ppc/sigma0p8/R02p3/posterior_scatter_contour_0p1percentile_silverman.png
✅ Peak: R0=2.4171, sigma=0.7789
======================================================================
PLOTTING SCATTER + CONTOUR
======================================================================
Percentile 0.1%: 999 samples
True values: R0=2.3, sigma=0.8
Peak: R0=2.4171, sigma=0.7789

✓ Saved to: ../../figures/from_260528/ppc/sigma0p8/R02p3/posterior_scatter_contour_0p1percentile_scott.png
✅ Peak: R0=2.4171, sigma=0.7789
======================================================================
PLOTTING SCATTER + CONTOUR
======================================================================
Percentile 0.1%: 999 samples
True values: R0=2.3, sigma=0.8
Peak: R0=2.3869, sigma=0.7628

✓ Saved to: ../../figures/from_260528/ppc/sigma0p8/R02p3/posterior_scatter_contour_0p1percentile_0.5.png
✅ Peak: R0=2.3869, sigma=0.7628
======================================================================
PLOTTING SCATTER + CONTOUR
======================================================================
Percentile 0.1%: 999 samples
True values: R0=2.3, sigma=0.8
Peak: R0=2.4322, sigma=0.7869

✓ Saved to: ../../figures/from_260528/ppc/sigma0p8/R02p3/posterior_scatter_contour_0p1percentile_0.3.png
✅ Peak: R0=2.4322, sigma=0.7869
======================================================================
PLOTTING SCATTER + CONTOUR
======================================================================
Percentile 0.1%: 999 samples
True values: R0=2.3, sigma=0.8
Peak: R0=2.4623, sigma=0.8030

✓ Saved to: ../../figures/from_260528/ppc/sigma0p8/R02p3/posterior_scatter_contour_0p1percentile_0.2.png
✅ Peak: R0=2.4623, sigma=0.8030
======================================================================
PLOTTING SCATTER + CONTOUR
======================================================================
Percentile 0.1%: 999 samples
True values: R0=2.3, sigma=0.8
Peak: R0=2.4774, sigma=0.8111

✓ Saved to: ../../figures/from_260528/ppc/sigma0p8/R02p3/posterior_scatter_contour_0p1percentile_0.1.png
✅ Peak: R0=2.4774, sigma=0.8111

======================================================================
PERCENTILE: 0.01%
======================================================================
======================================================================
CALCULATING DIST STD: POSTERIOR CONCENTRATION
======================================================================
Total samples: 998,493
Posterior (0.01%): 100 samples
  R0:    mean=2.740, std=0.448
  sigma: mean=0.828, std=0.084
Posterior shape: (100, 2)

Calculating posterior concentration...

======================================================================
posterior concentration RESULT
======================================================================
Distance std (posterior concentration): 0.524763

Interpretation:
  Small value → posterior tightly concentrated
               → ABC learned a lot from the observation
  Large value → posterior spread out
               → ABC learned little from the observation

✅ posterior concentration: 0.524763
======================================================================
PLOTTING SCATTER + CONTOUR
======================================================================
Percentile 0.01%: 100 samples
True values: R0=2.3, sigma=0.8
Peak: R0=2.5226, sigma=0.8030

✓ Saved to: ../../figures/from_260528/ppc/sigma0p8/R02p3/posterior_scatter_contour_0p01percentile_silverman.png
✅ Peak: R0=2.5226, sigma=0.8030
======================================================================
PLOTTING SCATTER + CONTOUR
======================================================================
Percentile 0.01%: 100 samples
True values: R0=2.3, sigma=0.8
Peak: R0=2.5226, sigma=0.8030

✓ Saved to: ../../figures/from_260528/ppc/sigma0p8/R02p3/posterior_scatter_contour_0p01percentile_scott.png
✅ Peak: R0=2.5226, sigma=0.8030
======================================================================
PLOTTING SCATTER + CONTOUR
======================================================================
Percentile 0.01%: 100 samples
True values: R0=2.3, sigma=0.8
Peak: R0=2.5377, sigma=0.8030

✓ Saved to: ../../figures/from_260528/ppc/sigma0p8/R02p3/posterior_scatter_contour_0p01percentile_0.5.png
✅ Peak: R0=2.5377, sigma=0.8030
======================================================================
PLOTTING SCATTER + CONTOUR
======================================================================
Percentile 0.01%: 100 samples
True values: R0=2.3, sigma=0.8
Peak: R0=2.5226, sigma=0.8151

✓ Saved to: ../../figures/from_260528/ppc/sigma0p8/R02p3/posterior_scatter_contour_0p01percentile_0.3.png
✅ Peak: R0=2.5226, sigma=0.8151
======================================================================
PLOTTING SCATTER + CONTOUR
======================================================================
Percentile 0.01%: 100 samples
True values: R0=2.3, sigma=0.8
Peak: R0=2.5226, sigma=0.8151

✓ Saved to: ../../figures/from_260528/ppc/sigma0p8/R02p3/posterior_scatter_contour_0p01percentile_0.2.png
✅ Peak: R0=2.5226, sigma=0.8151
======================================================================
PLOTTING SCATTER + CONTOUR
======================================================================
Percentile 0.01%: 100 samples
True values: R0=2.3, sigma=0.8
Peak: R0=2.5075, sigma=0.8191

✓ Saved to: ../../figures/from_260528/ppc/sigma0p8/R02p3/posterior_scatter_contour_0p01percentile_0.1.png
✅ Peak: R0=2.5075, sigma=0.8191
