nohup: ignoring input

======================================================================
PERCENTILE: 1.0%
======================================================================
======================================================================
CALCULATING DIST STD: POSTERIOR CONCENTRATION
======================================================================
Total samples: 998,493
Posterior (1.0%): 9,985 samples
  R0:    mean=2.227, std=0.450
  sigma: mean=0.777, std=0.151
Posterior shape: (9985, 2)

Calculating posterior concentration...

======================================================================
posterior concentration RESULT
======================================================================
Distance std (posterior concentration): 0.539158

Interpretation:
  Small value → posterior tightly concentrated
               → ABC learned a lot from the observation
  Large value → posterior spread out
               → ABC learned little from the observation

✅ posterior concentration: 0.539158
======================================================================
PLOTTING SCATTER + CONTOUR
======================================================================
Percentile 1.0%: 9,985 samples
True values: R0=2.3, sigma=0.8
Peak: R0=1.9950, sigma=0.7226

✓ Saved to: ../../figures/from_260528/ppc/sigma0p8/R02p3_seed1234/posterior_scatter_contour_1percentile_silverman.png
✅ Peak: R0=1.9950, sigma=0.7226
======================================================================
PLOTTING SCATTER + CONTOUR
======================================================================
Percentile 1.0%: 9,985 samples
True values: R0=2.3, sigma=0.8
Peak: R0=1.9950, sigma=0.7226

✓ Saved to: ../../figures/from_260528/ppc/sigma0p8/R02p3_seed1234/posterior_scatter_contour_1percentile_scott.png
✅ Peak: R0=1.9950, sigma=0.7226
======================================================================
PLOTTING SCATTER + CONTOUR
======================================================================
Percentile 1.0%: 9,985 samples
True values: R0=2.3, sigma=0.8
Peak: R0=2.1307, sigma=0.7829

✓ Saved to: ../../figures/from_260528/ppc/sigma0p8/R02p3_seed1234/posterior_scatter_contour_1percentile_0.5.png
✅ Peak: R0=2.1307, sigma=0.7829
======================================================================
PLOTTING SCATTER + CONTOUR
======================================================================
Percentile 1.0%: 9,985 samples
True values: R0=2.3, sigma=0.8
Peak: R0=2.0704, sigma=0.7548

✓ Saved to: ../../figures/from_260528/ppc/sigma0p8/R02p3_seed1234/posterior_scatter_contour_1percentile_0.3.png
✅ Peak: R0=2.0704, sigma=0.7548
======================================================================
PLOTTING SCATTER + CONTOUR
======================================================================
Percentile 1.0%: 9,985 samples
True values: R0=2.3, sigma=0.8
Peak: R0=1.9799, sigma=0.7146

✓ Saved to: ../../figures/from_260528/ppc/sigma0p8/R02p3_seed1234/posterior_scatter_contour_1percentile_0.2.png
✅ Peak: R0=1.9799, sigma=0.7146
======================================================================
PLOTTING SCATTER + CONTOUR
======================================================================
Percentile 1.0%: 9,985 samples
True values: R0=2.3, sigma=0.8
Peak: R0=1.9347, sigma=0.6985

✓ Saved to: ../../figures/from_260528/ppc/sigma0p8/R02p3_seed1234/posterior_scatter_contour_1percentile_0.1.png
✅ Peak: R0=1.9347, sigma=0.6985

======================================================================
PERCENTILE: 0.1%
======================================================================
======================================================================
CALCULATING DIST STD: POSTERIOR CONCENTRATION
======================================================================
Total samples: 998,493
Posterior (0.1%): 999 samples
  R0:    mean=2.263, std=0.436
  sigma: mean=0.789, std=0.125
Posterior shape: (999, 2)

Calculating posterior concentration...

======================================================================
posterior concentration RESULT
======================================================================
Distance std (posterior concentration): 0.513066

Interpretation:
  Small value → posterior tightly concentrated
               → ABC learned a lot from the observation
  Large value → posterior spread out
               → ABC learned little from the observation

✅ posterior concentration: 0.513066
======================================================================
PLOTTING SCATTER + CONTOUR
======================================================================
Percentile 0.1%: 999 samples
True values: R0=2.3, sigma=0.8
Peak: R0=2.1005, sigma=0.7749

✓ Saved to: ../../figures/from_260528/ppc/sigma0p8/R02p3_seed1234/posterior_scatter_contour_0p1percentile_silverman.png
✅ Peak: R0=2.1005, sigma=0.7749
======================================================================
PLOTTING SCATTER + CONTOUR
======================================================================
Percentile 0.1%: 999 samples
True values: R0=2.3, sigma=0.8
Peak: R0=2.1005, sigma=0.7749

✓ Saved to: ../../figures/from_260528/ppc/sigma0p8/R02p3_seed1234/posterior_scatter_contour_0p1percentile_scott.png
✅ Peak: R0=2.1005, sigma=0.7749
======================================================================
PLOTTING SCATTER + CONTOUR
======================================================================
Percentile 0.1%: 999 samples
True values: R0=2.3, sigma=0.8
Peak: R0=2.1608, sigma=0.7950

✓ Saved to: ../../figures/from_260528/ppc/sigma0p8/R02p3_seed1234/posterior_scatter_contour_0p1percentile_0.5.png
✅ Peak: R0=2.1608, sigma=0.7950
======================================================================
PLOTTING SCATTER + CONTOUR
======================================================================
Percentile 0.1%: 999 samples
True values: R0=2.3, sigma=0.8
Peak: R0=2.1005, sigma=0.7749

✓ Saved to: ../../figures/from_260528/ppc/sigma0p8/R02p3_seed1234/posterior_scatter_contour_0p1percentile_0.3.png
✅ Peak: R0=2.1005, sigma=0.7749
======================================================================
PLOTTING SCATTER + CONTOUR
======================================================================
Percentile 0.1%: 999 samples
True values: R0=2.3, sigma=0.8
Peak: R0=2.0402, sigma=0.7508

✓ Saved to: ../../figures/from_260528/ppc/sigma0p8/R02p3_seed1234/posterior_scatter_contour_0p1percentile_0.2.png
✅ Peak: R0=2.0402, sigma=0.7508
======================================================================
PLOTTING SCATTER + CONTOUR
======================================================================
Percentile 0.1%: 999 samples
True values: R0=2.3, sigma=0.8
Peak: R0=1.9799, sigma=0.7347

✓ Saved to: ../../figures/from_260528/ppc/sigma0p8/R02p3_seed1234/posterior_scatter_contour_0p1percentile_0.1.png
✅ Peak: R0=1.9799, sigma=0.7347

======================================================================
PERCENTILE: 0.01%
======================================================================
======================================================================
CALCULATING DIST STD: POSTERIOR CONCENTRATION
======================================================================
Total samples: 998,493
Posterior (0.01%): 100 samples
  R0:    mean=2.202, std=0.364
  sigma: mean=0.780, std=0.099
Posterior shape: (100, 2)

Calculating posterior concentration...

======================================================================
posterior concentration RESULT
======================================================================
Distance std (posterior concentration): 0.420183

Interpretation:
  Small value → posterior tightly concentrated
               → ABC learned a lot from the observation
  Large value → posterior spread out
               → ABC learned little from the observation

✅ posterior concentration: 0.420183
======================================================================
PLOTTING SCATTER + CONTOUR
======================================================================
Percentile 0.01%: 100 samples
True values: R0=2.3, sigma=0.8
Peak: R0=2.1156, sigma=0.7869

✓ Saved to: ../../figures/from_260528/ppc/sigma0p8/R02p3_seed1234/posterior_scatter_contour_0p01percentile_silverman.png
✅ Peak: R0=2.1156, sigma=0.7869
======================================================================
PLOTTING SCATTER + CONTOUR
======================================================================
Percentile 0.01%: 100 samples
True values: R0=2.3, sigma=0.8
Peak: R0=2.1156, sigma=0.7869

✓ Saved to: ../../figures/from_260528/ppc/sigma0p8/R02p3_seed1234/posterior_scatter_contour_0p01percentile_scott.png
✅ Peak: R0=2.1156, sigma=0.7869
======================================================================
PLOTTING SCATTER + CONTOUR
======================================================================
Percentile 0.01%: 100 samples
True values: R0=2.3, sigma=0.8
Peak: R0=2.1156, sigma=0.7869

✓ Saved to: ../../figures/from_260528/ppc/sigma0p8/R02p3_seed1234/posterior_scatter_contour_0p01percentile_0.5.png
✅ Peak: R0=2.1156, sigma=0.7869
======================================================================
PLOTTING SCATTER + CONTOUR
======================================================================
Percentile 0.01%: 100 samples
True values: R0=2.3, sigma=0.8
Peak: R0=2.1307, sigma=0.7990

✓ Saved to: ../../figures/from_260528/ppc/sigma0p8/R02p3_seed1234/posterior_scatter_contour_0p01percentile_0.3.png
✅ Peak: R0=2.1307, sigma=0.7990
======================================================================
PLOTTING SCATTER + CONTOUR
======================================================================
Percentile 0.01%: 100 samples
True values: R0=2.3, sigma=0.8
Peak: R0=2.1156, sigma=0.7990

✓ Saved to: ../../figures/from_260528/ppc/sigma0p8/R02p3_seed1234/posterior_scatter_contour_0p01percentile_0.2.png
✅ Peak: R0=2.1156, sigma=0.7990
======================================================================
PLOTTING SCATTER + CONTOUR
======================================================================
Percentile 0.01%: 100 samples
True values: R0=2.3, sigma=0.8
Peak: R0=2.1307, sigma=0.8030

✓ Saved to: ../../figures/from_260528/ppc/sigma0p8/R02p3_seed1234/posterior_scatter_contour_0p01percentile_0.1.png
✅ Peak: R0=2.1307, sigma=0.8030
