nohup: ignoring input

======================================================================
PERCENTILE: 1.0%
======================================================================
======================================================================
CALCULATING DIST STD: POSTERIOR CONCENTRATION
======================================================================
Total samples: 998,493
Posterior (1.0%): 9,985 samples
  R0:    mean=1.309, std=0.166
  sigma: mean=0.652, std=0.221
Posterior shape: (9985, 2)

Calculating posterior concentration...

======================================================================
posterior concentration RESULT
======================================================================
Distance std (posterior concentration): 0.336106

Interpretation:
  Small value → posterior tightly concentrated
               → ABC learned a lot from the observation
  Large value → posterior spread out
               → ABC learned little from the observation

✅ posterior concentration: 0.336106
======================================================================
PLOTTING SCATTER + CONTOUR
======================================================================
Percentile 1.0%: 9,985 samples
True values: R0=1.3, sigma=0.8
Peak: R0=1.2261, sigma=0.3849

✓ Saved to: ../../figures/from_260528/ppc/sigma0p8/R01p3_seed1267/posterior_scatter_contour_1percentile_silverman.png
✅ Peak: R0=1.2261, sigma=0.3849
======================================================================
PLOTTING SCATTER + CONTOUR
======================================================================
Percentile 1.0%: 9,985 samples
True values: R0=1.3, sigma=0.8
Peak: R0=1.2261, sigma=0.3849

✓ Saved to: ../../figures/from_260528/ppc/sigma0p8/R01p3_seed1267/posterior_scatter_contour_1percentile_scott.png
✅ Peak: R0=1.2261, sigma=0.3849
======================================================================
PLOTTING SCATTER + CONTOUR
======================================================================
Percentile 1.0%: 9,985 samples
True values: R0=1.3, sigma=0.8
Peak: R0=1.2714, sigma=0.5658

✓ Saved to: ../../figures/from_260528/ppc/sigma0p8/R01p3_seed1267/posterior_scatter_contour_1percentile_0.5.png
✅ Peak: R0=1.2714, sigma=0.5658
======================================================================
PLOTTING SCATTER + CONTOUR
======================================================================
Percentile 1.0%: 9,985 samples
True values: R0=1.3, sigma=0.8
Peak: R0=1.2261, sigma=0.4050

✓ Saved to: ../../figures/from_260528/ppc/sigma0p8/R01p3_seed1267/posterior_scatter_contour_1percentile_0.3.png
✅ Peak: R0=1.2261, sigma=0.4050
======================================================================
PLOTTING SCATTER + CONTOUR
======================================================================
Percentile 1.0%: 9,985 samples
True values: R0=1.3, sigma=0.8
Peak: R0=1.2261, sigma=0.3849

✓ Saved to: ../../figures/from_260528/ppc/sigma0p8/R01p3_seed1267/posterior_scatter_contour_1percentile_0.2.png
✅ Peak: R0=1.2261, sigma=0.3849
======================================================================
PLOTTING SCATTER + CONTOUR
======================================================================
Percentile 1.0%: 9,985 samples
True values: R0=1.3, sigma=0.8
Peak: R0=1.2563, sigma=0.5658

✓ Saved to: ../../figures/from_260528/ppc/sigma0p8/R01p3_seed1267/posterior_scatter_contour_1percentile_0.1.png
✅ Peak: R0=1.2563, sigma=0.5658

======================================================================
PERCENTILE: 0.1%
======================================================================
======================================================================
CALCULATING DIST STD: POSTERIOR CONCENTRATION
======================================================================
Total samples: 998,493
Posterior (0.1%): 999 samples
  R0:    mean=1.332, std=0.149
  sigma: mean=0.662, std=0.209
Posterior shape: (999, 2)

Calculating posterior concentration...

======================================================================
posterior concentration RESULT
======================================================================
Distance std (posterior concentration): 0.311193

Interpretation:
  Small value → posterior tightly concentrated
               → ABC learned a lot from the observation
  Large value → posterior spread out
               → ABC learned little from the observation

✅ posterior concentration: 0.311193
======================================================================
PLOTTING SCATTER + CONTOUR
======================================================================
Percentile 0.1%: 999 samples
True values: R0=1.3, sigma=0.8
Peak: R0=1.3467, sigma=0.7749

✓ Saved to: ../../figures/from_260528/ppc/sigma0p8/R01p3_seed1267/posterior_scatter_contour_0p1percentile_silverman.png
✅ Peak: R0=1.3467, sigma=0.7749
======================================================================
PLOTTING SCATTER + CONTOUR
======================================================================
Percentile 0.1%: 999 samples
True values: R0=1.3, sigma=0.8
Peak: R0=1.3467, sigma=0.7749

✓ Saved to: ../../figures/from_260528/ppc/sigma0p8/R01p3_seed1267/posterior_scatter_contour_0p1percentile_scott.png
✅ Peak: R0=1.3467, sigma=0.7749
======================================================================
PLOTTING SCATTER + CONTOUR
======================================================================
Percentile 0.1%: 999 samples
True values: R0=1.3, sigma=0.8
Peak: R0=1.3166, sigma=0.6824

✓ Saved to: ../../figures/from_260528/ppc/sigma0p8/R01p3_seed1267/posterior_scatter_contour_0p1percentile_0.5.png
✅ Peak: R0=1.3166, sigma=0.6824
======================================================================
PLOTTING SCATTER + CONTOUR
======================================================================
Percentile 0.1%: 999 samples
True values: R0=1.3, sigma=0.8
Peak: R0=1.3467, sigma=0.7829

✓ Saved to: ../../figures/from_260528/ppc/sigma0p8/R01p3_seed1267/posterior_scatter_contour_0p1percentile_0.3.png
✅ Peak: R0=1.3467, sigma=0.7829
======================================================================
PLOTTING SCATTER + CONTOUR
======================================================================
Percentile 0.1%: 999 samples
True values: R0=1.3, sigma=0.8
Peak: R0=1.3467, sigma=0.8070

✓ Saved to: ../../figures/from_260528/ppc/sigma0p8/R01p3_seed1267/posterior_scatter_contour_0p1percentile_0.2.png
✅ Peak: R0=1.3467, sigma=0.8070
======================================================================
PLOTTING SCATTER + CONTOUR
======================================================================
Percentile 0.1%: 999 samples
True values: R0=1.3, sigma=0.8
Peak: R0=1.3618, sigma=0.8070

✓ Saved to: ../../figures/from_260528/ppc/sigma0p8/R01p3_seed1267/posterior_scatter_contour_0p1percentile_0.1.png
✅ Peak: R0=1.3618, sigma=0.8070

======================================================================
PERCENTILE: 0.01%
======================================================================
======================================================================
CALCULATING DIST STD: POSTERIOR CONCENTRATION
======================================================================
Total samples: 998,493
Posterior (0.01%): 100 samples
  R0:    mean=1.334, std=0.132
  sigma: mean=0.666, std=0.227
Posterior shape: (100, 2)

Calculating posterior concentration...

======================================================================
posterior concentration RESULT
======================================================================
Distance std (posterior concentration): 0.315266

Interpretation:
  Small value → posterior tightly concentrated
               → ABC learned a lot from the observation
  Large value → posterior spread out
               → ABC learned little from the observation

✅ posterior concentration: 0.315266
======================================================================
PLOTTING SCATTER + CONTOUR
======================================================================
Percentile 0.01%: 100 samples
True values: R0=1.3, sigma=0.8
Peak: R0=1.3317, sigma=0.7226

✓ Saved to: ../../figures/from_260528/ppc/sigma0p8/R01p3_seed1267/posterior_scatter_contour_0p01percentile_silverman.png
✅ Peak: R0=1.3317, sigma=0.7226
======================================================================
PLOTTING SCATTER + CONTOUR
======================================================================
Percentile 0.01%: 100 samples
True values: R0=1.3, sigma=0.8
Peak: R0=1.3317, sigma=0.7226

✓ Saved to: ../../figures/from_260528/ppc/sigma0p8/R01p3_seed1267/posterior_scatter_contour_0p01percentile_scott.png
✅ Peak: R0=1.3317, sigma=0.7226
======================================================================
PLOTTING SCATTER + CONTOUR
======================================================================
Percentile 0.01%: 100 samples
True values: R0=1.3, sigma=0.8
Peak: R0=1.3467, sigma=0.7427

✓ Saved to: ../../figures/from_260528/ppc/sigma0p8/R01p3_seed1267/posterior_scatter_contour_0p01percentile_0.5.png
✅ Peak: R0=1.3467, sigma=0.7427
======================================================================
PLOTTING SCATTER + CONTOUR
======================================================================
Percentile 0.01%: 100 samples
True values: R0=1.3, sigma=0.8
Peak: R0=1.3015, sigma=0.6864

✓ Saved to: ../../figures/from_260528/ppc/sigma0p8/R01p3_seed1267/posterior_scatter_contour_0p01percentile_0.3.png
✅ Peak: R0=1.3015, sigma=0.6864
======================================================================
PLOTTING SCATTER + CONTOUR
======================================================================
Percentile 0.01%: 100 samples
True values: R0=1.3, sigma=0.8
Peak: R0=1.2864, sigma=0.6623

✓ Saved to: ../../figures/from_260528/ppc/sigma0p8/R01p3_seed1267/posterior_scatter_contour_0p01percentile_0.2.png
✅ Peak: R0=1.2864, sigma=0.6623
======================================================================
PLOTTING SCATTER + CONTOUR
======================================================================
Percentile 0.01%: 100 samples
True values: R0=1.3, sigma=0.8
Peak: R0=1.3920, sigma=0.9156

✓ Saved to: ../../figures/from_260528/ppc/sigma0p8/R01p3_seed1267/posterior_scatter_contour_0p01percentile_0.1.png
✅ Peak: R0=1.3920, sigma=0.9156
