nohup: ignoring input
======================================================================
CALCULATING ENERGY DISTANCE: POSTERIOR vs PRIOR
======================================================================
Total samples (prior): 998,493
Posterior (1%): 9,985 samples
  R0:    mean=1.931, std=0.405
  sigma: mean=0.838, std=0.144

Prior: 998,493 samples
  R0:    mean=2.502, std=0.865
  sigma: mean=0.600, std=0.231

Subsampling to 1000 each for efficiency...
Posterior shape: (1000, 2)
Prior shape:     (1000, 2)

Calculating energy distance...

======================================================================
ENERGY DISTANCE RESULT
======================================================================
Energy distance (posterior vs prior): 0.479218

Interpretation:
  Large value → posterior very different from prior
               → ABC learned a lot from the observation
  Small value → posterior similar to prior
               → ABC learned little from the observation

✅ Energy distance (posterior vs prior): 0.479218
======================================================================
PLOTTING SCATTER + CONTOUR
======================================================================
Percentile 1%: 9,985 samples
Peak: R0=1.9045, sigma=0.9397

✓ Saved to: ../../figures/from_260528/ppc/observations/posterior_scatter_contour_1percentile.png

✅ Peak density: R0=1.9045, sigma=0.9397
======================================================================
CALCULATING ENERGY DISTANCE: POSTERIOR vs PRIOR
======================================================================
Total samples (prior): 998,493
Posterior (0.1%): 999 samples
  R0:    mean=1.893, std=0.375
  sigma: mean=0.876, std=0.116

Prior: 998,493 samples
  R0:    mean=2.502, std=0.865
  sigma: mean=0.600, std=0.231

Subsampling to 1000 each for efficiency...
Posterior shape: (999, 2)
Prior shape:     (1000, 2)

Calculating energy distance...

======================================================================
ENERGY DISTANCE RESULT
======================================================================
Energy distance (posterior vs prior): 0.550994

Interpretation:
  Large value → posterior very different from prior
               → ABC learned a lot from the observation
  Small value → posterior similar to prior
               → ABC learned little from the observation

✅ Energy distance (posterior vs prior): 0.550994
======================================================================
PLOTTING SCATTER + CONTOUR
======================================================================
Percentile 0.1%: 999 samples
Peak: R0=1.8442, sigma=0.9437

✓ Saved to: ../../figures/from_260528/ppc/observations/posterior_scatter_contour_0p1percentile.png

✅ Peak density: R0=1.8442, sigma=0.9437
======================================================================
CALCULATING ENERGY DISTANCE: POSTERIOR vs PRIOR
======================================================================
Total samples (prior): 998,493
Posterior (0.01%): 100 samples
  R0:    mean=1.826, std=0.371
  sigma: mean=0.909, std=0.079

Prior: 998,493 samples
  R0:    mean=2.502, std=0.865
  sigma: mean=0.600, std=0.231

Subsampling to 1000 each for efficiency...
Posterior shape: (100, 2)
Prior shape:     (1000, 2)

Calculating energy distance...

======================================================================
ENERGY DISTANCE RESULT
======================================================================
Energy distance (posterior vs prior): 0.676891

Interpretation:
  Large value → posterior very different from prior
               → ABC learned a lot from the observation
  Small value → posterior similar to prior
               → ABC learned little from the observation

✅ Energy distance (posterior vs prior): 0.676891
======================================================================
PLOTTING SCATTER + CONTOUR
======================================================================
Percentile 0.01%: 100 samples
Peak: R0=1.7688, sigma=0.9477

✓ Saved to: ../../figures/from_260528/ppc/observations/posterior_scatter_contour_0p01percentile.png

✅ Peak density: R0=1.7688, sigma=0.9477
