nohup: ignoring input

======================================================================
PERCENTILE: 1.0%
======================================================================
======================================================================
CALCULATING DIST STD: POSTERIOR CONCENTRATION
======================================================================
Total samples: 998,493
Posterior (1.0%): 9,985 samples
  R0:    mean=1.502, std=0.215
  sigma: mean=0.737, std=0.191
Posterior shape: (9985, 2)

Calculating posterior concentration...

======================================================================
posterior concentration RESULT
======================================================================
Distance std (posterior concentration): 0.336542

Interpretation:
  Small value → posterior tightly concentrated
               → ABC learned a lot from the observation
  Large value → posterior spread out
               → ABC learned little from the observation

✅ posterior concentration: 0.336542
======================================================================
PLOTTING SCATTER + CONTOUR
======================================================================
Percentile 1.0%: 9,985 samples
True values: R0=1.5, sigma=0.8
Peak: R0=1.5126, sigma=0.8915

✓ Saved to: ../../figures/from_260528/ppc/sigma0p8/R01p5_seed1690/posterior_scatter_contour_1percentile_silverman.png
✅ Peak: R0=1.5126, sigma=0.8915
======================================================================
PLOTTING SCATTER + CONTOUR
======================================================================
Percentile 1.0%: 9,985 samples
True values: R0=1.5, sigma=0.8
Peak: R0=1.5126, sigma=0.8915

✓ Saved to: ../../figures/from_260528/ppc/sigma0p8/R01p5_seed1690/posterior_scatter_contour_1percentile_scott.png
✅ Peak: R0=1.5126, sigma=0.8915
======================================================================
PLOTTING SCATTER + CONTOUR
======================================================================
Percentile 1.0%: 9,985 samples
True values: R0=1.5, sigma=0.8
Peak: R0=1.4975, sigma=0.8191

✓ Saved to: ../../figures/from_260528/ppc/sigma0p8/R01p5_seed1690/posterior_scatter_contour_1percentile_0.5.png
✅ Peak: R0=1.4975, sigma=0.8191
======================================================================
PLOTTING SCATTER + CONTOUR
======================================================================
Percentile 1.0%: 9,985 samples
True values: R0=1.5, sigma=0.8
Peak: R0=1.5126, sigma=0.8673

✓ Saved to: ../../figures/from_260528/ppc/sigma0p8/R01p5_seed1690/posterior_scatter_contour_1percentile_0.3.png
✅ Peak: R0=1.5126, sigma=0.8673
======================================================================
PLOTTING SCATTER + CONTOUR
======================================================================
Percentile 1.0%: 9,985 samples
True values: R0=1.5, sigma=0.8
Peak: R0=1.5126, sigma=0.8995

✓ Saved to: ../../figures/from_260528/ppc/sigma0p8/R01p5_seed1690/posterior_scatter_contour_1percentile_0.2.png
✅ Peak: R0=1.5126, sigma=0.8995
======================================================================
PLOTTING SCATTER + CONTOUR
======================================================================
Percentile 1.0%: 9,985 samples
True values: R0=1.5, sigma=0.8
Peak: R0=1.4975, sigma=0.7950

✓ Saved to: ../../figures/from_260528/ppc/sigma0p8/R01p5_seed1690/posterior_scatter_contour_1percentile_0.1.png
✅ Peak: R0=1.4975, sigma=0.7950

======================================================================
PERCENTILE: 0.1%
======================================================================
======================================================================
CALCULATING DIST STD: POSTERIOR CONCENTRATION
======================================================================
Total samples: 998,493
Posterior (0.1%): 999 samples
  R0:    mean=1.492, std=0.176
  sigma: mean=0.746, std=0.186
Posterior shape: (999, 2)

Calculating posterior concentration...

======================================================================
posterior concentration RESULT
======================================================================
Distance std (posterior concentration): 0.304348

Interpretation:
  Small value → posterior tightly concentrated
               → ABC learned a lot from the observation
  Large value → posterior spread out
               → ABC learned little from the observation

✅ posterior concentration: 0.304348
======================================================================
PLOTTING SCATTER + CONTOUR
======================================================================
Percentile 0.1%: 999 samples
True values: R0=1.5, sigma=0.8
Peak: R0=1.4975, sigma=0.8352

✓ Saved to: ../../figures/from_260528/ppc/sigma0p8/R01p5_seed1690/posterior_scatter_contour_0p1percentile_silverman.png
✅ Peak: R0=1.4975, sigma=0.8352
======================================================================
PLOTTING SCATTER + CONTOUR
======================================================================
Percentile 0.1%: 999 samples
True values: R0=1.5, sigma=0.8
Peak: R0=1.4975, sigma=0.8352

✓ Saved to: ../../figures/from_260528/ppc/sigma0p8/R01p5_seed1690/posterior_scatter_contour_0p1percentile_scott.png
✅ Peak: R0=1.4975, sigma=0.8352
======================================================================
PLOTTING SCATTER + CONTOUR
======================================================================
Percentile 0.1%: 999 samples
True values: R0=1.5, sigma=0.8
Peak: R0=1.4975, sigma=0.8352

✓ Saved to: ../../figures/from_260528/ppc/sigma0p8/R01p5_seed1690/posterior_scatter_contour_0p1percentile_0.5.png
✅ Peak: R0=1.4975, sigma=0.8352
======================================================================
PLOTTING SCATTER + CONTOUR
======================================================================
Percentile 0.1%: 999 samples
True values: R0=1.5, sigma=0.8
Peak: R0=1.4975, sigma=0.8271

✓ Saved to: ../../figures/from_260528/ppc/sigma0p8/R01p5_seed1690/posterior_scatter_contour_0p1percentile_0.3.png
✅ Peak: R0=1.4975, sigma=0.8271
======================================================================
PLOTTING SCATTER + CONTOUR
======================================================================
Percentile 0.1%: 999 samples
True values: R0=1.5, sigma=0.8
Peak: R0=1.4975, sigma=0.8151

✓ Saved to: ../../figures/from_260528/ppc/sigma0p8/R01p5_seed1690/posterior_scatter_contour_0p1percentile_0.2.png
✅ Peak: R0=1.4975, sigma=0.8151
======================================================================
PLOTTING SCATTER + CONTOUR
======================================================================
Percentile 0.1%: 999 samples
True values: R0=1.5, sigma=0.8
Peak: R0=1.4975, sigma=0.8151

✓ Saved to: ../../figures/from_260528/ppc/sigma0p8/R01p5_seed1690/posterior_scatter_contour_0p1percentile_0.1.png
✅ Peak: R0=1.4975, sigma=0.8151

======================================================================
PERCENTILE: 0.01%
======================================================================
======================================================================
CALCULATING DIST STD: POSTERIOR CONCENTRATION
======================================================================
Total samples: 998,493
Posterior (0.01%): 100 samples
  R0:    mean=1.498, std=0.158
  sigma: mean=0.747, std=0.183
Posterior shape: (100, 2)

Calculating posterior concentration...

======================================================================
posterior concentration RESULT
======================================================================
Distance std (posterior concentration): 0.287717

Interpretation:
  Small value → posterior tightly concentrated
               → ABC learned a lot from the observation
  Large value → posterior spread out
               → ABC learned little from the observation

✅ posterior concentration: 0.287717
======================================================================
PLOTTING SCATTER + CONTOUR
======================================================================
Percentile 0.01%: 100 samples
True values: R0=1.5, sigma=0.8
Peak: R0=1.4673, sigma=0.7628

✓ Saved to: ../../figures/from_260528/ppc/sigma0p8/R01p5_seed1690/posterior_scatter_contour_0p01percentile_silverman.png
✅ Peak: R0=1.4673, sigma=0.7628
======================================================================
PLOTTING SCATTER + CONTOUR
======================================================================
Percentile 0.01%: 100 samples
True values: R0=1.5, sigma=0.8
Peak: R0=1.4673, sigma=0.7628

✓ Saved to: ../../figures/from_260528/ppc/sigma0p8/R01p5_seed1690/posterior_scatter_contour_0p01percentile_scott.png
✅ Peak: R0=1.4673, sigma=0.7628
======================================================================
PLOTTING SCATTER + CONTOUR
======================================================================
Percentile 0.01%: 100 samples
True values: R0=1.5, sigma=0.8
Peak: R0=1.4824, sigma=0.7789

✓ Saved to: ../../figures/from_260528/ppc/sigma0p8/R01p5_seed1690/posterior_scatter_contour_0p01percentile_0.5.png
✅ Peak: R0=1.4824, sigma=0.7789
======================================================================
PLOTTING SCATTER + CONTOUR
======================================================================
Percentile 0.01%: 100 samples
True values: R0=1.5, sigma=0.8
Peak: R0=1.4824, sigma=0.7990

✓ Saved to: ../../figures/from_260528/ppc/sigma0p8/R01p5_seed1690/posterior_scatter_contour_0p01percentile_0.3.png
✅ Peak: R0=1.4824, sigma=0.7990
======================================================================
PLOTTING SCATTER + CONTOUR
======================================================================
Percentile 0.01%: 100 samples
True values: R0=1.5, sigma=0.8
Peak: R0=1.4824, sigma=0.8070

✓ Saved to: ../../figures/from_260528/ppc/sigma0p8/R01p5_seed1690/posterior_scatter_contour_0p01percentile_0.2.png
✅ Peak: R0=1.4824, sigma=0.8070
======================================================================
PLOTTING SCATTER + CONTOUR
======================================================================
Percentile 0.01%: 100 samples
True values: R0=1.5, sigma=0.8
Peak: R0=1.6181, sigma=0.9638

✓ Saved to: ../../figures/from_260528/ppc/sigma0p8/R01p5_seed1690/posterior_scatter_contour_0p01percentile_0.1.png
✅ Peak: R0=1.6181, sigma=0.9638
