nohup: ignoring input

======================================================================
PERCENTILE: 1.0%
======================================================================
======================================================================
CALCULATING DIST STD: POSTERIOR CONCENTRATION
======================================================================
Total samples: 998,493
Posterior (1.0%): 9,985 samples
  R0:    mean=2.690, std=0.641
  sigma: mean=0.722, std=0.154
Posterior shape: (9985, 2)

Calculating posterior concentration...

======================================================================
posterior concentration RESULT
======================================================================
Distance std (posterior concentration): 0.766510

Interpretation:
  Small value → posterior tightly concentrated
               → ABC learned a lot from the observation
  Large value → posterior spread out
               → ABC learned little from the observation

✅ posterior concentration: 0.766510
======================================================================
PLOTTING SCATTER + CONTOUR
======================================================================
Percentile 1.0%: 9,985 samples
True values: R0=3.2, sigma=0.8
Peak: R0=2.8844, sigma=0.7950

✓ Saved to: ../../figures/from_260528/ppc/sigma0p8/R03p2/posterior_scatter_contour_1percentile_silverman.png
✅ Peak: R0=2.8844, sigma=0.7950
======================================================================
PLOTTING SCATTER + CONTOUR
======================================================================
Percentile 1.0%: 9,985 samples
True values: R0=3.2, sigma=0.8
Peak: R0=2.8844, sigma=0.7950

✓ Saved to: ../../figures/from_260528/ppc/sigma0p8/R03p2/posterior_scatter_contour_1percentile_scott.png
✅ Peak: R0=2.8844, sigma=0.7950
======================================================================
PLOTTING SCATTER + CONTOUR
======================================================================
Percentile 1.0%: 9,985 samples
True values: R0=3.2, sigma=0.8
Peak: R0=2.6583, sigma=0.7588

✓ Saved to: ../../figures/from_260528/ppc/sigma0p8/R03p2/posterior_scatter_contour_1percentile_0.5.png
✅ Peak: R0=2.6583, sigma=0.7588
======================================================================
PLOTTING SCATTER + CONTOUR
======================================================================
Percentile 1.0%: 9,985 samples
True values: R0=3.2, sigma=0.8
Peak: R0=2.6281, sigma=0.7628

✓ Saved to: ../../figures/from_260528/ppc/sigma0p8/R03p2/posterior_scatter_contour_1percentile_0.3.png
✅ Peak: R0=2.6281, sigma=0.7628
======================================================================
PLOTTING SCATTER + CONTOUR
======================================================================
Percentile 1.0%: 9,985 samples
True values: R0=3.2, sigma=0.8
Peak: R0=2.8844, sigma=0.7950

✓ Saved to: ../../figures/from_260528/ppc/sigma0p8/R03p2/posterior_scatter_contour_1percentile_0.2.png
✅ Peak: R0=2.8844, sigma=0.7950
======================================================================
PLOTTING SCATTER + CONTOUR
======================================================================
Percentile 1.0%: 9,985 samples
True values: R0=3.2, sigma=0.8
Peak: R0=2.8693, sigma=0.7910

✓ Saved to: ../../figures/from_260528/ppc/sigma0p8/R03p2/posterior_scatter_contour_1percentile_0.1.png
✅ Peak: R0=2.8693, sigma=0.7910

======================================================================
PERCENTILE: 0.1%
======================================================================
======================================================================
CALCULATING DIST STD: POSTERIOR CONCENTRATION
======================================================================
Total samples: 998,493
Posterior (0.1%): 999 samples
  R0:    mean=2.659, std=0.639
  sigma: mean=0.715, std=0.148
Posterior shape: (999, 2)

Calculating posterior concentration...

======================================================================
posterior concentration RESULT
======================================================================
Distance std (posterior concentration): 0.761386

Interpretation:
  Small value → posterior tightly concentrated
               → ABC learned a lot from the observation
  Large value → posterior spread out
               → ABC learned little from the observation

✅ posterior concentration: 0.761386
======================================================================
PLOTTING SCATTER + CONTOUR
======================================================================
Percentile 0.1%: 999 samples
True values: R0=3.2, sigma=0.8
Peak: R0=2.5377, sigma=0.7668

✓ Saved to: ../../figures/from_260528/ppc/sigma0p8/R03p2/posterior_scatter_contour_0p1percentile_silverman.png
✅ Peak: R0=2.5377, sigma=0.7668
======================================================================
PLOTTING SCATTER + CONTOUR
======================================================================
Percentile 0.1%: 999 samples
True values: R0=3.2, sigma=0.8
Peak: R0=2.5377, sigma=0.7668

✓ Saved to: ../../figures/from_260528/ppc/sigma0p8/R03p2/posterior_scatter_contour_0p1percentile_scott.png
✅ Peak: R0=2.5377, sigma=0.7668
======================================================================
PLOTTING SCATTER + CONTOUR
======================================================================
Percentile 0.1%: 999 samples
True values: R0=3.2, sigma=0.8
Peak: R0=2.5980, sigma=0.7628

✓ Saved to: ../../figures/from_260528/ppc/sigma0p8/R03p2/posterior_scatter_contour_0p1percentile_0.5.png
✅ Peak: R0=2.5980, sigma=0.7628
======================================================================
PLOTTING SCATTER + CONTOUR
======================================================================
Percentile 0.1%: 999 samples
True values: R0=3.2, sigma=0.8
Peak: R0=2.5226, sigma=0.7668

✓ Saved to: ../../figures/from_260528/ppc/sigma0p8/R03p2/posterior_scatter_contour_0p1percentile_0.3.png
✅ Peak: R0=2.5226, sigma=0.7668
======================================================================
PLOTTING SCATTER + CONTOUR
======================================================================
Percentile 0.1%: 999 samples
True values: R0=3.2, sigma=0.8
Peak: R0=2.5226, sigma=0.7668

✓ Saved to: ../../figures/from_260528/ppc/sigma0p8/R03p2/posterior_scatter_contour_0p1percentile_0.2.png
✅ Peak: R0=2.5226, sigma=0.7668
======================================================================
PLOTTING SCATTER + CONTOUR
======================================================================
Percentile 0.1%: 999 samples
True values: R0=3.2, sigma=0.8
Peak: R0=1.7839, sigma=0.4492

✓ Saved to: ../../figures/from_260528/ppc/sigma0p8/R03p2/posterior_scatter_contour_0p1percentile_0.1.png
✅ Peak: R0=1.7839, sigma=0.4492

======================================================================
PERCENTILE: 0.01%
======================================================================
======================================================================
CALCULATING DIST STD: POSTERIOR CONCENTRATION
======================================================================
Total samples: 998,493
Posterior (0.01%): 100 samples
  R0:    mean=2.649, std=0.571
  sigma: mean=0.739, std=0.121
Posterior shape: (100, 2)

Calculating posterior concentration...

======================================================================
posterior concentration RESULT
======================================================================
Distance std (posterior concentration): 0.671588

Interpretation:
  Small value → posterior tightly concentrated
               → ABC learned a lot from the observation
  Large value → posterior spread out
               → ABC learned little from the observation

✅ posterior concentration: 0.671588
======================================================================
PLOTTING SCATTER + CONTOUR
======================================================================
Percentile 0.01%: 100 samples
True values: R0=3.2, sigma=0.8
Peak: R0=2.5829, sigma=0.7869

✓ Saved to: ../../figures/from_260528/ppc/sigma0p8/R03p2/posterior_scatter_contour_0p01percentile_silverman.png
✅ Peak: R0=2.5829, sigma=0.7869
======================================================================
PLOTTING SCATTER + CONTOUR
======================================================================
Percentile 0.01%: 100 samples
True values: R0=3.2, sigma=0.8
Peak: R0=2.5829, sigma=0.7869

✓ Saved to: ../../figures/from_260528/ppc/sigma0p8/R03p2/posterior_scatter_contour_0p01percentile_scott.png
✅ Peak: R0=2.5829, sigma=0.7869
======================================================================
PLOTTING SCATTER + CONTOUR
======================================================================
Percentile 0.01%: 100 samples
True values: R0=3.2, sigma=0.8
Peak: R0=2.5829, sigma=0.7869

✓ Saved to: ../../figures/from_260528/ppc/sigma0p8/R03p2/posterior_scatter_contour_0p01percentile_0.5.png
✅ Peak: R0=2.5829, sigma=0.7869
======================================================================
PLOTTING SCATTER + CONTOUR
======================================================================
Percentile 0.01%: 100 samples
True values: R0=3.2, sigma=0.8
Peak: R0=2.5678, sigma=0.7950

✓ Saved to: ../../figures/from_260528/ppc/sigma0p8/R03p2/posterior_scatter_contour_0p01percentile_0.3.png
✅ Peak: R0=2.5678, sigma=0.7950
======================================================================
PLOTTING SCATTER + CONTOUR
======================================================================
Percentile 0.01%: 100 samples
True values: R0=3.2, sigma=0.8
Peak: R0=2.5829, sigma=0.8070

✓ Saved to: ../../figures/from_260528/ppc/sigma0p8/R03p2/posterior_scatter_contour_0p01percentile_0.2.png
✅ Peak: R0=2.5829, sigma=0.8070
======================================================================
PLOTTING SCATTER + CONTOUR
======================================================================
Percentile 0.01%: 100 samples
True values: R0=3.2, sigma=0.8
Peak: R0=2.5226, sigma=0.7668

✓ Saved to: ../../figures/from_260528/ppc/sigma0p8/R03p2/posterior_scatter_contour_0p01percentile_0.1.png
✅ Peak: R0=2.5226, sigma=0.7668
