nohup: ignoring input

======================================================================
PERCENTILE: 1.0%
======================================================================
======================================================================
CALCULATING DIST STD: POSTERIOR CONCENTRATION
======================================================================
Total samples: 998,493
Posterior (1.0%): 9,985 samples
  R0:    mean=2.157, std=0.431
  sigma: mean=0.863, std=0.116
Posterior shape: (9985, 2)

Calculating posterior concentration...

======================================================================
posterior concentration RESULT
======================================================================
Distance std (posterior concentration): 0.496363

Interpretation:
  Small value → posterior tightly concentrated
               → ABC learned a lot from the observation
  Large value → posterior spread out
               → ABC learned little from the observation

✅ posterior concentration: 0.496363
======================================================================
PLOTTING SCATTER + CONTOUR
======================================================================
Percentile 1.0%: 9,985 samples
True values: R0=2.0, sigma=0.9
Peak: R0=2.1156, sigma=0.9518

✓ Saved to: ../../figures/from_260528/ppc/sigma0p9/R02p0_seed1212/posterior_scatter_contour_1percentile_silverman.png
✅ Peak: R0=2.1156, sigma=0.9518
======================================================================
PLOTTING SCATTER + CONTOUR
======================================================================
Percentile 1.0%: 9,985 samples
True values: R0=2.0, sigma=0.9
Peak: R0=2.1156, sigma=0.9518

✓ Saved to: ../../figures/from_260528/ppc/sigma0p9/R02p0_seed1212/posterior_scatter_contour_1percentile_scott.png
✅ Peak: R0=2.1156, sigma=0.9518
======================================================================
PLOTTING SCATTER + CONTOUR
======================================================================
Percentile 1.0%: 9,985 samples
True values: R0=2.0, sigma=0.9
Peak: R0=2.1005, sigma=0.9156

✓ Saved to: ../../figures/from_260528/ppc/sigma0p9/R02p0_seed1212/posterior_scatter_contour_1percentile_0.5.png
✅ Peak: R0=2.1005, sigma=0.9156
======================================================================
PLOTTING SCATTER + CONTOUR
======================================================================
Percentile 1.0%: 9,985 samples
True values: R0=2.0, sigma=0.9
Peak: R0=2.1005, sigma=0.9357

✓ Saved to: ../../figures/from_260528/ppc/sigma0p9/R02p0_seed1212/posterior_scatter_contour_1percentile_0.3.png
✅ Peak: R0=2.1005, sigma=0.9357
======================================================================
PLOTTING SCATTER + CONTOUR
======================================================================
Percentile 1.0%: 9,985 samples
True values: R0=2.0, sigma=0.9
Peak: R0=2.1156, sigma=0.9558

✓ Saved to: ../../figures/from_260528/ppc/sigma0p9/R02p0_seed1212/posterior_scatter_contour_1percentile_0.2.png
✅ Peak: R0=2.1156, sigma=0.9558
======================================================================
PLOTTING SCATTER + CONTOUR
======================================================================
Percentile 1.0%: 9,985 samples
True values: R0=2.0, sigma=0.9
Peak: R0=2.1307, sigma=0.9678

✓ Saved to: ../../figures/from_260528/ppc/sigma0p9/R02p0_seed1212/posterior_scatter_contour_1percentile_0.1.png
✅ Peak: R0=2.1307, sigma=0.9678

======================================================================
PERCENTILE: 0.1%
======================================================================
======================================================================
CALCULATING DIST STD: POSTERIOR CONCENTRATION
======================================================================
Total samples: 998,493
Posterior (0.1%): 999 samples
  R0:    mean=2.207, std=0.474
  sigma: mean=0.892, std=0.098
Posterior shape: (999, 2)

Calculating posterior concentration...

======================================================================
posterior concentration RESULT
======================================================================
Distance std (posterior concentration): 0.529284

Interpretation:
  Small value → posterior tightly concentrated
               → ABC learned a lot from the observation
  Large value → posterior spread out
               → ABC learned little from the observation

✅ posterior concentration: 0.529284
======================================================================
PLOTTING SCATTER + CONTOUR
======================================================================
Percentile 0.1%: 999 samples
True values: R0=2.0, sigma=0.9
Peak: R0=2.1307, sigma=0.9477

✓ Saved to: ../../figures/from_260528/ppc/sigma0p9/R02p0_seed1212/posterior_scatter_contour_0p1percentile_silverman.png
✅ Peak: R0=2.1307, sigma=0.9477
======================================================================
PLOTTING SCATTER + CONTOUR
======================================================================
Percentile 0.1%: 999 samples
True values: R0=2.0, sigma=0.9
Peak: R0=2.1307, sigma=0.9477

✓ Saved to: ../../figures/from_260528/ppc/sigma0p9/R02p0_seed1212/posterior_scatter_contour_0p1percentile_scott.png
✅ Peak: R0=2.1307, sigma=0.9477
======================================================================
PLOTTING SCATTER + CONTOUR
======================================================================
Percentile 0.1%: 999 samples
True values: R0=2.0, sigma=0.9
Peak: R0=2.1156, sigma=0.9317

✓ Saved to: ../../figures/from_260528/ppc/sigma0p9/R02p0_seed1212/posterior_scatter_contour_0p1percentile_0.5.png
✅ Peak: R0=2.1156, sigma=0.9317
======================================================================
PLOTTING SCATTER + CONTOUR
======================================================================
Percentile 0.1%: 999 samples
True values: R0=2.0, sigma=0.9
Peak: R0=2.1307, sigma=0.9477

✓ Saved to: ../../figures/from_260528/ppc/sigma0p9/R02p0_seed1212/posterior_scatter_contour_0p1percentile_0.3.png
✅ Peak: R0=2.1307, sigma=0.9477
======================================================================
PLOTTING SCATTER + CONTOUR
======================================================================
Percentile 0.1%: 999 samples
True values: R0=2.0, sigma=0.9
Peak: R0=2.1608, sigma=0.9638

✓ Saved to: ../../figures/from_260528/ppc/sigma0p9/R02p0_seed1212/posterior_scatter_contour_0p1percentile_0.2.png
✅ Peak: R0=2.1608, sigma=0.9638
======================================================================
PLOTTING SCATTER + CONTOUR
======================================================================
Percentile 0.1%: 999 samples
True values: R0=2.0, sigma=0.9
Peak: R0=2.1457, sigma=0.9598

✓ Saved to: ../../figures/from_260528/ppc/sigma0p9/R02p0_seed1212/posterior_scatter_contour_0p1percentile_0.1.png
✅ Peak: R0=2.1457, sigma=0.9598

======================================================================
PERCENTILE: 0.01%
======================================================================
======================================================================
CALCULATING DIST STD: POSTERIOR CONCENTRATION
======================================================================
Total samples: 998,493
Posterior (0.01%): 100 samples
  R0:    mean=2.190, std=0.446
  sigma: mean=0.901, std=0.092
Posterior shape: (100, 2)

Calculating posterior concentration...

======================================================================
posterior concentration RESULT
======================================================================
Distance std (posterior concentration): 0.498866

Interpretation:
  Small value → posterior tightly concentrated
               → ABC learned a lot from the observation
  Large value → posterior spread out
               → ABC learned little from the observation

✅ posterior concentration: 0.498866
======================================================================
PLOTTING SCATTER + CONTOUR
======================================================================
Percentile 0.01%: 100 samples
True values: R0=2.0, sigma=0.9
Peak: R0=2.1307, sigma=0.9477

✓ Saved to: ../../figures/from_260528/ppc/sigma0p9/R02p0_seed1212/posterior_scatter_contour_0p01percentile_silverman.png
✅ Peak: R0=2.1307, sigma=0.9477
======================================================================
PLOTTING SCATTER + CONTOUR
======================================================================
Percentile 0.01%: 100 samples
True values: R0=2.0, sigma=0.9
Peak: R0=2.1307, sigma=0.9477

✓ Saved to: ../../figures/from_260528/ppc/sigma0p9/R02p0_seed1212/posterior_scatter_contour_0p01percentile_scott.png
✅ Peak: R0=2.1307, sigma=0.9477
======================================================================
PLOTTING SCATTER + CONTOUR
======================================================================
Percentile 0.01%: 100 samples
True values: R0=2.0, sigma=0.9
Peak: R0=2.1156, sigma=0.9437

✓ Saved to: ../../figures/from_260528/ppc/sigma0p9/R02p0_seed1212/posterior_scatter_contour_0p01percentile_0.5.png
✅ Peak: R0=2.1156, sigma=0.9437
======================================================================
PLOTTING SCATTER + CONTOUR
======================================================================
Percentile 0.01%: 100 samples
True values: R0=2.0, sigma=0.9
Peak: R0=2.1457, sigma=0.9598

✓ Saved to: ../../figures/from_260528/ppc/sigma0p9/R02p0_seed1212/posterior_scatter_contour_0p01percentile_0.3.png
✅ Peak: R0=2.1457, sigma=0.9598
======================================================================
PLOTTING SCATTER + CONTOUR
======================================================================
Percentile 0.01%: 100 samples
True values: R0=2.0, sigma=0.9
Peak: R0=2.1457, sigma=0.9678

✓ Saved to: ../../figures/from_260528/ppc/sigma0p9/R02p0_seed1212/posterior_scatter_contour_0p01percentile_0.2.png
✅ Peak: R0=2.1457, sigma=0.9678
======================================================================
PLOTTING SCATTER + CONTOUR
======================================================================
Percentile 0.01%: 100 samples
True values: R0=2.0, sigma=0.9
Peak: R0=2.1457, sigma=0.9678

✓ Saved to: ../../figures/from_260528/ppc/sigma0p9/R02p0_seed1212/posterior_scatter_contour_0p01percentile_0.1.png
✅ Peak: R0=2.1457, sigma=0.9678
