nohup: ignoring input

======================================================================
PERCENTILE: 1.0%
======================================================================
======================================================================
CALCULATING ENERGY DISTANCE: POSTERIOR vs PRIOR
======================================================================
Total samples (prior): 998,493
Posterior (1.0%): 9,985 samples
  R0:    mean=1.557, std=0.237
  sigma: mean=0.729, std=0.197

Prior: 998,493 samples
  R0:    mean=2.502, std=0.865
  sigma: mean=0.600, std=0.231

Posterior subsampled: 9,985 → 1000
Prior subsampled: 998,493 → 1000
Posterior shape: (1000, 2)
Prior shape:     (1000, 2)

Calculating energy distance...

======================================================================
ENERGY DISTANCE RESULT
======================================================================
Energy distance (posterior vs prior): 0.885221

Interpretation:
  Large value → posterior very different from prior
               → ABC learned a lot from the observation
  Small value → posterior similar to prior
               → ABC learned little from the observation

✅ Energy distance: 0.885221
======================================================================
PLOTTING SCATTER + CONTOUR
======================================================================
Percentile 1.0%: 9,985 samples
True values: R0=1.5, sigma=0.8
Peak: R0=1.6030, sigma=0.9035

✓ Saved to: ../../figures/from_260528/ppc/sigma0p8/R01p5/posterior_scatter_contour_1percentile.png
✅ Peak: R0=1.6030, sigma=0.9035

======================================================================
PERCENTILE: 0.1%
======================================================================
======================================================================
CALCULATING ENERGY DISTANCE: POSTERIOR vs PRIOR
======================================================================
Total samples (prior): 998,493
Posterior (0.1%): 999 samples
  R0:    mean=1.575, std=0.228
  sigma: mean=0.746, std=0.188

Prior: 998,493 samples
  R0:    mean=2.502, std=0.865
  sigma: mean=0.600, std=0.231

Posterior using ALL 999 samples (< 1000)
Prior subsampled: 998,493 → 1000
Posterior shape: (999, 2)
Prior shape:     (1000, 2)

Calculating energy distance...

======================================================================
ENERGY DISTANCE RESULT
======================================================================
Energy distance (posterior vs prior): 0.831988

Interpretation:
  Large value → posterior very different from prior
               → ABC learned a lot from the observation
  Small value → posterior similar to prior
               → ABC learned little from the observation

✅ Energy distance: 0.831988
======================================================================
PLOTTING SCATTER + CONTOUR
======================================================================
Percentile 0.1%: 999 samples
True values: R0=1.5, sigma=0.8
Peak: R0=1.5879, sigma=0.7789

✓ Saved to: ../../figures/from_260528/ppc/sigma0p8/R01p5/posterior_scatter_contour_0p1percentile.png
✅ Peak: R0=1.5879, sigma=0.7789

======================================================================
PERCENTILE: 0.01%
======================================================================
======================================================================
CALCULATING ENERGY DISTANCE: POSTERIOR vs PRIOR
======================================================================
Total samples (prior): 998,493
Posterior (0.01%): 100 samples
  R0:    mean=1.616, std=0.232
  sigma: mean=0.771, std=0.163

Prior: 998,493 samples
  R0:    mean=2.502, std=0.865
  sigma: mean=0.600, std=0.231

Posterior using ALL 100 samples (< 1000)
Prior subsampled: 998,493 → 1000
Posterior shape: (100, 2)
Prior shape:     (1000, 2)

Calculating energy distance...

======================================================================
ENERGY DISTANCE RESULT
======================================================================
Energy distance (posterior vs prior): 0.798055

Interpretation:
  Large value → posterior very different from prior
               → ABC learned a lot from the observation
  Small value → posterior similar to prior
               → ABC learned little from the observation

✅ Energy distance: 0.798055
======================================================================
PLOTTING SCATTER + CONTOUR
======================================================================
Percentile 0.01%: 100 samples
True values: R0=1.5, sigma=0.8
Peak: R0=1.5729, sigma=0.8151

✓ Saved to: ../../figures/from_260528/ppc/sigma0p8/R01p5/posterior_scatter_contour_0p01percentile.png
✅ Peak: R0=1.5729, sigma=0.8151
