nohup: ignoring input

======================================================================
PERCENTILE: 1.0%
======================================================================
======================================================================
CALCULATING DIST STD: POSTERIOR CONCENTRATION
======================================================================
Total samples: 998,493
Posterior (1.0%): 9,985 samples
  R0:    mean=1.709, std=0.286
  sigma: mean=0.752, std=0.184
Posterior shape: (9985, 2)

Calculating posterior concentration...

======================================================================
posterior concentration RESULT
======================================================================
Distance std (posterior concentration): 0.391771

Interpretation:
  Small value → posterior tightly concentrated
               → ABC learned a lot from the observation
  Large value → posterior spread out
               → ABC learned little from the observation

✅ posterior concentration: 0.391771
======================================================================
PLOTTING SCATTER + CONTOUR
======================================================================
Percentile 1.0%: 9,985 samples
True values: R0=2.0, sigma=0.8
Peak: R0=1.7085, sigma=0.8593

✓ Saved to: ../../figures/from_260528/ppc/sigma0p8/R02p0_seed1314/posterior_scatter_contour_1percentile_silverman.png
✅ Peak: R0=1.7085, sigma=0.8593
======================================================================
PLOTTING SCATTER + CONTOUR
======================================================================
Percentile 1.0%: 9,985 samples
True values: R0=2.0, sigma=0.8
Peak: R0=1.7085, sigma=0.8593

✓ Saved to: ../../figures/from_260528/ppc/sigma0p8/R02p0_seed1314/posterior_scatter_contour_1percentile_scott.png
✅ Peak: R0=1.7085, sigma=0.8593
======================================================================
PLOTTING SCATTER + CONTOUR
======================================================================
Percentile 1.0%: 9,985 samples
True values: R0=2.0, sigma=0.8
Peak: R0=1.7085, sigma=0.8271

✓ Saved to: ../../figures/from_260528/ppc/sigma0p8/R02p0_seed1314/posterior_scatter_contour_1percentile_0.5.png
✅ Peak: R0=1.7085, sigma=0.8271
======================================================================
PLOTTING SCATTER + CONTOUR
======================================================================
Percentile 1.0%: 9,985 samples
True values: R0=2.0, sigma=0.8
Peak: R0=1.7085, sigma=0.8513

✓ Saved to: ../../figures/from_260528/ppc/sigma0p8/R02p0_seed1314/posterior_scatter_contour_1percentile_0.3.png
✅ Peak: R0=1.7085, sigma=0.8513
======================================================================
PLOTTING SCATTER + CONTOUR
======================================================================
Percentile 1.0%: 9,985 samples
True values: R0=2.0, sigma=0.8
Peak: R0=1.6935, sigma=0.8593

✓ Saved to: ../../figures/from_260528/ppc/sigma0p8/R02p0_seed1314/posterior_scatter_contour_1percentile_0.2.png
✅ Peak: R0=1.6935, sigma=0.8593
======================================================================
PLOTTING SCATTER + CONTOUR
======================================================================
Percentile 1.0%: 9,985 samples
True values: R0=2.0, sigma=0.8
Peak: R0=1.6633, sigma=0.8593

✓ Saved to: ../../figures/from_260528/ppc/sigma0p8/R02p0_seed1314/posterior_scatter_contour_1percentile_0.1.png
✅ Peak: R0=1.6633, sigma=0.8593

======================================================================
PERCENTILE: 0.1%
======================================================================
======================================================================
CALCULATING DIST STD: POSTERIOR CONCENTRATION
======================================================================
Total samples: 998,493
Posterior (0.1%): 999 samples
  R0:    mean=1.764, std=0.299
  sigma: mean=0.807, std=0.152
Posterior shape: (999, 2)

Calculating posterior concentration...

======================================================================
posterior concentration RESULT
======================================================================
Distance std (posterior concentration): 0.370335

Interpretation:
  Small value → posterior tightly concentrated
               → ABC learned a lot from the observation
  Large value → posterior spread out
               → ABC learned little from the observation

✅ posterior concentration: 0.370335
======================================================================
PLOTTING SCATTER + CONTOUR
======================================================================
Percentile 0.1%: 999 samples
True values: R0=2.0, sigma=0.8
Peak: R0=1.7688, sigma=0.8874

✓ Saved to: ../../figures/from_260528/ppc/sigma0p8/R02p0_seed1314/posterior_scatter_contour_0p1percentile_silverman.png
✅ Peak: R0=1.7688, sigma=0.8874
======================================================================
PLOTTING SCATTER + CONTOUR
======================================================================
Percentile 0.1%: 999 samples
True values: R0=2.0, sigma=0.8
Peak: R0=1.7688, sigma=0.8874

✓ Saved to: ../../figures/from_260528/ppc/sigma0p8/R02p0_seed1314/posterior_scatter_contour_0p1percentile_scott.png
✅ Peak: R0=1.7688, sigma=0.8874
======================================================================
PLOTTING SCATTER + CONTOUR
======================================================================
Percentile 0.1%: 999 samples
True values: R0=2.0, sigma=0.8
Peak: R0=1.7688, sigma=0.8673

✓ Saved to: ../../figures/from_260528/ppc/sigma0p8/R02p0_seed1314/posterior_scatter_contour_0p1percentile_0.5.png
✅ Peak: R0=1.7688, sigma=0.8673
======================================================================
PLOTTING SCATTER + CONTOUR
======================================================================
Percentile 0.1%: 999 samples
True values: R0=2.0, sigma=0.8
Peak: R0=1.7688, sigma=0.8874

✓ Saved to: ../../figures/from_260528/ppc/sigma0p8/R02p0_seed1314/posterior_scatter_contour_0p1percentile_0.3.png
✅ Peak: R0=1.7688, sigma=0.8874
======================================================================
PLOTTING SCATTER + CONTOUR
======================================================================
Percentile 0.1%: 999 samples
True values: R0=2.0, sigma=0.8
Peak: R0=1.9045, sigma=0.9518

✓ Saved to: ../../figures/from_260528/ppc/sigma0p8/R02p0_seed1314/posterior_scatter_contour_0p1percentile_0.2.png
✅ Peak: R0=1.9045, sigma=0.9518
======================================================================
PLOTTING SCATTER + CONTOUR
======================================================================
Percentile 0.1%: 999 samples
True values: R0=2.0, sigma=0.8
Peak: R0=1.9648, sigma=0.9719

✓ Saved to: ../../figures/from_260528/ppc/sigma0p8/R02p0_seed1314/posterior_scatter_contour_0p1percentile_0.1.png
✅ Peak: R0=1.9648, sigma=0.9719

======================================================================
PERCENTILE: 0.01%
======================================================================
======================================================================
CALCULATING DIST STD: POSTERIOR CONCENTRATION
======================================================================
Total samples: 998,493
Posterior (0.01%): 100 samples
  R0:    mean=1.802, std=0.326
  sigma: mean=0.831, std=0.135
Posterior shape: (100, 2)

Calculating posterior concentration...

======================================================================
posterior concentration RESULT
======================================================================
Distance std (posterior concentration): 0.376612

Interpretation:
  Small value → posterior tightly concentrated
               → ABC learned a lot from the observation
  Large value → posterior spread out
               → ABC learned little from the observation

✅ posterior concentration: 0.376612
======================================================================
PLOTTING SCATTER + CONTOUR
======================================================================
Percentile 0.01%: 100 samples
True values: R0=2.0, sigma=0.8
Peak: R0=1.8141, sigma=0.8754

✓ Saved to: ../../figures/from_260528/ppc/sigma0p8/R02p0_seed1314/posterior_scatter_contour_0p01percentile_silverman.png
✅ Peak: R0=1.8141, sigma=0.8754
======================================================================
PLOTTING SCATTER + CONTOUR
======================================================================
Percentile 0.01%: 100 samples
True values: R0=2.0, sigma=0.8
Peak: R0=1.8141, sigma=0.8754

✓ Saved to: ../../figures/from_260528/ppc/sigma0p8/R02p0_seed1314/posterior_scatter_contour_0p01percentile_scott.png
✅ Peak: R0=1.8141, sigma=0.8754
======================================================================
PLOTTING SCATTER + CONTOUR
======================================================================
Percentile 0.01%: 100 samples
True values: R0=2.0, sigma=0.8
Peak: R0=1.8141, sigma=0.8754

✓ Saved to: ../../figures/from_260528/ppc/sigma0p8/R02p0_seed1314/posterior_scatter_contour_0p01percentile_0.5.png
✅ Peak: R0=1.8141, sigma=0.8754
======================================================================
PLOTTING SCATTER + CONTOUR
======================================================================
Percentile 0.01%: 100 samples
True values: R0=2.0, sigma=0.8
Peak: R0=1.8141, sigma=0.8754

✓ Saved to: ../../figures/from_260528/ppc/sigma0p8/R02p0_seed1314/posterior_scatter_contour_0p01percentile_0.3.png
✅ Peak: R0=1.8141, sigma=0.8754
======================================================================
PLOTTING SCATTER + CONTOUR
======================================================================
Percentile 0.01%: 100 samples
True values: R0=2.0, sigma=0.8
Peak: R0=1.8141, sigma=0.8874

✓ Saved to: ../../figures/from_260528/ppc/sigma0p8/R02p0_seed1314/posterior_scatter_contour_0p01percentile_0.2.png
✅ Peak: R0=1.8141, sigma=0.8874
======================================================================
PLOTTING SCATTER + CONTOUR
======================================================================
Percentile 0.01%: 100 samples
True values: R0=2.0, sigma=0.8
Peak: R0=1.7538, sigma=0.8553

✓ Saved to: ../../figures/from_260528/ppc/sigma0p8/R02p0_seed1314/posterior_scatter_contour_0p01percentile_0.1.png
✅ Peak: R0=1.7538, sigma=0.8553
