nohup: ignoring input

======================================================================
PERCENTILE: 1.0%
======================================================================
======================================================================
CALCULATING ENERGY DISTANCE: POSTERIOR vs PRIOR
======================================================================
Total samples (prior): 998,493
Posterior (1.0%): 9,985 samples
  R0:    mean=2.086, std=0.412
  sigma: mean=0.829, std=0.143

Prior: 998,493 samples
  R0:    mean=2.502, std=0.865
  sigma: mean=0.600, std=0.231

Posterior subsampled: 9,985 → 1000
Prior subsampled: 998,493 → 1000
Posterior shape: (1000, 2)
Prior shape:     (1000, 2)

Calculating energy distance...

======================================================================
ENERGY DISTANCE RESULT
======================================================================
Energy distance (posterior vs prior): 0.396753

Interpretation:
  Large value → posterior very different from prior
               → ABC learned a lot from the observation
  Small value → posterior similar to prior
               → ABC learned little from the observation

✅ Energy distance: 0.396753
======================================================================
PLOTTING SCATTER + CONTOUR
======================================================================
Percentile 1.0%: 9,985 samples
True values: R0=1.8, sigma=0.9
Peak: R0=2.0553, sigma=0.9477

✓ Saved to: ../../figures/from_260528/ppc/sigma0p9/R01p8/posterior_scatter_contour_1percentile.png
✅ Peak: R0=2.0553, sigma=0.9477

======================================================================
PERCENTILE: 0.1%
======================================================================
======================================================================
CALCULATING ENERGY DISTANCE: POSTERIOR vs PRIOR
======================================================================
Total samples (prior): 998,493
Posterior (0.1%): 999 samples
  R0:    mean=2.118, std=0.410
  sigma: mean=0.879, std=0.112

Prior: 998,493 samples
  R0:    mean=2.502, std=0.865
  sigma: mean=0.600, std=0.231

Posterior using ALL 999 samples (< 1000)
Prior subsampled: 998,493 → 1000
Posterior shape: (999, 2)
Prior shape:     (1000, 2)

Calculating energy distance...

======================================================================
ENERGY DISTANCE RESULT
======================================================================
Energy distance (posterior vs prior): 0.369545

Interpretation:
  Large value → posterior very different from prior
               → ABC learned a lot from the observation
  Small value → posterior similar to prior
               → ABC learned little from the observation

✅ Energy distance: 0.369545
======================================================================
PLOTTING SCATTER + CONTOUR
======================================================================
Percentile 0.1%: 999 samples
True values: R0=1.8, sigma=0.9
Peak: R0=2.0251, sigma=0.9437

✓ Saved to: ../../figures/from_260528/ppc/sigma0p9/R01p8/posterior_scatter_contour_0p1percentile.png
✅ Peak: R0=2.0251, sigma=0.9437

======================================================================
PERCENTILE: 0.01%
======================================================================
======================================================================
CALCULATING ENERGY DISTANCE: POSTERIOR vs PRIOR
======================================================================
Total samples (prior): 998,493
Posterior (0.01%): 100 samples
  R0:    mean=2.139, std=0.445
  sigma: mean=0.894, std=0.096

Prior: 998,493 samples
  R0:    mean=2.502, std=0.865
  sigma: mean=0.600, std=0.231

Posterior using ALL 100 samples (< 1000)
Prior subsampled: 998,493 → 1000
Posterior shape: (100, 2)
Prior shape:     (1000, 2)

Calculating energy distance...

======================================================================
ENERGY DISTANCE RESULT
======================================================================
Energy distance (posterior vs prior): 0.357901

Interpretation:
  Large value → posterior very different from prior
               → ABC learned a lot from the observation
  Small value → posterior similar to prior
               → ABC learned little from the observation

✅ Energy distance: 0.357901
======================================================================
PLOTTING SCATTER + CONTOUR
======================================================================
Percentile 0.01%: 100 samples
True values: R0=1.8, sigma=0.9
Peak: R0=1.9950, sigma=0.9357

✓ Saved to: ../../figures/from_260528/ppc/sigma0p9/R01p8/posterior_scatter_contour_0p01percentile.png
✅ Peak: R0=1.9950, sigma=0.9357
