nohup: ignoring input

======================================================================
PERCENTILE: 1.0%
======================================================================
======================================================================
CALCULATING DIST STD: POSTERIOR CONCENTRATION
======================================================================
Total samples: 998,493
Posterior (1.0%): 9,985 samples
  R0:    mean=2.392, std=0.510
  sigma: mean=0.767, std=0.151
Posterior shape: (9985, 2)

Calculating posterior concentration...

======================================================================
posterior concentration RESULT
======================================================================
Distance std (posterior concentration): 0.608883

Interpretation:
  Small value → posterior tightly concentrated
               → ABC learned a lot from the observation
  Large value → posterior spread out
               → ABC learned little from the observation

✅ posterior concentration: 0.608883
======================================================================
PLOTTING SCATTER + CONTOUR
======================================================================
Percentile 1.0%: 9,985 samples
True values: R0=2.3, sigma=0.8
Peak: R0=2.1759, sigma=0.7427

✓ Saved to: ../../figures/from_260528/ppc/sigma0p8/R02p3_seed1314/posterior_scatter_contour_1percentile_silverman.png
✅ Peak: R0=2.1759, sigma=0.7427
======================================================================
PLOTTING SCATTER + CONTOUR
======================================================================
Percentile 1.0%: 9,985 samples
True values: R0=2.3, sigma=0.8
Peak: R0=2.1759, sigma=0.7427

✓ Saved to: ../../figures/from_260528/ppc/sigma0p8/R02p3_seed1314/posterior_scatter_contour_1percentile_scott.png
✅ Peak: R0=2.1759, sigma=0.7427
======================================================================
PLOTTING SCATTER + CONTOUR
======================================================================
Percentile 1.0%: 9,985 samples
True values: R0=2.3, sigma=0.8
Peak: R0=2.2663, sigma=0.7628

✓ Saved to: ../../figures/from_260528/ppc/sigma0p8/R02p3_seed1314/posterior_scatter_contour_1percentile_0.5.png
✅ Peak: R0=2.2663, sigma=0.7628
======================================================================
PLOTTING SCATTER + CONTOUR
======================================================================
Percentile 1.0%: 9,985 samples
True values: R0=2.3, sigma=0.8
Peak: R0=2.2060, sigma=0.7467

✓ Saved to: ../../figures/from_260528/ppc/sigma0p8/R02p3_seed1314/posterior_scatter_contour_1percentile_0.3.png
✅ Peak: R0=2.2060, sigma=0.7467
======================================================================
PLOTTING SCATTER + CONTOUR
======================================================================
Percentile 1.0%: 9,985 samples
True values: R0=2.3, sigma=0.8
Peak: R0=2.1759, sigma=0.7427

✓ Saved to: ../../figures/from_260528/ppc/sigma0p8/R02p3_seed1314/posterior_scatter_contour_1percentile_0.2.png
✅ Peak: R0=2.1759, sigma=0.7427
======================================================================
PLOTTING SCATTER + CONTOUR
======================================================================
Percentile 1.0%: 9,985 samples
True values: R0=2.3, sigma=0.8
Peak: R0=2.1457, sigma=0.7427

✓ Saved to: ../../figures/from_260528/ppc/sigma0p8/R02p3_seed1314/posterior_scatter_contour_1percentile_0.1.png
✅ Peak: R0=2.1457, sigma=0.7427

======================================================================
PERCENTILE: 0.1%
======================================================================
======================================================================
CALCULATING DIST STD: POSTERIOR CONCENTRATION
======================================================================
Total samples: 998,493
Posterior (0.1%): 999 samples
  R0:    mean=2.435, std=0.494
  sigma: mean=0.799, std=0.122
Posterior shape: (999, 2)

Calculating posterior concentration...

======================================================================
posterior concentration RESULT
======================================================================
Distance std (posterior concentration): 0.576454

Interpretation:
  Small value → posterior tightly concentrated
               → ABC learned a lot from the observation
  Large value → posterior spread out
               → ABC learned little from the observation

✅ posterior concentration: 0.576454
======================================================================
PLOTTING SCATTER + CONTOUR
======================================================================
Percentile 0.1%: 999 samples
True values: R0=2.3, sigma=0.8
Peak: R0=2.3417, sigma=0.8151

✓ Saved to: ../../figures/from_260528/ppc/sigma0p8/R02p3_seed1314/posterior_scatter_contour_0p1percentile_silverman.png
✅ Peak: R0=2.3417, sigma=0.8151
======================================================================
PLOTTING SCATTER + CONTOUR
======================================================================
Percentile 0.1%: 999 samples
True values: R0=2.3, sigma=0.8
Peak: R0=2.3417, sigma=0.8151

✓ Saved to: ../../figures/from_260528/ppc/sigma0p8/R02p3_seed1314/posterior_scatter_contour_0p1percentile_scott.png
✅ Peak: R0=2.3417, sigma=0.8151
======================================================================
PLOTTING SCATTER + CONTOUR
======================================================================
Percentile 0.1%: 999 samples
True values: R0=2.3, sigma=0.8
Peak: R0=2.3417, sigma=0.8191

✓ Saved to: ../../figures/from_260528/ppc/sigma0p8/R02p3_seed1314/posterior_scatter_contour_0p1percentile_0.5.png
✅ Peak: R0=2.3417, sigma=0.8191
======================================================================
PLOTTING SCATTER + CONTOUR
======================================================================
Percentile 0.1%: 999 samples
True values: R0=2.3, sigma=0.8
Peak: R0=2.3568, sigma=0.8151

✓ Saved to: ../../figures/from_260528/ppc/sigma0p8/R02p3_seed1314/posterior_scatter_contour_0p1percentile_0.3.png
✅ Peak: R0=2.3568, sigma=0.8151
======================================================================
PLOTTING SCATTER + CONTOUR
======================================================================
Percentile 0.1%: 999 samples
True values: R0=2.3, sigma=0.8
Peak: R0=2.4171, sigma=0.8231

✓ Saved to: ../../figures/from_260528/ppc/sigma0p8/R02p3_seed1314/posterior_scatter_contour_0p1percentile_0.2.png
✅ Peak: R0=2.4171, sigma=0.8231
======================================================================
PLOTTING SCATTER + CONTOUR
======================================================================
Percentile 0.1%: 999 samples
True values: R0=2.3, sigma=0.8
Peak: R0=2.4472, sigma=0.8271

✓ Saved to: ../../figures/from_260528/ppc/sigma0p8/R02p3_seed1314/posterior_scatter_contour_0p1percentile_0.1.png
✅ Peak: R0=2.4472, sigma=0.8271

======================================================================
PERCENTILE: 0.01%
======================================================================
======================================================================
CALCULATING DIST STD: POSTERIOR CONCENTRATION
======================================================================
Total samples: 998,493
Posterior (0.01%): 100 samples
  R0:    mean=2.484, std=0.504
  sigma: mean=0.819, std=0.091
Posterior shape: (100, 2)

Calculating posterior concentration...

======================================================================
posterior concentration RESULT
======================================================================
Distance std (posterior concentration): 0.573439

Interpretation:
  Small value → posterior tightly concentrated
               → ABC learned a lot from the observation
  Large value → posterior spread out
               → ABC learned little from the observation

✅ posterior concentration: 0.573439
======================================================================
PLOTTING SCATTER + CONTOUR
======================================================================
Percentile 0.01%: 100 samples
True values: R0=2.3, sigma=0.8
Peak: R0=2.3266, sigma=0.8352

✓ Saved to: ../../figures/from_260528/ppc/sigma0p8/R02p3_seed1314/posterior_scatter_contour_0p01percentile_silverman.png
✅ Peak: R0=2.3266, sigma=0.8352
======================================================================
PLOTTING SCATTER + CONTOUR
======================================================================
Percentile 0.01%: 100 samples
True values: R0=2.3, sigma=0.8
Peak: R0=2.3266, sigma=0.8352

✓ Saved to: ../../figures/from_260528/ppc/sigma0p8/R02p3_seed1314/posterior_scatter_contour_0p01percentile_scott.png
✅ Peak: R0=2.3266, sigma=0.8352
======================================================================
PLOTTING SCATTER + CONTOUR
======================================================================
Percentile 0.01%: 100 samples
True values: R0=2.3, sigma=0.8
Peak: R0=2.3266, sigma=0.8352

✓ Saved to: ../../figures/from_260528/ppc/sigma0p8/R02p3_seed1314/posterior_scatter_contour_0p01percentile_0.5.png
✅ Peak: R0=2.3266, sigma=0.8352
======================================================================
PLOTTING SCATTER + CONTOUR
======================================================================
Percentile 0.01%: 100 samples
True values: R0=2.3, sigma=0.8
Peak: R0=2.3719, sigma=0.8432

✓ Saved to: ../../figures/from_260528/ppc/sigma0p8/R02p3_seed1314/posterior_scatter_contour_0p01percentile_0.3.png
✅ Peak: R0=2.3719, sigma=0.8432
======================================================================
PLOTTING SCATTER + CONTOUR
======================================================================
Percentile 0.01%: 100 samples
True values: R0=2.3, sigma=0.8
Peak: R0=2.4171, sigma=0.8432

✓ Saved to: ../../figures/from_260528/ppc/sigma0p8/R02p3_seed1314/posterior_scatter_contour_0p01percentile_0.2.png
✅ Peak: R0=2.4171, sigma=0.8432
======================================================================
PLOTTING SCATTER + CONTOUR
======================================================================
Percentile 0.01%: 100 samples
True values: R0=2.3, sigma=0.8
Peak: R0=2.4322, sigma=0.8432

✓ Saved to: ../../figures/from_260528/ppc/sigma0p8/R02p3_seed1314/posterior_scatter_contour_0p01percentile_0.1.png
✅ Peak: R0=2.4322, sigma=0.8432
