nohup: ignoring input

======================================================================
PERCENTILE: 1.0%
======================================================================
======================================================================
CALCULATING DIST STD: POSTERIOR CONCENTRATION
======================================================================
Total samples: 998,493
Posterior (1.0%): 9,985 samples
  R0:    mean=2.086, std=0.412
  sigma: mean=0.829, std=0.143
Posterior shape: (9985, 2)

Calculating posterior concentration...

======================================================================
posterior concentration RESULT
======================================================================
Distance std (posterior concentration): 0.486304

Interpretation:
  Small value → posterior tightly concentrated
               → ABC learned a lot from the observation
  Large value → posterior spread out
               → ABC learned little from the observation

✅ posterior concentration: 0.486304
======================================================================
PLOTTING SCATTER + CONTOUR
======================================================================
Percentile 1.0%: 9,985 samples
True values: R0=1.8, sigma=0.9
Peak: R0=2.0553, sigma=0.9477

✓ Saved to: ../../figures/from_260528/ppc/sigma0p9/R01p8/posterior_scatter_contour_1percentile_silverman.png
✅ Peak: R0=2.0553, sigma=0.9477
======================================================================
PLOTTING SCATTER + CONTOUR
======================================================================
Percentile 1.0%: 9,985 samples
True values: R0=1.8, sigma=0.9
Peak: R0=2.0553, sigma=0.9477

✓ Saved to: ../../figures/from_260528/ppc/sigma0p9/R01p8/posterior_scatter_contour_1percentile_scott.png
✅ Peak: R0=2.0553, sigma=0.9477
======================================================================
PLOTTING SCATTER + CONTOUR
======================================================================
Percentile 1.0%: 9,985 samples
True values: R0=1.8, sigma=0.9
Peak: R0=2.0402, sigma=0.8834

✓ Saved to: ../../figures/from_260528/ppc/sigma0p9/R01p8/posterior_scatter_contour_1percentile_0.5.png
✅ Peak: R0=2.0402, sigma=0.8834
======================================================================
PLOTTING SCATTER + CONTOUR
======================================================================
Percentile 1.0%: 9,985 samples
True values: R0=1.8, sigma=0.9
Peak: R0=2.0704, sigma=0.9276

✓ Saved to: ../../figures/from_260528/ppc/sigma0p9/R01p8/posterior_scatter_contour_1percentile_0.3.png
✅ Peak: R0=2.0704, sigma=0.9276
======================================================================
PLOTTING SCATTER + CONTOUR
======================================================================
Percentile 1.0%: 9,985 samples
True values: R0=1.8, sigma=0.9
Peak: R0=2.0553, sigma=0.9518

✓ Saved to: ../../figures/from_260528/ppc/sigma0p9/R01p8/posterior_scatter_contour_1percentile_0.2.png
✅ Peak: R0=2.0553, sigma=0.9518
======================================================================
PLOTTING SCATTER + CONTOUR
======================================================================
Percentile 1.0%: 9,985 samples
True values: R0=1.8, sigma=0.9
Peak: R0=2.0854, sigma=0.9759

✓ Saved to: ../../figures/from_260528/ppc/sigma0p9/R01p8/posterior_scatter_contour_1percentile_0.1.png
✅ Peak: R0=2.0854, sigma=0.9759

======================================================================
PERCENTILE: 0.1%
======================================================================
======================================================================
CALCULATING DIST STD: POSTERIOR CONCENTRATION
======================================================================
Total samples: 998,493
Posterior (0.1%): 999 samples
  R0:    mean=2.118, std=0.410
  sigma: mean=0.879, std=0.112
Posterior shape: (999, 2)

Calculating posterior concentration...

======================================================================
posterior concentration RESULT
======================================================================
Distance std (posterior concentration): 0.462026

Interpretation:
  Small value → posterior tightly concentrated
               → ABC learned a lot from the observation
  Large value → posterior spread out
               → ABC learned little from the observation

✅ posterior concentration: 0.462026
======================================================================
PLOTTING SCATTER + CONTOUR
======================================================================
Percentile 0.1%: 999 samples
True values: R0=1.8, sigma=0.9
Peak: R0=2.0251, sigma=0.9437

✓ Saved to: ../../figures/from_260528/ppc/sigma0p9/R01p8/posterior_scatter_contour_0p1percentile_silverman.png
✅ Peak: R0=2.0251, sigma=0.9437
======================================================================
PLOTTING SCATTER + CONTOUR
======================================================================
Percentile 0.1%: 999 samples
True values: R0=1.8, sigma=0.9
Peak: R0=2.0251, sigma=0.9437

✓ Saved to: ../../figures/from_260528/ppc/sigma0p9/R01p8/posterior_scatter_contour_0p1percentile_scott.png
✅ Peak: R0=2.0251, sigma=0.9437
======================================================================
PLOTTING SCATTER + CONTOUR
======================================================================
Percentile 0.1%: 999 samples
True values: R0=1.8, sigma=0.9
Peak: R0=2.0402, sigma=0.9236

✓ Saved to: ../../figures/from_260528/ppc/sigma0p9/R01p8/posterior_scatter_contour_0p1percentile_0.5.png
✅ Peak: R0=2.0402, sigma=0.9236
======================================================================
PLOTTING SCATTER + CONTOUR
======================================================================
Percentile 0.1%: 999 samples
True values: R0=1.8, sigma=0.9
Peak: R0=2.0251, sigma=0.9437

✓ Saved to: ../../figures/from_260528/ppc/sigma0p9/R01p8/posterior_scatter_contour_0p1percentile_0.3.png
✅ Peak: R0=2.0251, sigma=0.9437
======================================================================
PLOTTING SCATTER + CONTOUR
======================================================================
Percentile 0.1%: 999 samples
True values: R0=1.8, sigma=0.9
Peak: R0=2.0251, sigma=0.9518

✓ Saved to: ../../figures/from_260528/ppc/sigma0p9/R01p8/posterior_scatter_contour_0p1percentile_0.2.png
✅ Peak: R0=2.0251, sigma=0.9518
======================================================================
PLOTTING SCATTER + CONTOUR
======================================================================
Percentile 0.1%: 999 samples
True values: R0=1.8, sigma=0.9
Peak: R0=1.9950, sigma=0.9437

✓ Saved to: ../../figures/from_260528/ppc/sigma0p9/R01p8/posterior_scatter_contour_0p1percentile_0.1.png
✅ Peak: R0=1.9950, sigma=0.9437

======================================================================
PERCENTILE: 0.01%
======================================================================
======================================================================
CALCULATING DIST STD: POSTERIOR CONCENTRATION
======================================================================
Total samples: 998,493
Posterior (0.01%): 100 samples
  R0:    mean=2.139, std=0.445
  sigma: mean=0.894, std=0.096
Posterior shape: (100, 2)

Calculating posterior concentration...

======================================================================
posterior concentration RESULT
======================================================================
Distance std (posterior concentration): 0.489868

Interpretation:
  Small value → posterior tightly concentrated
               → ABC learned a lot from the observation
  Large value → posterior spread out
               → ABC learned little from the observation

✅ posterior concentration: 0.489868
======================================================================
PLOTTING SCATTER + CONTOUR
======================================================================
Percentile 0.01%: 100 samples
True values: R0=1.8, sigma=0.9
Peak: R0=1.9950, sigma=0.9357

✓ Saved to: ../../figures/from_260528/ppc/sigma0p9/R01p8/posterior_scatter_contour_0p01percentile_silverman.png
✅ Peak: R0=1.9950, sigma=0.9357
======================================================================
PLOTTING SCATTER + CONTOUR
======================================================================
Percentile 0.01%: 100 samples
True values: R0=1.8, sigma=0.9
Peak: R0=1.9950, sigma=0.9357

✓ Saved to: ../../figures/from_260528/ppc/sigma0p9/R01p8/posterior_scatter_contour_0p01percentile_scott.png
✅ Peak: R0=1.9950, sigma=0.9357
======================================================================
PLOTTING SCATTER + CONTOUR
======================================================================
Percentile 0.01%: 100 samples
True values: R0=1.8, sigma=0.9
Peak: R0=2.0101, sigma=0.9357

✓ Saved to: ../../figures/from_260528/ppc/sigma0p9/R01p8/posterior_scatter_contour_0p01percentile_0.5.png
✅ Peak: R0=2.0101, sigma=0.9357
======================================================================
PLOTTING SCATTER + CONTOUR
======================================================================
Percentile 0.01%: 100 samples
True values: R0=1.8, sigma=0.9
Peak: R0=2.0251, sigma=0.9598

✓ Saved to: ../../figures/from_260528/ppc/sigma0p9/R01p8/posterior_scatter_contour_0p01percentile_0.3.png
✅ Peak: R0=2.0251, sigma=0.9598
======================================================================
PLOTTING SCATTER + CONTOUR
======================================================================
Percentile 0.01%: 100 samples
True values: R0=1.8, sigma=0.9
Peak: R0=2.0854, sigma=0.9759

✓ Saved to: ../../figures/from_260528/ppc/sigma0p9/R01p8/posterior_scatter_contour_0p01percentile_0.2.png
✅ Peak: R0=2.0854, sigma=0.9759
======================================================================
PLOTTING SCATTER + CONTOUR
======================================================================
Percentile 0.01%: 100 samples
True values: R0=1.8, sigma=0.9
Peak: R0=2.1156, sigma=0.9839

✓ Saved to: ../../figures/from_260528/ppc/sigma0p9/R01p8/posterior_scatter_contour_0p01percentile_0.1.png
✅ Peak: R0=2.1156, sigma=0.9839
