nohup: ignoring input

======================================================================
PERCENTILE: 1.0%
======================================================================
======================================================================
CALCULATING DIST STD: POSTERIOR CONCENTRATION
======================================================================
Total samples: 998,493
Posterior (1.0%): 9,985 samples
  R0:    mean=1.799, std=0.303
  sigma: mean=0.802, std=0.161
Posterior shape: (9985, 2)

Calculating posterior concentration...

======================================================================
posterior concentration RESULT
======================================================================
Distance std (posterior concentration): 0.388449

Interpretation:
  Small value → posterior tightly concentrated
               → ABC learned a lot from the observation
  Large value → posterior spread out
               → ABC learned little from the observation

✅ posterior concentration: 0.388449
======================================================================
PLOTTING SCATTER + CONTOUR
======================================================================
Percentile 1.0%: 9,985 samples
True values: R0=1.8, sigma=0.9
Peak: R0=1.8141, sigma=0.9317

✓ Saved to: ../../figures/from_260528/ppc/sigma0p9/R01p8_seed1234/posterior_scatter_contour_1percentile_silverman.png
✅ Peak: R0=1.8141, sigma=0.9317
======================================================================
PLOTTING SCATTER + CONTOUR
======================================================================
Percentile 1.0%: 9,985 samples
True values: R0=1.8, sigma=0.9
Peak: R0=1.8141, sigma=0.9317

✓ Saved to: ../../figures/from_260528/ppc/sigma0p9/R01p8_seed1234/posterior_scatter_contour_1percentile_scott.png
✅ Peak: R0=1.8141, sigma=0.9317
======================================================================
PLOTTING SCATTER + CONTOUR
======================================================================
Percentile 1.0%: 9,985 samples
True values: R0=1.8, sigma=0.9
Peak: R0=1.7839, sigma=0.8754

✓ Saved to: ../../figures/from_260528/ppc/sigma0p9/R01p8_seed1234/posterior_scatter_contour_1percentile_0.5.png
✅ Peak: R0=1.7839, sigma=0.8754
======================================================================
PLOTTING SCATTER + CONTOUR
======================================================================
Percentile 1.0%: 9,985 samples
True values: R0=1.8, sigma=0.9
Peak: R0=1.7990, sigma=0.9075

✓ Saved to: ../../figures/from_260528/ppc/sigma0p9/R01p8_seed1234/posterior_scatter_contour_1percentile_0.3.png
✅ Peak: R0=1.7990, sigma=0.9075
======================================================================
PLOTTING SCATTER + CONTOUR
======================================================================
Percentile 1.0%: 9,985 samples
True values: R0=1.8, sigma=0.9
Peak: R0=1.8141, sigma=0.9357

✓ Saved to: ../../figures/from_260528/ppc/sigma0p9/R01p8_seed1234/posterior_scatter_contour_1percentile_0.2.png
✅ Peak: R0=1.8141, sigma=0.9357
======================================================================
PLOTTING SCATTER + CONTOUR
======================================================================
Percentile 1.0%: 9,985 samples
True values: R0=1.8, sigma=0.9
Peak: R0=1.8141, sigma=0.9719

✓ Saved to: ../../figures/from_260528/ppc/sigma0p9/R01p8_seed1234/posterior_scatter_contour_1percentile_0.1.png
✅ Peak: R0=1.8141, sigma=0.9719

======================================================================
PERCENTILE: 0.1%
======================================================================
======================================================================
CALCULATING DIST STD: POSTERIOR CONCENTRATION
======================================================================
Total samples: 998,493
Posterior (0.1%): 999 samples
  R0:    mean=1.769, std=0.252
  sigma: mean=0.817, std=0.148
Posterior shape: (999, 2)

Calculating posterior concentration...

======================================================================
posterior concentration RESULT
======================================================================
Distance std (posterior concentration): 0.338475

Interpretation:
  Small value → posterior tightly concentrated
               → ABC learned a lot from the observation
  Large value → posterior spread out
               → ABC learned little from the observation

✅ posterior concentration: 0.338475
======================================================================
PLOTTING SCATTER + CONTOUR
======================================================================
Percentile 0.1%: 999 samples
True values: R0=1.8, sigma=0.9
Peak: R0=1.7688, sigma=0.9196

✓ Saved to: ../../figures/from_260528/ppc/sigma0p9/R01p8_seed1234/posterior_scatter_contour_0p1percentile_silverman.png
✅ Peak: R0=1.7688, sigma=0.9196
======================================================================
PLOTTING SCATTER + CONTOUR
======================================================================
Percentile 0.1%: 999 samples
True values: R0=1.8, sigma=0.9
Peak: R0=1.7688, sigma=0.9196

✓ Saved to: ../../figures/from_260528/ppc/sigma0p9/R01p8_seed1234/posterior_scatter_contour_0p1percentile_scott.png
✅ Peak: R0=1.7688, sigma=0.9196
======================================================================
PLOTTING SCATTER + CONTOUR
======================================================================
Percentile 0.1%: 999 samples
True values: R0=1.8, sigma=0.9
Peak: R0=1.7538, sigma=0.8874

✓ Saved to: ../../figures/from_260528/ppc/sigma0p9/R01p8_seed1234/posterior_scatter_contour_0p1percentile_0.5.png
✅ Peak: R0=1.7538, sigma=0.8874
======================================================================
PLOTTING SCATTER + CONTOUR
======================================================================
Percentile 0.1%: 999 samples
True values: R0=1.8, sigma=0.9
Peak: R0=1.7688, sigma=0.9196

✓ Saved to: ../../figures/from_260528/ppc/sigma0p9/R01p8_seed1234/posterior_scatter_contour_0p1percentile_0.3.png
✅ Peak: R0=1.7688, sigma=0.9196
======================================================================
PLOTTING SCATTER + CONTOUR
======================================================================
Percentile 0.1%: 999 samples
True values: R0=1.8, sigma=0.9
Peak: R0=1.7839, sigma=0.9357

✓ Saved to: ../../figures/from_260528/ppc/sigma0p9/R01p8_seed1234/posterior_scatter_contour_0p1percentile_0.2.png
✅ Peak: R0=1.7839, sigma=0.9357
======================================================================
PLOTTING SCATTER + CONTOUR
======================================================================
Percentile 0.1%: 999 samples
True values: R0=1.8, sigma=0.9
Peak: R0=1.7839, sigma=0.9317

✓ Saved to: ../../figures/from_260528/ppc/sigma0p9/R01p8_seed1234/posterior_scatter_contour_0p1percentile_0.1.png
✅ Peak: R0=1.7839, sigma=0.9317

======================================================================
PERCENTILE: 0.01%
======================================================================
======================================================================
CALCULATING DIST STD: POSTERIOR CONCENTRATION
======================================================================
Total samples: 998,493
Posterior (0.01%): 100 samples
  R0:    mean=1.776, std=0.215
  sigma: mean=0.835, std=0.141
Posterior shape: (100, 2)

Calculating posterior concentration...

======================================================================
posterior concentration RESULT
======================================================================
Distance std (posterior concentration): 0.299728

Interpretation:
  Small value → posterior tightly concentrated
               → ABC learned a lot from the observation
  Large value → posterior spread out
               → ABC learned little from the observation

✅ posterior concentration: 0.299728
======================================================================
PLOTTING SCATTER + CONTOUR
======================================================================
Percentile 0.01%: 100 samples
True values: R0=1.8, sigma=0.9
Peak: R0=1.7236, sigma=0.9035

✓ Saved to: ../../figures/from_260528/ppc/sigma0p9/R01p8_seed1234/posterior_scatter_contour_0p01percentile_silverman.png
✅ Peak: R0=1.7236, sigma=0.9035
======================================================================
PLOTTING SCATTER + CONTOUR
======================================================================
Percentile 0.01%: 100 samples
True values: R0=1.8, sigma=0.9
Peak: R0=1.7236, sigma=0.9035

✓ Saved to: ../../figures/from_260528/ppc/sigma0p9/R01p8_seed1234/posterior_scatter_contour_0p01percentile_scott.png
✅ Peak: R0=1.7236, sigma=0.9035
======================================================================
PLOTTING SCATTER + CONTOUR
======================================================================
Percentile 0.01%: 100 samples
True values: R0=1.8, sigma=0.9
Peak: R0=1.7236, sigma=0.8995

✓ Saved to: ../../figures/from_260528/ppc/sigma0p9/R01p8_seed1234/posterior_scatter_contour_0p01percentile_0.5.png
✅ Peak: R0=1.7236, sigma=0.8995
======================================================================
PLOTTING SCATTER + CONTOUR
======================================================================
Percentile 0.01%: 100 samples
True values: R0=1.8, sigma=0.9
Peak: R0=1.7387, sigma=0.9156

✓ Saved to: ../../figures/from_260528/ppc/sigma0p9/R01p8_seed1234/posterior_scatter_contour_0p01percentile_0.3.png
✅ Peak: R0=1.7387, sigma=0.9156
======================================================================
PLOTTING SCATTER + CONTOUR
======================================================================
Percentile 0.01%: 100 samples
True values: R0=1.8, sigma=0.9
Peak: R0=1.7236, sigma=0.8955

✓ Saved to: ../../figures/from_260528/ppc/sigma0p9/R01p8_seed1234/posterior_scatter_contour_0p01percentile_0.2.png
✅ Peak: R0=1.7236, sigma=0.8955
======================================================================
PLOTTING SCATTER + CONTOUR
======================================================================
Percentile 0.01%: 100 samples
True values: R0=1.8, sigma=0.9
Peak: R0=1.7839, sigma=0.9799

✓ Saved to: ../../figures/from_260528/ppc/sigma0p9/R01p8_seed1234/posterior_scatter_contour_0p01percentile_0.1.png
✅ Peak: R0=1.7839, sigma=0.9799
