nohup: ignoring input

======================================================================
PERCENTILE: 1.0%
======================================================================
======================================================================
CALCULATING DIST STD: POSTERIOR CONCENTRATION
======================================================================
Total samples: 998,493
Posterior (1.0%): 9,985 samples
  R0:    mean=1.965, std=0.393
  sigma: mean=0.748, std=0.186
Posterior shape: (9985, 2)

Calculating posterior concentration...

======================================================================
posterior concentration RESULT
======================================================================
Distance std (posterior concentration): 0.495065

Interpretation:
  Small value → posterior tightly concentrated
               → ABC learned a lot from the observation
  Large value → posterior spread out
               → ABC learned little from the observation

✅ posterior concentration: 0.495065
======================================================================
PLOTTING SCATTER + CONTOUR
======================================================================
Percentile 1.0%: 9,985 samples
True values: R0=1.8, sigma=0.8
Peak: R0=1.8744, sigma=0.7588

✓ Saved to: ../../figures/from_260528/ppc/sigma0p8/R01p8_seed1234/posterior_scatter_contour_1percentile_silverman.png
✅ Peak: R0=1.8744, sigma=0.7588
======================================================================
PLOTTING SCATTER + CONTOUR
======================================================================
Percentile 1.0%: 9,985 samples
True values: R0=1.8, sigma=0.8
Peak: R0=1.8744, sigma=0.7588

✓ Saved to: ../../figures/from_260528/ppc/sigma0p8/R01p8_seed1234/posterior_scatter_contour_1percentile_scott.png
✅ Peak: R0=1.8744, sigma=0.7588
======================================================================
PLOTTING SCATTER + CONTOUR
======================================================================
Percentile 1.0%: 9,985 samples
True values: R0=1.8, sigma=0.8
Peak: R0=1.9347, sigma=0.7869

✓ Saved to: ../../figures/from_260528/ppc/sigma0p8/R01p8_seed1234/posterior_scatter_contour_1percentile_0.5.png
✅ Peak: R0=1.9347, sigma=0.7869
======================================================================
PLOTTING SCATTER + CONTOUR
======================================================================
Percentile 1.0%: 9,985 samples
True values: R0=1.8, sigma=0.8
Peak: R0=1.8744, sigma=0.7548

✓ Saved to: ../../figures/from_260528/ppc/sigma0p8/R01p8_seed1234/posterior_scatter_contour_1percentile_0.3.png
✅ Peak: R0=1.8744, sigma=0.7548
======================================================================
PLOTTING SCATTER + CONTOUR
======================================================================
Percentile 1.0%: 9,985 samples
True values: R0=1.8, sigma=0.8
Peak: R0=1.7990, sigma=0.6905

✓ Saved to: ../../figures/from_260528/ppc/sigma0p8/R01p8_seed1234/posterior_scatter_contour_1percentile_0.2.png
✅ Peak: R0=1.7990, sigma=0.6905
======================================================================
PLOTTING SCATTER + CONTOUR
======================================================================
Percentile 1.0%: 9,985 samples
True values: R0=1.8, sigma=0.8
Peak: R0=1.8894, sigma=0.7789

✓ Saved to: ../../figures/from_260528/ppc/sigma0p8/R01p8_seed1234/posterior_scatter_contour_1percentile_0.1.png
✅ Peak: R0=1.8894, sigma=0.7789

======================================================================
PERCENTILE: 0.1%
======================================================================
======================================================================
CALCULATING DIST STD: POSTERIOR CONCENTRATION
======================================================================
Total samples: 998,493
Posterior (0.1%): 999 samples
  R0:    mean=2.053, std=0.378
  sigma: mean=0.792, std=0.142
Posterior shape: (999, 2)

Calculating posterior concentration...

======================================================================
posterior concentration RESULT
======================================================================
Distance std (posterior concentration): 0.454824

Interpretation:
  Small value → posterior tightly concentrated
               → ABC learned a lot from the observation
  Large value → posterior spread out
               → ABC learned little from the observation

✅ posterior concentration: 0.454824
======================================================================
PLOTTING SCATTER + CONTOUR
======================================================================
Percentile 0.1%: 999 samples
True values: R0=1.8, sigma=0.8
Peak: R0=1.9497, sigma=0.7910

✓ Saved to: ../../figures/from_260528/ppc/sigma0p8/R01p8_seed1234/posterior_scatter_contour_0p1percentile_silverman.png
✅ Peak: R0=1.9497, sigma=0.7910
======================================================================
PLOTTING SCATTER + CONTOUR
======================================================================
Percentile 0.1%: 999 samples
True values: R0=1.8, sigma=0.8
Peak: R0=1.9497, sigma=0.7910

✓ Saved to: ../../figures/from_260528/ppc/sigma0p8/R01p8_seed1234/posterior_scatter_contour_0p1percentile_scott.png
✅ Peak: R0=1.9497, sigma=0.7910
======================================================================
PLOTTING SCATTER + CONTOUR
======================================================================
Percentile 0.1%: 999 samples
True values: R0=1.8, sigma=0.8
Peak: R0=1.9950, sigma=0.8030

✓ Saved to: ../../figures/from_260528/ppc/sigma0p8/R01p8_seed1234/posterior_scatter_contour_0p1percentile_0.5.png
✅ Peak: R0=1.9950, sigma=0.8030
======================================================================
PLOTTING SCATTER + CONTOUR
======================================================================
Percentile 0.1%: 999 samples
True values: R0=1.8, sigma=0.8
Peak: R0=1.9497, sigma=0.7910

✓ Saved to: ../../figures/from_260528/ppc/sigma0p8/R01p8_seed1234/posterior_scatter_contour_0p1percentile_0.3.png
✅ Peak: R0=1.9497, sigma=0.7910
======================================================================
PLOTTING SCATTER + CONTOUR
======================================================================
Percentile 0.1%: 999 samples
True values: R0=1.8, sigma=0.8
Peak: R0=1.9196, sigma=0.7829

✓ Saved to: ../../figures/from_260528/ppc/sigma0p8/R01p8_seed1234/posterior_scatter_contour_0p1percentile_0.2.png
✅ Peak: R0=1.9196, sigma=0.7829
======================================================================
PLOTTING SCATTER + CONTOUR
======================================================================
Percentile 0.1%: 999 samples
True values: R0=1.8, sigma=0.8
Peak: R0=1.9196, sigma=0.7829

✓ Saved to: ../../figures/from_260528/ppc/sigma0p8/R01p8_seed1234/posterior_scatter_contour_0p1percentile_0.1.png
✅ Peak: R0=1.9196, sigma=0.7829

======================================================================
PERCENTILE: 0.01%
======================================================================
======================================================================
CALCULATING DIST STD: POSTERIOR CONCENTRATION
======================================================================
Total samples: 998,493
Posterior (0.01%): 100 samples
  R0:    mean=2.018, std=0.281
  sigma: mean=0.756, std=0.114
Posterior shape: (100, 2)

Calculating posterior concentration...

======================================================================
posterior concentration RESULT
======================================================================
Distance std (posterior concentration): 0.342270

Interpretation:
  Small value → posterior tightly concentrated
               → ABC learned a lot from the observation
  Large value → posterior spread out
               → ABC learned little from the observation

✅ posterior concentration: 0.342270
======================================================================
PLOTTING SCATTER + CONTOUR
======================================================================
Percentile 0.01%: 100 samples
True values: R0=1.8, sigma=0.8
Peak: R0=1.9950, sigma=0.7709

✓ Saved to: ../../figures/from_260528/ppc/sigma0p8/R01p8_seed1234/posterior_scatter_contour_0p01percentile_silverman.png
✅ Peak: R0=1.9950, sigma=0.7709
======================================================================
PLOTTING SCATTER + CONTOUR
======================================================================
Percentile 0.01%: 100 samples
True values: R0=1.8, sigma=0.8
Peak: R0=1.9950, sigma=0.7709

✓ Saved to: ../../figures/from_260528/ppc/sigma0p8/R01p8_seed1234/posterior_scatter_contour_0p01percentile_scott.png
✅ Peak: R0=1.9950, sigma=0.7709
======================================================================
PLOTTING SCATTER + CONTOUR
======================================================================
Percentile 0.01%: 100 samples
True values: R0=1.8, sigma=0.8
Peak: R0=1.9950, sigma=0.7709

✓ Saved to: ../../figures/from_260528/ppc/sigma0p8/R01p8_seed1234/posterior_scatter_contour_0p01percentile_0.5.png
✅ Peak: R0=1.9950, sigma=0.7709
======================================================================
PLOTTING SCATTER + CONTOUR
======================================================================
Percentile 0.01%: 100 samples
True values: R0=1.8, sigma=0.8
Peak: R0=1.9799, sigma=0.7628

✓ Saved to: ../../figures/from_260528/ppc/sigma0p8/R01p8_seed1234/posterior_scatter_contour_0p01percentile_0.3.png
✅ Peak: R0=1.9799, sigma=0.7628
======================================================================
PLOTTING SCATTER + CONTOUR
======================================================================
Percentile 0.01%: 100 samples
True values: R0=1.8, sigma=0.8
Peak: R0=1.9648, sigma=0.7427

✓ Saved to: ../../figures/from_260528/ppc/sigma0p8/R01p8_seed1234/posterior_scatter_contour_0p01percentile_0.2.png
✅ Peak: R0=1.9648, sigma=0.7427
======================================================================
PLOTTING SCATTER + CONTOUR
======================================================================
Percentile 0.01%: 100 samples
True values: R0=1.8, sigma=0.8
Peak: R0=1.9648, sigma=0.7387

✓ Saved to: ../../figures/from_260528/ppc/sigma0p8/R01p8_seed1234/posterior_scatter_contour_0p01percentile_0.1.png
✅ Peak: R0=1.9648, sigma=0.7387
