nohup: ignoring input

======================================================================
PERCENTILE: 1.0%
======================================================================
======================================================================
CALCULATING DIST STD: POSTERIOR CONCENTRATION
======================================================================
Total samples: 998,493
Posterior (1.0%): 9,985 samples
  R0:    mean=1.179, std=0.122
  sigma: mean=0.657, std=0.221
Posterior shape: (9985, 2)

Calculating posterior concentration...

======================================================================
posterior concentration RESULT
======================================================================
Distance std (posterior concentration): 0.311056

Interpretation:
  Small value → posterior tightly concentrated
               → ABC learned a lot from the observation
  Large value → posterior spread out
               → ABC learned little from the observation

✅ posterior concentration: 0.311056
======================================================================
PLOTTING SCATTER + CONTOUR
======================================================================
Percentile 1.0%: 9,985 samples
True values: R0=1.1, sigma=0.8
Peak: R0=1.1508, sigma=0.6744

✓ Saved to: ../../figures/from_260528/ppc/sigma0p8/R01p1_seed1212/posterior_scatter_contour_1percentile_silverman.png
✅ Peak: R0=1.1508, sigma=0.6744
======================================================================
PLOTTING SCATTER + CONTOUR
======================================================================
Percentile 1.0%: 9,985 samples
True values: R0=1.1, sigma=0.8
Peak: R0=1.1508, sigma=0.6744

✓ Saved to: ../../figures/from_260528/ppc/sigma0p8/R01p1_seed1212/posterior_scatter_contour_1percentile_scott.png
✅ Peak: R0=1.1508, sigma=0.6744
======================================================================
PLOTTING SCATTER + CONTOUR
======================================================================
Percentile 1.0%: 9,985 samples
True values: R0=1.1, sigma=0.8
Peak: R0=1.1508, sigma=0.7146

✓ Saved to: ../../figures/from_260528/ppc/sigma0p8/R01p1_seed1212/posterior_scatter_contour_1percentile_0.5.png
✅ Peak: R0=1.1508, sigma=0.7146
======================================================================
PLOTTING SCATTER + CONTOUR
======================================================================
Percentile 1.0%: 9,985 samples
True values: R0=1.1, sigma=0.8
Peak: R0=1.1508, sigma=0.6824

✓ Saved to: ../../figures/from_260528/ppc/sigma0p8/R01p1_seed1212/posterior_scatter_contour_1percentile_0.3.png
✅ Peak: R0=1.1508, sigma=0.6824
======================================================================
PLOTTING SCATTER + CONTOUR
======================================================================
Percentile 1.0%: 9,985 samples
True values: R0=1.1, sigma=0.8
Peak: R0=1.1508, sigma=0.6744

✓ Saved to: ../../figures/from_260528/ppc/sigma0p8/R01p1_seed1212/posterior_scatter_contour_1percentile_0.2.png
✅ Peak: R0=1.1508, sigma=0.6744
======================================================================
PLOTTING SCATTER + CONTOUR
======================================================================
Percentile 1.0%: 9,985 samples
True values: R0=1.1, sigma=0.8
Peak: R0=1.1658, sigma=0.9638

✓ Saved to: ../../figures/from_260528/ppc/sigma0p8/R01p1_seed1212/posterior_scatter_contour_1percentile_0.1.png
✅ Peak: R0=1.1658, sigma=0.9638

======================================================================
PERCENTILE: 0.1%
======================================================================
======================================================================
CALCULATING DIST STD: POSTERIOR CONCENTRATION
======================================================================
Total samples: 998,493
Posterior (0.1%): 999 samples
  R0:    mean=1.159, std=0.114
  sigma: mean=0.642, std=0.223
Posterior shape: (999, 2)

Calculating posterior concentration...

======================================================================
posterior concentration RESULT
======================================================================
Distance std (posterior concentration): 0.307233

Interpretation:
  Small value → posterior tightly concentrated
               → ABC learned a lot from the observation
  Large value → posterior spread out
               → ABC learned little from the observation

✅ posterior concentration: 0.307233
======================================================================
PLOTTING SCATTER + CONTOUR
======================================================================
Percentile 0.1%: 999 samples
True values: R0=1.1, sigma=0.8
Peak: R0=1.1357, sigma=0.7307

✓ Saved to: ../../figures/from_260528/ppc/sigma0p8/R01p1_seed1212/posterior_scatter_contour_0p1percentile_silverman.png
✅ Peak: R0=1.1357, sigma=0.7307
======================================================================
PLOTTING SCATTER + CONTOUR
======================================================================
Percentile 0.1%: 999 samples
True values: R0=1.1, sigma=0.8
Peak: R0=1.1357, sigma=0.7307

✓ Saved to: ../../figures/from_260528/ppc/sigma0p8/R01p1_seed1212/posterior_scatter_contour_0p1percentile_scott.png
✅ Peak: R0=1.1357, sigma=0.7307
======================================================================
PLOTTING SCATTER + CONTOUR
======================================================================
Percentile 0.1%: 999 samples
True values: R0=1.1, sigma=0.8
Peak: R0=1.1357, sigma=0.7266

✓ Saved to: ../../figures/from_260528/ppc/sigma0p8/R01p1_seed1212/posterior_scatter_contour_0p1percentile_0.5.png
✅ Peak: R0=1.1357, sigma=0.7266
======================================================================
PLOTTING SCATTER + CONTOUR
======================================================================
Percentile 0.1%: 999 samples
True values: R0=1.1, sigma=0.8
Peak: R0=1.1357, sigma=0.7307

✓ Saved to: ../../figures/from_260528/ppc/sigma0p8/R01p1_seed1212/posterior_scatter_contour_0p1percentile_0.3.png
✅ Peak: R0=1.1357, sigma=0.7307
======================================================================
PLOTTING SCATTER + CONTOUR
======================================================================
Percentile 0.1%: 999 samples
True values: R0=1.1, sigma=0.8
Peak: R0=1.1206, sigma=0.3688

✓ Saved to: ../../figures/from_260528/ppc/sigma0p8/R01p1_seed1212/posterior_scatter_contour_0p1percentile_0.2.png
✅ Peak: R0=1.1206, sigma=0.3688
======================================================================
PLOTTING SCATTER + CONTOUR
======================================================================
Percentile 0.1%: 999 samples
True values: R0=1.1, sigma=0.8
Peak: R0=1.1206, sigma=0.7266

✓ Saved to: ../../figures/from_260528/ppc/sigma0p8/R01p1_seed1212/posterior_scatter_contour_0p1percentile_0.1.png
✅ Peak: R0=1.1206, sigma=0.7266

======================================================================
PERCENTILE: 0.01%
======================================================================
======================================================================
CALCULATING DIST STD: POSTERIOR CONCENTRATION
======================================================================
Total samples: 998,493
Posterior (0.01%): 100 samples
  R0:    mean=1.153, std=0.106
  sigma: mean=0.667, std=0.229
Posterior shape: (100, 2)

Calculating posterior concentration...

======================================================================
posterior concentration RESULT
======================================================================
Distance std (posterior concentration): 0.307252

Interpretation:
  Small value → posterior tightly concentrated
               → ABC learned a lot from the observation
  Large value → posterior spread out
               → ABC learned little from the observation

✅ posterior concentration: 0.307252
======================================================================
PLOTTING SCATTER + CONTOUR
======================================================================
Percentile 0.01%: 100 samples
True values: R0=1.1, sigma=0.8
Peak: R0=1.1508, sigma=0.8111

✓ Saved to: ../../figures/from_260528/ppc/sigma0p8/R01p1_seed1212/posterior_scatter_contour_0p01percentile_silverman.png
✅ Peak: R0=1.1508, sigma=0.8111
======================================================================
PLOTTING SCATTER + CONTOUR
======================================================================
Percentile 0.01%: 100 samples
True values: R0=1.1, sigma=0.8
Peak: R0=1.1508, sigma=0.8111

✓ Saved to: ../../figures/from_260528/ppc/sigma0p8/R01p1_seed1212/posterior_scatter_contour_0p01percentile_scott.png
✅ Peak: R0=1.1508, sigma=0.8111
======================================================================
PLOTTING SCATTER + CONTOUR
======================================================================
Percentile 0.01%: 100 samples
True values: R0=1.1, sigma=0.8
Peak: R0=1.1508, sigma=0.8030

✓ Saved to: ../../figures/from_260528/ppc/sigma0p8/R01p1_seed1212/posterior_scatter_contour_0p01percentile_0.5.png
✅ Peak: R0=1.1508, sigma=0.8030
======================================================================
PLOTTING SCATTER + CONTOUR
======================================================================
Percentile 0.01%: 100 samples
True values: R0=1.1, sigma=0.8
Peak: R0=1.1357, sigma=0.8673

✓ Saved to: ../../figures/from_260528/ppc/sigma0p8/R01p1_seed1212/posterior_scatter_contour_0p01percentile_0.3.png
✅ Peak: R0=1.1357, sigma=0.8673
======================================================================
PLOTTING SCATTER + CONTOUR
======================================================================
Percentile 0.01%: 100 samples
True values: R0=1.1, sigma=0.8
Peak: R0=1.1508, sigma=0.8955

✓ Saved to: ../../figures/from_260528/ppc/sigma0p8/R01p1_seed1212/posterior_scatter_contour_0p01percentile_0.2.png
✅ Peak: R0=1.1508, sigma=0.8955
======================================================================
PLOTTING SCATTER + CONTOUR
======================================================================
Percentile 0.01%: 100 samples
True values: R0=1.1, sigma=0.8
Peak: R0=1.1508, sigma=0.6744

✓ Saved to: ../../figures/from_260528/ppc/sigma0p8/R01p1_seed1212/posterior_scatter_contour_0p01percentile_0.1.png
✅ Peak: R0=1.1508, sigma=0.6744
