nohup: ignoring input

======================================================================
PERCENTILE: 1.0%
======================================================================
======================================================================
CALCULATING DIST STD: POSTERIOR CONCENTRATION
======================================================================
Total samples: 998,493
Posterior (1.0%): 9,985 samples
  R0:    mean=1.237, std=0.150
  sigma: mean=0.700, std=0.210
Posterior shape: (9985, 2)

Calculating posterior concentration...

======================================================================
posterior concentration RESULT
======================================================================
Distance std (posterior concentration): 0.315623

Interpretation:
  Small value → posterior tightly concentrated
               → ABC learned a lot from the observation
  Large value → posterior spread out
               → ABC learned little from the observation

✅ posterior concentration: 0.315623
======================================================================
PLOTTING SCATTER + CONTOUR
======================================================================
Percentile 1.0%: 9,985 samples
True values: R0=1.3, sigma=0.9
Peak: R0=1.2412, sigma=0.9035

✓ Saved to: ../../figures/from_260528/ppc/sigma0p9/R01p3/posterior_scatter_contour_1percentile_silverman.png
✅ Peak: R0=1.2412, sigma=0.9035
======================================================================
PLOTTING SCATTER + CONTOUR
======================================================================
Percentile 1.0%: 9,985 samples
True values: R0=1.3, sigma=0.9
Peak: R0=1.2412, sigma=0.9035

✓ Saved to: ../../figures/from_260528/ppc/sigma0p9/R01p3/posterior_scatter_contour_1percentile_scott.png
✅ Peak: R0=1.2412, sigma=0.9035
======================================================================
PLOTTING SCATTER + CONTOUR
======================================================================
Percentile 1.0%: 9,985 samples
True values: R0=1.3, sigma=0.9
Peak: R0=1.2412, sigma=0.8151

✓ Saved to: ../../figures/from_260528/ppc/sigma0p9/R01p3/posterior_scatter_contour_1percentile_0.5.png
✅ Peak: R0=1.2412, sigma=0.8151
======================================================================
PLOTTING SCATTER + CONTOUR
======================================================================
Percentile 1.0%: 9,985 samples
True values: R0=1.3, sigma=0.9
Peak: R0=1.2412, sigma=0.8794

✓ Saved to: ../../figures/from_260528/ppc/sigma0p9/R01p3/posterior_scatter_contour_1percentile_0.3.png
✅ Peak: R0=1.2412, sigma=0.8794
======================================================================
PLOTTING SCATTER + CONTOUR
======================================================================
Percentile 1.0%: 9,985 samples
True values: R0=1.3, sigma=0.9
Peak: R0=1.2412, sigma=0.9075

✓ Saved to: ../../figures/from_260528/ppc/sigma0p9/R01p3/posterior_scatter_contour_1percentile_0.2.png
✅ Peak: R0=1.2412, sigma=0.9075
======================================================================
PLOTTING SCATTER + CONTOUR
======================================================================
Percentile 1.0%: 9,985 samples
True values: R0=1.3, sigma=0.9
Peak: R0=1.2412, sigma=0.9196

✓ Saved to: ../../figures/from_260528/ppc/sigma0p9/R01p3/posterior_scatter_contour_1percentile_0.1.png
✅ Peak: R0=1.2412, sigma=0.9196

======================================================================
PERCENTILE: 0.1%
======================================================================
======================================================================
CALCULATING DIST STD: POSTERIOR CONCENTRATION
======================================================================
Total samples: 998,493
Posterior (0.1%): 999 samples
  R0:    mean=1.241, std=0.141
  sigma: mean=0.703, std=0.206
Posterior shape: (999, 2)

Calculating posterior concentration...

======================================================================
posterior concentration RESULT
======================================================================
Distance std (posterior concentration): 0.302801

Interpretation:
  Small value → posterior tightly concentrated
               → ABC learned a lot from the observation
  Large value → posterior spread out
               → ABC learned little from the observation

✅ posterior concentration: 0.302801
======================================================================
PLOTTING SCATTER + CONTOUR
======================================================================
Percentile 0.1%: 999 samples
True values: R0=1.3, sigma=0.9
Peak: R0=1.2563, sigma=0.8472

✓ Saved to: ../../figures/from_260528/ppc/sigma0p9/R01p3/posterior_scatter_contour_0p1percentile_silverman.png
✅ Peak: R0=1.2563, sigma=0.8472
======================================================================
PLOTTING SCATTER + CONTOUR
======================================================================
Percentile 0.1%: 999 samples
True values: R0=1.3, sigma=0.9
Peak: R0=1.2563, sigma=0.8472

✓ Saved to: ../../figures/from_260528/ppc/sigma0p9/R01p3/posterior_scatter_contour_0p1percentile_scott.png
✅ Peak: R0=1.2563, sigma=0.8472
======================================================================
PLOTTING SCATTER + CONTOUR
======================================================================
Percentile 0.1%: 999 samples
True values: R0=1.3, sigma=0.9
Peak: R0=1.2412, sigma=0.8151

✓ Saved to: ../../figures/from_260528/ppc/sigma0p9/R01p3/posterior_scatter_contour_0p1percentile_0.5.png
✅ Peak: R0=1.2412, sigma=0.8151
======================================================================
PLOTTING SCATTER + CONTOUR
======================================================================
Percentile 0.1%: 999 samples
True values: R0=1.3, sigma=0.9
Peak: R0=1.2563, sigma=0.8472

✓ Saved to: ../../figures/from_260528/ppc/sigma0p9/R01p3/posterior_scatter_contour_0p1percentile_0.3.png
✅ Peak: R0=1.2563, sigma=0.8472
======================================================================
PLOTTING SCATTER + CONTOUR
======================================================================
Percentile 0.1%: 999 samples
True values: R0=1.3, sigma=0.9
Peak: R0=1.2563, sigma=0.8593

✓ Saved to: ../../figures/from_260528/ppc/sigma0p9/R01p3/posterior_scatter_contour_0p1percentile_0.2.png
✅ Peak: R0=1.2563, sigma=0.8593
======================================================================
PLOTTING SCATTER + CONTOUR
======================================================================
Percentile 0.1%: 999 samples
True values: R0=1.3, sigma=0.9
Peak: R0=1.2714, sigma=0.8593

✓ Saved to: ../../figures/from_260528/ppc/sigma0p9/R01p3/posterior_scatter_contour_0p1percentile_0.1.png
✅ Peak: R0=1.2714, sigma=0.8593

======================================================================
PERCENTILE: 0.01%
======================================================================
======================================================================
CALCULATING DIST STD: POSTERIOR CONCENTRATION
======================================================================
Total samples: 998,493
Posterior (0.01%): 100 samples
  R0:    mean=1.243, std=0.117
  sigma: mean=0.682, std=0.215
Posterior shape: (100, 2)

Calculating posterior concentration...

======================================================================
posterior concentration RESULT
======================================================================
Distance std (posterior concentration): 0.293857

Interpretation:
  Small value → posterior tightly concentrated
               → ABC learned a lot from the observation
  Large value → posterior spread out
               → ABC learned little from the observation

✅ posterior concentration: 0.293857
======================================================================
PLOTTING SCATTER + CONTOUR
======================================================================
Percentile 0.01%: 100 samples
True values: R0=1.3, sigma=0.9
Peak: R0=1.2563, sigma=0.7508

✓ Saved to: ../../figures/from_260528/ppc/sigma0p9/R01p3/posterior_scatter_contour_0p01percentile_silverman.png
✅ Peak: R0=1.2563, sigma=0.7508
======================================================================
PLOTTING SCATTER + CONTOUR
======================================================================
Percentile 0.01%: 100 samples
True values: R0=1.3, sigma=0.9
Peak: R0=1.2563, sigma=0.7508

✓ Saved to: ../../figures/from_260528/ppc/sigma0p9/R01p3/posterior_scatter_contour_0p01percentile_scott.png
✅ Peak: R0=1.2563, sigma=0.7508
======================================================================
PLOTTING SCATTER + CONTOUR
======================================================================
Percentile 0.01%: 100 samples
True values: R0=1.3, sigma=0.9
Peak: R0=1.2412, sigma=0.7508

✓ Saved to: ../../figures/from_260528/ppc/sigma0p9/R01p3/posterior_scatter_contour_0p01percentile_0.5.png
✅ Peak: R0=1.2412, sigma=0.7508
======================================================================
PLOTTING SCATTER + CONTOUR
======================================================================
Percentile 0.01%: 100 samples
True values: R0=1.3, sigma=0.9
Peak: R0=1.2563, sigma=0.7146

✓ Saved to: ../../figures/from_260528/ppc/sigma0p9/R01p3/posterior_scatter_contour_0p01percentile_0.3.png
✅ Peak: R0=1.2563, sigma=0.7146
======================================================================
PLOTTING SCATTER + CONTOUR
======================================================================
Percentile 0.01%: 100 samples
True values: R0=1.3, sigma=0.9
Peak: R0=1.2714, sigma=0.7065

✓ Saved to: ../../figures/from_260528/ppc/sigma0p9/R01p3/posterior_scatter_contour_0p01percentile_0.2.png
✅ Peak: R0=1.2714, sigma=0.7065
======================================================================
PLOTTING SCATTER + CONTOUR
======================================================================
Percentile 0.01%: 100 samples
True values: R0=1.3, sigma=0.9
Peak: R0=1.2714, sigma=0.6905

✓ Saved to: ../../figures/from_260528/ppc/sigma0p9/R01p3/posterior_scatter_contour_0p01percentile_0.1.png
✅ Peak: R0=1.2714, sigma=0.6905
