nohup: ignoring input

======================================================================
PERCENTILE: 1.0%
======================================================================
======================================================================
CALCULATING ENERGY DISTANCE: POSTERIOR vs PRIOR
======================================================================
Total samples (prior): 998,493
Posterior (1.0%): 9,985 samples
  R0:    mean=1.364, std=0.171
  sigma: mean=0.734, std=0.194

Prior: 998,493 samples
  R0:    mean=2.502, std=0.865
  sigma: mean=0.600, std=0.231

Posterior subsampled: 9,985 → 1000
Prior subsampled: 998,493 → 1000
Posterior shape: (1000, 2)
Prior shape:     (1000, 2)

Calculating energy distance...

======================================================================
ENERGY DISTANCE RESULT
======================================================================
Energy distance (posterior vs prior): 1.172123

Interpretation:
  Large value → posterior very different from prior
               → ABC learned a lot from the observation
  Small value → posterior similar to prior
               → ABC learned little from the observation

✅ Energy distance: 1.172123
======================================================================
PLOTTING SCATTER + CONTOUR
======================================================================
Percentile 1.0%: 9,985 samples
True values: R0=1.5, sigma=0.9
Peak: R0=1.3769, sigma=0.8030

✓ Saved to: ../../figures/from_260528/ppc/sigma0p9/R01p5/posterior_scatter_contour_1percentile.png
✅ Peak: R0=1.3769, sigma=0.8030

======================================================================
PERCENTILE: 0.1%
======================================================================
======================================================================
CALCULATING ENERGY DISTANCE: POSTERIOR vs PRIOR
======================================================================
Total samples (prior): 998,493
Posterior (0.1%): 999 samples
  R0:    mean=1.366, std=0.143
  sigma: mean=0.742, std=0.183

Prior: 998,493 samples
  R0:    mean=2.502, std=0.865
  sigma: mean=0.600, std=0.231

Posterior using ALL 999 samples (< 1000)
Prior subsampled: 998,493 → 1000
Posterior shape: (999, 2)
Prior shape:     (1000, 2)

Calculating energy distance...

======================================================================
ENERGY DISTANCE RESULT
======================================================================
Energy distance (posterior vs prior): 1.161674

Interpretation:
  Large value → posterior very different from prior
               → ABC learned a lot from the observation
  Small value → posterior similar to prior
               → ABC learned little from the observation

✅ Energy distance: 1.161674
======================================================================
PLOTTING SCATTER + CONTOUR
======================================================================
Percentile 0.1%: 999 samples
True values: R0=1.5, sigma=0.9
Peak: R0=1.3920, sigma=0.8714

✓ Saved to: ../../figures/from_260528/ppc/sigma0p9/R01p5/posterior_scatter_contour_0p1percentile.png
✅ Peak: R0=1.3920, sigma=0.8714

======================================================================
PERCENTILE: 0.01%
======================================================================
======================================================================
CALCULATING ENERGY DISTANCE: POSTERIOR vs PRIOR
======================================================================
Total samples (prior): 998,493
Posterior (0.01%): 100 samples
  R0:    mean=1.369, std=0.129
  sigma: mean=0.753, std=0.205

Prior: 998,493 samples
  R0:    mean=2.502, std=0.865
  sigma: mean=0.600, std=0.231

Posterior using ALL 100 samples (< 1000)
Prior subsampled: 998,493 → 1000
Posterior shape: (100, 2)
Prior shape:     (1000, 2)

Calculating energy distance...

======================================================================
ENERGY DISTANCE RESULT
======================================================================
Energy distance (posterior vs prior): 1.157143

Interpretation:
  Large value → posterior very different from prior
               → ABC learned a lot from the observation
  Small value → posterior similar to prior
               → ABC learned little from the observation

✅ Energy distance: 1.157143
======================================================================
PLOTTING SCATTER + CONTOUR
======================================================================
Percentile 0.01%: 100 samples
True values: R0=1.5, sigma=0.9
Peak: R0=1.3618, sigma=0.8874

✓ Saved to: ../../figures/from_260528/ppc/sigma0p9/R01p5/posterior_scatter_contour_0p01percentile.png
✅ Peak: R0=1.3618, sigma=0.8874
