nohup: ignoring input
======================================================================
CALCULATING ENERGY DISTANCE: POSTERIOR vs PRIOR
======================================================================
Total samples (prior): 998,493
Posterior (1.0%): 9,985 samples
  R0:    mean=1.931, std=0.405
  sigma: mean=0.838, std=0.144

Prior: 998,493 samples
  R0:    mean=2.502, std=0.865
  sigma: mean=0.600, std=0.231

Subsampling to 1000 each for efficiency...
Posterior shape: (1000, 2)
Prior shape:     (1000, 2)

Calculating energy distance...

======================================================================
ENERGY DISTANCE RESULT
======================================================================
Energy distance (posterior vs prior): 0.479218

Interpretation:
  Large value → posterior very different from prior
               → ABC learned a lot from the observation
  Small value → posterior similar to prior
               → ABC learned little from the observation

✅ Energy distance (posterior vs prior): 0.479218
======================================================================
PLOTTING SCATTER + CONTOUR
======================================================================
Percentile 1.0%: 9,985 samples
Peak: R0=1.8894, sigma=0.9276

✓ Saved to: ../../figures/from_260528/ppc/observations/posterior_scatter_contour.png

✅ Peak density: R0=1.8894, sigma=0.9276
