nohup: ignoring input

======================================================================
PERCENTILE: 1.0%
======================================================================
======================================================================
CALCULATING DIST STD: POSTERIOR CONCENTRATION
======================================================================
Total samples: 998,493
Posterior (1.0%): 9,985 samples
  R0:    mean=2.683, std=0.530
  sigma: mean=0.766, std=0.114
Posterior shape: (9985, 2)

Calculating posterior concentration...

======================================================================
posterior concentration RESULT
======================================================================
Distance std (posterior concentration): 0.625368

Interpretation:
  Small value → posterior tightly concentrated
               → ABC learned a lot from the observation
  Large value → posterior spread out
               → ABC learned little from the observation

✅ posterior concentration: 0.625368
======================================================================
PLOTTING SCATTER + CONTOUR
======================================================================
Percentile 1.0%: 9,985 samples
True values: R0=2.5, sigma=0.8
Peak: R0=2.4623, sigma=0.7266

✓ Saved to: ../../figures/from_260528/ppc/sigma0p8/R02p5_seed1267/posterior_scatter_contour_1percentile_silverman.png
✅ Peak: R0=2.4623, sigma=0.7266
======================================================================
PLOTTING SCATTER + CONTOUR
======================================================================
Percentile 1.0%: 9,985 samples
True values: R0=2.5, sigma=0.8
Peak: R0=2.4623, sigma=0.7266

✓ Saved to: ../../figures/from_260528/ppc/sigma0p8/R02p5_seed1267/posterior_scatter_contour_1percentile_scott.png
✅ Peak: R0=2.4623, sigma=0.7266
======================================================================
PLOTTING SCATTER + CONTOUR
======================================================================
Percentile 1.0%: 9,985 samples
True values: R0=2.5, sigma=0.8
Peak: R0=2.5528, sigma=0.7508

✓ Saved to: ../../figures/from_260528/ppc/sigma0p8/R02p5_seed1267/posterior_scatter_contour_1percentile_0.5.png
✅ Peak: R0=2.5528, sigma=0.7508
======================================================================
PLOTTING SCATTER + CONTOUR
======================================================================
Percentile 1.0%: 9,985 samples
True values: R0=2.5, sigma=0.8
Peak: R0=2.4925, sigma=0.7387

✓ Saved to: ../../figures/from_260528/ppc/sigma0p8/R02p5_seed1267/posterior_scatter_contour_1percentile_0.3.png
✅ Peak: R0=2.4925, sigma=0.7387
======================================================================
PLOTTING SCATTER + CONTOUR
======================================================================
Percentile 1.0%: 9,985 samples
True values: R0=2.5, sigma=0.8
Peak: R0=2.4623, sigma=0.7266

✓ Saved to: ../../figures/from_260528/ppc/sigma0p8/R02p5_seed1267/posterior_scatter_contour_1percentile_0.2.png
✅ Peak: R0=2.4623, sigma=0.7266
======================================================================
PLOTTING SCATTER + CONTOUR
======================================================================
Percentile 1.0%: 9,985 samples
True values: R0=2.5, sigma=0.8
Peak: R0=2.3568, sigma=0.6864

✓ Saved to: ../../figures/from_260528/ppc/sigma0p8/R02p5_seed1267/posterior_scatter_contour_1percentile_0.1.png
✅ Peak: R0=2.3568, sigma=0.6864

======================================================================
PERCENTILE: 0.1%
======================================================================
======================================================================
CALCULATING DIST STD: POSTERIOR CONCENTRATION
======================================================================
Total samples: 998,493
Posterior (0.1%): 999 samples
  R0:    mean=2.720, std=0.535
  sigma: mean=0.773, std=0.099
Posterior shape: (999, 2)

Calculating posterior concentration...

======================================================================
posterior concentration RESULT
======================================================================
Distance std (posterior concentration): 0.625801

Interpretation:
  Small value → posterior tightly concentrated
               → ABC learned a lot from the observation
  Large value → posterior spread out
               → ABC learned little from the observation

✅ posterior concentration: 0.625801
======================================================================
PLOTTING SCATTER + CONTOUR
======================================================================
Percentile 0.1%: 999 samples
True values: R0=2.5, sigma=0.8
Peak: R0=2.4472, sigma=0.7508

✓ Saved to: ../../figures/from_260528/ppc/sigma0p8/R02p5_seed1267/posterior_scatter_contour_0p1percentile_silverman.png
✅ Peak: R0=2.4472, sigma=0.7508
======================================================================
PLOTTING SCATTER + CONTOUR
======================================================================
Percentile 0.1%: 999 samples
True values: R0=2.5, sigma=0.8
Peak: R0=2.4472, sigma=0.7508

✓ Saved to: ../../figures/from_260528/ppc/sigma0p8/R02p5_seed1267/posterior_scatter_contour_0p1percentile_scott.png
✅ Peak: R0=2.4472, sigma=0.7508
======================================================================
PLOTTING SCATTER + CONTOUR
======================================================================
Percentile 0.1%: 999 samples
True values: R0=2.5, sigma=0.8
Peak: R0=2.5678, sigma=0.7749

✓ Saved to: ../../figures/from_260528/ppc/sigma0p8/R02p5_seed1267/posterior_scatter_contour_0p1percentile_0.5.png
✅ Peak: R0=2.5678, sigma=0.7749
======================================================================
PLOTTING SCATTER + CONTOUR
======================================================================
Percentile 0.1%: 999 samples
True values: R0=2.5, sigma=0.8
Peak: R0=2.4322, sigma=0.7508

✓ Saved to: ../../figures/from_260528/ppc/sigma0p8/R02p5_seed1267/posterior_scatter_contour_0p1percentile_0.3.png
✅ Peak: R0=2.4322, sigma=0.7508
======================================================================
PLOTTING SCATTER + CONTOUR
======================================================================
Percentile 0.1%: 999 samples
True values: R0=2.5, sigma=0.8
Peak: R0=2.4171, sigma=0.7467

✓ Saved to: ../../figures/from_260528/ppc/sigma0p8/R02p5_seed1267/posterior_scatter_contour_0p1percentile_0.2.png
✅ Peak: R0=2.4171, sigma=0.7467
======================================================================
PLOTTING SCATTER + CONTOUR
======================================================================
Percentile 0.1%: 999 samples
True values: R0=2.5, sigma=0.8
Peak: R0=2.4020, sigma=0.7427

✓ Saved to: ../../figures/from_260528/ppc/sigma0p8/R02p5_seed1267/posterior_scatter_contour_0p1percentile_0.1.png
✅ Peak: R0=2.4020, sigma=0.7427

======================================================================
PERCENTILE: 0.01%
======================================================================
======================================================================
CALCULATING DIST STD: POSTERIOR CONCENTRATION
======================================================================
Total samples: 998,493
Posterior (0.01%): 100 samples
  R0:    mean=2.761, std=0.532
  sigma: mean=0.785, std=0.084
Posterior shape: (100, 2)

Calculating posterior concentration...

======================================================================
posterior concentration RESULT
======================================================================
Distance std (posterior concentration): 0.616025

Interpretation:
  Small value → posterior tightly concentrated
               → ABC learned a lot from the observation
  Large value → posterior spread out
               → ABC learned little from the observation

✅ posterior concentration: 0.616025
======================================================================
PLOTTING SCATTER + CONTOUR
======================================================================
Percentile 0.01%: 100 samples
True values: R0=2.5, sigma=0.8
Peak: R0=2.4472, sigma=0.7588

✓ Saved to: ../../figures/from_260528/ppc/sigma0p8/R02p5_seed1267/posterior_scatter_contour_0p01percentile_silverman.png
✅ Peak: R0=2.4472, sigma=0.7588
======================================================================
PLOTTING SCATTER + CONTOUR
======================================================================
Percentile 0.01%: 100 samples
True values: R0=2.5, sigma=0.8
Peak: R0=2.4472, sigma=0.7588

✓ Saved to: ../../figures/from_260528/ppc/sigma0p8/R02p5_seed1267/posterior_scatter_contour_0p01percentile_scott.png
✅ Peak: R0=2.4472, sigma=0.7588
======================================================================
PLOTTING SCATTER + CONTOUR
======================================================================
Percentile 0.01%: 100 samples
True values: R0=2.5, sigma=0.8
Peak: R0=2.4774, sigma=0.7628

✓ Saved to: ../../figures/from_260528/ppc/sigma0p8/R02p5_seed1267/posterior_scatter_contour_0p01percentile_0.5.png
✅ Peak: R0=2.4774, sigma=0.7628
======================================================================
PLOTTING SCATTER + CONTOUR
======================================================================
Percentile 0.01%: 100 samples
True values: R0=2.5, sigma=0.8
Peak: R0=2.4623, sigma=0.7588

✓ Saved to: ../../figures/from_260528/ppc/sigma0p8/R02p5_seed1267/posterior_scatter_contour_0p01percentile_0.3.png
✅ Peak: R0=2.4623, sigma=0.7588
======================================================================
PLOTTING SCATTER + CONTOUR
======================================================================
Percentile 0.01%: 100 samples
True values: R0=2.5, sigma=0.8
Peak: R0=2.4623, sigma=0.7588

✓ Saved to: ../../figures/from_260528/ppc/sigma0p8/R02p5_seed1267/posterior_scatter_contour_0p01percentile_0.2.png
✅ Peak: R0=2.4623, sigma=0.7588
======================================================================
PLOTTING SCATTER + CONTOUR
======================================================================
Percentile 0.01%: 100 samples
True values: R0=2.5, sigma=0.8
Peak: R0=2.4774, sigma=0.7588

✓ Saved to: ../../figures/from_260528/ppc/sigma0p8/R02p5_seed1267/posterior_scatter_contour_0p01percentile_0.1.png
✅ Peak: R0=2.4774, sigma=0.7588
