nohup: ignoring input

======================================================================
PERCENTILE: 1.0%
======================================================================
======================================================================
CALCULATING DIST STD: POSTERIOR CONCENTRATION
======================================================================
Total samples: 998,493
Posterior (1.0%): 9,985 samples
  R0:    mean=1.688, std=0.305
  sigma: mean=0.698, std=0.213
Posterior shape: (9985, 2)

Calculating posterior concentration...

======================================================================
posterior concentration RESULT
======================================================================
Distance std (posterior concentration): 0.429891

Interpretation:
  Small value → posterior tightly concentrated
               → ABC learned a lot from the observation
  Large value → posterior spread out
               → ABC learned little from the observation

✅ posterior concentration: 0.429891
======================================================================
PLOTTING SCATTER + CONTOUR
======================================================================
Percentile 1.0%: 9,985 samples
True values: R0=2.0, sigma=0.9
Peak: R0=1.6181, sigma=0.6663

✓ Saved to: ../../figures/from_260528/ppc/sigma0p9/R02p0_seed1314/posterior_scatter_contour_1percentile_silverman.png
✅ Peak: R0=1.6181, sigma=0.6663
======================================================================
PLOTTING SCATTER + CONTOUR
======================================================================
Percentile 1.0%: 9,985 samples
True values: R0=2.0, sigma=0.9
Peak: R0=1.6181, sigma=0.6663

✓ Saved to: ../../figures/from_260528/ppc/sigma0p9/R02p0_seed1314/posterior_scatter_contour_1percentile_scott.png
✅ Peak: R0=1.6181, sigma=0.6663
======================================================================
PLOTTING SCATTER + CONTOUR
======================================================================
Percentile 1.0%: 9,985 samples
True values: R0=2.0, sigma=0.9
Peak: R0=1.6784, sigma=0.7467

✓ Saved to: ../../figures/from_260528/ppc/sigma0p9/R02p0_seed1314/posterior_scatter_contour_1percentile_0.5.png
✅ Peak: R0=1.6784, sigma=0.7467
======================================================================
PLOTTING SCATTER + CONTOUR
======================================================================
Percentile 1.0%: 9,985 samples
True values: R0=2.0, sigma=0.9
Peak: R0=1.6181, sigma=0.6663

✓ Saved to: ../../figures/from_260528/ppc/sigma0p9/R02p0_seed1314/posterior_scatter_contour_1percentile_0.3.png
✅ Peak: R0=1.6181, sigma=0.6663
======================================================================
PLOTTING SCATTER + CONTOUR
======================================================================
Percentile 1.0%: 9,985 samples
True values: R0=2.0, sigma=0.9
Peak: R0=1.3467, sigma=0.3045

✓ Saved to: ../../figures/from_260528/ppc/sigma0p9/R02p0_seed1314/posterior_scatter_contour_1percentile_0.2.png
✅ Peak: R0=1.3467, sigma=0.3045
======================================================================
PLOTTING SCATTER + CONTOUR
======================================================================
Percentile 1.0%: 9,985 samples
True values: R0=2.0, sigma=0.9
Peak: R0=1.3317, sigma=0.2884

✓ Saved to: ../../figures/from_260528/ppc/sigma0p9/R02p0_seed1314/posterior_scatter_contour_1percentile_0.1.png
✅ Peak: R0=1.3317, sigma=0.2884

======================================================================
PERCENTILE: 0.1%
======================================================================
======================================================================
CALCULATING DIST STD: POSTERIOR CONCENTRATION
======================================================================
Total samples: 998,493
Posterior (0.1%): 999 samples
  R0:    mean=1.755, std=0.296
  sigma: mean=0.769, std=0.168
Posterior shape: (999, 2)

Calculating posterior concentration...

======================================================================
posterior concentration RESULT
======================================================================
Distance std (posterior concentration): 0.394532

Interpretation:
  Small value → posterior tightly concentrated
               → ABC learned a lot from the observation
  Large value → posterior spread out
               → ABC learned little from the observation

✅ posterior concentration: 0.394532
======================================================================
PLOTTING SCATTER + CONTOUR
======================================================================
Percentile 0.1%: 999 samples
True values: R0=2.0, sigma=0.9
Peak: R0=1.7236, sigma=0.8633

✓ Saved to: ../../figures/from_260528/ppc/sigma0p9/R02p0_seed1314/posterior_scatter_contour_0p1percentile_silverman.png
✅ Peak: R0=1.7236, sigma=0.8633
======================================================================
PLOTTING SCATTER + CONTOUR
======================================================================
Percentile 0.1%: 999 samples
True values: R0=2.0, sigma=0.9
Peak: R0=1.7236, sigma=0.8633

✓ Saved to: ../../figures/from_260528/ppc/sigma0p9/R02p0_seed1314/posterior_scatter_contour_0p1percentile_scott.png
✅ Peak: R0=1.7236, sigma=0.8633
======================================================================
PLOTTING SCATTER + CONTOUR
======================================================================
Percentile 0.1%: 999 samples
True values: R0=2.0, sigma=0.9
Peak: R0=1.7387, sigma=0.8312
