nohup: ignoring input

======================================================================
PERCENTILE: 1.0%
======================================================================
======================================================================
CALCULATING DIST STD: POSTERIOR CONCENTRATION
======================================================================
Total samples: 998,493
Posterior (1.0%): 9,985 samples
  R0:    mean=1.931, std=0.367
  sigma: mean=0.732, std=0.188
Posterior shape: (9985, 2)

Calculating posterior concentration...

======================================================================
posterior concentration RESULT
======================================================================
Distance std (posterior concentration): 0.470198

Interpretation:
  Small value → posterior tightly concentrated
               → ABC learned a lot from the observation
  Large value → posterior spread out
               → ABC learned little from the observation

✅ posterior concentration: 0.470198
======================================================================
PLOTTING SCATTER + CONTOUR
======================================================================
Percentile 1.0%: 9,985 samples
True values: R0=1.8, sigma=0.8
Peak: R0=1.8593, sigma=0.7588

✓ Saved to: ../../figures/from_260528/ppc/sigma0p8/R01p8_seed1690/posterior_scatter_contour_1percentile_silverman.png
✅ Peak: R0=1.8593, sigma=0.7588
======================================================================
PLOTTING SCATTER + CONTOUR
======================================================================
Percentile 1.0%: 9,985 samples
True values: R0=1.8, sigma=0.8
Peak: R0=1.8593, sigma=0.7588

✓ Saved to: ../../figures/from_260528/ppc/sigma0p8/R01p8_seed1690/posterior_scatter_contour_1percentile_scott.png
✅ Peak: R0=1.8593, sigma=0.7588
======================================================================
PLOTTING SCATTER + CONTOUR
======================================================================
Percentile 1.0%: 9,985 samples
True values: R0=1.8, sigma=0.8
Peak: R0=1.8894, sigma=0.7668

✓ Saved to: ../../figures/from_260528/ppc/sigma0p8/R01p8_seed1690/posterior_scatter_contour_1percentile_0.5.png
✅ Peak: R0=1.8894, sigma=0.7668
======================================================================
PLOTTING SCATTER + CONTOUR
======================================================================
Percentile 1.0%: 9,985 samples
True values: R0=1.8, sigma=0.8
Peak: R0=1.8442, sigma=0.7427

✓ Saved to: ../../figures/from_260528/ppc/sigma0p8/R01p8_seed1690/posterior_scatter_contour_1percentile_0.3.png
✅ Peak: R0=1.8442, sigma=0.7427
======================================================================
PLOTTING SCATTER + CONTOUR
======================================================================
Percentile 1.0%: 9,985 samples
True values: R0=1.8, sigma=0.8
Peak: R0=1.8593, sigma=0.7588

✓ Saved to: ../../figures/from_260528/ppc/sigma0p8/R01p8_seed1690/posterior_scatter_contour_1percentile_0.2.png
✅ Peak: R0=1.8593, sigma=0.7588
======================================================================
PLOTTING SCATTER + CONTOUR
======================================================================
Percentile 1.0%: 9,985 samples
True values: R0=1.8, sigma=0.8
Peak: R0=1.6332, sigma=0.5578

✓ Saved to: ../../figures/from_260528/ppc/sigma0p8/R01p8_seed1690/posterior_scatter_contour_1percentile_0.1.png
✅ Peak: R0=1.6332, sigma=0.5578

======================================================================
PERCENTILE: 0.1%
======================================================================
======================================================================
CALCULATING DIST STD: POSTERIOR CONCENTRATION
======================================================================
Total samples: 998,493
Posterior (0.1%): 999 samples
  R0:    mean=1.939, std=0.334
  sigma: mean=0.758, std=0.168
Posterior shape: (999, 2)

Calculating posterior concentration...

======================================================================
posterior concentration RESULT
======================================================================
Distance std (posterior concentration): 0.428488

Interpretation:
  Small value → posterior tightly concentrated
               → ABC learned a lot from the observation
  Large value → posterior spread out
               → ABC learned little from the observation

✅ posterior concentration: 0.428488
======================================================================
PLOTTING SCATTER + CONTOUR
======================================================================
Percentile 0.1%: 999 samples
True values: R0=1.8, sigma=0.8
Peak: R0=1.8894, sigma=0.8070

✓ Saved to: ../../figures/from_260528/ppc/sigma0p8/R01p8_seed1690/posterior_scatter_contour_0p1percentile_silverman.png
✅ Peak: R0=1.8894, sigma=0.8070
======================================================================
PLOTTING SCATTER + CONTOUR
======================================================================
Percentile 0.1%: 999 samples
True values: R0=1.8, sigma=0.8
Peak: R0=1.8894, sigma=0.8070

✓ Saved to: ../../figures/from_260528/ppc/sigma0p8/R01p8_seed1690/posterior_scatter_contour_0p1percentile_scott.png
✅ Peak: R0=1.8894, sigma=0.8070
======================================================================
PLOTTING SCATTER + CONTOUR
======================================================================
Percentile 0.1%: 999 samples
True values: R0=1.8, sigma=0.8
Peak: R0=1.9196, sigma=0.8191

✓ Saved to: ../../figures/from_260528/ppc/sigma0p8/R01p8_seed1690/posterior_scatter_contour_0p1percentile_0.5.png
✅ Peak: R0=1.9196, sigma=0.8191
======================================================================
PLOTTING SCATTER + CONTOUR
======================================================================
Percentile 0.1%: 999 samples
True values: R0=1.8, sigma=0.8
Peak: R0=1.8744, sigma=0.7950

✓ Saved to: ../../figures/from_260528/ppc/sigma0p8/R01p8_seed1690/posterior_scatter_contour_0p1percentile_0.3.png
✅ Peak: R0=1.8744, sigma=0.7950
======================================================================
PLOTTING SCATTER + CONTOUR
======================================================================
Percentile 0.1%: 999 samples
True values: R0=1.8, sigma=0.8
Peak: R0=1.8442, sigma=0.7749

✓ Saved to: ../../figures/from_260528/ppc/sigma0p8/R01p8_seed1690/posterior_scatter_contour_0p1percentile_0.2.png
✅ Peak: R0=1.8442, sigma=0.7749
======================================================================
PLOTTING SCATTER + CONTOUR
======================================================================
Percentile 0.1%: 999 samples
True values: R0=1.8, sigma=0.8
Peak: R0=1.8291, sigma=0.7628

✓ Saved to: ../../figures/from_260528/ppc/sigma0p8/R01p8_seed1690/posterior_scatter_contour_0p1percentile_0.1.png
✅ Peak: R0=1.8291, sigma=0.7628

======================================================================
PERCENTILE: 0.01%
======================================================================
======================================================================
CALCULATING DIST STD: POSTERIOR CONCENTRATION
======================================================================
Total samples: 998,493
Posterior (0.01%): 100 samples
  R0:    mean=1.971, std=0.258
  sigma: mean=0.805, std=0.122
Posterior shape: (100, 2)

Calculating posterior concentration...

======================================================================
posterior concentration RESULT
======================================================================
Distance std (posterior concentration): 0.334031

Interpretation:
  Small value → posterior tightly concentrated
               → ABC learned a lot from the observation
  Large value → posterior spread out
               → ABC learned little from the observation

✅ posterior concentration: 0.334031
======================================================================
PLOTTING SCATTER + CONTOUR
======================================================================
Percentile 0.01%: 100 samples
True values: R0=1.8, sigma=0.8
Peak: R0=1.9045, sigma=0.8231

✓ Saved to: ../../figures/from_260528/ppc/sigma0p8/R01p8_seed1690/posterior_scatter_contour_0p01percentile_silverman.png
✅ Peak: R0=1.9045, sigma=0.8231
======================================================================
PLOTTING SCATTER + CONTOUR
======================================================================
Percentile 0.01%: 100 samples
True values: R0=1.8, sigma=0.8
Peak: R0=1.9045, sigma=0.8231

✓ Saved to: ../../figures/from_260528/ppc/sigma0p8/R01p8_seed1690/posterior_scatter_contour_0p01percentile_scott.png
✅ Peak: R0=1.9045, sigma=0.8231
======================================================================
PLOTTING SCATTER + CONTOUR
======================================================================
Percentile 0.01%: 100 samples
True values: R0=1.8, sigma=0.8
Peak: R0=1.9045, sigma=0.8231

✓ Saved to: ../../figures/from_260528/ppc/sigma0p8/R01p8_seed1690/posterior_scatter_contour_0p01percentile_0.5.png
✅ Peak: R0=1.9045, sigma=0.8231
======================================================================
PLOTTING SCATTER + CONTOUR
======================================================================
Percentile 0.01%: 100 samples
True values: R0=1.8, sigma=0.8
Peak: R0=1.9045, sigma=0.8111

✓ Saved to: ../../figures/from_260528/ppc/sigma0p8/R01p8_seed1690/posterior_scatter_contour_0p01percentile_0.3.png
✅ Peak: R0=1.9045, sigma=0.8111
======================================================================
PLOTTING SCATTER + CONTOUR
======================================================================
Percentile 0.01%: 100 samples
True values: R0=1.8, sigma=0.8
Peak: R0=1.9045, sigma=0.8070

✓ Saved to: ../../figures/from_260528/ppc/sigma0p8/R01p8_seed1690/posterior_scatter_contour_0p01percentile_0.2.png
✅ Peak: R0=1.9045, sigma=0.8070
======================================================================
PLOTTING SCATTER + CONTOUR
======================================================================
Percentile 0.01%: 100 samples
True values: R0=1.8, sigma=0.8
Peak: R0=1.9347, sigma=0.8231

✓ Saved to: ../../figures/from_260528/ppc/sigma0p8/R01p8_seed1690/posterior_scatter_contour_0p01percentile_0.1.png
✅ Peak: R0=1.9347, sigma=0.8231
