nohup: ignoring input

======================================================================
PERCENTILE: 1.0%
======================================================================
======================================================================
CALCULATING DIST STD: POSTERIOR CONCENTRATION
======================================================================
Total samples: 998,493
Posterior (1.0%): 9,985 samples
  R0:    mean=2.521, std=0.554
  sigma: mean=0.769, std=0.167
Posterior shape: (9985, 2)

Calculating posterior concentration...

======================================================================
posterior concentration RESULT
======================================================================
Distance std (posterior concentration): 0.670708

Interpretation:
  Small value → posterior tightly concentrated
               → ABC learned a lot from the observation
  Large value → posterior spread out
               → ABC learned little from the observation

✅ posterior concentration: 0.670708
======================================================================
PLOTTING SCATTER + CONTOUR
======================================================================
Percentile 1.0%: 9,985 samples
True values: R0=2.0, sigma=0.8
Peak: R0=2.2513, sigma=0.6985

✓ Saved to: ../../figures/from_260528/ppc/sigma0p8/R02p0_seed1234/posterior_scatter_contour_1percentile_silverman.png
✅ Peak: R0=2.2513, sigma=0.6985
======================================================================
PLOTTING SCATTER + CONTOUR
======================================================================
Percentile 1.0%: 9,985 samples
True values: R0=2.0, sigma=0.8
Peak: R0=2.2513, sigma=0.6985

✓ Saved to: ../../figures/from_260528/ppc/sigma0p8/R02p0_seed1234/posterior_scatter_contour_1percentile_scott.png
✅ Peak: R0=2.2513, sigma=0.6985
======================================================================
PLOTTING SCATTER + CONTOUR
======================================================================
Percentile 1.0%: 9,985 samples
True values: R0=2.0, sigma=0.8
Peak: R0=2.4322, sigma=0.7829

✓ Saved to: ../../figures/from_260528/ppc/sigma0p8/R02p0_seed1234/posterior_scatter_contour_1percentile_0.5.png
✅ Peak: R0=2.4322, sigma=0.7829
======================================================================
PLOTTING SCATTER + CONTOUR
======================================================================
Percentile 1.0%: 9,985 samples
True values: R0=2.0, sigma=0.8
Peak: R0=2.2965, sigma=0.7266

✓ Saved to: ../../figures/from_260528/ppc/sigma0p8/R02p0_seed1234/posterior_scatter_contour_1percentile_0.3.png
✅ Peak: R0=2.2965, sigma=0.7266
======================================================================
PLOTTING SCATTER + CONTOUR
======================================================================
Percentile 1.0%: 9,985 samples
True values: R0=2.0, sigma=0.8
Peak: R0=2.2362, sigma=0.6905

✓ Saved to: ../../figures/from_260528/ppc/sigma0p8/R02p0_seed1234/posterior_scatter_contour_1percentile_0.2.png
✅ Peak: R0=2.2362, sigma=0.6905
======================================================================
PLOTTING SCATTER + CONTOUR
======================================================================
Percentile 1.0%: 9,985 samples
True values: R0=2.0, sigma=0.8
Peak: R0=2.2663, sigma=0.6985

✓ Saved to: ../../figures/from_260528/ppc/sigma0p8/R02p0_seed1234/posterior_scatter_contour_1percentile_0.1.png
✅ Peak: R0=2.2663, sigma=0.6985

======================================================================
PERCENTILE: 0.1%
======================================================================
======================================================================
CALCULATING DIST STD: POSTERIOR CONCENTRATION
======================================================================
Total samples: 998,493
Posterior (0.1%): 999 samples
  R0:    mean=2.572, std=0.576
  sigma: mean=0.791, std=0.130
Posterior shape: (999, 2)

Calculating posterior concentration...

======================================================================
posterior concentration RESULT
======================================================================
Distance std (posterior concentration): 0.681470

Interpretation:
  Small value → posterior tightly concentrated
               → ABC learned a lot from the observation
  Large value → posterior spread out
               → ABC learned little from the observation

✅ posterior concentration: 0.681470
======================================================================
PLOTTING SCATTER + CONTOUR
======================================================================
Percentile 0.1%: 999 samples
True values: R0=2.0, sigma=0.8
Peak: R0=2.1457, sigma=0.6945

✓ Saved to: ../../figures/from_260528/ppc/sigma0p8/R02p0_seed1234/posterior_scatter_contour_0p1percentile_silverman.png
✅ Peak: R0=2.1457, sigma=0.6945
======================================================================
PLOTTING SCATTER + CONTOUR
======================================================================
Percentile 0.1%: 999 samples
True values: R0=2.0, sigma=0.8
Peak: R0=2.1457, sigma=0.6945

✓ Saved to: ../../figures/from_260528/ppc/sigma0p8/R02p0_seed1234/posterior_scatter_contour_0p1percentile_scott.png
✅ Peak: R0=2.1457, sigma=0.6945
======================================================================
PLOTTING SCATTER + CONTOUR
======================================================================
Percentile 0.1%: 999 samples
True values: R0=2.0, sigma=0.8
Peak: R0=2.2211, sigma=0.7186

✓ Saved to: ../../figures/from_260528/ppc/sigma0p8/R02p0_seed1234/posterior_scatter_contour_0p1percentile_0.5.png
✅ Peak: R0=2.2211, sigma=0.7186
======================================================================
PLOTTING SCATTER + CONTOUR
======================================================================
Percentile 0.1%: 999 samples
True values: R0=2.0, sigma=0.8
Peak: R0=2.1457, sigma=0.6945

✓ Saved to: ../../figures/from_260528/ppc/sigma0p8/R02p0_seed1234/posterior_scatter_contour_0p1percentile_0.3.png
✅ Peak: R0=2.1457, sigma=0.6945
======================================================================
PLOTTING SCATTER + CONTOUR
======================================================================
Percentile 0.1%: 999 samples
True values: R0=2.0, sigma=0.8
Peak: R0=2.1457, sigma=0.6905

✓ Saved to: ../../figures/from_260528/ppc/sigma0p8/R02p0_seed1234/posterior_scatter_contour_0p1percentile_0.2.png
✅ Peak: R0=2.1457, sigma=0.6905
======================================================================
PLOTTING SCATTER + CONTOUR
======================================================================
Percentile 0.1%: 999 samples
True values: R0=2.0, sigma=0.8
Peak: R0=2.0402, sigma=0.6221

✓ Saved to: ../../figures/from_260528/ppc/sigma0p8/R02p0_seed1234/posterior_scatter_contour_0p1percentile_0.1.png
✅ Peak: R0=2.0402, sigma=0.6221

======================================================================
PERCENTILE: 0.01%
======================================================================
======================================================================
CALCULATING DIST STD: POSTERIOR CONCENTRATION
======================================================================
Total samples: 998,493
Posterior (0.01%): 100 samples
  R0:    mean=2.506, std=0.566
  sigma: mean=0.781, std=0.117
Posterior shape: (100, 2)

Calculating posterior concentration...

======================================================================
posterior concentration RESULT
======================================================================
Distance std (posterior concentration): 0.653621

Interpretation:
  Small value → posterior tightly concentrated
               → ABC learned a lot from the observation
  Large value → posterior spread out
               → ABC learned little from the observation

✅ posterior concentration: 0.653621
======================================================================
PLOTTING SCATTER + CONTOUR
======================================================================
Percentile 0.01%: 100 samples
True values: R0=2.0, sigma=0.8
Peak: R0=2.2814, sigma=0.7588

✓ Saved to: ../../figures/from_260528/ppc/sigma0p8/R02p0_seed1234/posterior_scatter_contour_0p01percentile_silverman.png
✅ Peak: R0=2.2814, sigma=0.7588
======================================================================
PLOTTING SCATTER + CONTOUR
======================================================================
Percentile 0.01%: 100 samples
True values: R0=2.0, sigma=0.8
Peak: R0=2.2814, sigma=0.7588

✓ Saved to: ../../figures/from_260528/ppc/sigma0p8/R02p0_seed1234/posterior_scatter_contour_0p01percentile_scott.png
✅ Peak: R0=2.2814, sigma=0.7588
======================================================================
PLOTTING SCATTER + CONTOUR
======================================================================
Percentile 0.01%: 100 samples
True values: R0=2.0, sigma=0.8
Peak: R0=2.2814, sigma=0.7588

✓ Saved to: ../../figures/from_260528/ppc/sigma0p8/R02p0_seed1234/posterior_scatter_contour_0p01percentile_0.5.png
✅ Peak: R0=2.2814, sigma=0.7588
======================================================================
PLOTTING SCATTER + CONTOUR
======================================================================
Percentile 0.01%: 100 samples
True values: R0=2.0, sigma=0.8
Peak: R0=2.3266, sigma=0.7628

✓ Saved to: ../../figures/from_260528/ppc/sigma0p8/R02p0_seed1234/posterior_scatter_contour_0p01percentile_0.3.png
✅ Peak: R0=2.3266, sigma=0.7628
======================================================================
PLOTTING SCATTER + CONTOUR
======================================================================
Percentile 0.01%: 100 samples
True values: R0=2.0, sigma=0.8
Peak: R0=2.3417, sigma=0.7588

✓ Saved to: ../../figures/from_260528/ppc/sigma0p8/R02p0_seed1234/posterior_scatter_contour_0p01percentile_0.2.png
✅ Peak: R0=2.3417, sigma=0.7588
======================================================================
PLOTTING SCATTER + CONTOUR
======================================================================
Percentile 0.01%: 100 samples
True values: R0=2.0, sigma=0.8
Peak: R0=2.2211, sigma=0.7829

✓ Saved to: ../../figures/from_260528/ppc/sigma0p8/R02p0_seed1234/posterior_scatter_contour_0p01percentile_0.1.png
✅ Peak: R0=2.2211, sigma=0.7829
