nohup: ignoring input
======================================================================
CHECKING NaN VALUES IN SUMMARY STATISTICS
======================================================================

Total samples: 1,995

NaN Analysis per column:
----------------------------------------------------------------------

avg_prev_obs:
  ✓ No NaN values
  Range: [0.0435, 112.1304]
  Mean:  39.8451

var_prev_obs:
  ✓ No NaN values
  Range: [0.2085, 56.8754]
  Mean:  22.1038

avg_npmi_obs:
  ✓ No NaN values
  Range: [-0.6164, -0.0476]
  Mean:  -0.3402

div_all_isolates_obs:
  ✓ No NaN values
  Range: [0.0000, 23.7915]
  Mean:  9.0888

======================================================================
RECOMMENDATION:
======================================================================
✓ No NaN values found. Data is clean!
======================================================================
