nohup: ignoring input
Shape: (42, 23)
======================================================================
GENERATING STANDARD POINTS
======================================================================
These summary stats from the actual observations.
  Standard point (raw): [ 9.56521739  7.06351758 -0.59527674 18.33333333]

Generating standard point for R0=1.1, sigma=0.8
  Standard point (raw): [ 0.39130435  0.72231512 -0.22489074  7.2       ]
  Reproducible: True ✓

Generating standard point for R0=1.3, sigma=0.8
  Standard point (raw): [ 1.82608696  1.8986161  -0.13583553  2.00232558]
  Reproducible: True ✓

Generating standard point for R0=1.5, sigma=0.8
  Standard point (raw): [ 3.34782609  3.12771621 -0.18047022  2.31304348]
  Reproducible: True ✓

Generating standard point for R0=1.8, sigma=0.8
  Standard point (raw): [ 9.08695652  8.69646241 -0.25724039  2.9889989 ]
  Reproducible: True ✓

Generating standard point for R0=2.0, sigma=0.8
  Standard point (raw): [19.91304348 14.68429292 -0.37556734  7.02227739]
  Reproducible: True ✓

Generating standard point for R0=2.3, sigma=0.8
  Standard point (raw): [16.17391304 11.37641969 -0.38730507  5.95135834]
  Reproducible: True ✓

Generating standard point for R0=2.5, sigma=0.8
  Standard point (raw): [16.43478261 10.60371327 -0.29402125  5.33131313]
  Reproducible: True ✓

Generating standard point for R0=3.0, sigma=0.8
  Standard point (raw): [28.69565217 20.73739438 -0.41982491  7.54083013]
  Reproducible: True ✓

Generating standard point for R0=3.2, sigma=0.8
  Standard point (raw): [34.30434783 27.22371089 -0.47525124  9.67345034]
  Reproducible: True ✓

Generating standard point for R0=1.1, sigma=0.9
  Standard point (raw): [ 1.2173913   1.88188788 -0.09407666  1.63636364]
  Reproducible: True ✓

Generating standard point for R0=1.3, sigma=0.9
  Standard point (raw): [ 3.04347826  2.82002999 -0.29738176  4.10016978]
  Reproducible: True ✓

Generating standard point for R0=1.5, sigma=0.9
  Standard point (raw): [ 0.56521739  0.84348234 -0.09407666  1.625     ]
  Reproducible: True ✓

Generating standard point for R0=1.8, sigma=0.9
  Standard point (raw): [ 8.7826087   6.98020918 -0.4645368   5.62510391]
  Reproducible: True ✓

Generating standard point for R0=2.0, sigma=0.9
  Standard point (raw): [ 9.13043478  8.91527977 -0.29307383  3.78427315]
  Reproducible: True ✓

Generating standard point for R0=2.3, sigma=0.9
  Standard point (raw): [ 2.82608696  5.14915857 -0.13827261  2.19178082]
  Reproducible: True ✓

Generating standard point for R0=2.5, sigma=0.9
  Standard point (raw): [21.56521739 14.2759368  -0.41843948  7.88084997]
  Reproducible: True ✓

Generating standard point for R0=3.0, sigma=0.9
  Standard point (raw): [16.26086957 16.0176533  -0.39769641  6.04375704]
  Reproducible: True ✓

Generating standard point for R0=3.2, sigma=0.9
  Standard point (raw): [ 9.86956522  8.89997113 -0.22000566  4.47739571]
  Reproducible: True ✓

======================================================================
ALL STANDARD POINTS
======================================================================
 R0  sigma  avg_prev_obs  var_prev_obs  avg_npmi_obs  div_all_isolates_obs
0.0    0.0      9.565217      7.063518     -0.595277             18.333333
1.1    0.8      0.391304      0.722315     -0.224891              7.200000
1.3    0.8      1.826087      1.898616     -0.135836              2.002326
1.5    0.8      3.347826      3.127716     -0.180470              2.313043
1.8    0.8      9.086957      8.696462     -0.257240              2.988999
2.0    0.8     19.913043     14.684293     -0.375567              7.022277
2.3    0.8     16.173913     11.376420     -0.387305              5.951358
2.5    0.8     16.434783     10.603713     -0.294021              5.331313
3.0    0.8     28.695652     20.737394     -0.419825              7.540830
3.2    0.8     34.304348     27.223711     -0.475251              9.673450
1.1    0.9      1.217391      1.881888     -0.094077              1.636364
1.3    0.9      3.043478      2.820030     -0.297382              4.100170
1.5    0.9      0.565217      0.843482     -0.094077              1.625000
1.8    0.9      8.782609      6.980209     -0.464537              5.625104
2.0    0.9      9.130435      8.915280     -0.293074              3.784273
2.3    0.9      2.826087      5.149159     -0.138273              2.191781
2.5    0.9     21.565217     14.275937     -0.418439              7.880850
3.0    0.9     16.260870     16.017653     -0.397696              6.043757
3.2    0.9      9.869565      8.899971     -0.220006              4.477396

✓ Saved to: ../../experimental_data/from_260528/standard_points_seed1234.csv

======================================================================
EXAMPLE: R0=2.5, sigma=0.8
======================================================================
Standard point (raw values):
  avg_prev_obs:         16.43478261
  var_prev_obs:         10.60371327
  avg_npmi_obs:         -0.29402125
  div_all_isolates_obs: 5.33131313

As tuple for copy-paste:
standard_point = (16.43478261, 10.60371327, -0.29402125, 5.33131313)

⏱️  Elapsed: 276.02 seconds
======================================================================
