nohup: ignoring input
Shape: (42, 23)
======================================================================
GENERATING STANDARD POINTS
======================================================================
These summary stats from the actual observations.
  Standard point (raw): [ 9.56521739  7.06351758 -0.59527674 18.33333333]

Generating standard point for R0=1.1, sigma=0.8
  Standard point (raw): [ 1.04347826  1.33069568 -0.13752715  2.84536082]
  Reproducible: True ✓

Generating standard point for R0=1.3, sigma=0.8
  Standard point (raw): [ 1.91304348  2.08703887 -0.13589173  1.9790795 ]
  Reproducible: True ✓

Generating standard point for R0=1.5, sigma=0.8
  Standard point (raw): [ 4.52173913  4.82295237 -0.30193771  2.54683785]
  Reproducible: True ✓

Generating standard point for R0=1.8, sigma=0.8
  Standard point (raw): [ 8.08695652  7.53122617 -0.21805137  4.09447882]
  Reproducible: True ✓

Generating standard point for R0=2.0, sigma=0.8
  Standard point (raw): [15.95652174 14.46462224 -0.37821118  7.10548032]
  Reproducible: True ✓

Generating standard point for R0=2.3, sigma=0.8
  Standard point (raw): [15.08695652 15.99122783 -0.39919816  3.83658209]
  Reproducible: True ✓

Generating standard point for R0=2.5, sigma=0.8
  Standard point (raw): [18.91304348 15.30571208 -0.45428967  6.97878161]
  Reproducible: True ✓

Generating standard point for R0=3.0, sigma=0.8
  Standard point (raw): [32.17391304 25.8538764  -0.41890012  7.58811123]
  Reproducible: True ✓

Generating standard point for R0=3.2, sigma=0.8
  Standard point (raw): [27.         17.63261441 -0.36753492  8.02626642]
  Reproducible: True ✓

Generating standard point for R0=1.1, sigma=0.9
  Standard point (raw): [ 0.95652174  1.22393779 -0.09407666  1.94117647]
  Reproducible: True ✓

Generating standard point for R0=1.3, sigma=0.9
  Standard point (raw): [ 1.86956522  1.816699   -0.21931053  3.40754717]
  Reproducible: True ✓

Generating standard point for R0=1.5, sigma=0.9
  Standard point (raw): [ 3.30434783  1.98711263 -0.30128363  3.73525557]
  Reproducible: True ✓

Generating standard point for R0=1.8, sigma=0.9
  Standard point (raw): [12.52173913  9.5910449  -0.44334755  6.7862069 ]
  Reproducible: True ✓

Generating standard point for R0=2.0, sigma=0.9
  Standard point (raw): [12.13043478  7.33797314 -0.360517    6.24693943]
  Reproducible: True ✓

Generating standard point for R0=2.3, sigma=0.9
  Standard point (raw): [19.86956522 14.84558198 -0.44921923  7.90621443]
  Reproducible: True ✓

Generating standard point for R0=2.5, sigma=0.9
  Standard point (raw): [11.47826087  9.55781244 -0.32652632  5.33763838]
  Reproducible: True ✓

Generating standard point for R0=3.0, sigma=0.9
  Standard point (raw): [17.13043478 11.2988509  -0.3991804   6.28774466]
  Reproducible: True ✓

Generating standard point for R0=3.2, sigma=0.9
  Standard point (raw): [21.30434783 20.75930193 -0.36781563  5.75625811]
  Reproducible: True ✓

======================================================================
ALL STANDARD POINTS
======================================================================
 R0  sigma  avg_prev_obs  var_prev_obs  avg_npmi_obs  div_all_isolates_obs
0.0    0.0      9.565217      7.063518     -0.595277             18.333333
1.1    0.8      1.043478      1.330696     -0.137527              2.845361
1.3    0.8      1.913043      2.087039     -0.135892              1.979079
1.5    0.8      4.521739      4.822952     -0.301938              2.546838
1.8    0.8      8.086957      7.531226     -0.218051              4.094479
2.0    0.8     15.956522     14.464622     -0.378211              7.105480
2.3    0.8     15.086957     15.991228     -0.399198              3.836582
2.5    0.8     18.913043     15.305712     -0.454290              6.978782
3.0    0.8     32.173913     25.853876     -0.418900              7.588111
3.2    0.8     27.000000     17.632614     -0.367535              8.026266
1.1    0.9      0.956522      1.223938     -0.094077              1.941176
1.3    0.9      1.869565      1.816699     -0.219311              3.407547
1.5    0.9      3.304348      1.987113     -0.301284              3.735256
1.8    0.9     12.521739      9.591045     -0.443348              6.786207
2.0    0.9     12.130435      7.337973     -0.360517              6.246939
2.3    0.9     19.869565     14.845582     -0.449219              7.906214
2.5    0.9     11.478261      9.557812     -0.326526              5.337638
3.0    0.9     17.130435     11.298851     -0.399180              6.287745
3.2    0.9     21.304348     20.759302     -0.367816              5.756258

✓ Saved to: ../../experimental_data/from_260528/standard_points.csv

======================================================================
EXAMPLE: R0=2.5, sigma=0.8
======================================================================
Standard point (raw values):
  avg_prev_obs:         18.91304348
  var_prev_obs:         15.30571208
  avg_npmi_obs:         -0.45428967
  div_all_isolates_obs: 6.97878161

As tuple for copy-paste:
standard_point = (18.91304348, 15.30571208, -0.45428967, 6.97878161)

⏱️  Elapsed: 276.65 seconds
======================================================================
