nohup: ignoring input
Shape: (42, 23)
======================================================================
GENERATING STANDARD POINTS
======================================================================
These summary stats from the actual observations.
  Standard point (raw): [ 9.56521739  7.06351758 -0.59527674 18.33333333]

Generating standard point for R0=1.1, sigma=0.8
  Standard point (raw): [ 1.          1.16774842 -0.17872582  2.18103448]
  Reproducible: True ✓

Generating standard point for R0=1.3, sigma=0.8
  Standard point (raw): [ 1.91304348  2.39151993 -0.13662446  1.7168784 ]
  Reproducible: True ✓

Generating standard point for R0=1.5, sigma=0.8
  Standard point (raw): [ 5.26086957  3.88724477 -0.21624274  4.0266223 ]
  Reproducible: True ✓

Generating standard point for R0=1.8, sigma=0.8
  Standard point (raw): [12.60869565  8.74247276 -0.2892821   5.39526201]
  Reproducible: True ✓

Generating standard point for R0=2.0, sigma=0.8
  Standard point (raw): [11.73913043  9.59743049 -0.33204637  4.97125257]
  Reproducible: True ✓

Generating standard point for R0=2.3, sigma=0.8
  Standard point (raw): [13.08695652 12.41667883 -0.29982795  3.41734787]
  Reproducible: True ✓

Generating standard point for R0=2.5, sigma=0.8
  Standard point (raw): [13.08695652 10.24212799 -0.25862161  3.95705521]
  Reproducible: True ✓

Generating standard point for R0=3.0, sigma=0.8
  Standard point (raw): [29.69565217 20.04412129 -0.45776121  8.96677447]
  Reproducible: True ✓

Generating standard point for R0=3.2, sigma=0.8
  Standard point (raw): [30.39130435 23.80362679 -0.47060198  6.72931149]
  Reproducible: True ✓

Generating standard point for R0=1.1, sigma=0.9
  Standard point (raw): [ 1.86956522  2.00690508 -0.26465693  2.24069479]
  Reproducible: True ✓

Generating standard point for R0=1.3, sigma=0.9
  Standard point (raw): [ 0.65217391  0.88465174 -0.09407666  1.90909091]
  Reproducible: True ✓

Generating standard point for R0=1.5, sigma=0.9
  Standard point (raw): [ 5.          3.03015151 -0.29354793  4.14348925]
  Reproducible: True ✓

Generating standard point for R0=1.8, sigma=0.9
  Standard point (raw): [11.65217391 13.94667994 -0.41575864  5.90590954]
  Reproducible: True ✓

Generating standard point for R0=2.0, sigma=0.9
  Standard point (raw): [ 8.47826087  9.07979558 -0.29682051  4.67614339]
  Reproducible: True ✓

Generating standard point for R0=2.3, sigma=0.9
  Standard point (raw): [17.08695652 14.23476233 -0.39280357  7.43800695]
  Reproducible: True ✓

Generating standard point for R0=2.5, sigma=0.9
  Standard point (raw): [15.56521739 15.82525624 -0.28772515  5.53752166]
  Reproducible: True ✓

Generating standard point for R0=3.0, sigma=0.9
  Standard point (raw): [ 9.30434783 11.14546293 -0.26312026  3.11394999]
  Reproducible: True ✓

Generating standard point for R0=3.2, sigma=0.9
  Standard point (raw): [17.91304348 17.04782856 -0.41778987  7.12496844]
  Reproducible: True ✓

======================================================================
ALL STANDARD POINTS
======================================================================
 R0  sigma  avg_prev_obs  var_prev_obs  avg_npmi_obs  div_all_isolates_obs
0.0    0.0      9.565217      7.063518     -0.595277             18.333333
1.1    0.8      1.000000      1.167748     -0.178726              2.181034
1.3    0.8      1.913043      2.391520     -0.136624              1.716878
1.5    0.8      5.260870      3.887245     -0.216243              4.026622
1.8    0.8     12.608696      8.742473     -0.289282              5.395262
2.0    0.8     11.739130      9.597430     -0.332046              4.971253
2.3    0.8     13.086957     12.416679     -0.299828              3.417348
2.5    0.8     13.086957     10.242128     -0.258622              3.957055
3.0    0.8     29.695652     20.044121     -0.457761              8.966774
3.2    0.8     30.391304     23.803627     -0.470602              6.729311
1.1    0.9      1.869565      2.006905     -0.264657              2.240695
1.3    0.9      0.652174      0.884652     -0.094077              1.909091
1.5    0.9      5.000000      3.030152     -0.293548              4.143489
1.8    0.9     11.652174     13.946680     -0.415759              5.905910
2.0    0.9      8.478261      9.079796     -0.296821              4.676143
2.3    0.9     17.086957     14.234762     -0.392804              7.438007
2.5    0.9     15.565217     15.825256     -0.287725              5.537522
3.0    0.9      9.304348     11.145463     -0.263120              3.113950
3.2    0.9     17.913043     17.047829     -0.417790              7.124968

✓ Saved to: ../../experimental_data/from_260528/standard_points_seed1690.csv

======================================================================
EXAMPLE: R0=2.5, sigma=0.8
======================================================================
Standard point (raw values):
  avg_prev_obs:         13.08695652
  var_prev_obs:         10.24212799
  avg_npmi_obs:         -0.25862161
  div_all_isolates_obs: 3.95705521

As tuple for copy-paste:
standard_point = (13.08695652, 10.24212799, -0.25862161, 3.95705521)

⏱️  Elapsed: 276.89 seconds
======================================================================
