nohup: ignoring input
Shape: (42, 23)
======================================================================
GENERATING STANDARD POINTS
======================================================================
These summary stats from the actual observations.
  Standard point (raw): [ 9.56521739  7.06351758 -0.59527674 18.33333333]

Generating standard point for R0=1.1, sigma=0.8
  Standard point (raw): [ 0.30434783  0.76484001 -0.13801055  2.1       ]
  Reproducible: True ✓

Generating standard point for R0=1.3, sigma=0.8
  Standard point (raw): [ 2.7826087   2.50375213 -0.1794234   2.43478261]
  Reproducible: True ✓

Generating standard point for R0=1.5, sigma=0.8
  Standard point (raw): [ 6.52173913  4.29449505 -0.25303878  4.71518987]
  Reproducible: True ✓

Generating standard point for R0=1.8, sigma=0.8
  Standard point (raw): [ 5.30434783  4.66549016 -0.13733734  2.05598886]
  Reproducible: True ✓

Generating standard point for R0=2.0, sigma=0.8
  Standard point (raw): [ 6.43478261  4.39861638 -0.21732865  2.74005038]
  Reproducible: True ✓

Generating standard point for R0=2.3, sigma=0.8
  Standard point (raw): [14.13043478 12.89927534 -0.39276914  4.59063563]
  Reproducible: True ✓

Generating standard point for R0=2.5, sigma=0.8
  Standard point (raw): [23.7826087  16.69500884 -0.37868076  7.25365522]
  Reproducible: True ✓

Generating standard point for R0=3.0, sigma=0.8
  Standard point (raw): [28.17391304 24.32105742 -0.38196838  7.41625982]
  Reproducible: True ✓

Generating standard point for R0=3.2, sigma=0.8
  Standard point (raw): [29.26086957 21.09333671 -0.47569599  7.16524605]
  Reproducible: True ✓

Generating standard point for R0=1.1, sigma=0.9
  Standard point (raw): [ 0.86956522  1.45553326 -0.09407666  1.11111111]
  Reproducible: True ✓

Generating standard point for R0=1.3, sigma=0.9
  Standard point (raw): [ 3.39130435  3.83452178 -0.21187175  4.19413408]
  Reproducible: True ✓

Generating standard point for R0=1.5, sigma=0.9
  Standard point (raw): [ 5.17391304  3.53748979 -0.29255286  3.38687892]
  Reproducible: True ✓

Generating standard point for R0=1.8, sigma=0.9
  Standard point (raw): [12.91304348  7.46454068 -0.34760535  6.66302865]
  Reproducible: True ✓

Generating standard point for R0=2.0, sigma=0.9
  Standard point (raw): [ 9.26086957  5.60208883 -0.36121084  5.70295529]
  Reproducible: True ✓

Generating standard point for R0=2.3, sigma=0.9
  Standard point (raw): [17.95652174 12.94561442 -0.39360872  6.72181402]
  Reproducible: True ✓

Generating standard point for R0=2.5, sigma=0.9
  Standard point (raw): [12.13043478 11.43083687 -0.26216319  4.54322868]
  Reproducible: True ✓

Generating standard point for R0=3.0, sigma=0.9
  Standard point (raw): [26.69565217 20.21123626 -0.48408802  9.67811777]
  Reproducible: True ✓

Generating standard point for R0=3.2, sigma=0.9
  Standard point (raw): [19.04347826 19.33080034 -0.41923743  6.22580016]
  Reproducible: True ✓

======================================================================
ALL STANDARD POINTS
======================================================================
 R0  sigma  avg_prev_obs  var_prev_obs  avg_npmi_obs  div_all_isolates_obs
0.0    0.0      9.565217      7.063518     -0.595277             18.333333
1.1    0.8      0.304348      0.764840     -0.138011              2.100000
1.3    0.8      2.782609      2.503752     -0.179423              2.434783
1.5    0.8      6.521739      4.294495     -0.253039              4.715190
1.8    0.8      5.304348      4.665490     -0.137337              2.055989
2.0    0.8      6.434783      4.398616     -0.217329              2.740050
2.3    0.8     14.130435     12.899275     -0.392769              4.590636
2.5    0.8     23.782609     16.695009     -0.378681              7.253655
3.0    0.8     28.173913     24.321057     -0.381968              7.416260
3.2    0.8     29.260870     21.093337     -0.475696              7.165246
1.1    0.9      0.869565      1.455533     -0.094077              1.111111
1.3    0.9      3.391304      3.834522     -0.211872              4.194134
1.5    0.9      5.173913      3.537490     -0.292553              3.386879
1.8    0.9     12.913043      7.464541     -0.347605              6.663029
2.0    0.9      9.260870      5.602089     -0.361211              5.702955
2.3    0.9     17.956522     12.945614     -0.393609              6.721814
2.5    0.9     12.130435     11.430837     -0.262163              4.543229
3.0    0.9     26.695652     20.211236     -0.484088              9.678118
3.2    0.9     19.043478     19.330800     -0.419237              6.225800

✓ Saved to: ../../experimental_data/from_260528/standard_points_seed1267.csv

======================================================================
EXAMPLE: R0=2.5, sigma=0.8
======================================================================
Standard point (raw values):
  avg_prev_obs:         23.78260870
  var_prev_obs:         16.69500884
  avg_npmi_obs:         -0.37868076
  div_all_isolates_obs: 7.25365522

As tuple for copy-paste:
standard_point = (23.78260870, 16.69500884, -0.37868076, 7.25365522)

⏱️  Elapsed: 275.87 seconds
======================================================================
