nohup: ignoring input
Done. Results saved to '../../experimental_data/from_260528/dists_sigma0p8_R01p8_seed1690_recal.csv'.
Loading data...
✓ Loaded 998,493 samples

Using MANUAL color scale: [0.000850, 0.015000]

Percentile 10%: 99,850 samples
  Threshold: 0.048457
  Distance range: [0.001253, 0.048457]
Percentile 5%: 49,925 samples
  Threshold: 0.034326
  Distance range: [0.001253, 0.034325]
Percentile 4%: 39,940 samples
  Threshold: 0.031229
  Distance range: [0.001253, 0.031228]
Percentile 3%: 29,955 samples
  Threshold: 0.028020
  Distance range: [0.001253, 0.028019]
Percentile 2%: 19,970 samples
  Threshold: 0.024419
  Distance range: [0.001253, 0.024418]
Percentile 1%: 9,985 samples
  Threshold: 0.019610
  Distance range: [0.001253, 0.019610]
scatter_plots_for_sigma0p8_R01p8_seed1690.py:576: UserWarning: This figure includes Axes that are not compatible with tight_layout, so results might be incorrect.
  plt.tight_layout(rect=[0, 0, 0.92, 0.96])

✓ Saved to: ../../figures/from_260528/ppc/sigma0p8/R01p8_seed1690/ABC_Posterior__Distance_Colored1.png
Loading data...
✓ Loaded 998,493 samples

Using MANUAL color scale: [0.000850, 0.015000]

Percentile 2%: 19,970 samples
  Threshold: 0.024419
  Distance range: [0.001253, 0.024418]
Percentile 1%: 9,985 samples
  Threshold: 0.019610
  Distance range: [0.001253, 0.019610]
Percentile 0.5%: 4,993 samples
  Threshold: 0.016180
  Distance range: [0.001253, 0.016179]
Percentile 0.1%: 999 samples
  Threshold: 0.010711
  Distance range: [0.001253, 0.010709]
Percentile 0.05%: 500 samples
  Threshold: 0.008795
  Distance range: [0.001253, 0.008795]
Percentile 0.01%: 100 samples
  Threshold: 0.005323
  Distance range: [0.001253, 0.005313]
scatter_plots_for_sigma0p8_R01p8_seed1690.py:576: UserWarning: This figure includes Axes that are not compatible with tight_layout, so results might be incorrect.
  plt.tight_layout(rect=[0, 0, 0.92, 0.96])

✓ Saved to: ../../figures/from_260528/ppc/sigma0p8/R01p8_seed1690/ABC_Posterior__Distance_Colored.png
Loading data...
✓ Loaded 998,493 samples
  Distance range: [0.001253, 0.778686]

Percentile 1%:
  Threshold: 0.019610
  Selected: 9,985 samples (1.00%)
  Distance range of selected: [0.001253, 0.019610]

✓ Saved to: ../../figures/from_260528/ppc/sigma0p8/R01p8_seed1690/ABC_Posterior__Top_1%_p1.png
Loading data...
✓ Loaded 998,493 samples
  Distance range: [0.001253, 0.778686]

Percentile 0.1%:
  Threshold: 0.010711
  Selected: 999 samples (0.10%)
  Distance range of selected: [0.001253, 0.010709]

✓ Saved to: ../../figures/from_260528/ppc/sigma0p8/R01p8_seed1690/ABC_Posterior__Top_0.1%_p0.1.png
Loading data...
✓ Loaded 998,493 samples
  Distance range: [0.001253, 0.778686]

Percentile 0.05%:
  Threshold: 0.008795
  Selected: 500 samples (0.05%)
  Distance range of selected: [0.001253, 0.008795]

✓ Saved to: ../../figures/from_260528/ppc/sigma0p8/R01p8_seed1690/ABC_Posterior__Top_0.05%_p0.05.png
Loading data...
✓ Loaded 998,493 samples
  Distance range: [0.001253, 0.778686]

Percentile 0.01%:
  Threshold: 0.005323
  Selected: 100 samples (0.01%)
  Distance range of selected: [0.001253, 0.005313]

✓ Saved to: ../../figures/from_260528/ppc/sigma0p8/R01p8_seed1690/ABC_Posterior__Top_0.01%_p0.01.png
Percentile 1%: 9,985 samples selected
✓ Saved to: ../../figures/from_260528/ppc/sigma0p8/R01p8_seed1690/ABC_Posterior__R0=1.8,_sigma=0.8_kde_p1.png
Loaded 998,493 samples
Percentile 2%: 19,970 samples
Percentile 1%: 9,985 samples
Percentile 0.5%: 4,993 samples
Percentile 0.1%: 999 samples
Percentile 0.05%: 500 samples
Percentile 0.01%: 100 samples

✓ Saved to: ../../figures/from_260528/ppc/sigma0p8/R01p8_seed1690/ABC_Posterior_Evolution__R0=1.8,_sigma=0.8_kde_multi.png

✅ All plots generated successfully!
