nohup: ignoring input
Done. Results saved to '../../experimental_data/from_260528/dists_sigma0p9_R02p0_seed1234_recal.csv'.
Loading data...
✓ Loaded 998,493 samples

Using MANUAL color scale: [0.000850, 0.015000]

Percentile 10%: 99,850 samples
  Threshold: 0.046012
  Distance range: [0.000910, 0.046012]
Percentile 5%: 49,925 samples
  Threshold: 0.032872
  Distance range: [0.000910, 0.032872]
Percentile 4%: 39,940 samples
  Threshold: 0.029881
  Distance range: [0.000910, 0.029881]
Percentile 3%: 29,955 samples
  Threshold: 0.026590
  Distance range: [0.000910, 0.026590]
Percentile 2%: 19,970 samples
  Threshold: 0.022915
  Distance range: [0.000910, 0.022915]
Percentile 1%: 9,985 samples
  Threshold: 0.017602
  Distance range: [0.000910, 0.017602]
scatter_plots_for_sigma0p9_R02p0_seed1234.py:576: UserWarning: This figure includes Axes that are not compatible with tight_layout, so results might be incorrect.
  plt.tight_layout(rect=[0, 0, 0.92, 0.96])

✓ Saved to: ../../figures/from_260528/ppc/sigma0p9/R02p0_seed1234/ABC_Posterior__Distance_Colored1.png
Loading data...
✓ Loaded 998,493 samples

Using MANUAL color scale: [0.000850, 0.015000]

Percentile 2%: 19,970 samples
  Threshold: 0.022915
  Distance range: [0.000910, 0.022915]
Percentile 1%: 9,985 samples
  Threshold: 0.017602
  Distance range: [0.000910, 0.017602]
Percentile 0.5%: 4,993 samples
  Threshold: 0.014049
  Distance range: [0.000910, 0.014049]
Percentile 0.1%: 999 samples
  Threshold: 0.008813
  Distance range: [0.000910, 0.008811]
Percentile 0.05%: 500 samples
  Threshold: 0.006744
  Distance range: [0.000910, 0.006742]
Percentile 0.01%: 100 samples
  Threshold: 0.003834
  Distance range: [0.000910, 0.003831]
scatter_plots_for_sigma0p9_R02p0_seed1234.py:576: UserWarning: This figure includes Axes that are not compatible with tight_layout, so results might be incorrect.
  plt.tight_layout(rect=[0, 0, 0.92, 0.96])

✓ Saved to: ../../figures/from_260528/ppc/sigma0p9/R02p0_seed1234/ABC_Posterior__Distance_Colored.png
Loading data...
✓ Loaded 998,493 samples
  Distance range: [0.000910, 0.845956]

Percentile 1%:
  Threshold: 0.017602
  Selected: 9,985 samples (1.00%)
  Distance range of selected: [0.000910, 0.017602]

✓ Saved to: ../../figures/from_260528/ppc/sigma0p9/R02p0_seed1234/ABC_Posterior__Top_1%_p1.png
Loading data...
✓ Loaded 998,493 samples
  Distance range: [0.000910, 0.845956]

Percentile 0.1%:
  Threshold: 0.008813
  Selected: 999 samples (0.10%)
  Distance range of selected: [0.000910, 0.008811]

✓ Saved to: ../../figures/from_260528/ppc/sigma0p9/R02p0_seed1234/ABC_Posterior__Top_0.1%_p0.1.png
Loading data...
✓ Loaded 998,493 samples
  Distance range: [0.000910, 0.845956]

Percentile 0.05%:
  Threshold: 0.006744
  Selected: 500 samples (0.05%)
  Distance range of selected: [0.000910, 0.006742]

✓ Saved to: ../../figures/from_260528/ppc/sigma0p9/R02p0_seed1234/ABC_Posterior__Top_0.05%_p0.05.png
Loading data...
✓ Loaded 998,493 samples
  Distance range: [0.000910, 0.845956]

Percentile 0.01%:
  Threshold: 0.003834
  Selected: 100 samples (0.01%)
  Distance range of selected: [0.000910, 0.003831]

✓ Saved to: ../../figures/from_260528/ppc/sigma0p9/R02p0_seed1234/ABC_Posterior__Top_0.01%_p0.01.png
Percentile 1%: 9,985 samples selected
✓ Saved to: ../../figures/from_260528/ppc/sigma0p9/R02p0_seed1234/ABC_Posterior__R0=2.0,_sigma=0.9_kde_p1.png
Loaded 998,493 samples
Percentile 2%: 19,970 samples
Percentile 1%: 9,985 samples
Percentile 0.5%: 4,993 samples
Percentile 0.1%: 999 samples
Percentile 0.05%: 500 samples
Percentile 0.01%: 100 samples

✓ Saved to: ../../figures/from_260528/ppc/sigma0p9/R02p0_seed1234/ABC_Posterior_Evolution__R0=2.0,_sigma=0.9_kde_multi.png

✅ All plots generated successfully!
