nohup: ignoring input
Done. Results saved to '../../experimental_data/from_260528/dists_sigma0p8_R01p5_recal.csv'.
Loading data...
✓ Loaded 998,493 samples

Using MANUAL color scale: [0.000850, 0.015000]

Percentile 10%: 99,850 samples
  Threshold: 0.040622
  Distance range: [0.000906, 0.040622]
Percentile 5%: 49,925 samples
  Threshold: 0.028690
  Distance range: [0.000906, 0.028690]
Percentile 4%: 39,940 samples
  Threshold: 0.026329
  Distance range: [0.000906, 0.026328]
Percentile 3%: 29,955 samples
  Threshold: 0.023741
  Distance range: [0.000906, 0.023741]
Percentile 2%: 19,970 samples
  Threshold: 0.020394
  Distance range: [0.000906, 0.020394]
Percentile 1%: 9,985 samples
  Threshold: 0.016497
  Distance range: [0.000906, 0.016496]
scatter_plots_for_sigma0p8_R01p5.py:576: UserWarning: This figure includes Axes that are not compatible with tight_layout, so results might be incorrect.
  plt.tight_layout(rect=[0, 0, 0.92, 0.96])

✓ Saved to: ../../figures/from_260528/ppc/sigma0p8/R01p5/ABC_Posterior__Distance_Colored1.png
Loading data...
✓ Loaded 998,493 samples

Using MANUAL color scale: [0.000850, 0.015000]

Percentile 2%: 19,970 samples
  Threshold: 0.020394
  Distance range: [0.000906, 0.020394]
Percentile 1%: 9,985 samples
  Threshold: 0.016497
  Distance range: [0.000906, 0.016496]
Percentile 0.5%: 4,993 samples
  Threshold: 0.013834
  Distance range: [0.000906, 0.013833]
Percentile 0.1%: 999 samples
  Threshold: 0.008760
  Distance range: [0.000906, 0.008760]
Percentile 0.05%: 500 samples
  Threshold: 0.006917
  Distance range: [0.000906, 0.006914]
Percentile 0.01%: 100 samples
  Threshold: 0.004059
  Distance range: [0.000906, 0.004055]
scatter_plots_for_sigma0p8_R01p5.py:576: UserWarning: This figure includes Axes that are not compatible with tight_layout, so results might be incorrect.
  plt.tight_layout(rect=[0, 0, 0.92, 0.96])

✓ Saved to: ../../figures/from_260528/ppc/sigma0p8/R01p5/ABC_Posterior__Distance_Colored.png
Loading data...
✓ Loaded 998,493 samples
  Distance range: [0.000906, 0.899038]

Percentile 1%:
  Threshold: 0.016497
  Selected: 9,985 samples (1.00%)
  Distance range of selected: [0.000906, 0.016496]

✓ Saved to: ../../figures/from_260528/ppc/sigma0p8/R01p5/ABC_Posterior__Top_1%_p1.png
Loading data...
✓ Loaded 998,493 samples
  Distance range: [0.000906, 0.899038]

Percentile 0.1%:
  Threshold: 0.008760
  Selected: 999 samples (0.10%)
  Distance range of selected: [0.000906, 0.008760]

✓ Saved to: ../../figures/from_260528/ppc/sigma0p8/R01p5/ABC_Posterior__Top_0.1%_p0.1.png
Loading data...
✓ Loaded 998,493 samples
  Distance range: [0.000906, 0.899038]

Percentile 0.05%:
  Threshold: 0.006917
  Selected: 500 samples (0.05%)
  Distance range of selected: [0.000906, 0.006914]

✓ Saved to: ../../figures/from_260528/ppc/sigma0p8/R01p5/ABC_Posterior__Top_0.05%_p0.05.png
Loading data...
✓ Loaded 998,493 samples
  Distance range: [0.000906, 0.899038]

Percentile 0.01%:
  Threshold: 0.004059
  Selected: 100 samples (0.01%)
  Distance range of selected: [0.000906, 0.004055]

✓ Saved to: ../../figures/from_260528/ppc/sigma0p8/R01p5/ABC_Posterior__Top_0.01%_p0.01.png
Percentile 1%: 9,985 samples selected
✓ Saved to: ../../figures/from_260528/ppc/sigma0p8/R01p5/ABC_Posterior__R0=1.5,_sigma=0.8_kde_p1.png
Loaded 998,493 samples
Percentile 2%: 19,970 samples
Percentile 1%: 9,985 samples
Percentile 0.5%: 4,993 samples
Percentile 0.1%: 999 samples
Percentile 0.05%: 500 samples
Percentile 0.01%: 100 samples

✓ Saved to: ../../figures/from_260528/ppc/sigma0p8/R01p5/ABC_Posterior_Evolution__R0=1.5,_sigma=0.8_kde_multi.png

✅ All plots generated successfully!
