nohup: ignoring input
Done. Results saved to '../../experimental_data/from_260528/dists_sigma0p8_R01p1_recal.csv'.
Loading data...
✓ Loaded 998,493 samples

Using MANUAL color scale: [0.000850, 0.015000]

Percentile 10%: 99,850 samples
  Threshold: 0.040262
  Distance range: [0.000722, 0.040262]
Percentile 5%: 50,166 samples
  Threshold: 0.019416
  Distance range: [0.000722, 0.019416]
Percentile 4%: 40,261 samples
  Threshold: 0.018148
  Distance range: [0.000722, 0.018148]
Percentile 3%: 29,955 samples
  Threshold: 0.016517
  Distance range: [0.000722, 0.016517]
Percentile 2%: 19,970 samples
  Threshold: 0.014396
  Distance range: [0.000722, 0.014395]
Percentile 1%: 9,985 samples
  Threshold: 0.009846
  Distance range: [0.000722, 0.009844]
scatter_plots_for_sigma0p8_R01p1.py:576: UserWarning: This figure includes Axes that are not compatible with tight_layout, so results might be incorrect.
  plt.tight_layout(rect=[0, 0, 0.92, 0.96])

✓ Saved to: ../../figures/from_260528/ppc/sigma0p8/R01p1/ABC_Posterior__Distance_Colored1.png
Loading data...
✓ Loaded 998,493 samples

Using MANUAL color scale: [0.000850, 0.015000]

Percentile 2%: 19,970 samples
  Threshold: 0.014396
  Distance range: [0.000722, 0.014395]
Percentile 1%: 9,985 samples
  Threshold: 0.009846
  Distance range: [0.000722, 0.009844]
Percentile 0.5%: 4,993 samples
  Threshold: 0.007499
  Distance range: [0.000722, 0.007499]
Percentile 0.1%: 999 samples
  Threshold: 0.004290
  Distance range: [0.000722, 0.004289]
Percentile 0.05%: 500 samples
  Threshold: 0.003380
  Distance range: [0.000722, 0.003380]
Percentile 0.01%: 100 samples
  Threshold: 0.002034
  Distance range: [0.000722, 0.002029]
scatter_plots_for_sigma0p8_R01p1.py:576: UserWarning: This figure includes Axes that are not compatible with tight_layout, so results might be incorrect.
  plt.tight_layout(rect=[0, 0, 0.92, 0.96])

✓ Saved to: ../../figures/from_260528/ppc/sigma0p8/R01p1/ABC_Posterior__Distance_Colored.png
Loading data...
✓ Loaded 998,493 samples
  Distance range: [0.000722, 0.932554]

Percentile 1%:
  Threshold: 0.009846
  Selected: 9,985 samples (1.00%)
  Distance range of selected: [0.000722, 0.009844]

✓ Saved to: ../../figures/from_260528/ppc/sigma0p8/R01p1/ABC_Posterior__Top_1%_p1.png
Loading data...
✓ Loaded 998,493 samples
  Distance range: [0.000722, 0.932554]

Percentile 0.1%:
  Threshold: 0.004290
  Selected: 999 samples (0.10%)
  Distance range of selected: [0.000722, 0.004289]

✓ Saved to: ../../figures/from_260528/ppc/sigma0p8/R01p1/ABC_Posterior__Top_0.1%_p0.1.png
Loading data...
✓ Loaded 998,493 samples
  Distance range: [0.000722, 0.932554]

Percentile 0.05%:
  Threshold: 0.003380
  Selected: 500 samples (0.05%)
  Distance range of selected: [0.000722, 0.003380]

✓ Saved to: ../../figures/from_260528/ppc/sigma0p8/R01p1/ABC_Posterior__Top_0.05%_p0.05.png
Loading data...
✓ Loaded 998,493 samples
  Distance range: [0.000722, 0.932554]

Percentile 0.01%:
  Threshold: 0.002034
  Selected: 100 samples (0.01%)
  Distance range of selected: [0.000722, 0.002029]

✓ Saved to: ../../figures/from_260528/ppc/sigma0p8/R01p1/ABC_Posterior__Top_0.01%_p0.01.png
Percentile 1%: 9,985 samples selected
✓ Saved to: ../../figures/from_260528/ppc/sigma0p8/R01p1/ABC_Posterior__R0=1.1,_sigma=0.8_kde_p1.png
Loaded 998,493 samples
Percentile 2%: 19,970 samples
Percentile 1%: 9,985 samples
Percentile 0.5%: 4,993 samples
Percentile 0.1%: 999 samples
Percentile 0.05%: 500 samples
Percentile 0.01%: 100 samples

✓ Saved to: ../../figures/from_260528/ppc/sigma0p8/R01p1/ABC_Posterior_Evolution__R0=1.1,_sigma=0.8_kde_multi.png

✅ All plots generated successfully!
