nohup: ignoring input
Done. Results saved to '../../experimental_data/from_260528/dists_sigma0p9_R02p0_seed1314_recal.csv'.
Loading data...
✓ Loaded 998,493 samples

Using MANUAL color scale: [0.000850, 0.015000]

Percentile 10%: 99,850 samples
  Threshold: 0.053138
  Distance range: [0.001710, 0.053138]
Percentile 5%: 49,925 samples
  Threshold: 0.038051
  Distance range: [0.001710, 0.038051]
Percentile 4%: 39,940 samples
  Threshold: 0.034427
  Distance range: [0.001710, 0.034427]
Percentile 3%: 29,955 samples
  Threshold: 0.031054
  Distance range: [0.001710, 0.031054]
Percentile 2%: 19,970 samples
  Threshold: 0.025207
  Distance range: [0.001710, 0.025207]
Percentile 1%: 9,985 samples
  Threshold: 0.019221
  Distance range: [0.001710, 0.019221]
scatter_plots_for_sigma0p9_R02p0_seed1314.py:576: UserWarning: This figure includes Axes that are not compatible with tight_layout, so results might be incorrect.
  plt.tight_layout(rect=[0, 0, 0.92, 0.96])

✓ Saved to: ../../figures/from_260528/ppc/sigma0p9/R02p0_seed1314/ABC_Posterior__Distance_Colored1.png
Loading data...
✓ Loaded 998,493 samples

Using MANUAL color scale: [0.000850, 0.015000]

Percentile 2%: 19,970 samples
  Threshold: 0.025207
  Distance range: [0.001710, 0.025207]
Percentile 1%: 9,985 samples
  Threshold: 0.019221
  Distance range: [0.001710, 0.019221]
Percentile 0.5%: 4,993 samples
  Threshold: 0.015427
  Distance range: [0.001710, 0.015427]
Percentile 0.1%: 999 samples
  Threshold: 0.007901
  Distance range: [0.001710, 0.007900]
Percentile 0.05%: 500 samples
  Threshold: 0.006178
  Distance range: [0.001710, 0.006174]
Percentile 0.01%: 100 samples
  Threshold: 0.003889
  Distance range: [0.001710, 0.003885]
scatter_plots_for_sigma0p9_R02p0_seed1314.py:576: UserWarning: This figure includes Axes that are not compatible with tight_layout, so results might be incorrect.
  plt.tight_layout(rect=[0, 0, 0.92, 0.96])

✓ Saved to: ../../figures/from_260528/ppc/sigma0p9/R02p0_seed1314/ABC_Posterior__Distance_Colored.png
Loading data...
✓ Loaded 998,493 samples
  Distance range: [0.001710, 0.836818]

Percentile 1%:
  Threshold: 0.019221
  Selected: 9,985 samples (1.00%)
  Distance range of selected: [0.001710, 0.019221]

✓ Saved to: ../../figures/from_260528/ppc/sigma0p9/R02p0_seed1314/ABC_Posterior__Top_1%_p1.png
Loading data...
✓ Loaded 998,493 samples
  Distance range: [0.001710, 0.836818]

Percentile 0.1%:
  Threshold: 0.007901
  Selected: 999 samples (0.10%)
  Distance range of selected: [0.001710, 0.007900]

✓ Saved to: ../../figures/from_260528/ppc/sigma0p9/R02p0_seed1314/ABC_Posterior__Top_0.1%_p0.1.png
Loading data...
✓ Loaded 998,493 samples
  Distance range: [0.001710, 0.836818]

Percentile 0.05%:
  Threshold: 0.006178
  Selected: 500 samples (0.05%)
  Distance range of selected: [0.001710, 0.006174]

✓ Saved to: ../../figures/from_260528/ppc/sigma0p9/R02p0_seed1314/ABC_Posterior__Top_0.05%_p0.05.png
Loading data...
✓ Loaded 998,493 samples
  Distance range: [0.001710, 0.836818]

Percentile 0.01%:
  Threshold: 0.003889
  Selected: 100 samples (0.01%)
  Distance range of selected: [0.001710, 0.003885]

✓ Saved to: ../../figures/from_260528/ppc/sigma0p9/R02p0_seed1314/ABC_Posterior__Top_0.01%_p0.01.png
Percentile 1%: 9,985 samples selected
✓ Saved to: ../../figures/from_260528/ppc/sigma0p9/R02p0_seed1314/ABC_Posterior__R0=2.0,_sigma=0.9_kde_p1.png
Loaded 998,493 samples
Percentile 2%: 19,970 samples
Percentile 1%: 9,985 samples
Percentile 0.5%: 4,993 samples
Percentile 0.1%: 999 samples
Percentile 0.05%: 500 samples
Percentile 0.01%: 100 samples

✓ Saved to: ../../figures/from_260528/ppc/sigma0p9/R02p0_seed1314/ABC_Posterior_Evolution__R0=2.0,_sigma=0.9_kde_multi.png

✅ All plots generated successfully!
