nohup: ignoring input
Done. Results saved to '../../experimental_data/from_260528/dists_sigma0p8_R01p1_seed1314_recal.csv'.
Loading data...
✓ Loaded 998,493 samples

Using MANUAL color scale: [0.000850, 0.015000]

Percentile 10%: 99,850 samples
  Threshold: 0.053594
  Distance range: [0.000000, 0.053593]
Percentile 5%: 49,925 samples
  Threshold: 0.029385
  Distance range: [0.000000, 0.029384]
Percentile 4%: 39,940 samples
  Threshold: 0.026785
  Distance range: [0.000000, 0.026784]
Percentile 3%: 29,955 samples
  Threshold: 0.018821
  Distance range: [0.000000, 0.018819]
Percentile 2%: 19,995 samples
  Threshold: 0.015667
  Distance range: [0.000000, 0.015667]
Percentile 1%: 9,989 samples
  Threshold: 0.011803
  Distance range: [0.000000, 0.011803]
scatter_plots_for_sigma0p8_R01p1_seed1314.py:576: UserWarning: This figure includes Axes that are not compatible with tight_layout, so results might be incorrect.
  plt.tight_layout(rect=[0, 0, 0.92, 0.96])

✓ Saved to: ../../figures/from_260528/ppc/sigma0p8/R01p1_seed1314/ABC_Posterior__Distance_Colored1.png
Loading data...
✓ Loaded 998,493 samples

Using MANUAL color scale: [0.000850, 0.015000]

Percentile 2%: 19,995 samples
  Threshold: 0.015667
  Distance range: [0.000000, 0.015667]
Percentile 1%: 9,989 samples
  Threshold: 0.011803
  Distance range: [0.000000, 0.011803]
Percentile 0.5%: 4,993 samples
  Threshold: 0.006097
  Distance range: [0.000000, 0.006095]
Percentile 0.1%: 1,790 samples
  Threshold: 0.000000
  Distance range: [0.000000, 0.000000]
Percentile 0.05%: 1,790 samples
  Threshold: 0.000000
  Distance range: [0.000000, 0.000000]
Percentile 0.01%: 1,790 samples
  Threshold: 0.000000
  Distance range: [0.000000, 0.000000]
scatter_plots_for_sigma0p8_R01p1_seed1314.py:576: UserWarning: This figure includes Axes that are not compatible with tight_layout, so results might be incorrect.
  plt.tight_layout(rect=[0, 0, 0.92, 0.96])

✓ Saved to: ../../figures/from_260528/ppc/sigma0p8/R01p1_seed1314/ABC_Posterior__Distance_Colored.png
Loading data...
✓ Loaded 998,493 samples
  Distance range: [0.000000, 0.955263]

Percentile 1%:
  Threshold: 0.011803
  Selected: 9,989 samples (1.00%)
  Distance range of selected: [0.000000, 0.011803]

✓ Saved to: ../../figures/from_260528/ppc/sigma0p8/R01p1_seed1314/ABC_Posterior__Top_1%_p1.png
Loading data...
✓ Loaded 998,493 samples
  Distance range: [0.000000, 0.955263]

Percentile 0.1%:
  Threshold: 0.000000
  Selected: 1,790 samples (0.18%)
  Distance range of selected: [0.000000, 0.000000]

✓ Saved to: ../../figures/from_260528/ppc/sigma0p8/R01p1_seed1314/ABC_Posterior__Top_0.1%_p0.1.png
Loading data...
✓ Loaded 998,493 samples
  Distance range: [0.000000, 0.955263]

Percentile 0.05%:
  Threshold: 0.000000
  Selected: 1,790 samples (0.18%)
  Distance range of selected: [0.000000, 0.000000]

✓ Saved to: ../../figures/from_260528/ppc/sigma0p8/R01p1_seed1314/ABC_Posterior__Top_0.05%_p0.05.png
Loading data...
✓ Loaded 998,493 samples
  Distance range: [0.000000, 0.955263]

Percentile 0.01%:
  Threshold: 0.000000
  Selected: 1,790 samples (0.18%)
  Distance range of selected: [0.000000, 0.000000]

✓ Saved to: ../../figures/from_260528/ppc/sigma0p8/R01p1_seed1314/ABC_Posterior__Top_0.01%_p0.01.png
Percentile 1%: 9,989 samples selected
✓ Saved to: ../../figures/from_260528/ppc/sigma0p8/R01p1_seed1314/ABC_Posterior__R0=1.1,_sigma=0.8_kde_p1.png
Loaded 998,493 samples
Percentile 2%: 19,995 samples
Percentile 1%: 9,989 samples
Percentile 0.5%: 4,993 samples
Percentile 0.1%: 1,790 samples
Percentile 0.05%: 1,790 samples
Percentile 0.01%: 1,790 samples

✓ Saved to: ../../figures/from_260528/ppc/sigma0p8/R01p1_seed1314/ABC_Posterior_Evolution__R0=1.1,_sigma=0.8_kde_multi.png

✅ All plots generated successfully!
