nohup: ignoring input
Done. Results saved to '../../experimental_data/from_260528/dists_sigma0p8_R01p1_seed1212_recal.csv'.
Loading data...
✓ Loaded 998,493 samples

Using MANUAL color scale: [0.000850, 0.015000]

Percentile 10%: 99,850 samples
  Threshold: 0.037771
  Distance range: [0.000413, 0.037771]
Percentile 5%: 49,925 samples
  Threshold: 0.024786
  Distance range: [0.000413, 0.024785]
Percentile 4%: 39,940 samples
  Threshold: 0.021517
  Distance range: [0.000413, 0.021517]
Percentile 3%: 29,958 samples
  Threshold: 0.017975
  Distance range: [0.000413, 0.017975]
Percentile 2%: 19,970 samples
  Threshold: 0.015095
  Distance range: [0.000413, 0.015095]
Percentile 1%: 9,985 samples
  Threshold: 0.012666
  Distance range: [0.000413, 0.012666]
scatter_plots_for_sigma0p8_R01p1_seed1212.py:576: UserWarning: This figure includes Axes that are not compatible with tight_layout, so results might be incorrect.
  plt.tight_layout(rect=[0, 0, 0.92, 0.96])

✓ Saved to: ../../figures/from_260528/ppc/sigma0p8/R01p1_seed1212/ABC_Posterior__Distance_Colored1.png
Loading data...
✓ Loaded 998,493 samples

Using MANUAL color scale: [0.000850, 0.015000]

Percentile 2%: 19,970 samples
  Threshold: 0.015095
  Distance range: [0.000413, 0.015095]
Percentile 1%: 9,985 samples
  Threshold: 0.012666
  Distance range: [0.000413, 0.012666]
Percentile 0.5%: 4,993 samples
  Threshold: 0.009895
  Distance range: [0.000413, 0.009895]
Percentile 0.1%: 999 samples
  Threshold: 0.004502
  Distance range: [0.000413, 0.004500]
Percentile 0.05%: 501 samples
  Threshold: 0.003281
  Distance range: [0.000413, 0.003281]
Percentile 0.01%: 100 samples
  Threshold: 0.001667
  Distance range: [0.000413, 0.001659]
scatter_plots_for_sigma0p8_R01p1_seed1212.py:576: UserWarning: This figure includes Axes that are not compatible with tight_layout, so results might be incorrect.
  plt.tight_layout(rect=[0, 0, 0.92, 0.96])

✓ Saved to: ../../figures/from_260528/ppc/sigma0p8/R01p1_seed1212/ABC_Posterior__Distance_Colored.png
Loading data...
✓ Loaded 998,493 samples
  Distance range: [0.000413, 0.944617]

Percentile 1%:
  Threshold: 0.012666
  Selected: 9,985 samples (1.00%)
  Distance range of selected: [0.000413, 0.012666]

✓ Saved to: ../../figures/from_260528/ppc/sigma0p8/R01p1_seed1212/ABC_Posterior__Top_1%_p1.png
Loading data...
✓ Loaded 998,493 samples
  Distance range: [0.000413, 0.944617]

Percentile 0.1%:
  Threshold: 0.004502
  Selected: 999 samples (0.10%)
  Distance range of selected: [0.000413, 0.004500]

✓ Saved to: ../../figures/from_260528/ppc/sigma0p8/R01p1_seed1212/ABC_Posterior__Top_0.1%_p0.1.png
Loading data...
✓ Loaded 998,493 samples
  Distance range: [0.000413, 0.944617]

Percentile 0.05%:
  Threshold: 0.003281
  Selected: 501 samples (0.05%)
  Distance range of selected: [0.000413, 0.003281]

✓ Saved to: ../../figures/from_260528/ppc/sigma0p8/R01p1_seed1212/ABC_Posterior__Top_0.05%_p0.05.png
Loading data...
✓ Loaded 998,493 samples
  Distance range: [0.000413, 0.944617]

Percentile 0.01%:
  Threshold: 0.001667
  Selected: 100 samples (0.01%)
  Distance range of selected: [0.000413, 0.001659]

✓ Saved to: ../../figures/from_260528/ppc/sigma0p8/R01p1_seed1212/ABC_Posterior__Top_0.01%_p0.01.png
Percentile 1%: 9,985 samples selected
✓ Saved to: ../../figures/from_260528/ppc/sigma0p8/R01p1_seed1212/ABC_Posterior__R0=1.1,_sigma=0.8_kde_p1.png
Loaded 998,493 samples
Percentile 2%: 19,970 samples
Percentile 1%: 9,985 samples
Percentile 0.5%: 4,993 samples
Percentile 0.1%: 999 samples
Percentile 0.05%: 501 samples
Percentile 0.01%: 100 samples

✓ Saved to: ../../figures/from_260528/ppc/sigma0p8/R01p1_seed1212/ABC_Posterior_Evolution__R0=1.1,_sigma=0.8_kde_multi.png

✅ All plots generated successfully!
