nohup: ignoring input
Done. Results saved to '../../experimental_data/from_260528/dists_sigma0p8_R01p8_seed1212_recal.csv'.
Loading data...
✓ Loaded 998,493 samples

Using MANUAL color scale: [0.000850, 0.015000]

Percentile 10%: 99,850 samples
  Threshold: 0.044636
  Distance range: [0.001083, 0.044636]
Percentile 5%: 49,925 samples
  Threshold: 0.033188
  Distance range: [0.001083, 0.033187]
Percentile 4%: 39,940 samples
  Threshold: 0.029798
  Distance range: [0.001083, 0.029798]
Percentile 3%: 29,955 samples
  Threshold: 0.026291
  Distance range: [0.001083, 0.026291]
Percentile 2%: 19,970 samples
  Threshold: 0.023004
  Distance range: [0.001083, 0.023003]
Percentile 1%: 9,985 samples
  Threshold: 0.017009
  Distance range: [0.001083, 0.017008]
scatter_plots_for_sigma0p8_R01p8_seed1212.py:576: UserWarning: This figure includes Axes that are not compatible with tight_layout, so results might be incorrect.
  plt.tight_layout(rect=[0, 0, 0.92, 0.96])

✓ Saved to: ../../figures/from_260528/ppc/sigma0p8/R01p8_seed1212/ABC_Posterior__Distance_Colored1.png
Loading data...
✓ Loaded 998,493 samples

Using MANUAL color scale: [0.000850, 0.015000]

Percentile 2%: 19,970 samples
  Threshold: 0.023004
  Distance range: [0.001083, 0.023003]
Percentile 1%: 9,985 samples
  Threshold: 0.017009
  Distance range: [0.001083, 0.017008]
Percentile 0.5%: 4,993 samples
  Threshold: 0.013772
  Distance range: [0.001083, 0.013772]
Percentile 0.1%: 999 samples
  Threshold: 0.007979
  Distance range: [0.001083, 0.007978]
Percentile 0.05%: 500 samples
  Threshold: 0.006055
  Distance range: [0.001083, 0.006054]
Percentile 0.01%: 100 samples
  Threshold: 0.003536
  Distance range: [0.001083, 0.003521]
scatter_plots_for_sigma0p8_R01p8_seed1212.py:576: UserWarning: This figure includes Axes that are not compatible with tight_layout, so results might be incorrect.
  plt.tight_layout(rect=[0, 0, 0.92, 0.96])

✓ Saved to: ../../figures/from_260528/ppc/sigma0p8/R01p8_seed1212/ABC_Posterior__Distance_Colored.png
Loading data...
✓ Loaded 998,493 samples
  Distance range: [0.001083, 0.893320]

Percentile 1%:
  Threshold: 0.017009
  Selected: 9,985 samples (1.00%)
  Distance range of selected: [0.001083, 0.017008]

✓ Saved to: ../../figures/from_260528/ppc/sigma0p8/R01p8_seed1212/ABC_Posterior__Top_1%_p1.png
Loading data...
✓ Loaded 998,493 samples
  Distance range: [0.001083, 0.893320]

Percentile 0.1%:
  Threshold: 0.007979
  Selected: 999 samples (0.10%)
  Distance range of selected: [0.001083, 0.007978]

✓ Saved to: ../../figures/from_260528/ppc/sigma0p8/R01p8_seed1212/ABC_Posterior__Top_0.1%_p0.1.png
Loading data...
✓ Loaded 998,493 samples
  Distance range: [0.001083, 0.893320]

Percentile 0.05%:
  Threshold: 0.006055
  Selected: 500 samples (0.05%)
  Distance range of selected: [0.001083, 0.006054]

✓ Saved to: ../../figures/from_260528/ppc/sigma0p8/R01p8_seed1212/ABC_Posterior__Top_0.05%_p0.05.png
Loading data...
✓ Loaded 998,493 samples
  Distance range: [0.001083, 0.893320]

Percentile 0.01%:
  Threshold: 0.003536
  Selected: 100 samples (0.01%)
  Distance range of selected: [0.001083, 0.003521]

✓ Saved to: ../../figures/from_260528/ppc/sigma0p8/R01p8_seed1212/ABC_Posterior__Top_0.01%_p0.01.png
Percentile 1%: 9,985 samples selected
✓ Saved to: ../../figures/from_260528/ppc/sigma0p8/R01p8_seed1212/ABC_Posterior__R0=1.8,_sigma=0.8_kde_p1.png
Loaded 998,493 samples
Percentile 2%: 19,970 samples
Percentile 1%: 9,985 samples
Percentile 0.5%: 4,993 samples
Percentile 0.1%: 999 samples
Percentile 0.05%: 500 samples
Percentile 0.01%: 100 samples

✓ Saved to: ../../figures/from_260528/ppc/sigma0p8/R01p8_seed1212/ABC_Posterior_Evolution__R0=1.8,_sigma=0.8_kde_multi.png

✅ All plots generated successfully!
