nohup: ignoring input
Done. Results saved to '../../experimental_data/from_260528/dists_sigma0p9_R01p3_recal.csv'.
Loading data...
✓ Loaded 998,493 samples

Using MANUAL color scale: [0.000850, 0.015000]

Percentile 10%: 99,850 samples
  Threshold: 0.035215
  Distance range: [0.000783, 0.035215]
Percentile 5%: 49,925 samples
  Threshold: 0.024673
  Distance range: [0.000783, 0.024673]
Percentile 4%: 39,940 samples
  Threshold: 0.022311
  Distance range: [0.000783, 0.022311]
Percentile 3%: 29,955 samples
  Threshold: 0.019513
  Distance range: [0.000783, 0.019513]
Percentile 2%: 19,970 samples
  Threshold: 0.016303
  Distance range: [0.000783, 0.016302]
Percentile 1%: 9,985 samples
  Threshold: 0.012941
  Distance range: [0.000783, 0.012941]
scatter_plots_for_sigma0p9_R01p3.py:576: UserWarning: This figure includes Axes that are not compatible with tight_layout, so results might be incorrect.
  plt.tight_layout(rect=[0, 0, 0.92, 0.96])

✓ Saved to: ../../figures/from_260528/ppc/sigma0p9/R01p3/ABC_Posterior__Distance_Colored1.png
Loading data...
✓ Loaded 998,493 samples

Using MANUAL color scale: [0.000850, 0.015000]

Percentile 2%: 19,970 samples
  Threshold: 0.016303
  Distance range: [0.000783, 0.016302]
Percentile 1%: 9,985 samples
  Threshold: 0.012941
  Distance range: [0.000783, 0.012941]
Percentile 0.5%: 4,993 samples
  Threshold: 0.010685
  Distance range: [0.000783, 0.010685]
Percentile 0.1%: 999 samples
  Threshold: 0.005335
  Distance range: [0.000783, 0.005335]
Percentile 0.05%: 500 samples
  Threshold: 0.003975
  Distance range: [0.000783, 0.003974]
Percentile 0.01%: 100 samples
  Threshold: 0.002191
  Distance range: [0.000783, 0.002184]
scatter_plots_for_sigma0p9_R01p3.py:576: UserWarning: This figure includes Axes that are not compatible with tight_layout, so results might be incorrect.
  plt.tight_layout(rect=[0, 0, 0.92, 0.96])

✓ Saved to: ../../figures/from_260528/ppc/sigma0p9/R01p3/ABC_Posterior__Distance_Colored.png
Loading data...
✓ Loaded 998,493 samples
  Distance range: [0.000783, 0.821458]

Percentile 1%:
  Threshold: 0.012941
  Selected: 9,985 samples (1.00%)
  Distance range of selected: [0.000783, 0.012941]

✓ Saved to: ../../figures/from_260528/ppc/sigma0p9/R01p3/ABC_Posterior__Top_1%_p1.png
Loading data...
✓ Loaded 998,493 samples
  Distance range: [0.000783, 0.821458]

Percentile 0.1%:
  Threshold: 0.005335
  Selected: 999 samples (0.10%)
  Distance range of selected: [0.000783, 0.005335]

✓ Saved to: ../../figures/from_260528/ppc/sigma0p9/R01p3/ABC_Posterior__Top_0.1%_p0.1.png
Loading data...
✓ Loaded 998,493 samples
  Distance range: [0.000783, 0.821458]

Percentile 0.05%:
  Threshold: 0.003975
  Selected: 500 samples (0.05%)
  Distance range of selected: [0.000783, 0.003974]

✓ Saved to: ../../figures/from_260528/ppc/sigma0p9/R01p3/ABC_Posterior__Top_0.05%_p0.05.png
Loading data...
✓ Loaded 998,493 samples
  Distance range: [0.000783, 0.821458]

Percentile 0.01%:
  Threshold: 0.002191
  Selected: 100 samples (0.01%)
  Distance range of selected: [0.000783, 0.002184]

✓ Saved to: ../../figures/from_260528/ppc/sigma0p9/R01p3/ABC_Posterior__Top_0.01%_p0.01.png
Percentile 1%: 9,985 samples selected
✓ Saved to: ../../figures/from_260528/ppc/sigma0p9/R01p3/ABC_Posterior__R0=1.3,_sigma=0.9_kde_p1.png
Loaded 998,493 samples
Percentile 2%: 19,970 samples
Percentile 1%: 9,985 samples
Percentile 0.5%: 4,993 samples
Percentile 0.1%: 999 samples
Percentile 0.05%: 500 samples
Percentile 0.01%: 100 samples

✓ Saved to: ../../figures/from_260528/ppc/sigma0p9/R01p3/ABC_Posterior_Evolution__R0=1.3,_sigma=0.9_kde_multi.png

✅ All plots generated successfully!
