nohup: ignoring input
Done. Results saved to '../../experimental_data/from_260528/dists_sigma0p9_R01p1_recal.csv'.
Loading data...
✓ Loaded 998,493 samples

Using MANUAL color scale: [0.000850, 0.015000]

Percentile 10%: 99,850 samples
  Threshold: 0.049106
  Distance range: [0.000000, 0.049106]
Percentile 5%: 49,926 samples
  Threshold: 0.026121
  Distance range: [0.000000, 0.026121]
Percentile 4%: 41,648 samples
  Threshold: 0.022308
  Distance range: [0.000000, 0.022308]
Percentile 3%: 29,962 samples
  Threshold: 0.016365
  Distance range: [0.000000, 0.016365]
Percentile 2%: 19,970 samples
  Threshold: 0.013826
  Distance range: [0.000000, 0.013826]
Percentile 1%: 10,101 samples
  Threshold: 0.010802
  Distance range: [0.000000, 0.010802]
scatter_plots_for_sigma0p9_R01p1.py:576: UserWarning: This figure includes Axes that are not compatible with tight_layout, so results might be incorrect.
  plt.tight_layout(rect=[0, 0, 0.92, 0.96])

✓ Saved to: ../../figures/from_260528/ppc/sigma0p9/R01p1/ABC_Posterior__Distance_Colored1.png
Loading data...
✓ Loaded 998,493 samples

Using MANUAL color scale: [0.000850, 0.015000]

Percentile 2%: 19,970 samples
  Threshold: 0.013826
  Distance range: [0.000000, 0.013826]
Percentile 1%: 10,101 samples
  Threshold: 0.010802
  Distance range: [0.000000, 0.010802]
Percentile 0.5%: 4,993 samples
  Threshold: 0.006781
  Distance range: [0.000000, 0.006778]
Percentile 0.1%: 999 samples
  Threshold: 0.003764
  Distance range: [0.000000, 0.003763]
Percentile 0.05%: 500 samples
  Threshold: 0.002765
  Distance range: [0.000000, 0.002764]
Percentile 0.01%: 100 samples
  Threshold: 0.001412
  Distance range: [0.000000, 0.001404]
scatter_plots_for_sigma0p9_R01p1.py:576: UserWarning: This figure includes Axes that are not compatible with tight_layout, so results might be incorrect.
  plt.tight_layout(rect=[0, 0, 0.92, 0.96])

✓ Saved to: ../../figures/from_260528/ppc/sigma0p9/R01p1/ABC_Posterior__Distance_Colored.png
Loading data...
✓ Loaded 998,493 samples
  Distance range: [0.000000, 0.944088]

Percentile 1%:
  Threshold: 0.010802
  Selected: 10,101 samples (1.01%)
  Distance range of selected: [0.000000, 0.010802]

✓ Saved to: ../../figures/from_260528/ppc/sigma0p9/R01p1/ABC_Posterior__Top_1%_p1.png
Loading data...
✓ Loaded 998,493 samples
  Distance range: [0.000000, 0.944088]

Percentile 0.1%:
  Threshold: 0.003764
  Selected: 999 samples (0.10%)
  Distance range of selected: [0.000000, 0.003763]

✓ Saved to: ../../figures/from_260528/ppc/sigma0p9/R01p1/ABC_Posterior__Top_0.1%_p0.1.png
Loading data...
✓ Loaded 998,493 samples
  Distance range: [0.000000, 0.944088]

Percentile 0.05%:
  Threshold: 0.002765
  Selected: 500 samples (0.05%)
  Distance range of selected: [0.000000, 0.002764]

✓ Saved to: ../../figures/from_260528/ppc/sigma0p9/R01p1/ABC_Posterior__Top_0.05%_p0.05.png
Loading data...
✓ Loaded 998,493 samples
  Distance range: [0.000000, 0.944088]

Percentile 0.01%:
  Threshold: 0.001412
  Selected: 100 samples (0.01%)
  Distance range of selected: [0.000000, 0.001404]

✓ Saved to: ../../figures/from_260528/ppc/sigma0p9/R01p1/ABC_Posterior__Top_0.01%_p0.01.png
Percentile 1%: 10,101 samples selected
✓ Saved to: ../../figures/from_260528/ppc/sigma0p9/R01p1/ABC_Posterior__R0=1.1,_sigma=0.9_kde_p1.png
Loaded 998,493 samples
Percentile 2%: 19,970 samples
Percentile 1%: 10,101 samples
Percentile 0.5%: 4,993 samples
Percentile 0.1%: 999 samples
Percentile 0.05%: 500 samples
Percentile 0.01%: 100 samples

✓ Saved to: ../../figures/from_260528/ppc/sigma0p9/R01p1/ABC_Posterior_Evolution__R0=1.1,_sigma=0.9_kde_multi.png

✅ All plots generated successfully!
