nohup: ignoring input
Done. Results saved to '../../experimental_data/from_260528/dists_sigma0p8_R01p1_seed1267_recal.csv'.
Loading data...
✓ Loaded 998,493 samples

Using MANUAL color scale: [0.000850, 0.015000]

Percentile 10%: 99,850 samples
  Threshold: 0.041282
  Distance range: [0.000000, 0.041282]
Percentile 5%: 49,925 samples
  Threshold: 0.022859
  Distance range: [0.000000, 0.022858]
Percentile 4%: 39,940 samples
  Threshold: 0.017777
  Distance range: [0.000000, 0.017776]
Percentile 3%: 30,519 samples
  Threshold: 0.014829
  Distance range: [0.000000, 0.014829]
Percentile 2%: 20,045 samples
  Threshold: 0.013577
  Distance range: [0.000000, 0.013577]
Percentile 1%: 9,985 samples
  Threshold: 0.008322
  Distance range: [0.000000, 0.008320]
scatter_plots_for_sigma0p8_R01p1_seed1267.py:576: UserWarning: This figure includes Axes that are not compatible with tight_layout, so results might be incorrect.
  plt.tight_layout(rect=[0, 0, 0.92, 0.96])

✓ Saved to: ../../figures/from_260528/ppc/sigma0p8/R01p1_seed1267/ABC_Posterior__Distance_Colored1.png
Loading data...
✓ Loaded 998,493 samples

Using MANUAL color scale: [0.000850, 0.015000]

Percentile 2%: 20,045 samples
  Threshold: 0.013577
  Distance range: [0.000000, 0.013577]
Percentile 1%: 9,985 samples
  Threshold: 0.008322
  Distance range: [0.000000, 0.008320]
Percentile 0.5%: 4,993 samples
  Threshold: 0.005128
  Distance range: [0.000000, 0.005128]
Percentile 0.1%: 999 samples
  Threshold: 0.002367
  Distance range: [0.000000, 0.002366]
Percentile 0.05%: 502 samples
  Threshold: 0.001638
  Distance range: [0.000000, 0.001638]
Percentile 0.01%: 101 samples
  Threshold: 0.000945
  Distance range: [0.000000, 0.000945]
scatter_plots_for_sigma0p8_R01p1_seed1267.py:576: UserWarning: This figure includes Axes that are not compatible with tight_layout, so results might be incorrect.
  plt.tight_layout(rect=[0, 0, 0.92, 0.96])

✓ Saved to: ../../figures/from_260528/ppc/sigma0p8/R01p1_seed1267/ABC_Posterior__Distance_Colored.png
Loading data...
✓ Loaded 998,493 samples
  Distance range: [0.000000, 0.949949]

Percentile 1%:
  Threshold: 0.008322
  Selected: 9,985 samples (1.00%)
  Distance range of selected: [0.000000, 0.008320]

✓ Saved to: ../../figures/from_260528/ppc/sigma0p8/R01p1_seed1267/ABC_Posterior__Top_1%_p1.png
Loading data...
✓ Loaded 998,493 samples
  Distance range: [0.000000, 0.949949]

Percentile 0.1%:
  Threshold: 0.002367
  Selected: 999 samples (0.10%)
  Distance range of selected: [0.000000, 0.002366]

✓ Saved to: ../../figures/from_260528/ppc/sigma0p8/R01p1_seed1267/ABC_Posterior__Top_0.1%_p0.1.png
Loading data...
✓ Loaded 998,493 samples
  Distance range: [0.000000, 0.949949]

Percentile 0.05%:
  Threshold: 0.001638
  Selected: 502 samples (0.05%)
  Distance range of selected: [0.000000, 0.001638]

✓ Saved to: ../../figures/from_260528/ppc/sigma0p8/R01p1_seed1267/ABC_Posterior__Top_0.05%_p0.05.png
Loading data...
✓ Loaded 998,493 samples
  Distance range: [0.000000, 0.949949]

Percentile 0.01%:
  Threshold: 0.000945
  Selected: 101 samples (0.01%)
  Distance range of selected: [0.000000, 0.000945]

✓ Saved to: ../../figures/from_260528/ppc/sigma0p8/R01p1_seed1267/ABC_Posterior__Top_0.01%_p0.01.png
Percentile 1%: 9,985 samples selected
✓ Saved to: ../../figures/from_260528/ppc/sigma0p8/R01p1_seed1267/ABC_Posterior__R0=1.1,_sigma=0.8_kde_p1.png
Loaded 998,493 samples
Percentile 2%: 20,045 samples
Percentile 1%: 9,985 samples
Percentile 0.5%: 4,993 samples
Percentile 0.1%: 999 samples
Percentile 0.05%: 502 samples
Percentile 0.01%: 101 samples

✓ Saved to: ../../figures/from_260528/ppc/sigma0p8/R01p1_seed1267/ABC_Posterior_Evolution__R0=1.1,_sigma=0.8_kde_multi.png

✅ All plots generated successfully!
