nohup: ignoring input
Done. Results saved to '../../experimental_data/from_260528/dists_sigma0p9_R01p8_recal.csv'.
Loading data...
✓ Loaded 998,493 samples

Using MANUAL color scale: [0.000850, 0.015000]

Percentile 10%: 99,850 samples
  Threshold: 0.058454
  Distance range: [0.002795, 0.058454]
Percentile 5%: 49,925 samples
  Threshold: 0.044095
  Distance range: [0.002795, 0.044094]
Percentile 4%: 39,940 samples
  Threshold: 0.040811
  Distance range: [0.002795, 0.040811]
Percentile 3%: 29,955 samples
  Threshold: 0.037077
  Distance range: [0.002795, 0.037077]
Percentile 2%: 19,970 samples
  Threshold: 0.032297
  Distance range: [0.002795, 0.032297]
Percentile 1%: 9,985 samples
  Threshold: 0.026056
  Distance range: [0.002795, 0.026055]
scatter_plots_for_sigma0p9_R01p8.py:576: UserWarning: This figure includes Axes that are not compatible with tight_layout, so results might be incorrect.
  plt.tight_layout(rect=[0, 0, 0.92, 0.96])

✓ Saved to: ../../figures/from_260528/ppc/sigma0p9/R01p8/ABC_Posterior__Distance_Colored1.png
Loading data...
✓ Loaded 998,493 samples

Using MANUAL color scale: [0.000850, 0.015000]

Percentile 2%: 19,970 samples
  Threshold: 0.032297
  Distance range: [0.002795, 0.032297]
Percentile 1%: 9,985 samples
  Threshold: 0.026056
  Distance range: [0.002795, 0.026055]
Percentile 0.5%: 4,993 samples
  Threshold: 0.020883
  Distance range: [0.002795, 0.020882]
Percentile 0.1%: 999 samples
  Threshold: 0.013265
  Distance range: [0.002795, 0.013265]
Percentile 0.05%: 500 samples
  Threshold: 0.010969
  Distance range: [0.002795, 0.010968]
Percentile 0.01%: 100 samples
  Threshold: 0.007221
  Distance range: [0.002795, 0.007186]
scatter_plots_for_sigma0p9_R01p8.py:576: UserWarning: This figure includes Axes that are not compatible with tight_layout, so results might be incorrect.
  plt.tight_layout(rect=[0, 0, 0.92, 0.96])

✓ Saved to: ../../figures/from_260528/ppc/sigma0p9/R01p8/ABC_Posterior__Distance_Colored.png
Loading data...
✓ Loaded 998,493 samples
  Distance range: [0.002795, 0.814006]

Percentile 1%:
  Threshold: 0.026056
  Selected: 9,985 samples (1.00%)
  Distance range of selected: [0.002795, 0.026055]

✓ Saved to: ../../figures/from_260528/ppc/sigma0p9/R01p8/ABC_Posterior__Top_1%_p1.png
Loading data...
✓ Loaded 998,493 samples
  Distance range: [0.002795, 0.814006]

Percentile 0.1%:
  Threshold: 0.013265
  Selected: 999 samples (0.10%)
  Distance range of selected: [0.002795, 0.013265]

✓ Saved to: ../../figures/from_260528/ppc/sigma0p9/R01p8/ABC_Posterior__Top_0.1%_p0.1.png
Loading data...
✓ Loaded 998,493 samples
  Distance range: [0.002795, 0.814006]

Percentile 0.05%:
  Threshold: 0.010969
  Selected: 500 samples (0.05%)
  Distance range of selected: [0.002795, 0.010968]

✓ Saved to: ../../figures/from_260528/ppc/sigma0p9/R01p8/ABC_Posterior__Top_0.05%_p0.05.png
Loading data...
✓ Loaded 998,493 samples
  Distance range: [0.002795, 0.814006]

Percentile 0.01%:
  Threshold: 0.007221
  Selected: 100 samples (0.01%)
  Distance range of selected: [0.002795, 0.007186]

✓ Saved to: ../../figures/from_260528/ppc/sigma0p9/R01p8/ABC_Posterior__Top_0.01%_p0.01.png
Percentile 1%: 9,985 samples selected
✓ Saved to: ../../figures/from_260528/ppc/sigma0p9/R01p8/ABC_Posterior__R0=1.8,_sigma=0.9_kde_p1.png
Loaded 998,493 samples
Percentile 2%: 19,970 samples
Percentile 1%: 9,985 samples
Percentile 0.5%: 4,993 samples
Percentile 0.1%: 999 samples
Percentile 0.05%: 500 samples
Percentile 0.01%: 100 samples

✓ Saved to: ../../figures/from_260528/ppc/sigma0p9/R01p8/ABC_Posterior_Evolution__R0=1.8,_sigma=0.9_kde_multi.png

✅ All plots generated successfully!
