nohup: ignoring input
======================================================================
CHECKING NaN VALUES IN SUMMARY STATISTICS
======================================================================

Total samples: 499,665

NaN Analysis per column:
----------------------------------------------------------------------

avg_prev_obs:
  ✓ No NaN values
  Range: [0.0435, 353.9131]
  Mean:  127.9746

var_prev_obs:
  ✓ No NaN values
  Range: [0.2085, 179.8033]
  Mean:  67.7427

avg_npmi_obs:
  ✓ No NaN values
  Range: [-0.6852, 0.8051]
  Mean:  -0.1919

div_all_isolates_obs:
  ✓ No NaN values
  Range: [0.0000, 39.3070]
  Mean:  16.9446

======================================================================
RECOMMENDATION:
======================================================================
✓ No NaN values found. Data is clean!
======================================================================
