nohup: ignoring input
Shape: (42, 23)
======================================================================
GENERATING STANDARD POINTS
======================================================================
These summary stats from the actual observations.
  Standard point (raw): [ 9.56521739  7.06351758 -0.59527674 18.33333333]

Generating standard point for R0=1.5, sigma=0.4
  Standard point (raw): [10.52173913  5.98383858 -0.24898253  3.64284822]
  Reproducible: True ✓

Generating standard point for R0=2.0, sigma=0.4
  Standard point (raw): [57.17391304 28.93040579 -0.4180255   8.73467056]
  Reproducible: True ✓

Generating standard point for R0=2.5, sigma=0.4
  Standard point (raw): [93.13043478 46.57867669 -0.37124967 13.86057884]
  Reproducible: True ✓

Generating standard point for R0=3.0, sigma=0.4
  Standard point (raw): [120.69565217  59.817476    -0.34869091  16.22492565]
  Reproducible: True ✓

Generating standard point for R0=3.5, sigma=0.4
  Standard point (raw): [149.60869565  75.1772083   -0.3032551   18.97867892]
  Reproducible: True ✓

Generating standard point for R0=4.0, sigma=0.4
  Standard point (raw): [178.39130435  88.09588739  -0.20456001  22.76749446]
  Reproducible: True ✓

Generating standard point for R0=4.5, sigma=0.4
  Standard point (raw): [ 2.05869565e+02  1.03885997e+02 -9.98901537e-02  2.48078060e+01]
  Reproducible: True ✓

Generating standard point for R0=5.0, sigma=0.4
  Standard point (raw): [ 2.19304348e+02  1.07983768e+02 -4.62678611e-02  2.41035328e+01]
  Reproducible: True ✓

Generating standard point for R0=1.5, sigma=0.5
  Standard point (raw): [ 7.04347826  4.51742345 -0.29243865  2.57523697]
  Reproducible: True ✓

Generating standard point for R0=2.0, sigma=0.5
  Standard point (raw): [37.7826087  20.61543226 -0.35950239  6.13225586]
  Reproducible: True ✓

Generating standard point for R0=2.5, sigma=0.5
  Standard point (raw): [67.39130435 35.85797633 -0.43549091 10.80778753]
  Reproducible: True ✓

Generating standard point for R0=3.0, sigma=0.5
  Standard point (raw): [97.13043478 47.9472289  -0.39120433 13.78151349]
  Reproducible: True ✓

Generating standard point for R0=3.5, sigma=0.5
  Standard point (raw): [128.04347826  62.90648056  -0.28423903  19.45883832]
  Reproducible: True ✓

Generating standard point for R0=4.0, sigma=0.5
  Standard point (raw): [154.82608696  79.05674152  -0.29837597  19.49636437]
  Reproducible: True ✓

Generating standard point for R0=4.5, sigma=0.5
  Standard point (raw): [ 1.76130435e+02  8.97391697e+01 -3.55397892e-02  2.25575400e+01]
  Reproducible: True ✓

Generating standard point for R0=5.0, sigma=0.5
  Standard point (raw): [1.88434783e+02 9.63095512e+01 4.90547833e-02 2.67609399e+01]
  Reproducible: True ✓

Generating standard point for R0=1.5, sigma=0.6
  Standard point (raw): [ 4.65217391  4.16269903 -0.09294838  1.8960214 ]
  Reproducible: True ✓

Generating standard point for R0=2.0, sigma=0.6
  Standard point (raw): [31.39130435 17.93609649 -0.45901417  8.73719369]
  Reproducible: True ✓

Generating standard point for R0=2.5, sigma=0.6
  Standard point (raw): [43.39130435 28.57802578 -0.41896266  6.8406919 ]
  Reproducible: True ✓

Generating standard point for R0=3.0, sigma=0.6
  Standard point (raw): [75.73913043 34.72386838 -0.43488346  9.71360946]
  Reproducible: True ✓

Generating standard point for R0=3.5, sigma=0.6
  Standard point (raw): [108.43478261  56.83854813  -0.33771827  16.44312977]
  Reproducible: True ✓

Generating standard point for R0=4.0, sigma=0.6
  Standard point (raw): [133.30434783  66.51960393  -0.19868814  20.13742398]
  Reproducible: True ✓

Generating standard point for R0=4.5, sigma=0.6
  Standard point (raw): [148.95652174  75.58888703  -0.19628965  21.13321759]
  Reproducible: True ✓

Generating standard point for R0=5.0, sigma=0.6
  Standard point (raw): [ 1.65826087e+02  8.26953072e+01 -9.82323546e-02  2.34005426e+01]
  Reproducible: True ✓

Generating standard point for R0=1.5, sigma=0.7
  Standard point (raw): [ 7.56521739  5.54998843 -0.25422186  3.85527664]
  Reproducible: True ✓

Generating standard point for R0=2.0, sigma=0.7
  Standard point (raw): [14.7826087  14.06787611 -0.29329069  3.21919339]
  Reproducible: True ✓

Generating standard point for R0=2.5, sigma=0.7
  Standard point (raw): [32.43478261 24.5112703  -0.39370334  6.24924101]
  Reproducible: True ✓

Generating standard point for R0=3.0, sigma=0.7
  Standard point (raw): [39.34782609 21.78742067 -0.42278652  6.41169924]
  Reproducible: True ✓

Generating standard point for R0=3.5, sigma=0.7
  Standard point (raw): [75.30434783 45.18893145 -0.44075023 10.02210277]
  Reproducible: True ✓

Generating standard point for R0=4.0, sigma=0.7
  Standard point (raw): [91.95652174 54.07358476 -0.42439931 13.65341159]
  Reproducible: True ✓

Generating standard point for R0=4.5, sigma=0.7
  Standard point (raw): [112.          58.14480357  -0.32861731  15.04004208]
  Reproducible: True ✓

Generating standard point for R0=5.0, sigma=0.7
  Standard point (raw): [127.95652174  62.01281265  -0.25559333  22.71257463]
  Reproducible: True ✓

Generating standard point for R0=1.5, sigma=0.8
  Standard point (raw): [ 4.73913043  5.00197589 -0.30194818  2.58044717]
  Reproducible: True ✓

Generating standard point for R0=2.0, sigma=0.8
  Standard point (raw): [17.91304348 16.45907609 -0.37804729  6.9925669 ]
  Reproducible: True ✓

Generating standard point for R0=2.5, sigma=0.8
  Standard point (raw): [22.34782609 19.41791276 -0.45479673  6.90845735]
  Reproducible: True ✓

Generating standard point for R0=3.0, sigma=0.8
  Standard point (raw): [39.82608696 33.23285911 -0.41568711  7.44973601]
  Reproducible: True ✓

Generating standard point for R0=3.5, sigma=0.8
  Standard point (raw): [29.95652174 27.75293311 -0.35025372  5.58868191]
  Reproducible: True ✓

Generating standard point for R0=4.0, sigma=0.8
  Standard point (raw): [63.43478261 44.74150614 -0.51070616 11.03548417]
  Reproducible: True ✓

Generating standard point for R0=4.5, sigma=0.8
  Standard point (raw): [72.43478261 34.29262588 -0.47271333 12.98552529]
  Reproducible: True ✓

Generating standard point for R0=5.0, sigma=0.8
  Standard point (raw): [85.39130435 42.30918569 -0.359318   17.12689246]
  Reproducible: True ✓

======================================================================
ALL STANDARD POINTS
======================================================================
 R0  sigma  avg_prev_obs  var_prev_obs  avg_npmi_obs  div_all_isolates_obs
0.0    0.0      9.565217      7.063518     -0.595277             18.333333
1.5    0.4     10.521739      5.983839     -0.248983              3.642848
2.0    0.4     57.173913     28.930406     -0.418025              8.734671
2.5    0.4     93.130435     46.578677     -0.371250             13.860579
3.0    0.4    120.695652     59.817476     -0.348691             16.224926
3.5    0.4    149.608696     75.177208     -0.303255             18.978679
4.0    0.4    178.391304     88.095887     -0.204560             22.767494
4.5    0.4    205.869565    103.885997     -0.099890             24.807806
5.0    0.4    219.304348    107.983768     -0.046268             24.103533
1.5    0.5      7.043478      4.517423     -0.292439              2.575237
2.0    0.5     37.782609     20.615432     -0.359502              6.132256
2.5    0.5     67.391304     35.857976     -0.435491             10.807788
3.0    0.5     97.130435     47.947229     -0.391204             13.781513
3.5    0.5    128.043478     62.906481     -0.284239             19.458838
4.0    0.5    154.826087     79.056742     -0.298376             19.496364
4.5    0.5    176.130435     89.739170     -0.035540             22.557540
5.0    0.5    188.434783     96.309551      0.049055             26.760940
1.5    0.6      4.652174      4.162699     -0.092948              1.896021
2.0    0.6     31.391304     17.936096     -0.459014              8.737194
2.5    0.6     43.391304     28.578026     -0.418963              6.840692
3.0    0.6     75.739130     34.723868     -0.434883              9.713609
3.5    0.6    108.434783     56.838548     -0.337718             16.443130
4.0    0.6    133.304348     66.519604     -0.198688             20.137424
4.5    0.6    148.956522     75.588887     -0.196290             21.133218
5.0    0.6    165.826087     82.695307     -0.098232             23.400543
1.5    0.7      7.565217      5.549988     -0.254222              3.855277
2.0    0.7     14.782609     14.067876     -0.293291              3.219193
2.5    0.7     32.434783     24.511270     -0.393703              6.249241
3.0    0.7     39.347826     21.787421     -0.422787              6.411699
3.5    0.7     75.304348     45.188931     -0.440750             10.022103
4.0    0.7     91.956522     54.073585     -0.424399             13.653412
4.5    0.7    112.000000     58.144804     -0.328617             15.040042
5.0    0.7    127.956522     62.012813     -0.255593             22.712575
1.5    0.8      4.739130      5.001976     -0.301948              2.580447
2.0    0.8     17.913043     16.459076     -0.378047              6.992567
2.5    0.8     22.347826     19.417913     -0.454797              6.908457
3.0    0.8     39.826087     33.232859     -0.415687              7.449736
3.5    0.8     29.956522     27.752933     -0.350254              5.588682
4.0    0.8     63.434783     44.741506     -0.510706             11.035484
4.5    0.8     72.434783     34.292626     -0.472713             12.985525
5.0    0.8     85.391304     42.309186     -0.359318             17.126892

✓ Saved to: ../../experimental_data/from_260430/standard_points.csv

======================================================================
EXAMPLE: R0=2.5, sigma=0.8
======================================================================
Standard point (raw values):
  avg_prev_obs:         22.34782609
  var_prev_obs:         19.41791276
  avg_npmi_obs:         -0.45479673
  div_all_isolates_obs: 6.90845735

As tuple for copy-paste:
standard_point = (22.34782609, 19.41791276, -0.45479673, 6.90845735)

⏱️  Elapsed: 878.26 seconds
======================================================================
