Shape: (42, 23)
======================================================================
GENERATING STANDARD POINTS
======================================================================
These summary stats from the actual observations.
  Standard point (raw): [ 9.56521739  7.06351758 -0.59527674 18.33333333]

Generating standard point for R0=1.1, sigma=0.9
  Standard point (raw): [ 1.04347826  1.26052878 -0.09407666  1.95744681]
  Reproducible: True ✓

Generating standard point for R0=1.2, sigma=0.9
  Standard point (raw): [ 2.2173913   2.46717582 -0.29837098  4.3220339 ]
  Reproducible: True ✓

Generating standard point for R0=1.3, sigma=0.9
  Standard point (raw): [ 1.91304348  1.80688188 -0.21934427  3.33098592]
  Reproducible: True ✓

Generating standard point for R0=1.4, sigma=0.9
  Standard point (raw): [ 3.95652174  2.78760668 -0.29520067  3.70588235]
  Reproducible: True ✓

Generating standard point for R0=1.5, sigma=0.9
  Standard point (raw): [ 3.52173913  2.17150064 -0.30129387  3.68600683]
  Reproducible: True ✓

======================================================================
ALL STANDARD POINTS
======================================================================
 R0  sigma  avg_prev_obs  var_prev_obs  avg_npmi_obs  div_all_isolates_obs
0.0    0.0      9.565217      7.063518     -0.595277             18.333333
1.1    0.9      1.043478      1.260529     -0.094077              1.957447
1.2    0.9      2.217391      2.467176     -0.298371              4.322034
1.3    0.9      1.913043      1.806882     -0.219344              3.330986
1.4    0.9      3.956522      2.787607     -0.295201              3.705882
1.5    0.9      3.521739      2.171501     -0.301294              3.686007

✓ Saved to: ../../experimental_data/from_260430/standard_points.csv

======================================================================
EXAMPLE: R0=2.5, sigma=0.8
======================================================================

⏱️  Elapsed: 76.93 seconds
======================================================================
