nohup: ignoring input
Done. Results saved to '../../experimental_data/from_260430/dists_sigma0p9_R01p5_recal.csv'.
Loading data...
✓ Loaded 499,665 samples

Using MANUAL color scale: [0.000904, 0.012378]

Percentile 10%: 49,967 samples
  Threshold: 0.037142
  Distance range: [0.000832, 0.037142]
Percentile 5%: 24,984 samples
  Threshold: 0.022734
  Distance range: [0.000832, 0.022734]
Percentile 4%: 19,987 samples
  Threshold: 0.020057
  Distance range: [0.000832, 0.020057]
Percentile 3%: 14,990 samples
  Threshold: 0.017637
  Distance range: [0.000832, 0.017637]
Percentile 2%: 9,994 samples
  Threshold: 0.014413
  Distance range: [0.000832, 0.014413]
Percentile 1%: 4,997 samples
  Threshold: 0.011059
  Distance range: [0.000832, 0.011059]
scatter_plots_for_sigma0p9_R01p5.py:573: UserWarning: This figure includes Axes that are not compatible with tight_layout, so results might be incorrect.
  plt.tight_layout(rect=[0, 0, 0.92, 0.96])

✓ Saved to: ../../figures/from_260430/ppc/sigma0p9/R01p5/ABC_Posterior__Distance_Colored1.png
Loading data...
✓ Loaded 499,665 samples

Using MANUAL color scale: [0.000904, 0.012378]

Percentile 2%: 9,994 samples
  Threshold: 0.014413
  Distance range: [0.000832, 0.014413]
Percentile 1%: 4,997 samples
  Threshold: 0.011059
  Distance range: [0.000832, 0.011059]
Percentile 0.5%: 2,499 samples
  Threshold: 0.008331
  Distance range: [0.000832, 0.008331]
Percentile 0.1%: 500 samples
  Threshold: 0.005099
  Distance range: [0.000832, 0.005098]
Percentile 0.05%: 250 samples
  Threshold: 0.003978
  Distance range: [0.000832, 0.003975]
Percentile 0.01%: 50 samples
  Threshold: 0.002362
  Distance range: [0.000832, 0.002342]
scatter_plots_for_sigma0p9_R01p5.py:573: UserWarning: This figure includes Axes that are not compatible with tight_layout, so results might be incorrect.
  plt.tight_layout(rect=[0, 0, 0.92, 0.96])

✓ Saved to: ../../figures/from_260430/ppc/sigma0p9/R01p5/ABC_Posterior__Distance_Colored.png
Loading data...
✓ Loaded 499,665 samples
  Distance range: [0.000832, 0.920170]

Percentile 1%:
  Threshold: 0.011059
  Selected: 4,997 samples (1.00%)
  Distance range of selected: [0.000832, 0.011059]

✓ Saved to: ../../figures/from_260430/ppc/sigma0p9/R01p5/ABC_Posterior__Top_1%_p1.png
Loading data...
✓ Loaded 499,665 samples
  Distance range: [0.000832, 0.920170]

Percentile 0.1%:
  Threshold: 0.005099
  Selected: 500 samples (0.10%)
  Distance range of selected: [0.000832, 0.005098]

✓ Saved to: ../../figures/from_260430/ppc/sigma0p9/R01p5/ABC_Posterior__Top_0.1%_p0.1.png
Loading data...
✓ Loaded 499,665 samples
  Distance range: [0.000832, 0.920170]

Percentile 0.05%:
  Threshold: 0.003978
  Selected: 250 samples (0.05%)
  Distance range of selected: [0.000832, 0.003975]

✓ Saved to: ../../figures/from_260430/ppc/sigma0p9/R01p5/ABC_Posterior__Top_0.05%_p0.05.png
Loading data...
✓ Loaded 499,665 samples
  Distance range: [0.000832, 0.920170]

Percentile 0.01%:
  Threshold: 0.002362
  Selected: 50 samples (0.01%)
  Distance range of selected: [0.000832, 0.002342]

✓ Saved to: ../../figures/from_260430/ppc/sigma0p9/R01p5/ABC_Posterior__Top_0.01%_p0.01.png
Percentile 1%: 4,997 samples selected
✓ Saved to: ../../figures/from_260430/ppc/sigma0p9/R01p5/ABC_Posterior__R0=1.5,_sigma=0.5_kde_p1.png
Loaded 499,665 samples
Percentile 2%: 9,994 samples
Percentile 1%: 4,997 samples
Percentile 0.5%: 2,499 samples
Percentile 0.1%: 500 samples
Percentile 0.05%: 250 samples
Percentile 0.01%: 50 samples

✓ Saved to: ../../figures/from_260430/ppc/sigma0p9/R01p5/ABC_Posterior_Evolution__R0=1.5,_sigma=0.5_kde_multi.png

✅ All plots generated successfully!
