scatter_plots_observations.py:571: UserWarning: This figure includes Axes that are not compatible with tight_layout, so results might be incorrect.
  plt.tight_layout(rect=[0, 0, 0.92, 0.96])
scatter_plots_observations.py:571: UserWarning: This figure includes Axes that are not compatible with tight_layout, so results might be incorrect.
  plt.tight_layout(rect=[0, 0, 0.92, 0.96])
Done. Results saved to '../../experimental_data/from_260430/dists_observations_recal.csv'.
Loading data...
✓ Loaded 499,665 samples

Using MANUAL color scale: [0.050584, 0.077586]

Percentile 10%: 49,967 samples
  Threshold: 0.096731
  Distance range: [0.050584, 0.096731]
Percentile 5%: 24,984 samples
  Threshold: 0.088709
  Distance range: [0.050584, 0.088709]
Percentile 4%: 19,987 samples
  Threshold: 0.086744
  Distance range: [0.050584, 0.086744]
Percentile 3%: 14,990 samples
  Threshold: 0.084499
  Distance range: [0.050584, 0.084498]
Percentile 2%: 9,994 samples
  Threshold: 0.081719
  Distance range: [0.050584, 0.081719]
Percentile 1%: 4,997 samples
  Threshold: 0.077586
  Distance range: [0.050584, 0.077586]

✓ Saved to: ../../figures/from_260430/ppc/observations/ABC_Posterior__Distance_Colored1.png
Loading data...
✓ Loaded 499,665 samples

Using MANUAL color scale: [0.050584, 0.077586]

Percentile 2%: 9,994 samples
  Threshold: 0.081719
  Distance range: [0.050584, 0.081719]
Percentile 1%: 4,997 samples
  Threshold: 0.077586
  Distance range: [0.050584, 0.077586]
Percentile 0.5%: 2,499 samples
  Threshold: 0.074026
  Distance range: [0.050584, 0.074025]
Percentile 0.4%: 1,999 samples
  Threshold: 0.072924
  Distance range: [0.050584, 0.072923]
Percentile 0.2%: 1,000 samples
  Threshold: 0.069752
  Distance range: [0.050584, 0.069751]
Percentile 0.1%: 500 samples
  Threshold: 0.066837
  Distance range: [0.050584, 0.066820]

✓ Saved to: ../../figures/from_260430/ppc/observations/ABC_Posterior__Distance_Colored.png
Loading data...
✓ Loaded 499,665 samples
  Distance range: [0.050584, 0.923173]

Percentile 1%:
  Threshold: 0.077586
  Selected: 4,997 samples (1.00%)
  Distance range of selected: [0.050584, 0.077586]

✓ Saved to: ../../figures/from_260430/ppc/observations/ABC_Posterior__Top_1%_p1.png
Loading data...
✓ Loaded 499,665 samples
  Distance range: [0.050584, 0.923173]

Percentile 0.1%:
  Threshold: 0.066837
  Selected: 500 samples (0.10%)
  Distance range of selected: [0.050584, 0.066820]

✓ Saved to: ../../figures/from_260430/ppc/observations/ABC_Posterior__Top_0.1%_p0.1.png
Loading data...
✓ Loaded 499,665 samples
  Distance range: [0.050584, 0.923173]

Percentile 0.05%:
  Threshold: 0.064365
  Selected: 250 samples (0.05%)
  Distance range of selected: [0.050584, 0.064365]

✓ Saved to: ../../figures/from_260430/ppc/observations/ABC_Posterior__Top_0.05%_p0.05.png
Loading data...
✓ Loaded 499,665 samples
  Distance range: [0.050584, 0.923173]

Percentile 0.01%:
  Threshold: 0.058749
  Selected: 50 samples (0.01%)
  Distance range of selected: [0.050584, 0.058729]

✓ Saved to: ../../figures/from_260430/ppc/observations/ABC_Posterior__Top_0.01%_p0.01.png
Percentile 0.01%: 50 samples selected
✓ Saved to: ../../figures/from_260430/ppc/observations/ABC_Posterior__R0=None,_sigma=None_kde_p0.01.png
Loaded 499,665 samples
Percentile 1%: 4,997 samples
Percentile 0.1%: 500 samples
Percentile 0.05%: 250 samples
Percentile 0.01%: 50 samples

✓ Saved to: ../../figures/from_260430/ppc/observations/ABC_Posterior_Evolution__R0=None,_sigma=None_kde_multi.png

✅ All plots generated successfully!
