scatter_plots_for_sigma0p7_R03p5.py:574: UserWarning: This figure includes Axes that are not compatible with tight_layout, so results might be incorrect.
  plt.tight_layout(rect=[0, 0, 0.92, 0.96])
scatter_plots_for_sigma0p7_R03p5.py:574: UserWarning: This figure includes Axes that are not compatible with tight_layout, so results might be incorrect.
  plt.tight_layout(rect=[0, 0, 0.92, 0.96])
Done. Results saved to '../../experimental_data/from_260430/dists_sigma0p7_R03p5_recal.csv'.
Loading data...
✓ Loaded 499,665 samples

Using MANUAL color scale: [0.000850, 0.015000]

Percentile 10%: 49,967 samples
  Threshold: 0.044389
  Distance range: [0.002668, 0.044389]
Percentile 5%: 24,984 samples
  Threshold: 0.032799
  Distance range: [0.002668, 0.032799]
Percentile 4%: 19,987 samples
  Threshold: 0.030092
  Distance range: [0.002668, 0.030092]
Percentile 3%: 14,990 samples
  Threshold: 0.027255
  Distance range: [0.002668, 0.027255]
Percentile 2%: 9,994 samples
  Threshold: 0.024033
  Distance range: [0.002668, 0.024033]
Percentile 1%: 4,997 samples
  Threshold: 0.019856
  Distance range: [0.002668, 0.019855]

✓ Saved to: ../../figures/from_260430/ppc/sigma0p7/R03p5/ABC_Posterior__Distance_Colored1.png
Loading data...
✓ Loaded 499,665 samples

Using MANUAL color scale: [0.000850, 0.015000]

Percentile 2%: 9,994 samples
  Threshold: 0.024033
  Distance range: [0.002668, 0.024033]
Percentile 1%: 4,997 samples
  Threshold: 0.019856
  Distance range: [0.002668, 0.019855]
Percentile 0.5%: 2,499 samples
  Threshold: 0.016750
  Distance range: [0.002668, 0.016750]
Percentile 0.1%: 500 samples
  Threshold: 0.011616
  Distance range: [0.002668, 0.011612]
Percentile 0.05%: 250 samples
  Threshold: 0.010056
  Distance range: [0.002668, 0.010053]
Percentile 0.01%: 50 samples
  Threshold: 0.007222
  Distance range: [0.002668, 0.007214]

✓ Saved to: ../../figures/from_260430/ppc/sigma0p7/R03p5/ABC_Posterior__Distance_Colored.png
Loading data...
✓ Loaded 499,665 samples
  Distance range: [0.002668, 0.749827]

Percentile 1%:
  Threshold: 0.019856
  Selected: 4,997 samples (1.00%)
  Distance range of selected: [0.002668, 0.019855]

✓ Saved to: ../../figures/from_260430/ppc/sigma0p7/R03p5/ABC_Posterior__Top_1%_p1.png
Loading data...
✓ Loaded 499,665 samples
  Distance range: [0.002668, 0.749827]

Percentile 0.1%:
  Threshold: 0.011616
  Selected: 500 samples (0.10%)
  Distance range of selected: [0.002668, 0.011612]

✓ Saved to: ../../figures/from_260430/ppc/sigma0p7/R03p5/ABC_Posterior__Top_0.1%_p0.1.png
Loading data...
✓ Loaded 499,665 samples
  Distance range: [0.002668, 0.749827]

Percentile 0.05%:
  Threshold: 0.010056
  Selected: 250 samples (0.05%)
  Distance range of selected: [0.002668, 0.010053]

✓ Saved to: ../../figures/from_260430/ppc/sigma0p7/R03p5/ABC_Posterior__Top_0.05%_p0.05.png
Loading data...
✓ Loaded 499,665 samples
  Distance range: [0.002668, 0.749827]

Percentile 0.01%:
  Threshold: 0.007222
  Selected: 50 samples (0.01%)
  Distance range of selected: [0.002668, 0.007214]

✓ Saved to: ../../figures/from_260430/ppc/sigma0p7/R03p5/ABC_Posterior__Top_0.01%_p0.01.png
Percentile 1%: 4,997 samples selected
✓ Saved to: ../../figures/from_260430/ppc/sigma0p7/R03p5/ABC_Posterior__R0=3.5,_sigma=0.7_kde_p1.png
Loaded 499,665 samples
Percentile 2%: 9,994 samples
Percentile 1%: 4,997 samples
Percentile 0.5%: 2,499 samples
Percentile 0.1%: 500 samples
Percentile 0.05%: 250 samples
Percentile 0.01%: 50 samples

✓ Saved to: ../../figures/from_260430/ppc/sigma0p7/R03p5/ABC_Posterior_Evolution__R0=3.5,_sigma=0.7_kde_multi.png

✅ All plots generated successfully!
