scatter_plots_for_sigma0p7_R05p0.py:574: UserWarning: This figure includes Axes that are not compatible with tight_layout, so results might be incorrect.
  plt.tight_layout(rect=[0, 0, 0.92, 0.96])
scatter_plots_for_sigma0p7_R05p0.py:574: UserWarning: This figure includes Axes that are not compatible with tight_layout, so results might be incorrect.
  plt.tight_layout(rect=[0, 0, 0.92, 0.96])
Done. Results saved to '../../experimental_data/from_260430/dists_sigma0p7_R05p0_recal.csv'.
Loading data...
✓ Loaded 499,665 samples

Using MANUAL color scale: [0.000850, 0.015000]

Percentile 10%: 49,967 samples
  Threshold: 0.079813
  Distance range: [0.002960, 0.079813]
Percentile 5%: 24,984 samples
  Threshold: 0.058338
  Distance range: [0.002960, 0.058337]
Percentile 4%: 19,987 samples
  Threshold: 0.053135
  Distance range: [0.002960, 0.053135]
Percentile 3%: 14,990 samples
  Threshold: 0.047238
  Distance range: [0.002960, 0.047238]
Percentile 2%: 9,994 samples
  Threshold: 0.040316
  Distance range: [0.002960, 0.040316]
Percentile 1%: 4,997 samples
  Threshold: 0.030518
  Distance range: [0.002960, 0.030518]

✓ Saved to: ../../figures/from_260430/ppc/sigma0p7/R05p0/ABC_Posterior__Distance_Colored1.png
Loading data...
✓ Loaded 499,665 samples

Using MANUAL color scale: [0.000850, 0.015000]

Percentile 2%: 9,994 samples
  Threshold: 0.040316
  Distance range: [0.002960, 0.040316]
Percentile 1%: 4,997 samples
  Threshold: 0.030518
  Distance range: [0.002960, 0.030518]
Percentile 0.5%: 2,499 samples
  Threshold: 0.023296
  Distance range: [0.002960, 0.023294]
Percentile 0.1%: 500 samples
  Threshold: 0.013277
  Distance range: [0.002960, 0.013272]
Percentile 0.05%: 250 samples
  Threshold: 0.010415
  Distance range: [0.002960, 0.010403]
Percentile 0.01%: 50 samples
  Threshold: 0.006330
  Distance range: [0.002960, 0.006323]

✓ Saved to: ../../figures/from_260430/ppc/sigma0p7/R05p0/ABC_Posterior__Distance_Colored.png
Loading data...
✓ Loaded 499,665 samples
  Distance range: [0.002960, 0.517306]

Percentile 1%:
  Threshold: 0.030518
  Selected: 4,997 samples (1.00%)
  Distance range of selected: [0.002960, 0.030518]

✓ Saved to: ../../figures/from_260430/ppc/sigma0p7/R05p0/ABC_Posterior__Top_1%_p1.png
Loading data...
✓ Loaded 499,665 samples
  Distance range: [0.002960, 0.517306]

Percentile 0.1%:
  Threshold: 0.013277
  Selected: 500 samples (0.10%)
  Distance range of selected: [0.002960, 0.013272]

✓ Saved to: ../../figures/from_260430/ppc/sigma0p7/R05p0/ABC_Posterior__Top_0.1%_p0.1.png
Loading data...
✓ Loaded 499,665 samples
  Distance range: [0.002960, 0.517306]

Percentile 0.05%:
  Threshold: 0.010415
  Selected: 250 samples (0.05%)
  Distance range of selected: [0.002960, 0.010403]

✓ Saved to: ../../figures/from_260430/ppc/sigma0p7/R05p0/ABC_Posterior__Top_0.05%_p0.05.png
Loading data...
✓ Loaded 499,665 samples
  Distance range: [0.002960, 0.517306]

Percentile 0.01%:
  Threshold: 0.006330
  Selected: 50 samples (0.01%)
  Distance range of selected: [0.002960, 0.006323]

✓ Saved to: ../../figures/from_260430/ppc/sigma0p7/R05p0/ABC_Posterior__Top_0.01%_p0.01.png
Percentile 1%: 4,997 samples selected
✓ Saved to: ../../figures/from_260430/ppc/sigma0p7/R05p0/ABC_Posterior__R0=5.0,_sigma=0.7_kde_p1.png
Loaded 499,665 samples
Percentile 2%: 9,994 samples
Percentile 1%: 4,997 samples
Percentile 0.5%: 2,499 samples
Percentile 0.1%: 500 samples
Percentile 0.05%: 250 samples
Percentile 0.01%: 50 samples

✓ Saved to: ../../figures/from_260430/ppc/sigma0p7/R05p0/ABC_Posterior_Evolution__R0=5.0,_sigma=0.7_kde_multi.png

✅ All plots generated successfully!
