scatter_plots_for_sigma0p7_R03p0.py:574: UserWarning: This figure includes Axes that are not compatible with tight_layout, so results might be incorrect.
  plt.tight_layout(rect=[0, 0, 0.92, 0.96])
scatter_plots_for_sigma0p7_R03p0.py:574: UserWarning: This figure includes Axes that are not compatible with tight_layout, so results might be incorrect.
  plt.tight_layout(rect=[0, 0, 0.92, 0.96])
Done. Results saved to '../../experimental_data/from_260430/dists_sigma0p7_R03p0_recal.csv'.
Loading data...
✓ Loaded 499,665 samples

Using MANUAL color scale: [0.000850, 0.015000]

Percentile 10%: 49,967 samples
  Threshold: 0.042679
  Distance range: [0.001486, 0.042679]
Percentile 5%: 24,984 samples
  Threshold: 0.028503
  Distance range: [0.001486, 0.028503]
Percentile 4%: 19,987 samples
  Threshold: 0.025710
  Distance range: [0.001486, 0.025710]
Percentile 3%: 14,990 samples
  Threshold: 0.022714
  Distance range: [0.001486, 0.022713]
Percentile 2%: 9,994 samples
  Threshold: 0.019570
  Distance range: [0.001486, 0.019570]
Percentile 1%: 4,997 samples
  Threshold: 0.015688
  Distance range: [0.001486, 0.015688]

✓ Saved to: ../../figures/from_260430/ppc/sigma0p7/R03p0/ABC_Posterior__Distance_Colored1.png
Loading data...
✓ Loaded 499,665 samples

Using MANUAL color scale: [0.000850, 0.015000]

Percentile 2%: 9,994 samples
  Threshold: 0.019570
  Distance range: [0.001486, 0.019570]
Percentile 1%: 4,997 samples
  Threshold: 0.015688
  Distance range: [0.001486, 0.015688]
Percentile 0.5%: 2,499 samples
  Threshold: 0.012876
  Distance range: [0.001486, 0.012875]
Percentile 0.1%: 500 samples
  Threshold: 0.008304
  Distance range: [0.001486, 0.008303]
Percentile 0.05%: 250 samples
  Threshold: 0.006829
  Distance range: [0.001486, 0.006818]
Percentile 0.01%: 50 samples
  Threshold: 0.004686
  Distance range: [0.001486, 0.004661]

✓ Saved to: ../../figures/from_260430/ppc/sigma0p7/R03p0/ABC_Posterior__Distance_Colored.png
Loading data...
✓ Loaded 499,665 samples
  Distance range: [0.001486, 0.797451]

Percentile 1%:
  Threshold: 0.015688
  Selected: 4,997 samples (1.00%)
  Distance range of selected: [0.001486, 0.015688]

✓ Saved to: ../../figures/from_260430/ppc/sigma0p7/R03p0/ABC_Posterior__Top_1%_p1.png
Loading data...
✓ Loaded 499,665 samples
  Distance range: [0.001486, 0.797451]

Percentile 0.1%:
  Threshold: 0.008304
  Selected: 500 samples (0.10%)
  Distance range of selected: [0.001486, 0.008303]

✓ Saved to: ../../figures/from_260430/ppc/sigma0p7/R03p0/ABC_Posterior__Top_0.1%_p0.1.png
Loading data...
✓ Loaded 499,665 samples
  Distance range: [0.001486, 0.797451]

Percentile 0.05%:
  Threshold: 0.006829
  Selected: 250 samples (0.05%)
  Distance range of selected: [0.001486, 0.006818]

✓ Saved to: ../../figures/from_260430/ppc/sigma0p7/R03p0/ABC_Posterior__Top_0.05%_p0.05.png
Loading data...
✓ Loaded 499,665 samples
  Distance range: [0.001486, 0.797451]

Percentile 0.01%:
  Threshold: 0.004686
  Selected: 50 samples (0.01%)
  Distance range of selected: [0.001486, 0.004661]

✓ Saved to: ../../figures/from_260430/ppc/sigma0p7/R03p0/ABC_Posterior__Top_0.01%_p0.01.png
Percentile 1%: 4,997 samples selected
✓ Saved to: ../../figures/from_260430/ppc/sigma0p7/R03p0/ABC_Posterior__R0=3.0,_sigma=0.7_kde_p1.png
Loaded 499,665 samples
Percentile 2%: 9,994 samples
Percentile 1%: 4,997 samples
Percentile 0.5%: 2,499 samples
Percentile 0.1%: 500 samples
Percentile 0.05%: 250 samples
Percentile 0.01%: 50 samples

✓ Saved to: ../../figures/from_260430/ppc/sigma0p7/R03p0/ABC_Posterior_Evolution__R0=3.0,_sigma=0.7_kde_multi.png

✅ All plots generated successfully!
