Done. Results saved to '../../experimental_data/from_260430/dists_sigma0p5_R01p5_recal.csv'.
Loaded 499665 samples
Percentile 10: 49967 samples selected
Percentile 5: 24984 samples selected
Percentile 4: 19987 samples selected
Percentile 3: 14990 samples selected
Percentile 2: 9994 samples selected
Percentile 1: 4997 samples selected
Saved to ../../figures/from_260430/ppc/sigma0p5/R01p5/R0_vs_sigma__Multiple_Percentileseuclidean1.png
Loaded 499665 samples
Percentile 2: 9994 samples selected
Percentile 1: 4997 samples selected
Percentile 0.5: 2499 samples selected
Percentile 0.4: 1999 samples selected
Percentile 0.2: 1000 samples selected
Percentile 0.1: 500 samples selected
Saved to ../../figures/from_260430/ppc/sigma0p5/R01p5/R0_vs_sigma__Multiple_Percentileseuclidean.png
Loading data...
✓ Loaded 499,665 samples
  Distance range: [0.000904, 0.900955]

Percentile 1%:
  Threshold: 0.012380
  Selected: 4,997 samples (1.00%)
  Distance range of selected: [0.000904, 0.012378]

✓ Saved to: ../../figures/from_260430/ppc/sigma0p5/R01p5/ABC_Posterior__Top_1%_p1.png
Loading data...
✓ Loaded 499,665 samples
  Distance range: [0.000904, 0.900955]

Percentile 0.1%:
  Threshold: 0.006069
  Selected: 500 samples (0.10%)
  Distance range of selected: [0.000904, 0.006066]

✓ Saved to: ../../figures/from_260430/ppc/sigma0p5/R01p5/ABC_Posterior__Top_0.1%_p0.1.png
Loading data...
✓ Loaded 499,665 samples
  Distance range: [0.000904, 0.900955]

Percentile 0.05%:
  Threshold: 0.004583
  Selected: 250 samples (0.05%)
  Distance range of selected: [0.000904, 0.004570]

✓ Saved to: ../../figures/from_260430/ppc/sigma0p5/R01p5/ABC_Posterior__Top_0.05%_p0.05.png
Loading data...
✓ Loaded 499,665 samples
  Distance range: [0.000904, 0.900955]

Percentile 0.01%:
  Threshold: 0.002646
  Selected: 50 samples (0.01%)
  Distance range of selected: [0.000904, 0.002619]

✓ Saved to: ../../figures/from_260430/ppc/sigma0p5/R01p5/ABC_Posterior__Top_0.01%_p0.01.png
Percentile 1%: 4,997 samples selected
✓ Saved to: ../../figures/from_260430/ppc/sigma0p5/R01p5/ABC_Posterior__R0=1.5,_sigma=0.5_kde_p1.png
Loaded 499,665 samples
Percentile 5%: 24,984 samples
Percentile 2%: 9,994 samples
Percentile 1%: 4,997 samples
Percentile 0.1%: 500 samples
Percentile 0.05%: 250 samples
Percentile 0.01%: 50 samples

✓ Saved to: ../../figures/from_260430/ppc/sigma0p5/R01p5/ABC_Posterior_Evolution__R0=1.5,_sigma=0.5_kde_multi.png

✅ All plots generated successfully!
