nohup: ignoring input
T's size 920
True True
s_obs [ 9.00000000e+00  1.30347826e+02  6.62266142e+01  7.78260870e+00
  4.70000000e+01 -3.28058774e-01  7.65386168e+00  1.98888889e+01
  1.03529412e+00  4.60842325e-02  8.14229249e-01]
scale [2.80e+01 5.20e+02 5.67e+04 2.75e+01 9.72e+01 4.48e-01 2.64e+01 2.30e+01
 1.12e+00 1.74e-01 1.81e+00]
dist 0.7045032983570007 number:  0
dist 0.3277272665813952 number:  50
dist 0.7293271746424376 number:  100
dist nan number:  150
dist 0.5339070060340676 number:  200
dist 0.8740275927183079 number:  250
dist nan number:  300
dist 0.48688296049575464 number:  350
dist nan number:  400
dist nan number:  450
dist 0.47067751315768325 number:  500
dist nan number:  550
dist 0.4982291803459062 number:  600
dist 0.8654578468286112 number:  650
dist 0.7883804427795275 number:  700
dist 0.36838840918931176 number:  750
dist 0.5556937196505612 number:  800
dist 0.5702210209450685 number:  850
dist nan number:  900
dist nan number:  950
dist nan number:  1000
dist nan number:  1050
dist 0.38470005972877597 number:  1100
dist nan number:  1150
dist 0.7041727455459702 number:  1200
dist 0.6108931820523436 number:  1250
dist 0.5889851199660187 number:  1300
dist 0.41045098325794566 number:  1350
dist 0.5538719669960956 number:  1400
dist 0.37192830341494276 number:  1450
eps:  0.43633497606892485
dists:  946
dist 0.3459761113893183 accepted:  30 trials:  261
dist 0.39613097950886905 accepted:  60 trials:  455
dist 0.404993485927523 accepted:  90 trials:  689
dist 0.35236064218121466 accepted:  120 trials:  950
dist 0.4350043735314058 accepted:  150 trials:  1132
dist 0.39995799741841226 accepted:  180 trials:  1426
dist 0.32902099394315787 accepted:  210 trials:  1645
dist 0.3412929941621592 accepted:  240 trials:  1961
dist 0.41220813163173625 accepted:  270 trials:  2200
dist 0.3903616941738874 accepted:  300 trials:  2416
dist 0.36203910201951944 accepted:  330 trials:  2683
dist 0.2516547722051153 accepted:  360 trials:  3002
dist 0.4012879036528357 accepted:  390 trials:  3214
dist 0.3457027621570451 accepted:  420 trials:  3560
dist 0.2901598391294465 accepted:  450 trials:  3829
dist 0.3561959067590134 accepted:  480 trials:  4068
dist 0.3612647112466322 accepted:  510 trials:  4335
dist 0.4175003877688511 accepted:  540 trials:  4629
dist 0.300957595455079 accepted:  570 trials:  4897
dist 0.36580807120780906 accepted:  600 trials:  5220
dist 0.3238314686941494 accepted:  630 trials:  5406
dist 0.3040031272384946 accepted:  660 trials:  5640
dist 0.2820645588362084 accepted:  690 trials:  5866
dist 0.4134937764276786 accepted:  720 trials:  6150
dist 0.3740442365097607 accepted:  750 trials:  6365
dist 0.4298356558584439 accepted:  780 trials:  6592
dist 0.40438728138716623 accepted:  810 trials:  6841
dist 0.32197868712944444 accepted:  840 trials:  7168
dist 0.4095190134557812 accepted:  870 trials:  7370
dist 0.3223334443779286 accepted:  900 trials:  7581
dist 0.4114248666359024 accepted:  930 trials:  7893
dist 0.3595544625049718 accepted:  960 trials:  8150
dist 0.21013130176738617 accepted:  990 trials:  8332
dist 0.3860871158557276 accepted:  1020 trials:  8619
dist 0.3198486742701108 accepted:  1050 trials:  8866
dist 0.2817729782883233 accepted:  1080 trials:  9144
dist 0.24415212644259982 accepted:  1110 trials:  9525
dist 0.3213586661585526 accepted:  1140 trials:  9756
dist 0.4261321023225265 accepted:  1170 trials:  10003
dist 0.42441103139877434 accepted:  1200 trials:  10228
dist 0.3752608662822197 accepted:  1230 trials:  10448
dist 0.40438951626595443 accepted:  1260 trials:  10674
dist 0.28704022946094077 accepted:  1290 trials:  10906
dist 0.33690229629498475 accepted:  1320 trials:  11156
dist 0.39517375767653157 accepted:  1350 trials:  11439
dist 0.1877876269050815 accepted:  1380 trials:  11637
dist 0.4246813158995682 accepted:  1410 trials:  11911
dist 0.2582890759191898 accepted:  1440 trials:  12144
dist 0.3751588193160443 accepted:  1470 trials:  12352
dist 0.2113089113013353 accepted:  1500 trials:  12589
dist 0.25898955754754177 accepted:  1530 trials:  12813
dist 0.38473695538401803 accepted:  1560 trials:  13080
dist 0.43590503676440534 accepted:  1590 trials:  13329
dist 0.1743648044156952 accepted:  1620 trials:  13594
dist 0.13536059092249056 accepted:  1650 trials:  13796
dist 0.39799491677100785 accepted:  1680 trials:  14057
dist 0.4296790666366791 accepted:  1710 trials:  14326
dist 0.4080145127692127 accepted:  1740 trials:  14653
dist 0.3995948760143955 accepted:  1770 trials:  14886
dist 0.42562898940976923 accepted:  1800 trials:  15051
dist 0.24915826343171016 accepted:  1830 trials:  15357
dist 0.27020191307049785 accepted:  1860 trials:  15646
dist 0.4124463365603983 accepted:  1890 trials:  15928
dist 0.3117585124272283 accepted:  1920 trials:  16179
dist 0.3749946481773047 accepted:  1950 trials:  16470
dist 0.23771896331734987 accepted:  1980 trials:  16758
Accepted:  2000 Trials:  16893 Acceptance rate:  0.1183922334694844
Posterior mean R0:  6.282645755715534
Posterior mean sigma:  0.6244132545528557
Elapsed: 81206.3882 s
