nohup: ignoring input
T's size 920
True True
s_obs [76.30434783 38.52913276 -0.21584706  4.77520647]
scale [5.20e+02 5.67e+04 4.48e-01 2.64e+01]
dist 0.485756813434235 number:  0
dist 0.09024279452748435 number:  50
dist 0.3962630617936711 number:  100
dist nan number:  150
dist 0.08683357146376437 number:  200
dist 0.5371067988827056 number:  250
dist nan number:  300
dist 0.20699681752036092 number:  350
dist nan number:  400
dist nan number:  450
dist 0.14099601802002804 number:  500
dist nan number:  550
dist 0.09767624206173786 number:  600
dist 0.4150822678541821 number:  650
dist 0.5456198986526815 number:  700
dist 0.130142002385115 number:  750
dist 0.1884366350686349 number:  800
dist 0.09293845224352802 number:  850
dist nan number:  900
dist nan number:  950
dist nan number:  1000
dist nan number:  1050
dist 0.1603291790901975 number:  1100
dist nan number:  1150
dist 0.4489450429728763 number:  1200
dist 0.3862988348318608 number:  1250
dist 0.03372725512953062 number:  1300
dist 0.4097958079085761 number:  1350
dist 0.08398767868946452 number:  1400
dist 0.05276632647202597 number:  1450
eps:  0.10546794495393866
dists:  857
dist 0.08867889940313767 accepted:  30 trials:  214
dist 0.0695054504756883 accepted:  60 trials:  439
dist 0.014780571370056969 accepted:  90 trials:  747
dist 0.08399215771509083 accepted:  120 trials:  970
dist 0.01168649384186687 accepted:  150 trials:  1264
dist 0.07842126274846589 accepted:  180 trials:  1539
dist 0.03788147645193757 accepted:  210 trials:  1869
dist 0.09160019751460999 accepted:  240 trials:  2199
dist 0.03911690311556608 accepted:  270 trials:  2468
dist 0.089569966999243 accepted:  300 trials:  2648
dist 0.0210560470282312 accepted:  330 trials:  2889
dist 0.028262014222037928 accepted:  360 trials:  3155
dist 0.09344527534220809 accepted:  390 trials:  3394
dist 0.017562075164732207 accepted:  420 trials:  3643
dist 0.05892278552989776 accepted:  450 trials:  3896
dist 0.063672253471389 accepted:  480 trials:  4202
dist 0.038452553592691674 accepted:  510 trials:  4468
dist 0.0208989470459847 accepted:  540 trials:  4690
dist 0.09128138476746339 accepted:  570 trials:  4915
dist 0.02763127006097544 accepted:  600 trials:  5187
dist 0.0803785077474179 accepted:  630 trials:  5490
dist 0.0589434314211239 accepted:  660 trials:  5779
dist 0.02684956153683036 accepted:  690 trials:  6137
dist 0.03406051478679095 accepted:  720 trials:  6333
dist 0.09119413383270816 accepted:  750 trials:  6574
dist 0.09139191567008702 accepted:  780 trials:  6835
dist 0.03890025790112828 accepted:  810 trials:  7180
dist 0.03647557574153955 accepted:  840 trials:  7331
dist 0.004041329303526437 accepted:  870 trials:  7609
dist 0.08526234124937841 accepted:  900 trials:  7925
dist 0.04166328903784684 accepted:  930 trials:  8151
dist 0.029035508852119668 accepted:  960 trials:  8385
dist 0.06533160159878276 accepted:  990 trials:  8627
dist 0.05059729771154662 accepted:  1020 trials:  8907
dist 0.04578246532980348 accepted:  1050 trials:  9184
dist 0.09109707297117295 accepted:  1080 trials:  9495
dist 0.08762804597028985 accepted:  1110 trials:  9794
dist 0.09497316200279819 accepted:  1140 trials:  10115
dist 0.09273553146504483 accepted:  1170 trials:  10364
dist 0.0841708710186185 accepted:  1200 trials:  10566
dist 0.028380236018407078 accepted:  1230 trials:  10779
dist 0.08386261731243244 accepted:  1260 trials:  11023
dist 0.031030837828946178 accepted:  1290 trials:  11317
dist 0.08654401492788272 accepted:  1320 trials:  11644
dist 0.08094681703666107 accepted:  1350 trials:  11910
dist 0.10242747323838637 accepted:  1380 trials:  12166
dist 0.08846018059354348 accepted:  1410 trials:  12423
dist 0.09591676646174406 accepted:  1440 trials:  12694
dist 0.08478946956222769 accepted:  1470 trials:  13058
dist 0.03195830679714594 accepted:  1500 trials:  13370
dist 0.023318971822439926 accepted:  1530 trials:  13594
dist 0.03537233454158914 accepted:  1560 trials:  13798
dist 0.011435337456650324 accepted:  1590 trials:  14036
dist 0.05383173124415321 accepted:  1620 trials:  14264
dist 0.09664941438160576 accepted:  1650 trials:  14521
dist 0.0321233956252797 accepted:  1680 trials:  14885
dist 0.019802425236692275 accepted:  1710 trials:  15134
dist 0.06520389285734458 accepted:  1740 trials:  15417
dist 0.09962434785392758 accepted:  1770 trials:  15690
dist 0.09451665299228795 accepted:  1800 trials:  15954
dist 0.09384880550773751 accepted:  1830 trials:  16305
dist 0.05294871745622869 accepted:  1860 trials:  16518
dist 0.09519644810973786 accepted:  1890 trials:  16759
dist 0.045829737229520426 accepted:  1920 trials:  17036
dist 0.10395752548085498 accepted:  1950 trials:  17304
dist 0.08836802305537853 accepted:  1980 trials:  17531
Accepted:  2000 Trials:  17762 Acceptance rate:  0.11259993244004053
Posterior mean R0:  3.531416678420339
Posterior mean sigma:  0.5204147836217244
Elapsed: 72186.2735 s
