2026-04-01 11:58:43 - INFO - T's size: 920
2026-04-01 11:58:45 - INFO - allclose=True, same_shape=True
2026-04-01 11:58:45 - INFO - scale:[5.20e+02 5.67e+04 4.48e-01 2.64e+01]
2026-04-01 11:58:45 - INFO - weights: [1. 1. 3. 1.]
2026-04-01 11:58:45 - INFO - s_obs: [0.    0.    0.448 0.   ]
2026-04-01 11:58:47 - INFO - dist: 4.447290022614469; number: 0
2026-04-01 12:00:10 - INFO - dist: 0.0; number: 50
2026-04-01 12:02:18 - INFO - dist: 3.936455496041503; number: 100
2026-04-01 12:04:10 - INFO - dist: 0.0; number: 150
2026-04-01 12:06:02 - INFO - dist: 0.0; number: 200
2026-04-01 12:07:58 - INFO - dist: 5.037518199682554; number: 250
2026-04-01 12:09:54 - INFO - dist: 0.0; number: 300
2026-04-01 12:11:45 - INFO - dist: 3.3350924763852046; number: 350
2026-04-01 12:13:54 - INFO - dist: 0.0; number: 400
2026-04-01 12:15:57 - INFO - dist: 0.0; number: 450
2026-04-01 12:17:54 - INFO - dist: 3.3351777148256088; number: 500
2026-04-01 12:19:51 - INFO - dist: 0.0; number: 550
2026-04-01 12:21:48 - INFO - dist: 0.0; number: 600
2026-04-01 12:23:52 - INFO - dist: 0.0; number: 650
2026-04-01 12:25:49 - INFO - dist: 4.665878223697536; number: 700
2026-04-01 12:28:15 - INFO - dist: 3.3350400739166215; number: 750
2026-04-01 12:30:11 - INFO - dist: 0.0; number: 800
2026-04-01 12:31:59 - INFO - dist: 0.0; number: 850
2026-04-01 12:34:00 - INFO - dist: 0.0; number: 900
2026-04-01 12:35:46 - INFO - dist: 0.0; number: 950
2026-04-01 12:37:45 - INFO - dist: 0.0; number: 1000
2026-04-01 12:39:39 - INFO - dist: 0.0; number: 1050
2026-04-01 12:41:22 - INFO - dist: 0.0; number: 1100
2026-04-01 12:43:21 - INFO - dist: 0.0; number: 1150
2026-04-01 12:45:21 - INFO - dist: 3.335290253118327; number: 1200
2026-04-01 12:47:24 - INFO - dist: 3.941625510707898; number: 1250
2026-04-01 12:49:23 - INFO - dist: 0.0; number: 1300
2026-04-01 12:51:10 - INFO - dist: 0.0; number: 1350
2026-04-01 12:52:59 - INFO - dist: 0.0; number: 1400
2026-04-01 12:54:56 - INFO - dist: 0.0; number: 1450
2026-04-01 12:56:52 - INFO - eps: 0.0; dists: 1500
2026-04-01 12:58:20 - INFO - dist: 0.0; accepted: 30; trials: 38
2026-04-01 13:00:05 - INFO - dist: 0.0; accepted: 60; trials: 80
2026-04-01 13:01:27 - INFO - dist: 0.0; accepted: 90; trials: 117
2026-04-01 13:02:53 - INFO - dist: 0.0; accepted: 120; trials: 154
2026-04-01 13:04:26 - INFO - dist: 0.0; accepted: 150; trials: 193
2026-04-01 13:05:54 - INFO - dist: 0.0; accepted: 180; trials: 231
2026-04-01 13:07:18 - INFO - dist: 0.0; accepted: 210; trials: 267
2026-04-01 13:08:43 - INFO - dist: 0.0; accepted: 240; trials: 304
2026-04-01 13:09:47 - INFO - dist: 0.0; accepted: 270; trials: 336
2026-04-01 13:11:19 - INFO - dist: 0.0; accepted: 300; trials: 375
2026-04-01 13:12:48 - INFO - dist: 0.0; accepted: 330; trials: 413
2026-04-01 13:14:19 - INFO - dist: 0.0; accepted: 360; trials: 452
2026-04-01 13:15:52 - INFO - dist: 0.0; accepted: 390; trials: 492
2026-04-01 13:17:24 - INFO - dist: 0.0; accepted: 420; trials: 531
2026-04-01 13:18:47 - INFO - dist: 0.0; accepted: 450; trials: 568
2026-04-01 13:20:14 - INFO - dist: 0.0; accepted: 480; trials: 608
2026-04-01 13:21:37 - INFO - dist: 0.0; accepted: 510; trials: 646
2026-04-01 13:23:09 - INFO - dist: 0.0; accepted: 540; trials: 687
2026-04-01 13:24:43 - INFO - dist: 0.0; accepted: 570; trials: 729
2026-04-01 13:26:11 - INFO - dist: 0.0; accepted: 600; trials: 770
2026-04-01 13:27:36 - INFO - dist: 0.0; accepted: 630; trials: 809
2026-04-01 13:28:53 - INFO - dist: 0.0; accepted: 660; trials: 845
2026-04-01 13:30:17 - INFO - dist: 0.0; accepted: 690; trials: 884
2026-04-01 13:31:25 - INFO - dist: 0.0; accepted: 720; trials: 918
2026-04-01 13:32:33 - INFO - dist: 0.0; accepted: 750; trials: 953
2026-04-01 13:33:57 - INFO - dist: 0.0; accepted: 780; trials: 991
2026-04-01 13:35:27 - INFO - dist: 0.0; accepted: 810; trials: 1030
2026-04-01 13:36:28 - INFO - dist: 0.0; accepted: 840; trials: 1062
2026-04-01 13:37:41 - INFO - dist: 0.0; accepted: 870; trials: 1099
2026-04-01 13:39:08 - INFO - dist: 0.0; accepted: 900; trials: 1138
2026-04-01 13:40:23 - INFO - dist: 0.0; accepted: 930; trials: 1174
2026-04-01 13:42:12 - INFO - dist: 0.0; accepted: 960; trials: 1220
2026-04-01 13:43:28 - INFO - dist: 0.0; accepted: 990; trials: 1257
2026-04-01 13:43:46 - INFO - Accepted: 1000; Trials: 1267; Acceptance rate: 0.7892659826361483
2026-04-01 13:43:46 - INFO - Posterior mean R0: 1.880715475129863
2026-04-01 13:43:46 - INFO - Posterior mean sigma: 0.901045133023808
2026-04-01 13:43:46 - INFO - Elapsed: 6304.0853 s
T's size 920
True True
y_obs_array.mean 0.0
start to simulate:
rmse: 0.0
mae: 0.0
coverage: 1.0
Elapsed: 1699.1946 s
Worst strain coverage: 1.0
Best strain coverage: 1.0
Worst strain MAE: 0.0
Worst time coverage: 1.0
Best time coverage: 1.0
Worst time MAE: 0.0
============================================================
POSTERIOR PREDICTIVE CHECK RESULTS
============================================================
Ground truth:      R0 = 2.0, sigma = 0.8
Posterior samples: 1000
R0 posterior:      1.881 ± 0.565
sigma posterior:   0.901 ± 0.299
------------------------------------------------------------
RMSE:              0.000000
MAE:               0.000000
90% CI Coverage:   100.00%
Expected Coverage: 90.00%
------------------------------------------------------------
Status: ⚠ Over-coverage (model underconfident)
============================================================
