nohup: ignoring input
T's size 920
True True
scale [5.20e+02 5.67e+04 4.48e-01 2.64e+01]
weights:  [1. 1. 3. 1.]
s_obs [0.    0.    0.448 0.   ]
dist 3.9460066203100035 number:  0
dist 0.0 number:  50
dist 3.335325427472496 number:  100
dist 0.0 number:  150
dist 3.3350494621950935 number:  200
dist 4.206837041006219 number:  250
dist 0.0 number:  300
dist 0.0 number:  350
dist 0.0 number:  400
dist 0.0 number:  450
dist 0.0 number:  500
dist 0.0 number:  550
dist 0.0 number:  600
dist 0.0 number:  650
dist 3.649558931492508 number:  700
dist 0.0 number:  750
dist 0.0 number:  800
dist 0.0 number:  850
dist 0.0 number:  900
dist 0.0 number:  950
dist 0.0 number:  1000
dist 0.0 number:  1050
dist 0.0 number:  1100
dist 0.0 number:  1150
dist 3.3350450368431916 number:  1200
dist 3.3351562884361146 number:  1250
dist 0.0 number:  1300
dist 0.0 number:  1350
dist 0.0 number:  1400
dist 0.0 number:  1450
eps:  0.0
dists:  1500
nohup: ignoring input
T's size 920
True True
scale [5.20e+02 5.67e+04 4.48e-01 2.64e+01]
weights:  [1. 1. 3. 1.]
s_obs [0.    0.    0.448 0.   ]
dist 3.9460066203100035 number:  0
dist 0.0 number:  50
dist 3.335325427472496 number:  100
dist 0.0 number:  150
nohup: ignoring input
Traceback (most recent call last):
  File "StrepA_ABC_2params_R01p5.py", line 158, in <module>
    tprint("T's size", T)
TypeError: tprint() takes 1 positional argument but 2 were given
nohup: ignoring input
T's size 920
True True
scale [5.20e+02 5.67e+04 4.48e-01 2.64e+01]
weights:  [1. 1. 3. 1.]
s_obs [0.    0.    0.448 0.   ]
dist 3.9460066203100035 number:  0
nohup: ignoring input
T's size 920
True True
scale [5.20e+02 5.67e+04 4.48e-01 2.64e+01]
weights:  [1. 1. 3. 1.]
s_obs [0.    0.    0.448 0.   ]
dist 3.9460066203100035 number:  0
dist 0.0 number:  50
dist 3.335325427472496 number:  100
dist 0.0 number:  150
dist 3.3350494621950935 number:  200
dist 4.206837041006219 number:  250
dist 0.0 number:  300
dist 0.0 number:  350
dist 0.0 number:  400
nohup: ignoring input
  File "StrepA_ABC_2params_R01p5.py", line 161
    logging.info(f "T's size: {T}")
                   ^
SyntaxError: invalid syntax
nohup: ignoring input
Traceback (most recent call last):
  File "StrepA_ABC_2params_R01p5.py", line 56, in <module>
    stream=sys.stdout  # Important for nohup
NameError: name 'sys' is not defined
nohup: ignoring input
2026-03-28 02:52:55 - INFO - T's size: 920
T's size 920
True True
scale [5.20e+02 5.67e+04 4.48e-01 2.64e+01]
weights:  [1. 1. 3. 1.]
s_obs [0.    0.    0.448 0.   ]
dist 3.9460066203100035 number:  0
nohup: ignoring input
2026-03-28 03:09:07 - INFO - T's size: 920
2026-03-28 03:09:09 - INFO - allclose=True, same_shape=True
2026-03-28 03:09:09 - INFO - scale:[5.20e+02 5.67e+04 4.48e-01 2.64e+01]
2026-03-28 03:09:09 - INFO - weights: [1. 1. 3. 1.]
2026-03-28 03:09:09 - INFO - s_obs: [0.    0.    0.448 0.   ]
2026-03-28 03:09:13 - INFO - dist: 3.9460066203100035; number: 0
2026-03-28 03:10:54 - INFO - dist: 0.0; number: 50
2026-03-28 03:12:42 - INFO - eps: 0.0; dists: [3.9460066203100035, 0.0, 0.0, 3.651736759427137, 3.335036550177533, 0.0, 3.6527006563286033, 0.0, 3.649874368397075, 0.0, 0.0, 0.0, 0.0, 0.0, 0.0, 0.0, 0.0, 0.0, 0.0, 0.0, 0.0, 0.0, 0.0, 0.0, 0.0, 0.0, 0.0, 0.0, 0.0, 0.0, 0.0, 0.0, 3.335173140464568, 0.0, 0.0, 0.0, 0.0, 0.0, 0.0, 0.0, 0.0, 0.0, 0.0, 3.3351095966176727, 3.335076811326154, 0.0, 3.335179259265752, 0.0, 0.0, 0.0, 0.0, 3.6509609080554624, 0.0, 3.651898381376845, 3.3354578242945614, 0.0, 0.0, 0.0, 0.0, 0.0, 0.0, 0.0, 0.0, 0.0, 0.0, 0.0, 0.0, 0.0, 0.0, 0.0, 3.941274123060847, 3.6501933076296056, 0.0, 0.0, 0.0, 0.0, 0.0, 0.0, 0.0, 0.0, 0.0, 0.0, 0.0, 0.0, 0.0, 0.0, 0.0, 0.0, 0.0, 0.0, 0.0, 0.0, 0.0, 0.0, 0.0, 0.0, 0.0, 0.0, 0.0, 0.0]
2026-03-28 03:14:02 - INFO - dist: 0.0; accepted: 30; trials: 36
2026-03-28 03:15:06 - INFO - Accepted: 50; Trials: 62; Acceptance rate: 0.8064516129032258
2026-03-28 03:15:06 - INFO - Posterior mean R0: 1.438963403780547
2026-03-28 03:15:06 - INFO - Posterior mean sigma: <built-in method mean of numpy.ndarray object at 0x7ff10dbe3f90>()
2026-03-28 03:15:06 - INFO - Elapsed: 361.9204 s
nohup: ignoring input
2026-03-28 03:16:05 - INFO - T's size: 920
2026-03-28 03:16:08 - INFO - allclose=True, same_shape=True
2026-03-28 03:16:08 - INFO - scale:[5.20e+02 5.67e+04 4.48e-01 2.64e+01]
2026-03-28 03:16:08 - INFO - weights: [1. 1. 3. 1.]
2026-03-28 03:16:08 - INFO - s_obs: [0.    0.    0.448 0.   ]
2026-03-28 03:16:11 - INFO - dist: 3.9460066203100035; number: 0
2026-03-28 03:18:00 - INFO - dist: 0.0; number: 50
2026-03-28 03:19:45 - INFO - eps: 0.0; dists: 100
2026-03-28 03:21:01 - INFO - dist: 0.0; accepted: 30; trials: 36
2026-03-28 03:21:57 - INFO - Accepted: 50; Trials: 62; Acceptance rate: 0.8064516129032258
2026-03-28 03:21:57 - INFO - Posterior mean R0: 1.438963403780547
2026-03-28 03:21:57 - INFO - Posterior mean sigma: 0.610520052420024
2026-03-28 03:21:57 - INFO - Elapsed: 354.5367 s
nohup: ignoring input
2026-03-28 03:25:28 - INFO - T's size: 920
2026-03-28 03:25:29 - INFO - allclose=True, same_shape=True
2026-03-28 03:25:29 - INFO - scale:[5.20e+02 5.67e+04 4.48e-01 2.64e+01]
2026-03-28 03:25:29 - INFO - weights: [1. 1. 3. 1.]
2026-03-28 03:25:29 - INFO - s_obs: [0.    0.    0.448 0.   ]
2026-03-28 03:25:33 - INFO - dist: 3.9460066203100035; number: 0
2026-03-28 03:27:26 - INFO - dist: 0.0; number: 50
2026-03-28 03:29:15 - INFO - dist: 3.335325427472496; number: 100
2026-03-28 03:30:59 - INFO - dist: 0.0; number: 150
2026-03-28 03:32:45 - INFO - dist: 3.3350494621950935; number: 200
2026-03-28 03:34:36 - INFO - dist: 4.206837041006219; number: 250
2026-03-28 03:36:20 - INFO - dist: 0.0; number: 300
2026-03-28 03:37:55 - INFO - dist: 0.0; number: 350
2026-03-28 03:39:49 - INFO - dist: 0.0; number: 400
2026-03-28 03:41:41 - INFO - dist: 0.0; number: 450
2026-03-28 03:43:38 - INFO - dist: 0.0; number: 500
2026-03-28 03:45:21 - INFO - dist: 0.0; number: 550
2026-03-28 03:47:07 - INFO - dist: 0.0; number: 600
2026-03-28 03:48:59 - INFO - dist: 0.0; number: 650
2026-03-28 03:50:52 - INFO - dist: 3.649558931492508; number: 700
2026-03-28 03:52:54 - INFO - dist: 0.0; number: 750
2026-03-28 03:54:38 - INFO - dist: 0.0; number: 800
2026-03-28 03:56:28 - INFO - dist: 0.0; number: 850
2026-03-28 03:58:24 - INFO - dist: 0.0; number: 900
2026-03-28 04:00:03 - INFO - dist: 0.0; number: 950
2026-03-28 04:01:56 - INFO - dist: 0.0; number: 1000
2026-03-28 04:03:54 - INFO - dist: 0.0; number: 1050
2026-03-28 04:05:37 - INFO - dist: 0.0; number: 1100
2026-03-28 04:07:26 - INFO - dist: 0.0; number: 1150
2026-03-28 04:09:18 - INFO - dist: 3.3350450368431916; number: 1200
2026-03-28 04:10:59 - INFO - dist: 3.3351562884361146; number: 1250
2026-03-28 04:12:46 - INFO - dist: 0.0; number: 1300
2026-03-28 04:14:33 - INFO - dist: 0.0; number: 1350
2026-03-28 04:16:17 - INFO - dist: 0.0; number: 1400
2026-03-28 04:18:07 - INFO - dist: 0.0; number: 1450
2026-03-28 04:19:51 - INFO - eps: 0.0; dists: 1500
2026-03-28 04:21:17 - INFO - dist: 0.0; accepted: 30; trials: 36
2026-03-28 04:22:48 - INFO - dist: 0.0; accepted: 60; trials: 74
2026-03-28 04:23:53 - INFO - dist: 0.0; accepted: 90; trials: 105
2026-03-28 04:25:18 - INFO - dist: 0.0; accepted: 120; trials: 141
2026-03-28 04:26:29 - INFO - dist: 0.0; accepted: 150; trials: 175
2026-03-28 04:27:37 - INFO - dist: 0.0; accepted: 180; trials: 209
2026-03-28 04:28:52 - INFO - dist: 0.0; accepted: 210; trials: 245
2026-03-28 04:30:09 - INFO - dist: 0.0; accepted: 240; trials: 280
2026-03-28 04:31:18 - INFO - dist: 0.0; accepted: 270; trials: 313
2026-03-28 04:32:20 - INFO - dist: 0.0; accepted: 300; trials: 345
2026-03-28 04:33:39 - INFO - dist: 0.0; accepted: 330; trials: 380
2026-03-28 04:35:04 - INFO - dist: 0.0; accepted: 360; trials: 416
2026-03-28 04:36:22 - INFO - dist: 0.0; accepted: 390; trials: 451
2026-03-28 04:37:43 - INFO - dist: 0.0; accepted: 420; trials: 487
2026-03-28 04:38:56 - INFO - dist: 0.0; accepted: 450; trials: 521
2026-03-28 04:40:07 - INFO - dist: 0.0; accepted: 480; trials: 553
2026-03-28 04:41:33 - INFO - dist: 0.0; accepted: 510; trials: 590
2026-03-28 04:42:39 - INFO - dist: 0.0; accepted: 540; trials: 622
2026-03-28 04:43:53 - INFO - dist: 0.0; accepted: 570; trials: 656
2026-03-28 04:45:08 - INFO - dist: 0.0; accepted: 600; trials: 690
2026-03-28 04:46:42 - INFO - dist: 0.0; accepted: 630; trials: 728
2026-03-28 04:47:52 - INFO - dist: 0.0; accepted: 660; trials: 760
2026-03-28 04:49:16 - INFO - dist: 0.0; accepted: 690; trials: 799
2026-03-28 04:50:22 - INFO - dist: 0.0; accepted: 720; trials: 831
2026-03-28 04:51:33 - INFO - dist: 0.0; accepted: 750; trials: 864
2026-03-28 04:53:10 - INFO - dist: 0.0; accepted: 780; trials: 904
2026-03-28 04:54:14 - INFO - dist: 0.0; accepted: 810; trials: 938
2026-03-28 04:55:24 - INFO - dist: 0.0; accepted: 840; trials: 973
2026-03-28 04:56:54 - INFO - dist: 0.0; accepted: 870; trials: 1013
2026-03-28 04:57:56 - INFO - dist: 0.0; accepted: 900; trials: 1044
2026-03-28 04:59:03 - INFO - dist: 0.0; accepted: 930; trials: 1077
2026-03-28 05:00:02 - INFO - dist: 0.0; accepted: 960; trials: 1109
2026-03-28 05:01:25 - INFO - dist: 0.0; accepted: 990; trials: 1147
2026-03-28 05:02:45 - INFO - dist: 0.0; accepted: 1020; trials: 1183
2026-03-28 05:04:14 - INFO - dist: 0.0; accepted: 1050; trials: 1224
2026-03-28 05:05:25 - INFO - dist: 0.0; accepted: 1080; trials: 1259
2026-03-28 05:06:34 - INFO - dist: 0.0; accepted: 1110; trials: 1291
2026-03-28 05:07:55 - INFO - dist: 0.0; accepted: 1140; trials: 1328
2026-03-28 05:08:59 - INFO - dist: 0.0; accepted: 1170; trials: 1360
2026-03-28 05:10:17 - INFO - dist: 0.0; accepted: 1200; trials: 1395
2026-03-28 05:11:41 - INFO - dist: 0.0; accepted: 1230; trials: 1431
2026-03-28 05:13:11 - INFO - dist: 0.0; accepted: 1260; trials: 1468
2026-03-28 05:14:12 - INFO - dist: 0.0; accepted: 1290; trials: 1499
2026-03-28 05:15:30 - INFO - dist: 0.0; accepted: 1320; trials: 1536
2026-03-28 05:16:41 - INFO - dist: 0.0; accepted: 1350; trials: 1570
2026-03-28 05:18:01 - INFO - dist: 0.0; accepted: 1380; trials: 1608
2026-03-28 05:19:27 - INFO - dist: 0.0; accepted: 1410; trials: 1643
2026-03-28 05:20:33 - INFO - dist: 0.0; accepted: 1440; trials: 1674
2026-03-28 05:21:39 - INFO - dist: 0.0; accepted: 1470; trials: 1706
2026-03-28 05:22:50 - INFO - dist: 0.0; accepted: 1500; trials: 1739
2026-03-28 05:24:08 - INFO - dist: 0.0; accepted: 1530; trials: 1773
2026-03-28 05:25:17 - INFO - dist: 0.0; accepted: 1560; trials: 1806
2026-03-28 05:26:24 - INFO - dist: 0.0; accepted: 1590; trials: 1840
2026-03-28 05:27:50 - INFO - dist: 0.0; accepted: 1620; trials: 1877
2026-03-28 05:29:15 - INFO - dist: 0.0; accepted: 1650; trials: 1914
2026-03-28 05:30:12 - INFO - dist: 0.0; accepted: 1680; trials: 1945
2026-03-28 05:31:24 - INFO - dist: 0.0; accepted: 1710; trials: 1978
2026-03-28 05:32:34 - INFO - dist: 0.0; accepted: 1740; trials: 2012
2026-03-28 05:33:48 - INFO - dist: 0.0; accepted: 1770; trials: 2046
2026-03-28 05:35:00 - INFO - dist: 0.0; accepted: 1800; trials: 2081
2026-03-28 05:36:16 - INFO - dist: 0.0; accepted: 1830; trials: 2114
2026-03-28 05:37:50 - INFO - dist: 0.0; accepted: 1860; trials: 2153
2026-03-28 05:39:07 - INFO - dist: 0.0; accepted: 1890; trials: 2187
2026-03-28 05:40:25 - INFO - dist: 0.0; accepted: 1920; trials: 2221
2026-03-28 05:41:39 - INFO - dist: 0.0; accepted: 1950; trials: 2256
2026-03-28 05:43:07 - INFO - dist: 0.0; accepted: 1980; trials: 2296
2026-03-28 05:44:32 - INFO - dist: 0.0; accepted: 2010; trials: 2334
2026-03-28 05:45:31 - INFO - dist: 0.0; accepted: 2040; trials: 2365
2026-03-28 05:46:49 - INFO - dist: 0.0; accepted: 2070; trials: 2400
2026-03-28 05:48:31 - INFO - dist: 0.0; accepted: 2100; trials: 2440
2026-03-28 05:49:43 - INFO - dist: 0.0; accepted: 2130; trials: 2475
2026-03-28 05:50:50 - INFO - dist: 0.0; accepted: 2160; trials: 2508
2026-03-28 05:52:05 - INFO - dist: 0.0; accepted: 2190; trials: 2543
2026-03-28 05:53:14 - INFO - dist: 0.0; accepted: 2220; trials: 2575
2026-03-28 05:54:40 - INFO - dist: 0.0; accepted: 2250; trials: 2612
2026-03-28 05:56:01 - INFO - dist: 0.0; accepted: 2280; trials: 2646
2026-03-28 05:57:30 - INFO - dist: 0.0; accepted: 2310; trials: 2682
2026-03-28 05:59:06 - INFO - dist: 0.0; accepted: 2340; trials: 2721
2026-03-28 06:00:36 - INFO - dist: 0.0; accepted: 2370; trials: 2760
2026-03-28 06:01:54 - INFO - dist: 0.0; accepted: 2400; trials: 2796
2026-03-28 06:03:20 - INFO - dist: 0.0; accepted: 2430; trials: 2837
2026-03-28 06:04:27 - INFO - dist: 0.0; accepted: 2460; trials: 2869
2026-03-28 06:05:45 - INFO - dist: 0.0; accepted: 2490; trials: 2905
2026-03-28 06:07:02 - INFO - dist: 0.0; accepted: 2520; trials: 2941
2026-03-28 06:08:37 - INFO - dist: 0.0; accepted: 2550; trials: 2979
2026-03-28 06:09:58 - INFO - dist: 0.0; accepted: 2580; trials: 3015
2026-03-28 06:11:30 - INFO - dist: 0.0; accepted: 2610; trials: 3052
2026-03-28 06:13:03 - INFO - dist: 0.0; accepted: 2640; trials: 3090
2026-03-28 06:14:24 - INFO - dist: 0.0; accepted: 2670; trials: 3125
2026-03-28 06:15:47 - INFO - dist: 0.0; accepted: 2700; trials: 3163
2026-03-28 06:16:54 - INFO - dist: 0.0; accepted: 2730; trials: 3197
2026-03-28 06:18:02 - INFO - dist: 0.0; accepted: 2760; trials: 3232
2026-03-28 06:19:16 - INFO - dist: 0.0; accepted: 2790; trials: 3268
2026-03-28 06:20:33 - INFO - dist: 0.0; accepted: 2820; trials: 3304
2026-03-28 06:21:47 - INFO - dist: 0.0; accepted: 2850; trials: 3339
2026-03-28 06:23:02 - INFO - dist: 0.0; accepted: 2880; trials: 3374
2026-03-28 06:24:21 - INFO - dist: 0.0; accepted: 2910; trials: 3411
2026-03-28 06:25:21 - INFO - dist: 0.0; accepted: 2940; trials: 3442
2026-03-28 06:26:29 - INFO - dist: 0.0; accepted: 2970; trials: 3477
2026-03-28 06:27:39 - INFO - dist: 0.0; accepted: 3000; trials: 3510
2026-03-28 06:28:58 - INFO - dist: 0.0; accepted: 3030; trials: 3545
2026-03-28 06:30:16 - INFO - dist: 0.0; accepted: 3060; trials: 3580
2026-03-28 06:31:26 - INFO - dist: 0.0; accepted: 3090; trials: 3614
2026-03-28 06:32:42 - INFO - dist: 0.0; accepted: 3120; trials: 3650
2026-03-28 06:34:03 - INFO - dist: 0.0; accepted: 3150; trials: 3686
2026-03-28 06:35:18 - INFO - dist: 0.0; accepted: 3180; trials: 3719
2026-03-28 06:36:42 - INFO - dist: 0.0; accepted: 3210; trials: 3756
2026-03-28 06:38:01 - INFO - dist: 0.0; accepted: 3240; trials: 3793
2026-03-28 06:39:12 - INFO - dist: 0.0; accepted: 3270; trials: 3826
2026-03-28 06:40:25 - INFO - dist: 0.0; accepted: 3300; trials: 3860
2026-03-28 06:41:42 - INFO - dist: 0.0; accepted: 3330; trials: 3895
2026-03-28 06:42:57 - INFO - dist: 0.0; accepted: 3360; trials: 3929
2026-03-28 06:44:33 - INFO - dist: 0.0; accepted: 3390; trials: 3967
2026-03-28 06:45:52 - INFO - dist: 0.0; accepted: 3420; trials: 4004
2026-03-28 06:47:06 - INFO - dist: 0.0; accepted: 3450; trials: 4039
2026-03-28 06:48:43 - INFO - dist: 0.0; accepted: 3480; trials: 4077
2026-03-28 06:50:08 - INFO - dist: 0.0; accepted: 3510; trials: 4113
2026-03-28 06:51:25 - INFO - dist: 0.0; accepted: 3540; trials: 4150
2026-03-28 06:52:39 - INFO - dist: 0.0; accepted: 3570; trials: 4187
2026-03-28 06:53:41 - INFO - dist: 0.0; accepted: 3600; trials: 4221
2026-03-28 06:54:54 - INFO - dist: 0.0; accepted: 3630; trials: 4256
2026-03-28 06:56:23 - INFO - dist: 0.0; accepted: 3660; trials: 4294
2026-03-28 06:57:36 - INFO - dist: 0.0; accepted: 3690; trials: 4328
2026-03-28 06:58:41 - INFO - dist: 0.0; accepted: 3720; trials: 4361
2026-03-28 06:59:59 - INFO - dist: 0.0; accepted: 3750; trials: 4399
2026-03-28 07:01:38 - INFO - dist: 0.0; accepted: 3780; trials: 4443
2026-03-28 07:02:52 - INFO - dist: 0.0; accepted: 3810; trials: 4479
2026-03-28 07:04:11 - INFO - dist: 0.0; accepted: 3840; trials: 4516
2026-03-28 07:05:27 - INFO - dist: 0.0; accepted: 3870; trials: 4553
2026-03-28 07:06:49 - INFO - dist: 0.0; accepted: 3900; trials: 4590
2026-03-28 07:07:51 - INFO - dist: 0.0; accepted: 3930; trials: 4622
2026-03-28 07:09:01 - INFO - dist: 0.0; accepted: 3960; trials: 4656
2026-03-28 07:10:13 - INFO - dist: 0.0; accepted: 3990; trials: 4692
2026-03-28 07:10:41 - INFO - Accepted: 4000; Trials: 4704; Acceptance rate: 0.8503401360544217
2026-03-28 07:10:41 - INFO - Posterior mean R0: 1.4496403998417815
2026-03-28 07:10:41 - INFO - Posterior mean sigma: 0.643659655106703
2026-03-28 07:10:41 - INFO - Elapsed: 13515.8204 s
nohup: ignoring input
T's size 920
True True
y_obs_array.mean 0.20978260869565218
R0 (2000,) [1.69466687 1.73123531 2.83792502 1.68626336 2.37335778 1.79349265
 2.26538074 1.44626744 2.99388595 2.25699618]
sigma (2000,) [0.33272319 0.38385715 0.63577232 0.37473458 0.51506412 0.45091235
 0.56650923 0.23178129 0.65568066 0.52409525]
theta (2000, 2) [[1.69466687 0.33272319]
 [1.73123531 0.38385715]
 [2.83792502 0.63577232]
 [1.68626336 0.37473458]
 [2.37335778 0.51506412]
 [1.79349265 0.45091235]
 [2.26538074 0.56650923]
 [1.44626744 0.23178129]
 [2.99388595 0.65568066]
 [2.25699618 0.52409525]]
nohup: ignoring input
T's size 920
True True
y_obs_array.mean 0.0
Traceback (most recent call last):
  File "ppc_sigma0p6_R01p5.py", line 164, in <module>
    plot_dots(R0_samps, sigma_samps, title="R0 vs sigma", save_path="../../figures/from_260312/ppc/sigma0p7/R01p5/")
  File "ppc_sigma0p6_R01p5.py", line 123, in plot_dots
    plt.savefig(f"{save_path}{title}.png", dpi=300, bbox_inches="tight")
  File "/home/ubuntu/anaconda3/envs/strepa_env/lib/python3.8/site-packages/matplotlib/pyplot.py", line 1023, in savefig
    res = fig.savefig(*args, **kwargs)
  File "/home/ubuntu/anaconda3/envs/strepa_env/lib/python3.8/site-packages/matplotlib/figure.py", line 3378, in savefig
    self.canvas.print_figure(fname, **kwargs)
  File "/home/ubuntu/anaconda3/envs/strepa_env/lib/python3.8/site-packages/matplotlib/backend_bases.py", line 2366, in print_figure
    result = print_method(
  File "/home/ubuntu/anaconda3/envs/strepa_env/lib/python3.8/site-packages/matplotlib/backend_bases.py", line 2232, in <lambda>
    print_method = functools.wraps(meth)(lambda *args, **kwargs: meth(
  File "/home/ubuntu/anaconda3/envs/strepa_env/lib/python3.8/site-packages/matplotlib/backends/backend_agg.py", line 509, in print_png
    self._print_pil(filename_or_obj, "png", pil_kwargs, metadata)
  File "/home/ubuntu/anaconda3/envs/strepa_env/lib/python3.8/site-packages/matplotlib/backends/backend_agg.py", line 458, in _print_pil
    mpl.image.imsave(
  File "/home/ubuntu/anaconda3/envs/strepa_env/lib/python3.8/site-packages/matplotlib/image.py", line 1689, in imsave
    image.save(fname, **pil_kwargs)
  File "/home/ubuntu/anaconda3/envs/strepa_env/lib/python3.8/site-packages/PIL/Image.py", line 2563, in save
    fp = builtins.open(filename, "w+b")
FileNotFoundError: [Errno 2] No such file or directory: '/home/ubuntu/strepa/StrepA_program/figures/from_260312/ppc/sigma0p7/R01p5/R0 vs sigma.png'
nohup: ignoring input
T's size 920
True True
y_obs_array.mean 0.0
start to simulate:
rmse: 0.0
mae: 0.0
coverage: 1.0
Elapsed: 195.7077 s
Worst strain coverage: 1.0
Best strain coverage: 1.0
Worst strain MAE: 0.0
Worst time coverage: 1.0
Best time coverage: 1.0
Worst time MAE: 0.0
============================================================
POSTERIOR PREDICTIVE CHECK RESULTS
============================================================
Ground truth:      R0 = 1.5, sigma = 0.6
Posterior samples: 100
R0 posterior:      1.430 ± 0.284
sigma posterior:   0.620 ± 0.211
------------------------------------------------------------
RMSE:              0.000000
MAE:               0.000000
90% CI Coverage:   100.00%
Expected Coverage: 90.00%
------------------------------------------------------------
Status: ⚠ Over-coverage (model underconfident)
============================================================
nohup: ignoring input
T's size 920
True True
y_obs_array.mean 0.0
start to simulate:
rmse: 0.0
mae: 0.0
coverage: 1.0
Elapsed: 7467.2549 s
Worst strain coverage: 1.0
Best strain coverage: 1.0
Worst strain MAE: 0.0
Worst time coverage: 1.0
Best time coverage: 1.0
Worst time MAE: 0.0
============================================================
POSTERIOR PREDICTIVE CHECK RESULTS
============================================================
Ground truth:      R0 = 1.5, sigma = 0.6
Posterior samples: 4000
R0 posterior:      1.450 ± 0.279
sigma posterior:   0.644 ± 0.209
------------------------------------------------------------
RMSE:              0.000000
MAE:               0.000000
90% CI Coverage:   100.00%
Expected Coverage: 90.00%
------------------------------------------------------------
Status: ⚠ Over-coverage (model underconfident)
============================================================
