2026-04-01 11:59:37 - INFO - T's size: 920
2026-04-01 11:59:39 - INFO - allclose=True, same_shape=True
2026-04-01 11:59:39 - INFO - scale:[5.20e+02 5.67e+04 4.48e-01 2.64e+01]
2026-04-01 11:59:39 - INFO - weights: [1. 1. 3. 1.]
2026-04-01 11:59:39 - INFO - s_obs: [0.    0.    0.448 0.   ]
2026-04-01 11:59:43 - INFO - dist: 5.497273335267283; number: 0
2026-04-01 12:02:19 - INFO - dist: 3.64960473871584; number: 50
2026-04-01 12:05:08 - INFO - dist: 5.423523215813058; number: 100
2026-04-01 12:07:38 - INFO - dist: 0.0; number: 150
2026-04-01 12:10:24 - INFO - dist: 4.208322399175709; number: 200
2026-04-01 12:13:11 - INFO - dist: 5.480934601119774; number: 250
2026-04-01 12:15:56 - INFO - dist: 0.0; number: 300
2026-04-01 12:18:18 - INFO - dist: 4.667350856708244; number: 350
2026-04-01 12:21:11 - INFO - dist: 0.0; number: 400
2026-04-01 12:23:56 - INFO - dist: 0.0; number: 450
2026-04-01 12:26:32 - INFO - dist: 4.878409383126015; number: 500
2026-04-01 12:29:28 - INFO - dist: 0.0; number: 550
2026-04-01 12:32:01 - INFO - dist: 4.453425510349738; number: 600
2026-04-01 12:35:02 - INFO - dist: 0.0; number: 650
2026-04-01 12:37:41 - INFO - dist: 5.381754671888433; number: 700
2026-04-01 12:40:29 - INFO - dist: 0.0; number: 750
2026-04-01 12:43:14 - INFO - dist: 3.649306179695507; number: 800
2026-04-01 12:45:46 - INFO - dist: 3.939398115596753; number: 850
2026-04-01 12:48:26 - INFO - dist: 0.0; number: 900
2026-04-01 12:50:51 - INFO - dist: 0.0; number: 950
2026-04-01 12:53:43 - INFO - dist: 0.0; number: 1000
2026-04-01 12:56:35 - INFO - dist: 0.0; number: 1050
2026-04-01 12:58:44 - INFO - dist: 0.0; number: 1100
2026-04-01 13:01:28 - INFO - dist: 0.0; number: 1150
2026-04-01 13:04:21 - INFO - dist: 5.39320211481182; number: 1200
2026-04-01 13:07:06 - INFO - dist: 5.169950623796358; number: 1250
2026-04-01 13:09:54 - INFO - dist: 0.0; number: 1300
2026-04-01 13:12:19 - INFO - dist: 3.3350501809599664; number: 1350
2026-04-01 13:14:49 - INFO - dist: 3.3352153223742484; number: 1400
2026-04-01 13:17:31 - INFO - dist: 3.9410559372686875; number: 1450
2026-04-01 13:20:04 - INFO - eps: 0.0; dists: 1500
2026-04-01 13:22:16 - INFO - dist: 0.0; accepted: 30; trials: 46
2026-04-01 13:25:20 - INFO - dist: 0.0; accepted: 60; trials: 104
2026-04-01 13:27:35 - INFO - dist: 0.0; accepted: 90; trials: 151
2026-04-01 13:29:51 - INFO - dist: 0.0; accepted: 120; trials: 198
2026-04-01 13:31:47 - INFO - dist: 0.0; accepted: 150; trials: 240
2026-04-01 13:34:16 - INFO - dist: 0.0; accepted: 180; trials: 289
2026-04-01 13:36:01 - INFO - dist: 0.0; accepted: 210; trials: 329
2026-04-01 13:38:18 - INFO - dist: 0.0; accepted: 240; trials: 375
2026-04-01 13:40:47 - INFO - dist: 0.0; accepted: 270; trials: 423
2026-04-01 13:42:47 - INFO - dist: 0.0; accepted: 300; trials: 467
2026-04-01 13:44:29 - INFO - dist: 0.0; accepted: 330; trials: 508
2026-04-01 13:46:31 - INFO - dist: 0.0; accepted: 360; trials: 554
2026-04-01 13:48:53 - INFO - dist: 0.0; accepted: 390; trials: 605
2026-04-01 13:51:38 - INFO - dist: 0.0; accepted: 420; trials: 662
2026-04-01 13:54:14 - INFO - dist: 0.0; accepted: 450; trials: 718
2026-04-01 13:55:47 - INFO - dist: 0.0; accepted: 480; trials: 758
2026-04-01 13:58:11 - INFO - dist: 0.0; accepted: 510; trials: 813
2026-04-01 14:00:06 - INFO - dist: 0.0; accepted: 540; trials: 861
2026-04-01 14:02:30 - INFO - dist: 0.0; accepted: 570; trials: 912
2026-04-01 14:04:08 - INFO - dist: 0.0; accepted: 600; trials: 954
2026-04-01 14:06:44 - INFO - dist: 0.0; accepted: 630; trials: 1013
2026-04-01 14:08:33 - INFO - dist: 0.0; accepted: 660; trials: 1060
2026-04-01 14:09:51 - INFO - dist: 0.0; accepted: 690; trials: 1098
2026-04-01 14:11:51 - INFO - dist: 0.0; accepted: 720; trials: 1147
2026-04-01 14:14:01 - INFO - dist: 0.0; accepted: 750; trials: 1199
2026-04-01 14:16:03 - INFO - dist: 0.0; accepted: 780; trials: 1248
2026-04-01 14:18:16 - INFO - dist: 0.0; accepted: 810; trials: 1301
2026-04-01 14:19:33 - INFO - dist: 0.0; accepted: 840; trials: 1340
2026-04-01 14:21:03 - INFO - dist: 0.0; accepted: 870; trials: 1385
2026-04-01 14:22:47 - INFO - dist: 0.0; accepted: 900; trials: 1434
2026-04-01 14:24:34 - INFO - dist: 0.0; accepted: 930; trials: 1483
2026-04-01 14:26:03 - INFO - dist: 0.0; accepted: 960; trials: 1527
2026-04-01 14:27:39 - INFO - dist: 0.0; accepted: 990; trials: 1574
2026-04-01 14:28:04 - INFO - Accepted: 1000; Trials: 1587; Acceptance rate: 0.630119722747322
2026-04-01 14:28:04 - INFO - Posterior mean R0: 3.1219746780140802
2026-04-01 14:28:04 - INFO - Posterior mean sigma: 0.9820946700931877
2026-04-01 14:28:04 - INFO - Elapsed: 8908.7565 s
T's size 920
True True
y_obs_array.mean 0.0
start to simulate:
rmse: 0.0
mae: 0.0
coverage: 1.0
Elapsed: 2119.0099 s
Worst strain coverage: 1.0
Best strain coverage: 1.0
Worst strain MAE: 0.0
Worst time coverage: 1.0
Best time coverage: 1.0
Worst time MAE: 0.0
============================================================
POSTERIOR PREDICTIVE CHECK RESULTS
============================================================
Ground truth:      R0 = 3.5, sigma = 0.8
Posterior samples: 1000
R0 posterior:      3.122 ± 1.447
sigma posterior:   0.982 ± 0.269
------------------------------------------------------------
RMSE:              0.000000
MAE:               0.000000
90% CI Coverage:   100.00%
Expected Coverage: 90.00%
------------------------------------------------------------
Status: ⚠ Over-coverage (model underconfident)
============================================================
2026-05-04 09:41:03 - INFO - T's size: 920
2026-05-04 09:41:07 - INFO - allclose=True, same_shape=True
2026-05-04 09:41:07 - INFO - scale:[5.20e+02 5.67e+04 4.48e-01 2.64e+01]
2026-05-04 09:41:07 - INFO - weights: [1. 1. 3. 1.]
2026-05-04 09:41:07 - INFO - s_obs: [56.2173913  35.24325406 -0.48419713 10.39730631]
2026-05-04 09:41:11 - INFO - dist: 0.7006206426100942; number: 0
2026-05-04 09:43:46 - INFO - dist: 0.33992664980563836; number: 50
2026-05-04 09:46:39 - INFO - dist: 1.6173494574149254; number: 100
2026-05-04 09:49:23 - INFO - dist: 1.183894810975328; number: 150
2026-05-04 09:52:09 - INFO - dist: 0.5766985257849467; number: 200
2026-05-04 09:55:02 - INFO - dist: 1.224678515345667; number: 250
2026-05-04 09:57:56 - INFO - dist: 2.6059539022021943; number: 300
2026-05-04 10:00:40 - INFO - dist: 0.8109805252837263; number: 350
2026-05-04 10:03:36 - INFO - dist: 0.4443188652931704; number: 400
2026-05-04 10:06:30 - INFO - dist: 0.5004513712381254; number: 450
2026-05-04 10:09:19 - INFO - dist: 0.4429117592758714; number: 500
2026-05-04 10:12:15 - INFO - dist: 1.4379352117581388; number: 550
2026-05-04 10:15:05 - INFO - dist: 0.49502850394563586; number: 600
2026-05-04 10:18:07 - INFO - dist: 0.5563902166552014; number: 650
2026-05-04 10:20:56 - INFO - dist: 1.0602621341699312; number: 700
2026-05-04 10:23:54 - INFO - dist: 0.5709561051766081; number: 750
2026-05-04 10:26:47 - INFO - dist: 0.6478839290786053; number: 800
2026-05-04 10:29:33 - INFO - dist: 0.4282516773872174; number: 850
2026-05-04 10:32:26 - INFO - dist: 0.318719742057636; number: 900
2026-05-04 10:35:07 - INFO - dist: 0.686043136654405; number: 950
2026-05-04 10:38:02 - INFO - dist: 0.28866767773609525; number: 1000
2026-05-04 10:41:00 - INFO - dist: 1.472791353914851; number: 1050
2026-05-04 10:43:33 - INFO - dist: 0.23322814172851003; number: 1100
2026-05-04 10:46:24 - INFO - dist: 1.7506113818737488; number: 1150
2026-05-04 10:49:24 - INFO - dist: 1.2026211939526132; number: 1200
2026-05-04 10:52:15 - INFO - dist: 0.9022156816255226; number: 1250
2026-05-04 10:55:10 - INFO - dist: 0.5986434739817831; number: 1300
2026-05-04 10:57:59 - INFO - dist: 0.09135200112921008; number: 1350
2026-05-04 11:00:47 - INFO - dist: 0.098954587896809; number: 1400
2026-05-04 11:03:35 - INFO - dist: 0.46819386448570954; number: 1450
2026-05-04 11:06:21 - INFO - eps: 0.10482951069015203; dists: 1500
2026-05-04 11:36:39 - INFO - dist: 0.10445416844507825; accepted: 30; trials: 539
2026-05-04 12:18:46 - INFO - dist: 0.10025644331556623; accepted: 60; trials: 1277
2026-05-04 12:44:37 - INFO - dist: 0.07835747274341678; accepted: 90; trials: 1730
2026-05-04 13:31:27 - INFO - dist: 0.04258229506176243; accepted: 120; trials: 2550
2026-05-04 14:04:47 - INFO - dist: 0.07704071503631625; accepted: 150; trials: 3148
2026-05-04 14:36:19 - INFO - dist: 0.03344886879050308; accepted: 180; trials: 3713
2026-05-04 15:36:21 - INFO - dist: 0.08699585404875021; accepted: 210; trials: 4772
2026-05-04 16:19:32 - INFO - dist: 0.09146440869782113; accepted: 240; trials: 5562
2026-05-04 16:52:32 - INFO - dist: 0.06993605394573026; accepted: 270; trials: 6171
2026-05-04 17:24:26 - INFO - dist: 0.10106441932494153; accepted: 300; trials: 6755
2026-05-04 18:03:11 - INFO - dist: 0.06714859502748981; accepted: 330; trials: 7474
2026-05-04 18:41:22 - INFO - dist: 0.04833877240076539; accepted: 360; trials: 8054
2026-05-04 19:14:54 - INFO - dist: 0.07281506500596766; accepted: 390; trials: 8646
2026-05-04 19:47:26 - INFO - dist: 0.09771048101411478; accepted: 420; trials: 9234
2026-05-04 20:28:22 - INFO - dist: 0.08128641673317427; accepted: 450; trials: 9990
2026-05-04 21:00:05 - INFO - dist: 0.04330318975004357; accepted: 480; trials: 10576
2026-05-04 21:35:48 - INFO - dist: 0.09008298124563348; accepted: 510; trials: 11241
2026-05-04 22:13:46 - INFO - dist: 0.06240332503468664; accepted: 540; trials: 11938
2026-05-04 22:52:36 - INFO - dist: 0.05251646440170444; accepted: 570; trials: 12663
2026-05-04 23:41:47 - INFO - dist: 0.07632004370075296; accepted: 600; trials: 13567
2026-05-05 00:15:40 - INFO - dist: 0.07426466079406573; accepted: 630; trials: 14195
2026-05-05 00:57:50 - INFO - dist: 0.10448510382251676; accepted: 660; trials: 14979
2026-05-05 01:40:22 - INFO - dist: 0.06953409567065576; accepted: 690; trials: 15770
2026-05-05 02:07:58 - INFO - dist: 0.10089608374401408; accepted: 720; trials: 16278
2026-05-05 02:38:30 - INFO - dist: 0.0667395780844228; accepted: 750; trials: 16852
2026-05-05 03:11:59 - INFO - dist: 0.10224361496633268; accepted: 780; trials: 17471
2026-05-05 03:46:05 - INFO - dist: 0.07773415207999393; accepted: 810; trials: 18106
2026-05-05 04:25:14 - INFO - dist: 0.07456923187118907; accepted: 840; trials: 18832
2026-05-05 05:10:16 - INFO - dist: 0.04117220511536738; accepted: 870; trials: 19674
2026-05-05 05:53:14 - INFO - dist: 0.0891302956844147; accepted: 900; trials: 20472
2026-05-05 06:16:54 - INFO - dist: 0.07346621020119601; accepted: 930; trials: 20914
2026-05-05 07:10:40 - INFO - dist: 0.057466322508847194; accepted: 960; trials: 21909
2026-05-05 07:46:41 - INFO - dist: 0.07391801995825993; accepted: 990; trials: 22585
2026-05-05 08:22:40 - INFO - dist: 0.09369900735142454; accepted: 1020; trials: 23250
2026-05-05 09:14:56 - INFO - dist: 0.0777352587163199; accepted: 1050; trials: 24199
2026-05-05 10:09:28 - INFO - dist: 0.0821590916088783; accepted: 1080; trials: 25145
2026-05-05 10:38:06 - INFO - dist: 0.05251158561500497; accepted: 1110; trials: 25660
2026-05-05 11:32:56 - INFO - dist: 0.10270894577731415; accepted: 1140; trials: 26668
2026-05-05 12:02:44 - INFO - dist: 0.09942590215810791; accepted: 1170; trials: 27203
2026-05-05 12:33:13 - INFO - dist: 0.07445486777992597; accepted: 1200; trials: 27737
2026-05-05 13:26:45 - INFO - dist: 0.09225757513247798; accepted: 1230; trials: 28639
2026-05-05 14:10:31 - INFO - dist: 0.03478310921084448; accepted: 1260; trials: 29397
2026-05-05 14:44:45 - INFO - dist: 0.02799297194476805; accepted: 1290; trials: 29982
2026-05-05 15:25:09 - INFO - dist: 0.09091616268135187; accepted: 1320; trials: 30659
2026-05-05 16:12:29 - INFO - dist: 0.07228786692515643; accepted: 1350; trials: 31476
2026-05-05 16:49:01 - INFO - dist: 0.07945372798730246; accepted: 1380; trials: 32150
2026-05-05 17:18:25 - INFO - dist: 0.05300307779116644; accepted: 1410; trials: 32695
2026-05-05 17:52:19 - INFO - dist: 0.08422449994217451; accepted: 1440; trials: 33317
2026-05-05 18:32:10 - INFO - dist: 0.10366646900513501; accepted: 1470; trials: 34060
2026-05-05 19:06:06 - INFO - dist: 0.050588326628468565; accepted: 1500; trials: 34690
2026-05-05 19:29:01 - INFO - dist: 0.0831633124828622; accepted: 1530; trials: 35117
2026-05-05 20:06:29 - INFO - dist: 0.10047544548852395; accepted: 1560; trials: 35810
2026-05-05 20:44:30 - INFO - dist: 0.09574722085937014; accepted: 1590; trials: 36517
2026-05-05 21:21:05 - INFO - dist: 0.08640018534826742; accepted: 1620; trials: 37208
2026-05-05 21:51:52 - INFO - dist: 0.03893946275486454; accepted: 1650; trials: 37786
2026-05-05 22:26:47 - INFO - dist: 0.054562488413381766; accepted: 1680; trials: 38438
2026-05-05 23:02:16 - INFO - dist: 0.08718265055121743; accepted: 1710; trials: 39091
2026-05-05 23:41:54 - INFO - dist: 0.083519289624353; accepted: 1740; trials: 39839
2026-05-06 00:20:58 - INFO - dist: 0.027017724901322003; accepted: 1770; trials: 40566
2026-05-06 00:53:57 - INFO - dist: 0.08399374452562539; accepted: 1800; trials: 41194
2026-05-06 01:34:34 - INFO - dist: 0.07223930830255386; accepted: 1830; trials: 41943
2026-05-06 02:05:41 - INFO - dist: 0.046538429840098386; accepted: 1860; trials: 42515
2026-05-06 02:41:45 - INFO - dist: 0.10272919280438189; accepted: 1890; trials: 43178
2026-05-06 03:11:31 - INFO - dist: 0.08321109581640844; accepted: 1920; trials: 43738
2026-05-06 03:43:59 - INFO - dist: 0.08005290568704489; accepted: 1950; trials: 44349
2026-05-06 04:21:02 - INFO - dist: 0.06995603460705134; accepted: 1980; trials: 45038
2026-05-06 04:52:09 - INFO - dist: 0.07033390504013991; accepted: 2010; trials: 45604
2026-05-06 05:17:57 - INFO - dist: 0.08176214568859823; accepted: 2040; trials: 46085
2026-05-06 05:53:33 - INFO - dist: 0.08945459551720779; accepted: 2070; trials: 46750
2026-05-06 06:27:45 - INFO - dist: 0.07070627538545243; accepted: 2100; trials: 47388
2026-05-06 06:57:11 - INFO - dist: 0.06624599921802571; accepted: 2130; trials: 47931
2026-05-06 07:25:15 - INFO - dist: 0.06250497431521253; accepted: 2160; trials: 48456
2026-05-06 08:10:48 - INFO - dist: 0.0722902187211762; accepted: 2190; trials: 49284
2026-05-06 08:49:38 - INFO - dist: 0.0924349646026755; accepted: 2220; trials: 49997
2026-05-06 09:23:26 - INFO - dist: 0.10475256413827821; accepted: 2250; trials: 50610
2026-05-06 09:55:12 - INFO - dist: 0.09158084388017414; accepted: 2280; trials: 51186
2026-05-06 10:24:15 - INFO - dist: 0.08562821936565254; accepted: 2310; trials: 51711
2026-05-06 11:08:48 - INFO - dist: 0.07561420545500337; accepted: 2340; trials: 52508
2026-05-06 11:50:58 - INFO - dist: 0.07231598759295368; accepted: 2370; trials: 53307
2026-05-06 12:28:24 - INFO - dist: 0.08625690541817999; accepted: 2400; trials: 54052
2026-05-06 13:09:36 - INFO - dist: 0.061916981959152656; accepted: 2430; trials: 54849
2026-05-06 13:39:52 - INFO - dist: 0.06680980152242348; accepted: 2460; trials: 55414
2026-05-06 14:07:56 - INFO - dist: 0.07625296349406556; accepted: 2490; trials: 55964
2026-05-06 14:40:37 - INFO - dist: 0.08849520802635405; accepted: 2520; trials: 56603
2026-05-06 15:16:53 - INFO - dist: 0.09407592300571992; accepted: 2550; trials: 57335
2026-05-06 15:44:33 - INFO - dist: 0.08239586549438084; accepted: 2580; trials: 57892
2026-05-06 16:25:48 - INFO - dist: 0.062350396859370445; accepted: 2610; trials: 58710
2026-05-06 16:57:35 - INFO - dist: 0.07429890061856345; accepted: 2640; trials: 59341
2026-05-06 17:23:30 - INFO - dist: 0.10256931551287772; accepted: 2670; trials: 59863
2026-05-06 18:06:55 - INFO - dist: 0.05947834712555109; accepted: 2700; trials: 60722
2026-05-06 18:38:44 - INFO - dist: 0.10064470467346373; accepted: 2730; trials: 61403
2026-05-06 19:05:37 - INFO - dist: 0.04034934477934667; accepted: 2760; trials: 62000
2026-05-06 19:30:38 - INFO - dist: 0.0817659604934785; accepted: 2790; trials: 62576
2026-05-06 20:07:32 - INFO - dist: 0.060451216973270896; accepted: 2820; trials: 63418
2026-05-06 20:33:52 - INFO - dist: 0.0757381494516662; accepted: 2850; trials: 64031
2026-05-06 21:01:02 - INFO - dist: 0.0833918567648367; accepted: 2880; trials: 64655
2026-05-06 21:27:10 - INFO - dist: 0.08907667739995798; accepted: 2910; trials: 65252
2026-05-06 22:01:41 - INFO - dist: 0.026678978008946447; accepted: 2940; trials: 66046
2026-05-06 22:30:39 - INFO - dist: 0.08380336437400492; accepted: 2970; trials: 66726
2026-05-06 22:56:38 - INFO - dist: 0.05240494386458087; accepted: 3000; trials: 67323
2026-05-06 23:19:48 - INFO - dist: 0.07891913411457128; accepted: 3030; trials: 67858
2026-05-06 23:53:04 - INFO - dist: 0.09858806891421155; accepted: 3060; trials: 68622
2026-05-07 00:25:43 - INFO - dist: 0.07054027155600097; accepted: 3090; trials: 69364
2026-05-07 00:59:16 - INFO - dist: 0.10213907551905212; accepted: 3120; trials: 70133
2026-05-07 01:27:51 - INFO - dist: 0.09587823746284965; accepted: 3150; trials: 70793
2026-05-07 02:06:02 - INFO - dist: 0.07615338956524201; accepted: 3180; trials: 71677
2026-05-07 02:27:00 - INFO - dist: 0.05022197611650091; accepted: 3210; trials: 72158
2026-05-07 02:56:23 - INFO - dist: 0.08272966249763133; accepted: 3240; trials: 72831
2026-05-07 03:19:14 - INFO - dist: 0.015734437922007887; accepted: 3270; trials: 73363
2026-05-07 03:52:19 - INFO - dist: 0.07687770931697883; accepted: 3300; trials: 74132
2026-05-07 04:32:51 - INFO - dist: 0.05493992835202338; accepted: 3330; trials: 75062
2026-05-07 05:03:50 - INFO - dist: 0.04729075414985329; accepted: 3360; trials: 75783
2026-05-07 05:30:03 - INFO - dist: 0.04943713597213535; accepted: 3390; trials: 76384
2026-05-07 06:04:29 - INFO - dist: 0.08451822025932339; accepted: 3420; trials: 77170
2026-05-07 06:33:21 - INFO - dist: 0.09132515612790608; accepted: 3450; trials: 77840
2026-05-07 07:05:02 - INFO - dist: 0.0676873328902801; accepted: 3480; trials: 78572
2026-05-07 07:27:16 - INFO - dist: 0.07254914299723755; accepted: 3510; trials: 79090
2026-05-07 08:07:45 - INFO - dist: 0.09479697395688953; accepted: 3540; trials: 80035
2026-05-07 08:27:40 - INFO - dist: 0.10253427916592874; accepted: 3570; trials: 80504
2026-05-07 08:54:33 - INFO - dist: 0.10138873955175517; accepted: 3600; trials: 81151
2026-05-07 09:24:59 - INFO - dist: 0.06708831504890839; accepted: 3630; trials: 81888
2026-05-07 09:55:25 - INFO - dist: 0.09020666506390625; accepted: 3660; trials: 82589
2026-05-07 10:32:58 - INFO - dist: 0.06595683338658298; accepted: 3690; trials: 83480
2026-05-07 10:56:21 - INFO - dist: 0.10461419330372254; accepted: 3720; trials: 84030
2026-05-07 11:37:50 - INFO - dist: 0.08752712302222253; accepted: 3750; trials: 85022
2026-05-07 12:03:29 - INFO - dist: 0.08314445756352803; accepted: 3780; trials: 85633
2026-05-07 12:35:29 - INFO - dist: 0.10283783900779966; accepted: 3810; trials: 86396
2026-05-07 13:12:39 - INFO - dist: 0.07352612404542477; accepted: 3840; trials: 87277
2026-05-07 13:43:34 - INFO - dist: 0.08382575202562888; accepted: 3870; trials: 87992
2026-05-07 14:19:41 - INFO - dist: 0.0454974076058719; accepted: 3900; trials: 88834
2026-05-07 14:42:13 - INFO - dist: 0.08587519629831906; accepted: 3930; trials: 89351
2026-05-07 15:09:45 - INFO - dist: 0.09990343350045773; accepted: 3960; trials: 89994
2026-05-07 15:46:12 - INFO - dist: 0.0653618611137418; accepted: 3990; trials: 90847
2026-05-07 15:53:38 - INFO - Accepted: 4000; Trials: 91023; Acceptance rate: 0.04394493699394658
2026-05-07 15:53:38 - INFO - Posterior mean R0: 4.042770728612888
2026-05-07 15:53:38 - INFO - Posterior mean sigma: 0.9797926227819128
2026-05-07 15:53:38 - INFO - Elapsed: 281556.4402 s
