2026-04-01 11:59:47 - INFO - T's size: 920
2026-04-01 11:59:49 - INFO - allclose=True, same_shape=True
2026-04-01 11:59:49 - INFO - scale:[5.20e+02 5.67e+04 4.48e-01 2.64e+01]
2026-04-01 11:59:49 - INFO - weights: [1. 1. 3. 1.]
2026-04-01 11:59:49 - INFO - s_obs: [0.    0.    0.448 0.   ]
2026-04-01 11:59:54 - INFO - dist: 5.575184514854394; number: 0
2026-04-01 12:02:40 - INFO - dist: 4.453309044592002; number: 50
2026-04-01 12:05:36 - INFO - dist: 5.501810881914147; number: 100
2026-04-01 12:08:16 - INFO - dist: 0.0; number: 150
2026-04-01 12:11:11 - INFO - dist: 4.671991847750698; number: 200
2026-04-01 12:14:05 - INFO - dist: 5.556444522155525; number: 250
2026-04-01 12:16:55 - INFO - dist: 0.0; number: 300
2026-04-01 12:19:29 - INFO - dist: 5.023379074181957; number: 350
2026-04-01 12:22:30 - INFO - dist: 0.0; number: 400
2026-04-01 12:25:24 - INFO - dist: 0.0; number: 450
2026-04-01 12:28:24 - INFO - dist: 5.0286058282633475; number: 500
2026-04-01 12:31:08 - INFO - dist: 0.0; number: 550
2026-04-01 12:33:54 - INFO - dist: 4.87916884483304; number: 600
2026-04-01 12:37:06 - INFO - dist: 0.0; number: 650
2026-04-01 12:39:54 - INFO - dist: 5.551940662968375; number: 700
2026-04-01 12:42:49 - INFO - dist: 0.0; number: 750
2026-04-01 12:45:44 - INFO - dist: 3.939818220725597; number: 800
2026-04-01 12:48:24 - INFO - dist: 4.2050256357741915; number: 850
2026-04-01 12:51:13 - INFO - dist: 0.0; number: 900
2026-04-01 12:53:51 - INFO - dist: 0.0; number: 950
2026-04-01 12:56:50 - INFO - dist: 0.0; number: 1000
2026-04-01 12:59:51 - INFO - dist: 0.0; number: 1050
2026-04-01 13:02:07 - INFO - dist: 3.33508727633183; number: 1100
2026-04-01 13:05:01 - INFO - dist: 0.0; number: 1150
2026-04-01 13:08:02 - INFO - dist: 5.023240496975057; number: 1200
2026-04-01 13:10:54 - INFO - dist: 5.292938932494441; number: 1250
2026-04-01 13:13:49 - INFO - dist: 0.0; number: 1300
2026-04-01 13:16:25 - INFO - dist: 0.0; number: 1350
2026-04-01 13:19:02 - INFO - dist: 4.21031745136808; number: 1400
2026-04-01 13:21:37 - INFO - dist: 4.448278591435559; number: 1450
2026-04-01 13:24:15 - INFO - eps: 0.0; dists: 1500
2026-04-01 13:27:00 - INFO - dist: 0.0; accepted: 30; trials: 53
2026-04-01 13:30:16 - INFO - dist: 0.0; accepted: 60; trials: 113
2026-04-01 13:32:29 - INFO - dist: 0.0; accepted: 90; trials: 159
2026-04-01 13:35:08 - INFO - dist: 0.0; accepted: 120; trials: 210
2026-04-01 13:37:24 - INFO - dist: 0.0; accepted: 150; trials: 255
2026-04-01 13:40:10 - INFO - dist: 0.0; accepted: 180; trials: 309
2026-04-01 13:41:41 - INFO - dist: 0.0; accepted: 210; trials: 346
2026-04-01 13:44:33 - INFO - dist: 0.0; accepted: 240; trials: 399
2026-04-01 13:46:45 - INFO - dist: 0.0; accepted: 270; trials: 448
2026-04-01 13:48:49 - INFO - dist: 0.0; accepted: 300; trials: 492
2026-04-01 13:50:49 - INFO - dist: 0.0; accepted: 330; trials: 537
2026-04-01 13:53:27 - INFO - dist: 0.0; accepted: 360; trials: 593
2026-04-01 13:56:26 - INFO - dist: 0.0; accepted: 390; trials: 655
2026-04-01 13:59:00 - INFO - dist: 0.0; accepted: 420; trials: 711
2026-04-01 14:01:06 - INFO - dist: 0.0; accepted: 450; trials: 759
2026-04-01 14:04:07 - INFO - dist: 0.0; accepted: 480; trials: 820
2026-04-01 14:06:14 - INFO - dist: 0.0; accepted: 510; trials: 872
2026-04-01 14:08:14 - INFO - dist: 0.0; accepted: 540; trials: 920
2026-04-01 14:10:37 - INFO - dist: 0.0; accepted: 570; trials: 975
2026-04-01 14:12:54 - INFO - dist: 0.0; accepted: 600; trials: 1027
2026-04-01 14:14:43 - INFO - dist: 0.0; accepted: 630; trials: 1074
2026-04-01 14:16:25 - INFO - dist: 0.0; accepted: 660; trials: 1119
2026-04-01 14:18:41 - INFO - dist: 0.0; accepted: 690; trials: 1172
2026-04-01 14:20:50 - INFO - dist: 0.0; accepted: 720; trials: 1227
2026-04-01 14:22:44 - INFO - dist: 0.0; accepted: 750; trials: 1278
2026-04-01 14:24:41 - INFO - dist: 0.0; accepted: 780; trials: 1330
2026-04-01 14:26:26 - INFO - dist: 0.0; accepted: 810; trials: 1379
2026-04-01 14:27:51 - INFO - dist: 0.0; accepted: 840; trials: 1421
2026-04-01 14:30:05 - INFO - dist: 0.0; accepted: 870; trials: 1479
2026-04-01 14:31:28 - INFO - dist: 0.0; accepted: 900; trials: 1521
2026-04-01 14:33:10 - INFO - dist: 0.0; accepted: 930; trials: 1570
2026-04-01 14:34:54 - INFO - dist: 0.0; accepted: 960; trials: 1620
2026-04-01 14:36:45 - INFO - dist: 0.0; accepted: 990; trials: 1672
2026-04-01 14:37:30 - INFO - Accepted: 1000; Trials: 1692; Acceptance rate: 0.5910165484633569
2026-04-01 14:37:30 - INFO - Posterior mean R0: 3.5152212969254437
2026-04-01 14:37:30 - INFO - Posterior mean sigma: 0.9965917428015755
2026-04-01 14:37:30 - INFO - Elapsed: 9465.2337 s
T's size 920
True True
y_obs_array.mean 0.0
start to simulate:
rmse: 0.0
mae: 0.0
coverage: 1.0
Elapsed: 2202.6053 s
Worst strain coverage: 1.0
Best strain coverage: 1.0
Worst strain MAE: 0.0
Worst time coverage: 1.0
Best time coverage: 1.0
Worst time MAE: 0.0
============================================================
POSTERIOR PREDICTIVE CHECK RESULTS
============================================================
Ground truth:      R0 = 4.0, sigma = 0.8
Posterior samples: 1000
R0 posterior:      3.515 ± 1.743
sigma posterior:   0.997 ± 0.265
------------------------------------------------------------
RMSE:              0.000000
MAE:               0.000000
90% CI Coverage:   100.00%
Expected Coverage: 90.00%
------------------------------------------------------------
Status: ⚠ Over-coverage (model underconfident)
============================================================
2026-05-04 09:44:08 - INFO - T's size: 920
2026-05-04 09:44:12 - INFO - allclose=True, same_shape=True
2026-05-04 09:44:12 - INFO - scale:[5.20e+02 5.67e+04 4.48e-01 2.64e+01]
2026-05-04 09:44:12 - INFO - weights: [1. 1. 3. 1.]
2026-05-04 09:44:12 - INFO - s_obs: [67.82608696 41.68240546 -0.45651737 10.29495928]
2026-05-04 09:44:17 - INFO - dist: 0.7749474091808237; number: 0
2026-05-04 09:47:11 - INFO - dist: 0.27894782735529017; number: 50
2026-05-04 09:50:08 - INFO - dist: 1.6070093974211537; number: 100
2026-05-04 09:53:00 - INFO - dist: 0.5070841923673983; number: 150
2026-05-04 09:55:52 - INFO - dist: 0.3210006236200746; number: 200
2026-05-04 09:58:59 - INFO - dist: 0.8607133472650618; number: 250
2026-05-04 10:01:55 - INFO - dist: 2.107252745990787; number: 300
2026-05-04 10:04:40 - INFO - dist: 0.7730543540787665; number: 350
2026-05-04 10:07:43 - INFO - dist: 0.34494908324451334; number: 400
2026-05-04 10:10:48 - INFO - dist: 0.9130754654891445; number: 450
2026-05-04 10:13:42 - INFO - dist: 0.5080573820614871; number: 500
2026-05-04 10:16:44 - INFO - dist: 2.118392126534626; number: 550
2026-05-04 10:19:40 - INFO - dist: 0.3472310237910718; number: 600
2026-05-04 10:22:50 - INFO - dist: 0.40495094815722005; number: 650
2026-05-04 10:25:48 - INFO - dist: 1.2786951827268234; number: 700
2026-05-04 10:28:50 - INFO - dist: 0.3957044964688816; number: 750
2026-05-04 10:31:47 - INFO - dist: 0.8470733974478378; number: 800
2026-05-04 10:34:41 - INFO - dist: 0.25698809542563; number: 850
2026-05-04 10:37:38 - INFO - dist: 0.5491296096510393; number: 900
2026-05-04 10:40:27 - INFO - dist: 0.2249078231458527; number: 950
2026-05-04 10:43:31 - INFO - dist: 0.2038163598079273; number: 1000
2026-05-04 10:46:35 - INFO - dist: 1.5095967321054504; number: 1050
2026-05-04 10:49:12 - INFO - dist: 0.25936161971049576; number: 1100
2026-05-04 10:52:09 - INFO - dist: 0.7830192637565568; number: 1150
2026-05-04 10:55:14 - INFO - dist: 1.5569439859893837; number: 1200
2026-05-04 10:58:14 - INFO - dist: 1.4790708841588067; number: 1250
2026-05-04 11:01:17 - INFO - dist: 0.20912247313150173; number: 1300
2026-05-04 11:04:11 - INFO - dist: 0.6062522300258559; number: 1350
2026-05-04 11:07:01 - INFO - dist: 0.09225351173151679; number: 1400
2026-05-04 11:09:52 - INFO - dist: 0.334341540948239; number: 1450
2026-05-04 11:12:45 - INFO - eps: 0.12611673674589072; dists: 1500
2026-05-04 11:55:17 - INFO - dist: 0.070662558307563; accepted: 30; trials: 722
2026-05-04 12:21:15 - INFO - dist: 0.10892345815514877; accepted: 60; trials: 1166
2026-05-04 12:59:18 - INFO - dist: 0.054531041415551464; accepted: 90; trials: 1805
2026-05-04 13:35:52 - INFO - dist: 0.09798517652960506; accepted: 120; trials: 2427
2026-05-04 14:09:22 - INFO - dist: 0.10848552786232953; accepted: 150; trials: 3009
2026-05-04 14:35:22 - INFO - dist: 0.124024097157324; accepted: 180; trials: 3451
2026-05-04 15:05:08 - INFO - dist: 0.12070993251585196; accepted: 210; trials: 3962
2026-05-04 15:33:17 - INFO - dist: 0.0579703141462312; accepted: 240; trials: 4446
2026-05-04 16:17:41 - INFO - dist: 0.05872065669267951; accepted: 270; trials: 5219
2026-05-04 16:44:59 - INFO - dist: 0.10838882320830852; accepted: 300; trials: 5718
2026-05-04 17:16:17 - INFO - dist: 0.09432499876968593; accepted: 330; trials: 6263
2026-05-04 17:43:12 - INFO - dist: 0.07444666325869448; accepted: 360; trials: 6743
2026-05-04 18:18:11 - INFO - dist: 0.11105825641386384; accepted: 390; trials: 7258
2026-05-04 19:03:12 - INFO - dist: 0.08792292295082456; accepted: 420; trials: 8034
2026-05-04 19:50:48 - INFO - dist: 0.07363713738331225; accepted: 450; trials: 8854
2026-05-04 20:28:52 - INFO - dist: 0.10012754010784763; accepted: 480; trials: 9537
2026-05-04 20:51:59 - INFO - dist: 0.10844129417111863; accepted: 510; trials: 9948
2026-05-04 21:24:37 - INFO - dist: 0.0983241675616592; accepted: 540; trials: 10529
2026-05-04 22:00:08 - INFO - dist: 0.11090449897267822; accepted: 570; trials: 11167
2026-05-04 22:21:18 - INFO - dist: 0.07226709656244133; accepted: 600; trials: 11544
2026-05-04 22:53:17 - INFO - dist: 0.08857621988467371; accepted: 630; trials: 12116
2026-05-04 23:31:06 - INFO - dist: 0.05719849059965214; accepted: 660; trials: 12794
2026-05-05 00:15:29 - INFO - dist: 0.12093948790513925; accepted: 690; trials: 13582
2026-05-05 00:45:13 - INFO - dist: 0.11947341266864342; accepted: 720; trials: 14113
2026-05-05 01:17:58 - INFO - dist: 0.11923961830777616; accepted: 750; trials: 14701
2026-05-05 01:52:48 - INFO - dist: 0.12212980706234097; accepted: 780; trials: 15326
2026-05-05 02:31:22 - INFO - dist: 0.030224127170006356; accepted: 810; trials: 16014
2026-05-05 03:10:28 - INFO - dist: 0.09203529984677987; accepted: 840; trials: 16719
2026-05-05 03:44:43 - INFO - dist: 0.1072030404759384; accepted: 870; trials: 17334
2026-05-05 04:27:44 - INFO - dist: 0.09781038654184805; accepted: 900; trials: 18101
2026-05-05 04:50:45 - INFO - dist: 0.038649679942386765; accepted: 930; trials: 18514
2026-05-05 05:24:15 - INFO - dist: 0.10465124017526099; accepted: 960; trials: 19120
2026-05-05 06:02:32 - INFO - dist: 0.05871407041804029; accepted: 990; trials: 19807
2026-05-05 06:43:14 - INFO - dist: 0.08669680346143846; accepted: 1020; trials: 20535
2026-05-05 07:11:41 - INFO - dist: 0.1109590613985796; accepted: 1050; trials: 21050
2026-05-05 07:46:23 - INFO - dist: 0.09186964346218589; accepted: 1080; trials: 21664
2026-05-05 08:15:48 - INFO - dist: 0.12542659357806982; accepted: 1110; trials: 22197
2026-05-05 08:52:18 - INFO - dist: 0.0506263248063598; accepted: 1140; trials: 22840
2026-05-05 09:29:48 - INFO - dist: 0.10160143502980643; accepted: 1170; trials: 23488
2026-05-05 10:16:28 - INFO - dist: 0.07202208488472185; accepted: 1200; trials: 24267
2026-05-05 10:44:26 - INFO - dist: 0.10359844080161788; accepted: 1230; trials: 24750
2026-05-05 11:21:50 - INFO - dist: 0.09134477806226185; accepted: 1260; trials: 25409
2026-05-05 12:03:31 - INFO - dist: 0.10164319981029055; accepted: 1290; trials: 26147
2026-05-05 12:35:44 - INFO - dist: 0.08509526971965425; accepted: 1320; trials: 26697
2026-05-05 13:18:14 - INFO - dist: 0.11599029628982446; accepted: 1350; trials: 27369
2026-05-05 13:53:10 - INFO - dist: 0.03871883071078009; accepted: 1380; trials: 27959
2026-05-05 14:21:11 - INFO - dist: 0.12392495414885014; accepted: 1410; trials: 28423
2026-05-05 14:55:44 - INFO - dist: 0.11225134170780833; accepted: 1440; trials: 28989
2026-05-05 15:28:20 - INFO - dist: 0.11799908039338541; accepted: 1470; trials: 29524
2026-05-05 16:04:23 - INFO - dist: 0.11125137950958128; accepted: 1500; trials: 30114
2026-05-05 16:30:17 - INFO - dist: 0.12225394540082675; accepted: 1530; trials: 30562
2026-05-05 17:01:51 - INFO - dist: 0.07268747140839316; accepted: 1560; trials: 31126
2026-05-05 17:43:32 - INFO - dist: 0.0841580496306344; accepted: 1590; trials: 31861
2026-05-05 18:15:12 - INFO - dist: 0.08119025855896336; accepted: 1620; trials: 32430
2026-05-05 18:36:10 - INFO - dist: 0.04797693974021787; accepted: 1650; trials: 32807
2026-05-05 19:11:10 - INFO - dist: 0.0694396363791161; accepted: 1680; trials: 33438
2026-05-05 19:49:04 - INFO - dist: 0.0659811385813792; accepted: 1710; trials: 34124
2026-05-05 20:27:05 - INFO - dist: 0.08741218638142016; accepted: 1740; trials: 34796
2026-05-05 20:51:50 - INFO - dist: 0.11798023478207523; accepted: 1770; trials: 35239
2026-05-05 21:26:42 - INFO - dist: 0.1191966360359066; accepted: 1800; trials: 35863
2026-05-05 21:57:36 - INFO - dist: 0.07363421216105241; accepted: 1830; trials: 36415
2026-05-05 22:24:51 - INFO - dist: 0.08913731806453887; accepted: 1860; trials: 36913
2026-05-05 22:53:03 - INFO - dist: 0.028285396877217053; accepted: 1890; trials: 37424
2026-05-05 23:14:57 - INFO - dist: 0.049321193488586934; accepted: 1920; trials: 37825
2026-05-05 23:48:57 - INFO - dist: 0.12470481871796174; accepted: 1950; trials: 38438
2026-05-06 00:20:20 - INFO - dist: 0.07116436402846384; accepted: 1980; trials: 38990
2026-05-06 00:47:27 - INFO - dist: 0.05503368458287724; accepted: 2010; trials: 39479
2026-05-06 01:14:47 - INFO - dist: 0.12088783922797786; accepted: 2040; trials: 39982
2026-05-06 01:38:20 - INFO - dist: 0.08213314112609926; accepted: 2070; trials: 40401
2026-05-06 02:05:45 - INFO - dist: 0.11762901328693644; accepted: 2100; trials: 40904
2026-05-06 02:48:45 - INFO - dist: 0.08466466279465347; accepted: 2130; trials: 41674
2026-05-06 03:20:52 - INFO - dist: 0.11458345851135819; accepted: 2160; trials: 42246
2026-05-06 04:04:41 - INFO - dist: 0.11451198383553582; accepted: 2190; trials: 43026
2026-05-06 04:35:20 - INFO - dist: 0.12608947417144334; accepted: 2220; trials: 43577
2026-05-06 05:05:32 - INFO - dist: 0.12178192862259007; accepted: 2250; trials: 44123
2026-05-06 05:44:25 - INFO - dist: 0.08293589811506338; accepted: 2280; trials: 44824
2026-05-06 06:14:12 - INFO - dist: 0.09989963051277435; accepted: 2310; trials: 45354
2026-05-06 06:48:22 - INFO - dist: 0.050464223418387535; accepted: 2340; trials: 45962
2026-05-06 07:06:38 - INFO - dist: 0.06384829406934722; accepted: 2370; trials: 46287
2026-05-06 07:46:03 - INFO - dist: 0.11946519490857056; accepted: 2400; trials: 46982
2026-05-06 08:14:28 - INFO - dist: 0.08534377141051283; accepted: 2430; trials: 47494
2026-05-06 08:46:53 - INFO - dist: 0.09683886363514886; accepted: 2460; trials: 48065
2026-05-06 09:20:09 - INFO - dist: 0.1113319173339673; accepted: 2490; trials: 48653
2026-05-06 09:59:51 - INFO - dist: 0.10346318728768356; accepted: 2520; trials: 49337
2026-05-06 10:38:24 - INFO - dist: 0.11911763098579331; accepted: 2550; trials: 50012
2026-05-06 11:09:26 - INFO - dist: 0.11132706440152211; accepted: 2580; trials: 50555
2026-05-06 11:42:01 - INFO - dist: 0.10427584809053356; accepted: 2610; trials: 51160
2026-05-06 11:57:37 - INFO - dist: 0.04501173281527303; accepted: 2640; trials: 51463
2026-05-06 12:25:19 - INFO - dist: 0.07368856705211609; accepted: 2670; trials: 51991
2026-05-06 12:51:05 - INFO - dist: 0.07196161620877843; accepted: 2700; trials: 52469
2026-05-06 13:23:13 - INFO - dist: 0.11358610624519316; accepted: 2730; trials: 53045
2026-05-06 13:53:32 - INFO - dist: 0.07051483056381413; accepted: 2760; trials: 53613
2026-05-06 14:15:25 - INFO - dist: 0.08032365943391513; accepted: 2790; trials: 54025
2026-05-06 14:40:26 - INFO - dist: 0.11595789895551853; accepted: 2820; trials: 54506
2026-05-06 15:09:54 - INFO - dist: 0.1174562593701899; accepted: 2850; trials: 55076
2026-05-06 15:39:50 - INFO - dist: 0.11604424723361843; accepted: 2880; trials: 55643
2026-05-06 16:10:44 - INFO - dist: 0.11707619024484431; accepted: 2910; trials: 56231
2026-05-06 16:34:19 - INFO - dist: 0.06592364891916166; accepted: 2940; trials: 56681
2026-05-06 17:11:54 - INFO - dist: 0.07077912937594287; accepted: 2970; trials: 57398
2026-05-06 17:46:15 - INFO - dist: 0.07199577633528889; accepted: 3000; trials: 58053
2026-05-06 18:13:52 - INFO - dist: 0.07146913514965961; accepted: 3030; trials: 58587
2026-05-06 18:36:05 - INFO - dist: 0.08751287509052354; accepted: 3060; trials: 59045
2026-05-06 19:01:50 - INFO - dist: 0.11049738923681707; accepted: 3090; trials: 59608
2026-05-06 19:24:30 - INFO - dist: 0.05977964145018273; accepted: 3120; trials: 60107
2026-05-06 19:52:27 - INFO - dist: 0.111499113104302; accepted: 3150; trials: 60734
2026-05-06 20:16:57 - INFO - dist: 0.07035580594489159; accepted: 3180; trials: 61284
2026-05-06 20:43:12 - INFO - dist: 0.12002889328769224; accepted: 3210; trials: 61863
2026-05-06 21:04:06 - INFO - dist: 0.07372080020625717; accepted: 3240; trials: 62319
2026-05-06 21:28:32 - INFO - dist: 0.12348340257205377; accepted: 3270; trials: 62855
2026-05-06 21:50:41 - INFO - dist: 0.08274557371795344; accepted: 3300; trials: 63340
2026-05-06 22:17:52 - INFO - dist: 0.10105633081008254; accepted: 3330; trials: 63944
2026-05-06 22:49:33 - INFO - dist: 0.1196810053920945; accepted: 3360; trials: 64651
2026-05-06 23:14:07 - INFO - dist: 0.10607474110135456; accepted: 3390; trials: 65191
2026-05-06 23:41:19 - INFO - dist: 0.11357413448039479; accepted: 3420; trials: 65793
2026-05-07 00:12:48 - INFO - dist: 0.11079421007013765; accepted: 3450; trials: 66494
2026-05-07 00:36:15 - INFO - dist: 0.0910578830606674; accepted: 3480; trials: 67020
2026-05-07 01:01:39 - INFO - dist: 0.12412597577053626; accepted: 3510; trials: 67583
2026-05-07 01:30:46 - INFO - dist: 0.023873883881853932; accepted: 3540; trials: 68237
2026-05-07 02:03:02 - INFO - dist: 0.06948252914163193; accepted: 3570; trials: 68942
2026-05-07 02:30:21 - INFO - dist: 0.10010575674960627; accepted: 3600; trials: 69537
2026-05-07 02:53:08 - INFO - dist: 0.10928665307156177; accepted: 3630; trials: 70039
2026-05-07 03:16:08 - INFO - dist: 0.11933642773083054; accepted: 3660; trials: 70549
2026-05-07 03:41:20 - INFO - dist: 0.06445667661609147; accepted: 3690; trials: 71110
2026-05-07 03:58:04 - INFO - dist: 0.01631672789163678; accepted: 3720; trials: 71481
2026-05-07 04:23:24 - INFO - dist: 0.1243544340087393; accepted: 3750; trials: 72046
2026-05-07 04:48:47 - INFO - dist: 0.11855925999009675; accepted: 3780; trials: 72599
2026-05-07 05:13:25 - INFO - dist: 0.11174084396043174; accepted: 3810; trials: 73153
2026-05-07 05:43:55 - INFO - dist: 0.1050767531365654; accepted: 3840; trials: 73834
2026-05-07 06:11:51 - INFO - dist: 0.08799843306929929; accepted: 3870; trials: 74457
2026-05-07 06:45:22 - INFO - dist: 0.04309888509677121; accepted: 3900; trials: 75197
2026-05-07 07:14:18 - INFO - dist: 0.09498600088807345; accepted: 3930; trials: 75843
2026-05-07 07:37:25 - INFO - dist: 0.11624719737832001; accepted: 3960; trials: 76351
2026-05-07 08:08:32 - INFO - dist: 0.1162500516581254; accepted: 3990; trials: 77040
2026-05-07 08:16:12 - INFO - Accepted: 4000; Trials: 77206; Acceptance rate: 0.0518094448617983
2026-05-07 08:16:12 - INFO - Posterior mean R0: 3.9502107741189936
2026-05-07 08:16:12 - INFO - Posterior mean sigma: 0.8677922655472499
2026-05-07 08:16:12 - INFO - Elapsed: 253927.2707 s
