nohup: ignoring input
T's size 920
True True
s_obs [41.04347826 20.94902528 -0.09695729  1.95525411]
scale [5.20e+02 5.67e+04 4.48e-01 2.64e+01]
dist 0.6625117462314604 number:  0
dist 0.20330360132334355 number:  50
dist 0.49418690482230554 number:  100
dist nan number:  150
dist 0.20885588429660462 number:  200
dist 0.7708980977507588 number:  250
dist nan number:  300
dist 0.24102795234048963 number:  350
dist nan number:  400
dist nan number:  450
dist 0.4564243051486269 number:  500
dist nan number:  550
dist 0.21465421507358626 number:  600
dist nan number:  650
dist 0.6847362870845121 number:  700
dist 0.1281788074904044 number:  750
dist 0.010069886604324757 number:  800
dist 0.10852537150239532 number:  850
dist nan number:  900
dist nan number:  950
dist nan number:  1000
dist nan number:  1050
dist 0.2867198843265277 number:  1100
dist nan number:  1150
dist 0.6085695519957605 number:  1200
dist 0.4922208355487933 number:  1250
dist 0.10346312977989956 number:  1300
dist nan number:  1350
dist 0.10663023098023144 number:  1400
dist 0.20792167755025306 number:  1450
eps:  0.12169906033342616
dists:  774
dist 0.018097169963241927 accepted:  30 trials:  288
dist 0.10421648038440157 accepted:  60 trials:  500
dist 0.030438174104990213 accepted:  90 trials:  811
dist 0.10323372041367522 accepted:  120 trials:  1030
dist 0.10401751094853237 accepted:  150 trials:  1425
dist 0.10553210307128741 accepted:  180 trials:  1730
dist 0.11366854776363125 accepted:  210 trials:  2118
dist 0.022150164227142364 accepted:  240 trials:  2502
dist 0.10297999758639838 accepted:  270 trials:  2740
dist 0.11636378324892879 accepted:  300 trials:  3066
dist 0.11859316342198221 accepted:  330 trials:  3324
dist 0.12066057781563695 accepted:  360 trials:  3662
dist 0.01795959227708098 accepted:  390 trials:  3978
dist 0.05887600415091028 accepted:  420 trials:  4227
dist 0.10125686033400488 accepted:  450 trials:  4534
dist 0.025775190174990605 accepted:  480 trials:  4825
dist 0.1021677940611535 accepted:  510 trials:  5085
dist 0.10472716795644844 accepted:  540 trials:  5330
dist 0.049698238048800435 accepted:  570 trials:  5635
dist 0.1029984649675162 accepted:  600 trials:  5906
dist 0.02317018816140591 accepted:  630 trials:  6260
dist 0.10057595157677801 accepted:  660 trials:  6547
dist 0.010690858278799077 accepted:  690 trials:  6793
dist 0.1191047178273691 accepted:  720 trials:  7125
dist 0.007780284476913361 accepted:  750 trials:  7313
dist 0.1196937355047016 accepted:  780 trials:  7737
dist 0.028398980849503878 accepted:  810 trials:  8071
dist 0.10455086035432605 accepted:  840 trials:  8347
dist 0.1078146094019218 accepted:  870 trials:  8637
dist 0.017629808373431952 accepted:  900 trials:  9021
dist 0.007442910207662038 accepted:  930 trials:  9359
dist 0.12132965012391185 accepted:  960 trials:  9604
dist 0.0187004546303615 accepted:  990 trials:  9844
dist 0.002784555336008426 accepted:  1020 trials:  10199
dist 0.10070656096496057 accepted:  1050 trials:  10445
dist 0.014221634436034991 accepted:  1080 trials:  10621
dist 0.024742093630672073 accepted:  1110 trials:  10895
dist 0.10000470648877305 accepted:  1140 trials:  11196
dist 0.10002855365001093 accepted:  1170 trials:  11456
dist 0.022128946431164268 accepted:  1200 trials:  11758
dist 0.024442986257137454 accepted:  1230 trials:  12071
dist 0.04159620601851937 accepted:  1260 trials:  12331
dist 0.01907496320624266 accepted:  1290 trials:  12713
dist 0.07313229714589864 accepted:  1320 trials:  13001
dist 0.05834651305829159 accepted:  1350 trials:  13419
dist 0.023687005423891884 accepted:  1380 trials:  13612
dist 0.008886952374321622 accepted:  1410 trials:  13834
dist 0.10070736639000488 accepted:  1440 trials:  14152
dist 0.12088385008540471 accepted:  1470 trials:  14458
dist 0.10614640527474972 accepted:  1500 trials:  14800
dist 0.11638917934279712 accepted:  1530 trials:  15127
dist 0.10056578336164095 accepted:  1560 trials:  15378
dist 0.09880502964839523 accepted:  1590 trials:  15784
dist 0.11904370824278901 accepted:  1620 trials:  16063
dist 0.03476303073786386 accepted:  1650 trials:  16364
dist 0.012762291489521465 accepted:  1680 trials:  16716
dist 0.11842219629979168 accepted:  1710 trials:  17036
dist 0.10845016651254523 accepted:  1740 trials:  17304
dist 0.018427067059403855 accepted:  1770 trials:  17579
dist 0.10329809203698782 accepted:  1800 trials:  17888
dist 0.0325306442304376 accepted:  1830 trials:  18139
dist 0.10421396344732682 accepted:  1860 trials:  18348
dist 0.0620053819520967 accepted:  1890 trials:  18585
dist 0.03587864691512284 accepted:  1920 trials:  18862
dist 0.004928020396651144 accepted:  1950 trials:  19090
dist 0.013591801928061299 accepted:  1980 trials:  19457
Accepted:  2000 Trials:  19694 Acceptance rate:  0.10155377272265664
Posterior mean R0:  2.702985747900577
Posterior mean sigma:  0.5043290349230165
Elapsed: 73611.2974 s
nohup: ignoring input
python: can't open file '/home/ubuntu/strepa/StrepA_program/code/from_260312/pcc_sigma0p3_R02p5.py': [Errno 2] No such file or directory
nohup: ignoring input
python: can't open file '/home/ubuntu/strepa/StrepA_program/code/from_260312/pcc_sigma0p5_R02p5.py': [Errno 2] No such file or directory
nohup: ignoring input
T's size 920
True True
y_obs_array.mean() 1.0260869565217392
R0 (100,) [1.88143949 1.9262225  1.73735195 2.98680737 2.94256561 1.71650703
 1.97498042 2.48260466 1.60919117 2.84817529]
sigma (100,) [0.34749745 0.33272319 0.21191593 0.57465003 0.61529212 0.22423573
 0.38385715 0.46284407 0.31601956 0.61754683]
theta (100, 2) [[1.88143949 0.34749745]
 [1.9262225  0.33272319]
 [1.73735195 0.21191593]
 [2.98680737 0.57465003]
 [2.94256561 0.61529212]
 [1.71650703 0.22423573]
 [1.97498042 0.38385715]
 [2.48260466 0.46284407]
 [1.60919117 0.31601956]
 [2.84817529 0.61754683]]
rmse: 5.448896268371995
mae: 1.9208369565217391
coverage: 0.9510869565217391
Elapsed: 406.8797 s
Worst strain coverage: 0.0
Best strain coverage: 1.0
Worst strain MAE: 22.753913043478267
Worst time coverage: 0.95
Best time coverage: 0.975
Worst time MAE: 3.0574999999999988
============================================================
POSTERIOR PREDICTIVE CHECK RESULTS
============================================================
Ground truth:      R0 = 2.5, sigma = 0.3
Posterior samples: 100
R0 posterior:      2.580 ± 0.802
sigma posterior:   0.484 ± 0.158
------------------------------------------------------------
RMSE:              5.448896
MAE:               1.920837
90% CI Coverage:   95.11%
Expected Coverage: 90.00%
------------------------------------------------------------
Status: ⚠ Over-coverage (model underconfident)
============================================================
nohup: ignoring input
T's size 920
True True
y_obs_array.mean() 1.0260869565217392
R0 (2000,) [1.88143949 1.9262225  1.73735195 2.98680737 2.94256561 1.71650703
 1.97498042 2.48260466 1.60919117 2.84817529]
sigma (2000,) [0.34749745 0.33272319 0.21191593 0.57465003 0.61529212 0.22423573
 0.38385715 0.46284407 0.31601956 0.61754683]
theta (2000, 2) [[1.88143949 0.34749745]
 [1.9262225  0.33272319]
 [1.73735195 0.21191593]
 [2.98680737 0.57465003]
 [2.94256561 0.61529212]
 [1.71650703 0.22423573]
 [1.97498042 0.38385715]
 [2.48260466 0.46284407]
 [1.60919117 0.31601956]
 [2.84817529 0.61754683]]
rmse: 5.354125098905354
mae: 1.8436244565217392
coverage: 0.9510869565217391
Elapsed: 7713.4187 s
Worst strain coverage: 0.0
Best strain coverage: 1.0
Worst strain MAE: 22.837043478260867
Worst time coverage: 0.95
Best time coverage: 0.975
Worst time MAE: 2.94475
============================================================
POSTERIOR PREDICTIVE CHECK RESULTS
============================================================
Ground truth:      R0 = 2.5, sigma = 0.3
Posterior samples: 2000
R0 posterior:      2.703 ± 0.901
sigma posterior:   0.504 ± 0.166
------------------------------------------------------------
RMSE:              5.354125
MAE:               1.843624
90% CI Coverage:   95.11%
Expected Coverage: 90.00%
------------------------------------------------------------
Status: ⚠ Over-coverage (model underconfident)
============================================================
nohup: ignoring input
2026-04-02 06:59:18 - INFO - T's size: 920
2026-04-02 06:59:22 - INFO - allclose=True, same_shape=True
2026-04-02 06:59:22 - INFO - scale:[5.20e+02 5.67e+04 4.48e-01 2.64e+01]
2026-04-02 06:59:22 - INFO - weights: [1. 1. 3. 1.]
2026-04-02 06:59:22 - INFO - s_obs: [41.04347826 20.94902528 -0.09695729  1.95525411]
2026-04-02 06:59:26 - INFO - dist: 1.0329961273965722; number: 0
2026-04-02 07:02:20 - INFO - dist: 0.5607358896214392; number: 50
2026-04-02 07:05:08 - INFO - dist: 1.0362754578454647; number: 100
2026-04-02 07:07:43 - INFO - dist: 3.6508723612847; number: 150
2026-04-02 07:10:25 - INFO - dist: 0.5599295099869084; number: 200
2026-04-02 07:13:11 - INFO - dist: 1.6908867252219102; number: 250
2026-04-02 07:15:52 - INFO - dist: 3.6508723612847; number: 300
2026-04-02 07:18:21 - INFO - dist: 1.02967306097932; number: 350
2026-04-02 07:21:15 - INFO - dist: 3.6508723612847; number: 400
2026-04-02 07:24:12 - INFO - dist: 3.6508723612847; number: 450
2026-04-02 07:26:54 - INFO - dist: 0.8144470250938065; number: 500
2026-04-02 07:29:42 - INFO - dist: 3.6508723612847; number: 550
2026-04-02 07:32:26 - INFO - dist: 0.2916960062416619; number: 600
2026-04-02 07:35:29 - INFO - dist: 3.6508723612847; number: 650
2026-04-02 07:38:08 - INFO - dist: 1.5501755188269564; number: 700
2026-04-02 07:40:52 - INFO - dist: 0.0291573474229841; number: 750
2026-04-02 07:43:34 - INFO - dist: 0.3179650626191295; number: 800
2026-04-02 07:46:12 - INFO - dist: 0.0031535442651699106; number: 850
2026-04-02 07:49:04 - INFO - dist: 3.6508723612847; number: 900
2026-04-02 07:51:31 - INFO - dist: 3.6508723612847; number: 950
2026-04-02 07:54:17 - INFO - dist: 3.6508723612847; number: 1000
2026-04-02 07:57:12 - INFO - dist: 3.6508723612847; number: 1050
2026-04-02 07:59:35 - INFO - dist: 0.8052875994239568; number: 1100
2026-04-02 08:02:19 - INFO - dist: 3.6508723612847; number: 1150
2026-04-02 08:05:08 - INFO - dist: 1.5422897999452838; number: 1200
2026-04-02 08:07:49 - INFO - dist: 1.2286346394150771; number: 1250
2026-04-02 08:10:30 - INFO - dist: 0.015405472357068848; number: 1300
2026-04-02 08:13:13 - INFO - dist: 0.29136272539440605; number: 1350
2026-04-02 08:15:52 - INFO - dist: 0.5608370900809475; number: 1400
2026-04-02 08:18:31 - INFO - dist: 0.5593005788686067; number: 1450
2026-04-02 08:21:22 - INFO - dist: 0.29072941982501366; number: 1500
2026-04-02 08:24:03 - INFO - dist: 0.2969622899821376; number: 1550
2026-04-02 08:26:40 - INFO - dist: 1.6787359760077687; number: 1600
2026-04-02 08:29:25 - INFO - dist: 3.6508723612847; number: 1650
2026-04-02 08:32:04 - INFO - dist: 0.0019761327924440273; number: 1700
2026-04-02 08:34:31 - INFO - dist: 1.4039445317085122; number: 1750
2026-04-02 08:37:26 - INFO - dist: 3.6508723612847; number: 1800
2026-04-02 08:40:07 - INFO - dist: 0.3059742882580595; number: 1850
2026-04-02 08:42:45 - INFO - dist: 1.4024747027099749; number: 1900
2026-04-02 08:45:35 - INFO - dist: 1.0218309187676855; number: 1950
2026-04-02 08:48:27 - INFO - dist: 3.6508723612847; number: 2000
2026-04-02 08:51:16 - INFO - dist: 0.5600590744554576; number: 2050
2026-04-02 08:54:01 - INFO - dist: 3.6508723612847; number: 2100
2026-04-02 08:56:48 - INFO - dist: 3.6508723612847; number: 2150
2026-04-02 08:59:31 - INFO - dist: 3.6508723612847; number: 2200
2026-04-02 09:02:07 - INFO - dist: 1.2283267924566814; number: 2250
2026-04-02 09:05:02 - INFO - dist: 3.6508723612847; number: 2300
2026-04-02 09:07:49 - INFO - dist: 0.5596359787473465; number: 2350
2026-04-02 09:10:33 - INFO - dist: 0.5620936876079008; number: 2400
2026-04-02 09:13:31 - INFO - dist: 3.6508723612847; number: 2450
2026-04-02 09:16:11 - INFO - dist: 1.0420943761889359; number: 2500
2026-04-02 09:18:58 - INFO - dist: 3.6508723612847; number: 2550
2026-04-02 09:21:47 - INFO - dist: 1.3942852569117958; number: 2600
2026-04-02 09:24:29 - INFO - dist: 3.6508723612847; number: 2650
2026-04-02 09:27:12 - INFO - dist: 3.6508723612847; number: 2700
2026-04-02 09:30:01 - INFO - dist: 3.6508723612847; number: 2750
2026-04-02 09:32:30 - INFO - dist: 3.6508723612847; number: 2800
2026-04-02 09:35:18 - INFO - dist: 0.29355924206145295; number: 2850
2026-04-02 09:37:44 - INFO - dist: 3.6508723612847; number: 2900
2026-04-02 09:40:17 - INFO - dist: 3.6508723612847; number: 2950
2026-04-02 09:43:01 - INFO - eps: 0.29324869279352855; dists: 3000
2026-04-02 09:55:53 - INFO - dist: 0.29047853395091966; accepted: 30; trials: 237
2026-04-02 10:09:20 - INFO - dist: 0.001938707916886221; accepted: 60; trials: 477
2026-04-02 10:24:57 - INFO - dist: 0.29139147295591916; accepted: 90; trials: 760
2026-04-02 10:41:00 - INFO - dist: 0.03383619684617884; accepted: 120; trials: 1059
2026-04-02 10:56:44 - INFO - dist: 0.29136272539440605; accepted: 150; trials: 1351
2026-04-02 11:10:43 - INFO - dist: 0.003130603303580768; accepted: 180; trials: 1608
2026-04-02 11:28:38 - INFO - dist: 0.031294587418688055; accepted: 210; trials: 1935
2026-04-02 11:54:36 - INFO - dist: 0.28994162868921924; accepted: 240; trials: 2406
2026-04-02 12:09:12 - INFO - dist: 0.009279606157462436; accepted: 270; trials: 2669
2026-04-02 12:26:37 - INFO - dist: 0.2925148340268976; accepted: 300; trials: 2997
2026-04-02 12:44:35 - INFO - dist: 0.03684030668966359; accepted: 330; trials: 3312
2026-04-02 12:57:57 - INFO - dist: 0.018748757522215997; accepted: 360; trials: 3560
2026-04-02 13:12:49 - INFO - dist: 0.033053595554656506; accepted: 390; trials: 3834
2026-04-02 13:29:24 - INFO - dist: 0.03734695319299506; accepted: 420; trials: 4120
2026-04-02 13:43:03 - INFO - dist: 0.2904666474322596; accepted: 450; trials: 4371
2026-04-02 14:04:06 - INFO - dist: 0.29192993200640455; accepted: 480; trials: 4744
2026-04-02 14:17:12 - INFO - dist: 0.03479782664183571; accepted: 510; trials: 4975
2026-04-02 14:32:56 - INFO - dist: 0.027401354259787496; accepted: 540; trials: 5272
2026-04-02 14:46:58 - INFO - dist: 0.022056917910361656; accepted: 570; trials: 5524
2026-04-02 15:03:55 - INFO - dist: 0.0104472050155254; accepted: 600; trials: 5829
2026-04-02 15:21:50 - INFO - dist: 0.2888432846633774; accepted: 630; trials: 6143
2026-04-02 15:35:03 - INFO - dist: 0.2907142617102568; accepted: 660; trials: 6369
2026-04-02 15:48:32 - INFO - dist: 0.03208288148943387; accepted: 690; trials: 6604
2026-04-02 16:05:25 - INFO - dist: 0.02618827237480985; accepted: 720; trials: 6919
2026-04-02 16:20:40 - INFO - dist: 0.00568094388073646; accepted: 750; trials: 7204
2026-04-02 16:36:43 - INFO - dist: 0.02540735336724538; accepted: 780; trials: 7481
2026-04-02 16:52:07 - INFO - dist: 0.033715942058167546; accepted: 810; trials: 7758
2026-04-02 17:09:12 - INFO - dist: 0.007200698589474317; accepted: 840; trials: 8072
2026-04-02 17:25:57 - INFO - dist: 0.014352512387932885; accepted: 870; trials: 8369
2026-04-02 17:44:44 - INFO - dist: 0.29141448003287; accepted: 900; trials: 8705
2026-04-02 18:05:24 - INFO - dist: 0.004688763718425869; accepted: 930; trials: 9085
2026-04-02 18:28:05 - INFO - dist: 0.020316585831726675; accepted: 960; trials: 9495
2026-04-02 18:41:37 - INFO - dist: 0.02763794101468943; accepted: 990; trials: 9743
2026-04-02 18:59:00 - INFO - dist: 0.2921554096714668; accepted: 1020; trials: 10057
2026-04-02 19:10:32 - INFO - dist: 0.04073735627097681; accepted: 1050; trials: 10264
2026-04-02 19:27:14 - INFO - dist: 0.005095603265296856; accepted: 1080; trials: 10565
2026-04-02 19:40:16 - INFO - dist: 0.005522271739768716; accepted: 1110; trials: 10798
2026-04-02 19:56:38 - INFO - dist: 0.2924188586465026; accepted: 1140; trials: 11094
2026-04-02 20:11:08 - INFO - dist: 0.04056778443860639; accepted: 1170; trials: 11356
2026-04-02 20:23:55 - INFO - dist: 0.010946599552230771; accepted: 1200; trials: 11573
2026-04-02 20:40:00 - INFO - dist: 0.290633371523533; accepted: 1230; trials: 11857
2026-04-02 20:55:15 - INFO - dist: 0.025168724530234565; accepted: 1260; trials: 12144
2026-04-02 21:09:49 - INFO - dist: 0.2910457352186602; accepted: 1290; trials: 12412
2026-04-02 21:23:15 - INFO - dist: 0.004453248768423311; accepted: 1320; trials: 12651
2026-04-02 21:40:46 - INFO - dist: 0.01891002319949001; accepted: 1350; trials: 12968
2026-04-02 21:56:49 - INFO - dist: 0.2923648111300644; accepted: 1380; trials: 13251
2026-04-02 22:11:08 - INFO - dist: 0.29162004189651075; accepted: 1410; trials: 13501
2026-04-02 22:26:45 - INFO - dist: 0.015277355002341024; accepted: 1440; trials: 13771
2026-04-02 22:49:56 - INFO - dist: 0.29320044735751466; accepted: 1470; trials: 14181
2026-04-02 23:06:45 - INFO - dist: 0.29289427908101295; accepted: 1500; trials: 14487
2026-04-02 23:21:25 - INFO - dist: 0.29004449243158625; accepted: 1530; trials: 14762
2026-04-02 23:43:01 - INFO - dist: 0.0011716949237355178; accepted: 1560; trials: 15153
2026-04-03 00:00:02 - INFO - dist: 0.29120999689939653; accepted: 1590; trials: 15470
2026-04-03 00:24:15 - INFO - dist: 0.025299678776865512; accepted: 1620; trials: 15854
2026-04-03 00:41:20 - INFO - dist: 0.02489748692772293; accepted: 1650; trials: 16156
2026-04-03 00:55:28 - INFO - dist: 0.027639990495505893; accepted: 1680; trials: 16414
2026-04-03 01:15:21 - INFO - dist: 0.2907997928147297; accepted: 1710; trials: 16771
2026-04-03 01:29:27 - INFO - dist: 0.011790745976979175; accepted: 1740; trials: 17025
2026-04-03 01:42:37 - INFO - dist: 0.29180829840530853; accepted: 1770; trials: 17256
2026-04-03 02:02:19 - INFO - dist: 0.039183938519264994; accepted: 1800; trials: 17598
2026-04-03 02:15:50 - INFO - dist: 0.2914663149088993; accepted: 1830; trials: 17848
2026-04-03 02:32:18 - INFO - dist: 0.0022840582351871135; accepted: 1860; trials: 18128
2026-04-03 02:53:15 - INFO - dist: 0.005309449967425699; accepted: 1890; trials: 18496
2026-04-03 03:04:35 - INFO - dist: 0.024819770318743915; accepted: 1920; trials: 18696
2026-04-03 03:23:26 - INFO - dist: 0.29059849559442597; accepted: 1950; trials: 19021
2026-04-03 03:47:43 - INFO - dist: 0.02964140306563736; accepted: 1980; trials: 19467
2026-04-03 04:03:43 - INFO - dist: 0.2927911833235726; accepted: 2010; trials: 19753
2026-04-03 04:19:27 - INFO - dist: 0.29044527762331346; accepted: 2040; trials: 20034
2026-04-03 04:35:49 - INFO - dist: 0.021874590112391446; accepted: 2070; trials: 20319
2026-04-03 04:46:54 - INFO - dist: 0.0053174145405796526; accepted: 2100; trials: 20526
2026-04-03 05:02:25 - INFO - dist: 0.011229181876384841; accepted: 2130; trials: 20812
2026-04-03 05:18:35 - INFO - dist: 0.02562946361552997; accepted: 2160; trials: 21106
2026-04-03 05:33:16 - INFO - dist: 0.010460270376677608; accepted: 2190; trials: 21355
2026-04-03 05:56:46 - INFO - dist: 0.029694470195760162; accepted: 2220; trials: 21772
2026-04-03 06:11:04 - INFO - dist: 0.2920700971797804; accepted: 2250; trials: 22034
2026-04-03 06:31:29 - INFO - dist: 0.038672406004242474; accepted: 2280; trials: 22406
2026-04-03 06:46:28 - INFO - dist: 0.012017743566339332; accepted: 2310; trials: 22672
2026-04-03 06:58:20 - INFO - dist: 0.014871380937704475; accepted: 2340; trials: 22876
2026-04-03 07:15:37 - INFO - dist: 0.2902315819539733; accepted: 2370; trials: 23202
2026-04-03 07:29:33 - INFO - dist: 0.29141037878368137; accepted: 2400; trials: 23450
2026-04-03 07:45:48 - INFO - dist: 0.015911772984467804; accepted: 2430; trials: 23737
2026-04-03 08:02:35 - INFO - dist: 0.032058056334569165; accepted: 2460; trials: 24032
2026-04-03 08:20:50 - INFO - dist: 0.005173131216209521; accepted: 2490; trials: 24367
2026-04-03 08:39:26 - INFO - dist: 0.010130956289904007; accepted: 2520; trials: 24702
2026-04-03 08:54:53 - INFO - dist: 0.2918428980309203; accepted: 2550; trials: 24974
2026-04-03 09:11:48 - INFO - dist: 0.03374358063936293; accepted: 2580; trials: 25284
2026-04-03 09:27:20 - INFO - dist: 0.29248344801078496; accepted: 2610; trials: 25564
2026-04-03 09:42:28 - INFO - dist: 0.064512912057085; accepted: 2640; trials: 25843
2026-04-03 09:54:51 - INFO - dist: 0.03775702111138281; accepted: 2670; trials: 26056
2026-04-03 10:12:19 - INFO - dist: 0.290842709860935; accepted: 2700; trials: 26382
2026-04-03 10:27:46 - INFO - dist: 0.04078455829098014; accepted: 2730; trials: 26660
2026-04-03 10:45:10 - INFO - dist: 0.03433435564405966; accepted: 2760; trials: 26980
2026-04-03 10:59:53 - INFO - dist: 0.012609142487242216; accepted: 2790; trials: 27243
2026-04-03 11:16:45 - INFO - dist: 0.052261517072882215; accepted: 2820; trials: 27539
2026-04-03 11:31:48 - INFO - dist: 0.0025341081090810686; accepted: 2850; trials: 27824
2026-04-03 11:50:34 - INFO - dist: 0.29066013654254935; accepted: 2880; trials: 28158
2026-04-03 12:02:14 - INFO - dist: 0.018961580886810818; accepted: 2910; trials: 28360
2026-04-03 12:17:26 - INFO - dist: 0.010068048601506441; accepted: 2940; trials: 28636
2026-04-03 12:32:26 - INFO - dist: 0.011155053177259898; accepted: 2970; trials: 28905
2026-04-03 12:48:46 - INFO - dist: 0.03857630790936846; accepted: 3000; trials: 29194
2026-04-03 13:03:01 - INFO - dist: 0.2913484015399116; accepted: 3030; trials: 29448
2026-04-03 13:20:54 - INFO - dist: 0.2892762657540819; accepted: 3060; trials: 29767
2026-04-03 13:34:50 - INFO - dist: 0.2909069272398399; accepted: 3090; trials: 30011
2026-04-03 13:47:40 - INFO - dist: 0.0045036166203420306; accepted: 3120; trials: 30234
2026-04-03 14:02:17 - INFO - dist: 0.03662913481520941; accepted: 3150; trials: 30476
2026-04-03 14:18:35 - INFO - dist: 0.021080914495452203; accepted: 3180; trials: 30766
2026-04-03 14:33:12 - INFO - dist: 0.290383931343341; accepted: 3210; trials: 31037
2026-04-03 14:46:08 - INFO - dist: 0.004419000074282335; accepted: 3240; trials: 31272
2026-04-03 15:03:25 - INFO - dist: 0.03997153227999815; accepted: 3270; trials: 31573
2026-04-03 15:22:55 - INFO - dist: 0.2905680287065818; accepted: 3300; trials: 31938
2026-04-03 15:40:07 - INFO - dist: 0.0274290472443358; accepted: 3330; trials: 32257
2026-04-03 15:52:19 - INFO - dist: 0.29149434436577254; accepted: 3360; trials: 32480
2026-04-03 16:08:25 - INFO - dist: 0.2917016938868828; accepted: 3390; trials: 32773
2026-04-03 16:23:57 - INFO - dist: 0.010022628739540258; accepted: 3420; trials: 33057
2026-04-03 16:39:45 - INFO - dist: 0.28936467978527586; accepted: 3450; trials: 33342
2026-04-03 16:53:55 - INFO - dist: 0.03509581558613706; accepted: 3480; trials: 33594
2026-04-03 17:07:51 - INFO - dist: 0.024548840693056722; accepted: 3510; trials: 33838
2026-04-03 17:27:14 - INFO - dist: 0.04775653717189035; accepted: 3540; trials: 34191
2026-04-03 17:44:39 - INFO - dist: 0.29104611209527487; accepted: 3570; trials: 34503
2026-04-03 18:00:34 - INFO - dist: 0.29203147303332155; accepted: 3600; trials: 34783
2026-04-03 18:14:41 - INFO - dist: 0.026489023346597553; accepted: 3630; trials: 35042
2026-04-03 18:27:49 - INFO - dist: 0.04057406170909016; accepted: 3660; trials: 35275
2026-04-03 18:43:12 - INFO - dist: 0.29275152935420223; accepted: 3690; trials: 35553
2026-04-03 18:55:03 - INFO - dist: 0.29068391491714285; accepted: 3720; trials: 35766
2026-04-03 19:15:25 - INFO - dist: 0.013323028911379311; accepted: 3750; trials: 36143
2026-04-03 19:31:57 - INFO - dist: 0.013532415419123608; accepted: 3780; trials: 36438
2026-04-03 19:47:21 - INFO - dist: 0.290182780856649; accepted: 3810; trials: 36729
2026-04-03 20:00:34 - INFO - dist: 0.29138427485792845; accepted: 3840; trials: 36976
2026-04-03 20:12:07 - INFO - dist: 0.2896447524945182; accepted: 3870; trials: 37196
2026-04-03 20:22:21 - INFO - dist: 0.022272270031988176; accepted: 3900; trials: 37374
2026-04-03 20:31:01 - INFO - dist: 0.29221270106027475; accepted: 3930; trials: 37541
2026-04-03 20:50:25 - INFO - dist: 0.041542447770721525; accepted: 3960; trials: 37892
2026-04-03 21:05:35 - INFO - dist: 0.29246498002123383; accepted: 3990; trials: 38170
2026-04-03 21:28:53 - INFO - dist: 0.0030620363164150927; accepted: 4020; trials: 38593
2026-04-03 21:42:19 - INFO - dist: 0.02097745621173775; accepted: 4050; trials: 38828
2026-04-03 21:56:43 - INFO - dist: 0.021961977012986973; accepted: 4080; trials: 39093
2026-04-03 22:13:02 - INFO - dist: 0.05565967194569796; accepted: 4110; trials: 39384
2026-04-03 22:28:04 - INFO - dist: 0.2904058827783564; accepted: 4140; trials: 39661
2026-04-03 22:42:31 - INFO - dist: 0.2917358645366003; accepted: 4170; trials: 39945
2026-04-03 22:59:01 - INFO - dist: 0.29213410400920053; accepted: 4200; trials: 40242
2026-04-03 23:11:55 - INFO - dist: 0.017957187747389816; accepted: 4230; trials: 40470
2026-04-03 23:26:12 - INFO - dist: 0.28880255950581235; accepted: 4260; trials: 40746
2026-04-03 23:37:32 - INFO - dist: 0.013562030859744754; accepted: 4290; trials: 40949
2026-04-03 23:57:08 - INFO - dist: 0.005046825189627483; accepted: 4320; trials: 41307
2026-04-04 00:10:27 - INFO - dist: 0.016693568094244958; accepted: 4350; trials: 41546
2026-04-04 00:27:26 - INFO - dist: 0.2928052732673498; accepted: 4380; trials: 41844
2026-04-04 00:44:16 - INFO - dist: 0.002243048272760613; accepted: 4410; trials: 42136
2026-04-04 00:55:16 - INFO - dist: 0.2926941452527065; accepted: 4440; trials: 42332
2026-04-04 01:12:43 - INFO - dist: 0.007861170609373152; accepted: 4470; trials: 42647
2026-04-04 01:26:43 - INFO - dist: 0.04609398687474269; accepted: 4500; trials: 42890
2026-04-04 01:43:12 - INFO - dist: 0.29089202178821044; accepted: 4530; trials: 43179
2026-04-04 01:58:51 - INFO - dist: 0.017829715364099726; accepted: 4560; trials: 43459
2026-04-04 02:15:50 - INFO - dist: 0.033780717108242035; accepted: 4590; trials: 43765
2026-04-04 02:33:46 - INFO - dist: 0.2911363507795862; accepted: 4620; trials: 44100
2026-04-04 02:43:25 - INFO - dist: 0.29268399656557637; accepted: 4650; trials: 44279
2026-04-04 03:00:39 - INFO - dist: 0.0031927876470097013; accepted: 4680; trials: 44591
2026-04-04 03:16:37 - INFO - dist: 0.2906095637336042; accepted: 4710; trials: 44869
2026-04-04 03:33:34 - INFO - dist: 0.04490937909931569; accepted: 4740; trials: 45165
2026-04-04 03:56:58 - INFO - dist: 0.024890892714576198; accepted: 4770; trials: 45581
2026-04-04 04:09:37 - INFO - dist: 0.03524646682462431; accepted: 4800; trials: 45807
2026-04-04 04:21:22 - INFO - dist: 0.2919718673966096; accepted: 4830; trials: 46016
2026-04-04 04:33:42 - INFO - dist: 0.29188579887176447; accepted: 4860; trials: 46233
2026-04-04 04:51:37 - INFO - dist: 0.035015589880342556; accepted: 4890; trials: 46565
2026-04-04 05:05:19 - INFO - dist: 0.013335436097893213; accepted: 4920; trials: 46809
2026-04-04 05:20:04 - INFO - dist: 0.29296411921188414; accepted: 4950; trials: 47063
2026-04-04 05:32:48 - INFO - dist: 0.025150465705640678; accepted: 4980; trials: 47289
2026-04-04 05:47:29 - INFO - dist: 0.29093931392343925; accepted: 5010; trials: 47550
2026-04-04 06:06:00 - INFO - dist: 0.024041148138001796; accepted: 5040; trials: 47871
2026-04-04 06:18:27 - INFO - dist: 0.29250615628875687; accepted: 5070; trials: 48093
2026-04-04 06:31:59 - INFO - dist: 0.038185333493145575; accepted: 5100; trials: 48339
2026-04-04 06:50:55 - INFO - dist: 0.0550618388205551; accepted: 5130; trials: 48671
2026-04-04 07:06:09 - INFO - dist: 0.29236947497667554; accepted: 5160; trials: 48938
2026-04-04 07:23:18 - INFO - dist: 0.29204159814986047; accepted: 5190; trials: 49239
2026-04-04 07:40:52 - INFO - dist: 0.007396887502354643; accepted: 5220; trials: 49550
2026-04-04 07:58:47 - INFO - dist: 0.021624279417812968; accepted: 5250; trials: 49865
2026-04-04 08:12:04 - INFO - dist: 0.03554094555072312; accepted: 5280; trials: 50101
2026-04-04 08:27:46 - INFO - dist: 0.0040687472712144035; accepted: 5310; trials: 50380
2026-04-04 08:42:03 - INFO - dist: 0.034500485739214895; accepted: 5340; trials: 50639
2026-04-04 09:00:25 - INFO - dist: 0.03841278152440823; accepted: 5370; trials: 50963
2026-04-04 09:11:30 - INFO - dist: 0.05642884979247558; accepted: 5400; trials: 51165
2026-04-04 09:24:03 - INFO - dist: 0.040049388430802524; accepted: 5430; trials: 51388
2026-04-04 09:40:18 - INFO - dist: 0.015560939781498235; accepted: 5460; trials: 51679
2026-04-04 09:59:19 - INFO - dist: 0.020351137691429114; accepted: 5490; trials: 52015
2026-04-04 10:09:35 - INFO - dist: 0.29132334909223234; accepted: 5520; trials: 52191
2026-04-04 10:25:12 - INFO - dist: 0.021519588331175756; accepted: 5550; trials: 52457
2026-04-04 10:38:32 - INFO - dist: 0.2919694986445306; accepted: 5580; trials: 52692
2026-04-04 10:57:27 - INFO - dist: 0.28979238795168805; accepted: 5610; trials: 53022
2026-04-04 11:13:34 - INFO - dist: 0.039090873529359124; accepted: 5640; trials: 53304
2026-04-04 11:32:50 - INFO - dist: 0.021545345387470962; accepted: 5670; trials: 53648
2026-04-04 11:46:09 - INFO - dist: 0.02355156026698041; accepted: 5700; trials: 53881
2026-04-04 12:02:41 - INFO - dist: 0.06123703424440565; accepted: 5730; trials: 54182
2026-04-04 12:18:16 - INFO - dist: 0.02835695441086716; accepted: 5760; trials: 54454
2026-04-04 12:34:09 - INFO - dist: 0.03409202968841589; accepted: 5790; trials: 54738
2026-04-04 12:55:02 - INFO - dist: 0.2915538274785363; accepted: 5820; trials: 55094
2026-04-04 13:10:45 - INFO - dist: 0.01671861441373739; accepted: 5850; trials: 55360
2026-04-04 13:30:25 - INFO - dist: 0.041132805451010196; accepted: 5880; trials: 55703
2026-04-04 13:43:48 - INFO - dist: 0.01738887765157229; accepted: 5910; trials: 55942
2026-04-04 13:59:56 - INFO - dist: 0.0034366709172764373; accepted: 5940; trials: 56216
2026-04-04 14:09:16 - INFO - dist: 0.29179853210285234; accepted: 5970; trials: 56374
2026-04-04 14:19:45 - INFO - dist: 0.29175378524335815; accepted: 6000; trials: 56570
2026-04-04 14:35:56 - INFO - dist: 0.01971767582242749; accepted: 6030; trials: 56860
2026-04-04 14:54:06 - INFO - dist: 0.29305591717952584; accepted: 6060; trials: 57182
2026-04-04 15:07:38 - INFO - dist: 0.01254315770105688; accepted: 6090; trials: 57422
2026-04-04 15:26:47 - INFO - dist: 0.026909105550757293; accepted: 6120; trials: 57763
2026-04-04 15:41:32 - INFO - dist: 0.00816842847080193; accepted: 6150; trials: 58019
2026-04-04 16:02:38 - INFO - dist: 0.006475786349198796; accepted: 6180; trials: 58396
2026-04-04 16:17:48 - INFO - dist: 0.03487576803440166; accepted: 6210; trials: 58673
2026-04-04 16:36:42 - INFO - dist: 0.01753591765426761; accepted: 6240; trials: 59002
2026-04-04 16:55:39 - INFO - dist: 0.02181427284633919; accepted: 6270; trials: 59346
2026-04-04 17:12:39 - INFO - dist: 0.029583753484275832; accepted: 6300; trials: 59650
2026-04-04 17:30:17 - INFO - dist: 0.2897078248467635; accepted: 6330; trials: 59972
2026-04-04 17:45:23 - INFO - dist: 0.023927461167659543; accepted: 6360; trials: 60236
2026-04-04 18:06:22 - INFO - dist: 0.29062819121820577; accepted: 6390; trials: 60612
2026-04-04 18:23:43 - INFO - dist: 0.2896025355832443; accepted: 6420; trials: 60919
2026-04-04 18:41:40 - INFO - dist: 0.04884739995866116; accepted: 6450; trials: 61242
2026-04-04 18:57:42 - INFO - dist: 0.008661623103574103; accepted: 6480; trials: 61518
2026-04-04 19:12:37 - INFO - dist: 0.29192480882088334; accepted: 6510; trials: 61781
2026-04-04 19:29:15 - INFO - dist: 0.012538824169667595; accepted: 6540; trials: 62069
2026-04-04 19:45:33 - INFO - dist: 0.005741450151127678; accepted: 6570; trials: 62361
2026-04-04 20:05:33 - INFO - dist: 0.2920871928707064; accepted: 6600; trials: 62702
2026-04-04 20:21:20 - INFO - dist: 0.05401607126735953; accepted: 6630; trials: 62978
2026-04-04 20:37:24 - INFO - dist: 0.29220865921138867; accepted: 6660; trials: 63267
2026-04-04 21:00:03 - INFO - dist: 0.01416599197239573; accepted: 6690; trials: 63651
2026-04-04 21:19:30 - INFO - dist: 0.0023794813169882192; accepted: 6720; trials: 64002
2026-04-04 21:33:57 - INFO - dist: 0.29140904581470006; accepted: 6750; trials: 64255
2026-04-04 21:53:10 - INFO - dist: 0.2928580949712055; accepted: 6780; trials: 64598
2026-04-04 22:14:56 - INFO - dist: 0.003908322329675878; accepted: 6810; trials: 64970
2026-04-04 22:31:04 - INFO - dist: 0.006974926654840632; accepted: 6840; trials: 65252
2026-04-04 22:51:24 - INFO - dist: 0.005858575498253105; accepted: 6870; trials: 65602
2026-04-04 23:13:56 - INFO - dist: 0.2909236570066346; accepted: 6900; trials: 66010
2026-04-04 23:26:48 - INFO - dist: 0.0028414369697339873; accepted: 6930; trials: 66239
2026-04-04 23:44:26 - INFO - dist: 0.29310121514917364; accepted: 6960; trials: 66561
2026-04-04 23:59:49 - INFO - dist: 0.029538988644698515; accepted: 6990; trials: 66840
2026-04-05 00:19:23 - INFO - dist: 0.009617060179373296; accepted: 7020; trials: 67182
2026-04-05 00:34:42 - INFO - dist: 0.29278626292578397; accepted: 7050; trials: 67447
2026-04-05 00:47:13 - INFO - dist: 0.048389321615259814; accepted: 7080; trials: 67685
2026-04-05 01:03:21 - INFO - dist: 0.001585090161757123; accepted: 7110; trials: 67974
2026-04-05 01:23:16 - INFO - dist: 0.06180889202796057; accepted: 7140; trials: 68329
2026-04-05 01:40:31 - INFO - dist: 0.0065275228886392395; accepted: 7170; trials: 68626
2026-04-05 01:58:43 - INFO - dist: 0.29270158403918406; accepted: 7200; trials: 68938
2026-04-05 02:13:36 - INFO - dist: 0.0026950943893463554; accepted: 7230; trials: 69189
2026-04-05 02:28:28 - INFO - dist: 0.00786856487445717; accepted: 7260; trials: 69445
2026-04-05 02:44:08 - INFO - dist: 0.046755133241545475; accepted: 7290; trials: 69727
2026-04-05 03:00:48 - INFO - dist: 0.021533937000285; accepted: 7320; trials: 70007
2026-04-05 03:17:04 - INFO - dist: 0.010199784136558757; accepted: 7350; trials: 70290
2026-04-05 03:30:17 - INFO - dist: 0.038803953326354446; accepted: 7380; trials: 70520
2026-04-05 03:46:55 - INFO - dist: 0.2894193520542522; accepted: 7410; trials: 70812
2026-04-05 04:00:08 - INFO - dist: 0.04664050766242885; accepted: 7440; trials: 71041
2026-04-05 04:15:50 - INFO - dist: 0.29010087756919506; accepted: 7470; trials: 71323
2026-04-05 04:28:59 - INFO - dist: 0.017570073022724137; accepted: 7500; trials: 71565
2026-04-05 04:46:12 - INFO - dist: 0.04940141657298128; accepted: 7530; trials: 71856
2026-04-05 05:09:21 - INFO - dist: 0.018985592128650898; accepted: 7560; trials: 72256
2026-04-05 05:25:45 - INFO - dist: 0.013770107888258283; accepted: 7590; trials: 72553
2026-04-05 05:41:05 - INFO - dist: 0.29040705128632305; accepted: 7620; trials: 72818
2026-04-05 05:58:49 - INFO - dist: 0.2902252153829642; accepted: 7650; trials: 73137
2026-04-05 06:11:10 - INFO - dist: 0.03557110783204569; accepted: 7680; trials: 73359
2026-04-05 06:25:43 - INFO - dist: 0.2907458399026983; accepted: 7710; trials: 73614
2026-04-05 06:43:00 - INFO - dist: 0.02233641418781256; accepted: 7740; trials: 73926
2026-04-05 07:00:57 - INFO - dist: 0.2907689920512449; accepted: 7770; trials: 74237
2026-04-05 07:13:38 - INFO - dist: 0.0144029240513077; accepted: 7800; trials: 74468
2026-04-05 07:29:31 - INFO - dist: 0.004279971350072827; accepted: 7830; trials: 74748
2026-04-05 07:44:19 - INFO - dist: 0.022649782834763047; accepted: 7860; trials: 75006
2026-04-05 07:58:38 - INFO - dist: 0.014819339627448974; accepted: 7890; trials: 75260
2026-04-05 08:11:27 - INFO - dist: 0.29161769574116053; accepted: 7920; trials: 75491
2026-04-05 08:27:24 - INFO - dist: 0.04194997157257935; accepted: 7950; trials: 75775
2026-04-05 08:43:41 - INFO - dist: 0.29315710271675927; accepted: 7980; trials: 76060
2026-04-05 08:59:06 - INFO - Accepted: 8000; Trials: 76334; Acceptance rate: 0.10480257814342232
2026-04-05 08:59:06 - INFO - Posterior mean R0: 2.5395134568267266
2026-04-05 08:59:06 - INFO - Posterior mean sigma: 0.4853187503244682
2026-04-05 08:59:07 - INFO - Elapsed: 266392.4186 s
nohup: ignoring input
2026-04-23 23:44:45 - INFO - T's size: 920
2026-04-23 23:44:49 - INFO - allclose=True, same_shape=True
2026-04-23 23:44:49 - INFO - scale:[5.20e+02 5.67e+04 4.48e-01 2.64e+01]
2026-04-23 23:44:49 - INFO - weights: [1. 1. 3. 1.]
2026-04-23 23:44:49 - INFO - s_obs: [74.7826087  40.32927712 -0.37141329  9.56328234]
2026-04-23 23:44:57 - INFO - dist: 0.2142175271453425; number: 0
2026-04-23 23:48:19 - INFO - dist: 0.3388822540344859; number: 50
2026-04-23 23:51:42 - INFO - dist: 0.23563845972910313; number: 100
2026-04-23 23:55:01 - INFO - dist: 0.8182114166891421; number: 150
2026-04-23 23:58:17 - INFO - dist: 0.06710692571945916; number: 200
2026-04-24 00:01:55 - INFO - dist: 0.3023770794056904; number: 250
2026-04-24 00:05:12 - INFO - dist: 0.32706538703322674; number: 300
2026-04-24 00:08:26 - INFO - dist: 0.25870793505233103; number: 350
2026-04-24 00:11:50 - INFO - dist: 0.30480326763465443; number: 400
2026-04-24 00:15:16 - INFO - dist: 0.6255967009024642; number: 450
2026-04-24 00:18:30 - INFO - dist: 0.22056427650690194; number: 500
2026-04-24 00:21:58 - INFO - dist: 0.2562340219169751; number: 550
2026-04-24 00:25:17 - INFO - dist: 0.39483977992802954; number: 600
2026-04-24 00:28:40 - INFO - dist: 0.5053529356225382; number: 650
2026-04-24 00:31:45 - INFO - dist: 0.2978004276481495; number: 700
2026-04-24 00:35:08 - INFO - dist: 0.5148214254206132; number: 750
2026-04-24 00:38:32 - INFO - dist: 0.797946242132738; number: 800
2026-04-24 00:41:49 - INFO - dist: 0.8400245782680761; number: 850
2026-04-24 00:45:14 - INFO - dist: 0.3300078997582178; number: 900
2026-04-24 00:48:21 - INFO - dist: 0.16480774460145375; number: 950
2026-04-24 00:51:44 - INFO - dist: 0.3101677509873963; number: 1000
2026-04-24 00:55:08 - INFO - dist: 1.2696286729805366; number: 1050
2026-04-24 00:58:03 - INFO - dist: 0.5267405861403432; number: 1100
2026-04-24 01:01:28 - INFO - dist: 0.7208554578498513; number: 1150
2026-04-24 01:04:56 - INFO - dist: 0.2914213877012269; number: 1200
2026-04-24 01:08:10 - INFO - dist: 0.15371497587288624; number: 1250
2026-04-24 01:11:35 - INFO - dist: 0.6585758285126567; number: 1300
2026-04-24 01:14:52 - INFO - dist: 0.4084441278179349; number: 1350
2026-04-24 01:18:18 - INFO - dist: 0.39811903927338205; number: 1400
2026-04-24 01:21:38 - INFO - dist: 0.5095832365001322; number: 1450
2026-04-24 01:25:13 - INFO - dist: 0.19337592459085834; number: 1500
2026-04-24 01:28:39 - INFO - dist: 0.43916682456909356; number: 1550
2026-04-24 01:31:58 - INFO - dist: 0.2749884897540158; number: 1600
2026-04-24 01:35:23 - INFO - dist: 1.2344796108345646; number: 1650
2026-04-24 01:38:46 - INFO - dist: 0.2508570635241679; number: 1700
2026-04-24 01:41:58 - INFO - dist: 0.3110590141590188; number: 1750
2026-04-24 01:45:32 - INFO - dist: 0.75210434403739; number: 1800
2026-04-24 01:48:48 - INFO - dist: 0.0626472197180164; number: 1850
2026-04-24 01:52:08 - INFO - dist: 0.28550800449766384; number: 1900
2026-04-24 01:55:31 - INFO - dist: 0.289322403669744; number: 1950
2026-04-24 01:58:50 - INFO - dist: 0.8031358293173929; number: 2000
2026-04-24 02:02:11 - INFO - dist: 0.3523779720734778; number: 2050
2026-04-24 02:05:32 - INFO - dist: 0.9906406818066947; number: 2100
2026-04-24 02:08:52 - INFO - dist: 1.5507590231539632; number: 2150
2026-04-24 02:12:14 - INFO - dist: 0.5211270837244297; number: 2200
2026-04-24 02:15:25 - INFO - dist: 0.26506001375994465; number: 2250
2026-04-24 02:18:57 - INFO - dist: 1.2580321403438304; number: 2300
2026-04-24 02:22:14 - INFO - dist: 0.44134937269844; number: 2350
2026-04-24 02:25:44 - INFO - dist: 0.1612158793278302; number: 2400
2026-04-24 02:29:03 - INFO - dist: 0.8263613379944311; number: 2450
2026-04-24 02:32:23 - INFO - dist: 0.4915102362820579; number: 2500
2026-04-24 02:35:43 - INFO - dist: 0.5463166424277622; number: 2550
2026-04-24 02:39:07 - INFO - dist: 0.279417284864943; number: 2600
2026-04-24 02:42:29 - INFO - dist: 0.48977165074197215; number: 2650
2026-04-24 02:45:44 - INFO - dist: 0.3366484838749264; number: 2700
2026-04-24 02:49:11 - INFO - dist: 0.627485443867897; number: 2750
2026-04-24 02:52:23 - INFO - dist: 1.858025504628057; number: 2800
2026-04-24 02:55:41 - INFO - dist: 0.8199478912742035; number: 2850
2026-04-24 02:58:51 - INFO - dist: 0.6523317614090774; number: 2900
2026-04-24 03:02:03 - INFO - dist: 1.2261635484155662; number: 2950
2026-04-24 03:05:11 - INFO - eps: 0.2089351649406661; dists: 3000
2026-04-24 03:26:51 - INFO - dist: 0.16490442188406942; accepted: 30; trials: 321
2026-04-24 03:48:12 - INFO - dist: 0.15738512912984784; accepted: 60; trials: 630
2026-04-24 04:04:56 - INFO - dist: 0.10762394152722977; accepted: 90; trials: 886
2026-04-24 04:20:27 - INFO - dist: 0.043377473422284075; accepted: 120; trials: 1121
2026-04-24 04:37:11 - INFO - dist: 0.12459234986724467; accepted: 150; trials: 1369
2026-04-24 04:59:17 - INFO - dist: 0.19207333825207362; accepted: 180; trials: 1703
2026-04-24 05:29:02 - INFO - dist: 0.17422690169669033; accepted: 210; trials: 2148
2026-04-24 05:48:29 - INFO - dist: 0.12738153174884823; accepted: 240; trials: 2443
2026-04-24 06:06:35 - INFO 2026-04-25 06:40:27 - INFO - dist: 0.14846510912493321; accepted: 2400; trials: 24678
nohup: ignoring input
2026-04-25 06:54:37 - INFO - T's size: 920
2026-04-25 06:54:42 - INFO - allclose=True, same_shape=True
2026-04-25 06:54:42 - INFO - scale:[5.20e+02 5.67e+04 4.48e-01 2.64e+01]
2026-04-25 06:54:42 - INFO - weights: [1. 1. 3. 1.]
2026-04-25 06:54:42 - INFO - s_obs: [74.7826087  40.32927712 -0.37141329  9.56328234]
2026-04-25 06:54:48 - INFO - dist: 0.2142175271453425; number: 0
2026-04-25 06:58:07 - INFO - dist: 0.3388822540344859; number: 50
2026-04-25 07:01:24 - INFO - dist: 0.23563845972910313; number: 100
2026-04-25 07:04:38 - INFO - dist: 0.8182114166891421; number: 150
2026-04-25 07:07:55 - INFO - dist: 0.06710692571945916; number: 200
2026-04-25 07:11:25 - INFO - dist: 0.3023770794056904; number: 250
2026-04-25 07:14:46 - INFO - dist: 0.32706538703322674; number: 300
2026-04-25 07:17:59 - INFO - dist: 0.25870793505233103; number: 350
2026-04-25 07:21:19 - INFO - dist: 0.30480326763465443; number: 400
2026-04-25 07:24:43 - INFO - dist: 0.6255967009024642; number: 450
2026-04-25 07:27:53 - INFO - dist: 0.22056427650690194; number: 500
2026-04-25 07:31:19 - INFO - dist: 0.2562340219169751; number: 550
2026-04-25 07:34:34 - INFO - dist: 0.39483977992802954; number: 600
2026-04-25 07:38:03 - INFO - dist: 0.5053529356225382; number: 650
2026-04-25 07:41:24 - INFO - dist: 0.2978004276481495; number: 700
2026-04-25 07:44:48 - INFO - dist: 0.5148214254206132; number: 750
2026-04-25 07:48:03 - INFO - dist: 0.797946242132738; number: 800
2026-04-25 07:51:21 - INFO - dist: 0.8400245782680761; number: 850
2026-04-25 07:54:41 - INFO - dist: 0.3300078997582178; number: 900
2026-04-25 07:57:49 - INFO - dist: 0.16480774460145375; number: 950
2026-04-25 08:01:08 - INFO - dist: 0.3101677509873963; number: 1000
2026-04-25 08:04:34 - INFO - dist: 1.2696286729805366; number: 1050
2026-04-25 08:07:31 - INFO - dist: 0.5267405861403432; number: 1100
2026-04-25 08:10:40 - INFO - dist: 0.7208554578498513; number: 1150
2026-04-25 08:14:03 - INFO - dist: 0.2914213877012269; number: 1200
2026-04-25 08:17:20 - INFO - dist: 0.15371497587288624; number: 1250
2026-04-25 08:20:39 - INFO - dist: 0.6585758285126567; number: 1300
2026-04-25 08:24:01 - INFO - dist: 0.4084441278179349; number: 1350
2026-04-25 08:27:12 - INFO - dist: 0.39811903927338205; number: 1400
2026-04-25 08:30:22 - INFO - dist: 0.5095832365001322; number: 1450
2026-04-25 08:33:41 - INFO - dist: 0.19337592459085834; number: 1500
2026-04-25 08:37:06 - INFO - dist: 0.43916682456909356; number: 1550
2026-04-25 08:40:30 - INFO - dist: 0.2749884897540158; number: 1600
2026-04-25 08:43:38 - INFO - dist: 1.2344796108345646; number: 1650
2026-04-25 08:47:02 - INFO - dist: 0.2508570635241679; number: 1700
2026-04-25 08:50:04 - INFO - dist: 0.3110590141590188; number: 1750
2026-04-25 08:53:23 - INFO - dist: 0.75210434403739; number: 1800
2026-04-25 08:56:31 - INFO - dist: 0.0626472197180164; number: 1850
2026-04-25 08:59:38 - INFO - dist: 0.28550800449766384; number: 1900
2026-04-25 09:03:00 - INFO - dist: 0.289322403669744; number: 1950
2026-04-25 09:06:17 - INFO - dist: 0.8031358293173929; number: 2000
2026-04-25 09:09:27 - INFO - dist: 0.3523779720734778; number: 2050
2026-04-25 09:12:51 - INFO - dist: 0.9906406818066947; number: 2100
2026-04-25 09:16:12 - INFO - dist: 1.5507590231539632; number: 2150
2026-04-25 09:19:23 - INFO - dist: 0.5211270837244297; number: 2200
2026-04-25 09:22:36 - INFO - dist: 0.26506001375994465; number: 2250
2026-04-25 09:25:51 - INFO - dist: 1.2580321403438304; number: 2300
2026-04-25 09:29:13 - INFO - dist: 0.44134937269844; number: 2350
2026-04-25 09:32:36 - INFO - dist: 0.1612158793278302; number: 2400
2026-04-25 09:35:56 - INFO - dist: 0.8263613379944311; number: 2450
2026-04-25 09:39:11 - INFO - dist: 0.4915102362820579; number: 2500
2026-04-25 09:42:22 - INFO - dist: 0.5463166424277622; number: 2550
2026-04-25 09:45:41 - INFO - dist: 0.279417284864943; number: 2600
2026-04-25 09:49:00 - INFO - dist: 0.48977165074197215; number: 2650
2026-04-25 09:52:07 - INFO - dist: 0.3366484838749264; number: 2700
2026-04-25 09:55:36 - INFO - dist: 0.627485443867897; number: 2750
2026-04-25 09:58:42 - INFO - dist: 1.858025504628057; number: 2800
2026-04-25 10:02:00 - INFO - dist: 0.8199478912742035; number: 2850
2026-04-25 10:05:03 - INFO - dist: 0.6523317614090774; number: 2900
2026-04-25 10:08:11 - INFO - dist: 1.2261635484155662; number: 2950
2026-04-25 10:11:30 - INFO - eps: 0.2089351649406661; dists: 3000
2026-04-25 10:32:25 - INFO - dist: 0.16490442188406942; accepted: 30; trials: 321
2026-04-25 10:52:55 - INFO - dist: 0.15738512912984784; accepted: 60; trials: 630
2026-04-25 11:09:15 - INFO - dist: 0.10762394152722977; accepted: 90; trials: 886
2026-04-25 11:24:32 - INFO - dist: 0.043377473422284075; accepted: 120; trials: 1121
2026-04-25 11:40:42 - INFO - dist: 0.12459234986724467; accepted: 150; trials: 1369
2026-04-25 12:02:30 - INFO - dist: 0.19207333825207362; accepted: 180; trials: 1703
2026-04-25 12:31:58 - INFO - dist: 0.17422690169669033; accepted: 210; trials: 2148
2026-04-25 12:51:40 - INFO - dist: 0.12738153174884823; accepted: 240; trials: 2443
2026-04-25 13:08:59 - INFO - dist: 0.17314831630420244; accepted: 270; trials: 2710
2026-04-25 13:27:21 - INFO - dist: 0.17621244732581454; accepted: 300; trials: 2998
2026-04-25 13:47:27 - INFO - dist: 0.1949574488704444; accepted: 330; trials: 3305
2026-04-25 14:10:38 - INFO - dist: 0.18343669494631137; accepted: 360; trials: 3662
2026-04-25 14:31:42 - INFO - dist: 0.17729492251556764; accepted: 390; trials: 3976
2026-04-25 14:55:40 - INFO - dist: 0.15332033935504696; accepted: 420; trials: 4339
2026-04-25 15:23:19 - INFO - dist: 0.1398324940820843; accepted: 450; trials: 4754
2026-04-25 15:42:37 - INFO - dist: 0.12158050587461226; accepted: 480; trials: 5043
2026-04-25 16:03:49 - INFO - dist: 0.14695843395131722; accepted: 510; trials: 5370
2026-04-25 16:18:54 - INFO - dist: 0.16854199494813688; accepted: 540; trials: 5605
2026-04-25 16:43:03 - INFO - dist: 0.12617394633187148; accepted: 570; trials: 5975
2026-04-25 17:03:07 - INFO - dist: 0.11257758165504944; accepted: 600; trials: 6272
2026-04-25 17:17:25 - INFO - dist: 0.19048790224621603; accepted: 630; trials: 6491
2026-04-25 17:41:29 - INFO - dist: 0.12175407067553232; accepted: 660; trials: 6858
2026-04-25 18:01:44 - INFO - dist: 0.11970339688995017; accepted: 690; trials: 7180
2026-04-25 18:18:23 - INFO - dist: 0.19364730457355495; accepted: 720; trials: 7430
2026-04-25 18:41:55 - INFO - dist: 0.13784741626212618; accepted: 750; trials: 7782
2026-04-25 19:08:52 - INFO - dist: 0.18495294850048627; accepted: 780; trials: 8192
2026-04-25 19:31:38 - INFO - dist: 0.09281881573503702; accepted: 810; trials: 8534
2026-04-25 19:55:06 - INFO - dist: 0.2016015095566538; accepted: 840; trials: 8892
2026-04-25 20:13:51 - INFO - dist: 0.18015280532910027; accepted: 870; trials: 9176
2026-04-25 20:33:45 - INFO - dist: 0.059650300031016935; accepted: 900; trials: 9484
2026-04-25 20:52:44 - INFO - dist: 0.1346920940607581; accepted: 930; trials: 9776
2026-04-25 21:14:11 - INFO - dist: 0.09454097388178023; accepted: 960; trials: 10095
2026-04-25 21:32:36 - INFO - dist: 0.20719533636446583; accepted: 990; trials: 10375
2026-04-25 21:51:37 - INFO - dist: 0.20876512883178716; accepted: 1020; trials: 10674
2026-04-25 22:10:27 - INFO - dist: 0.13679036586037724; accepted: 1050; trials: 10963
2026-04-25 22:25:39 - INFO - dist: 0.10267951436787147; accepted: 1080; trials: 11196
2026-04-25 22:42:02 - INFO - dist: 0.12577711846677592; accepted: 1110; trials: 11453
2026-04-25 23:08:31 - INFO - dist: 0.19017200775084217; accepted: 1140; trials: 11845
2026-04-25 23:26:15 - INFO - dist: 0.1500832965687245; accepted: 1170; trials: 12121
2026-04-25 23:46:52 - INFO - dist: 0.14262417837176636; accepted: 1200; trials: 12437
2026-04-26 00:08:55 - INFO - dist: 0.15669693707793267; accepted: 1230; trials: 12770
2026-04-26 00:28:32 - INFO - dist: 0.19586513104079487; accepted: 1260; trials: 13068
2026-04-26 00:49:58 - INFO - dist: 0.20068354405392208; accepted: 1290; trials: 13389
2026-04-26 01:06:19 - INFO - dist: 0.18028918391013848; accepted: 1320; trials: 13642
2026-04-26 01:26:53 - INFO - dist: 0.1618515782820195; accepted: 1350; trials: 13955
2026-04-26 01:50:35 - INFO - dist: 0.08463825774410423; accepted: 1380; trials: 14322
2026-04-26 02:09:17 - INFO - dist: 0.20779717889513283; accepted: 1410; trials: 14610
2026-04-26 02:28:23 - INFO - dist: 0.13636591659213165; accepted: 1440; trials: 14892
2026-04-26 02:50:24 - INFO - dist: 0.1868629378879486; accepted: 1470; trials: 15227
2026-04-26 03:13:06 - INFO - dist: 0.18465223438190062; accepted: 1500; trials: 15574
2026-04-26 03:31:05 - INFO - dist: 0.15016182192279887; accepted: 1530; trials: 15842
2026-04-26 03:57:38 - INFO - dist: 0.17847877518001107; accepted: 1560; trials: 16238
2026-04-26 04:18:17 - INFO - dist: 0.10679455348199013; accepted: 1590; trials: 16554
2026-04-26 04:35:43 - INFO - dist: 0.13232815735555947; accepted: 1620; trials: 16813
2026-04-26 04:48:43 - INFO - dist: 0.2060439704452131; accepted: 1650; trials: 17013
2026-04-26 05:15:17 - INFO - dist: 0.0911799774553992; accepted: 1680; trials: 17412
2026-04-26 05:36:34 - INFO - dist: 0.09987157607144628; accepted: 1710; trials: 17727
2026-04-26 05:58:48 - INFO - dist: 0.18904744954743913; accepted: 1740; trials: 18064
2026-04-26 06:16:10 - INFO - dist: 0.19888124079044342; accepted: 1770; trials: 18330
2026-04-26 06:36:23 - INFO - dist: 0.20564422886646044; accepted: 1800; trials: 18635
2026-04-26 07:03:12 - INFO - dist: 0.16120967995192662; accepted: 1830; trials: 19039
2026-04-26 07:20:57 - INFO - dist: 0.14650608545815513; accepted: 1860; trials: 19314
2026-04-26 07:44:18 - INFO - dist: 0.10109285607391684; accepted: 1890; trials: 19661
2026-04-26 08:05:15 - INFO - dist: 0.1770103582450403; accepted: 1920; trials: 19975
2026-04-26 08:24:48 - INFO - dist: 0.18178320780107077; accepted: 1950; trials: 20275
2026-04-26 08:41:54 - INFO - dist: 0.08444775929302638; accepted: 1980; trials: 20536
2026-04-26 09:00:37 - INFO - dist: 0.11310077486625088; accepted: 2010; trials: 20825
2026-04-26 09:17:28 - INFO - dist: 0.17549305283914066; accepted: 2040; trials: 21079
2026-04-26 09:30:05 - INFO - dist: 0.19275279246192148; accepted: 2070; trials: 21261
2026-04-26 09:48:46 - INFO - dist: 0.08117499572049838; accepted: 2100; trials: 21545
2026-04-26 10:06:00 - INFO - dist: 0.18218987038721263; accepted: 2130; trials: 21812
2026-04-26 10:25:25 - INFO - dist: 0.14571181269851638; accepted: 2160; trials: 22109
2026-04-26 10:47:32 - INFO - dist: 0.11065183474888128; accepted: 2190; trials: 22447
2026-04-26 11:05:07 - INFO - dist: 0.20769098633324792; accepted: 2220; trials: 22716
2026-04-26 11:30:10 - INFO - dist: 0.13903681174799853; accepted: 2250; trials: 23097
2026-04-26 11:47:35 - INFO - dist: 0.13888951338315275; accepted: 2280; trials: 23358
2026-04-26 12:09:09 - INFO - dist: 0.20072795485241932; accepted: 2310; trials: 23689
2026-04-26 12:30:29 - INFO - dist: 0.1797537620465276; accepted: 2340; trials: 24010
2026-04-26 12:54:15 - INFO - dist: 0.16759802760144618; accepted: 2370; trials: 24369
2026-04-26 13:14:38 - INFO - dist: 0.14846510912493321; accepted: 2400; trials: 24678
2026-04-26 13:30:04 - INFO - dist: 0.13914275331219805; accepted: 2430; trials: 24910
2026-04-26 13:55:20 - INFO - dist: 0.17889305735781327; accepted: 2460; trials: 25291
2026-04-26 14:23:22 - INFO - dist: 0.17020022166537302; accepted: 2490; trials: 25727
2026-04-26 14:40:10 - INFO - dist: 0.20547749441359064; accepted: 2520; trials: 25977
2026-04-26 14:59:24 - INFO - dist: 0.16371332548112355; accepted: 2550; trials: 26276
2026-04-26 15:23:42 - INFO - dist: 0.04309915022187476; accepted: 2580; trials: 26641
2026-04-26 15:46:47 - INFO - dist: 0.18482767068425177; accepted: 2610; trials: 26987
2026-04-26 16:05:15 - INFO - dist: 0.0859003935917965; accepted: 2640; trials: 27261
2026-04-26 16:23:49 - INFO - dist: 0.14807613802466554; accepted: 2670; trials: 27542
2026-04-26 16:51:07 - INFO - dist: 0.1965989863277137; accepted: 2700; trials: 27969
2026-04-26 17:11:16 - INFO - dist: 0.12353278033874757; accepted: 2730; trials: 28277
2026-04-26 17:30:22 - INFO - dist: 0.19105479643964027; accepted: 2760; trials: 28572
2026-04-26 17:51:02 - INFO - dist: 0.1431134654494718; accepted: 2790; trials: 28891
2026-04-26 18:14:47 - INFO - dist: 0.18583487752616046; accepted: 2820; trials: 29255
2026-04-26 18:33:21 - INFO - dist: 0.17369119468353972; accepted: 2850; trials: 29536
2026-04-26 18:49:42 - INFO - dist: 0.19107663968862573; accepted: 2880; trials: 29784
2026-04-26 19:06:33 - INFO - dist: 0.18112802353364021; accepted: 2910; trials: 30032
2026-04-26 19:25:34 - INFO - dist: 0.18256981070310377; accepted: 2940; trials: 30325
2026-04-26 19:49:25 - INFO - dist: 0.13456021888517178; accepted: 2970; trials: 30686
2026-04-26 20:07:17 - INFO - dist: 0.20300735746880805; accepted: 3000; trials: 30958
2026-04-26 20:23:06 - INFO - dist: 0.17358467688209547; accepted: 3030; trials: 31203
2026-04-26 20:43:48 - INFO - dist: 0.13510813517934095; accepted: 3060; trials: 31511
2026-04-26 21:04:17 - INFO - dist: 0.20643721170512358; accepted: 3090; trials: 31821
2026-04-26 21:25:33 - INFO - dist: 0.19609314972175054; accepted: 3120; trials: 32142
2026-04-26 21:49:45 - INFO - dist: 0.19400834318766808; accepted: 3150; trials: 32512
2026-04-26 22:13:12 - INFO - dist: 0.18475242703249936; accepted: 3180; trials: 32872
2026-04-26 22:37:01 - INFO - dist: 0.15024809658350718; accepted: 3210; trials: 33244
2026-04-26 23:02:59 - INFO - dist: 0.19467318776693457; accepted: 3240; trials: 33639
2026-04-26 23:26:25 - INFO - dist: 0.08480798050179066; accepted: 3270; trials: 33988
2026-04-26 23:49:34 - INFO - dist: 0.0833530436598546; accepted: 3300; trials: 34332
2026-04-27 00:19:41 - INFO - dist: 0.1983958341188101; accepted: 3330; trials: 34776
2026-04-27 00:37:45 - INFO - dist: 0.10971695992670681; accepted: 3360; trials: 35044
2026-04-27 00:58:27 - INFO - dist: 0.1282332742259445; accepted: 3390; trials: 35357
2026-04-27 01:24:37 - INFO - dist: 0.17904222203894107; accepted: 3420; trials: 35742
2026-04-27 01:43:44 - INFO - dist: 0.12106714830284253; accepted: 3450; trials: 36031
2026-04-27 02:06:24 - INFO - dist: 0.16266195041866005; accepted: 3480; trials: 36369
2026-04-27 02:21:45 - INFO - dist: 0.1376487892538181; accepted: 3510; trials: 36607
2026-04-27 02:44:42 - INFO - dist: 0.10937270059777936; accepted: 3540; trials: 36964
2026-04-27 03:11:10 - INFO - dist: 0.17173289934281966; accepted: 3570; trials: 37374
2026-04-27 03:33:15 - INFO - dist: 0.1784933713498021; accepted: 3600; trials: 37718
2026-04-27 03:57:47 - INFO - dist: 0.18402955403876345; accepted: 3630; trials: 38065
2026-04-27 04:18:49 - INFO - dist: 0.1956902084991864; accepted: 3660; trials: 38378
2026-04-27 04:39:07 - INFO - dist: 0.15829192929147398; accepted: 3690; trials: 38678
2026-04-27 05:00:18 - INFO - dist: 0.147287066969857; accepted: 3720; trials: 38992
2026-04-27 05:25:43 - INFO - dist: 0.1670738104703601; accepted: 3750; trials: 39383
2026-04-27 05:47:09 - INFO - dist: 0.17149521366401918; accepted: 3780; trials: 39704
2026-04-27 06:05:57 - INFO - dist: 0.06095432307005128; accepted: 3810; trials: 39989
2026-04-27 06:30:59 - INFO - dist: 0.1976430711497792; accepted: 3840; trials: 40354
2026-04-27 06:50:04 - INFO - dist: 0.16260083252587443; accepted: 3870; trials: 40637
2026-04-27 07:06:42 - INFO - dist: 0.2051346879931343; accepted: 3900; trials: 40894
2026-04-27 07:30:39 - INFO - dist: 0.1779738510376368; accepted: 3930; trials: 41255
2026-04-27 07:44:20 - INFO - dist: 0.11813748331717044; accepted: 3960; trials: 41457
2026-04-27 08:08:50 - INFO - dist: 0.11306548211553341; accepted: 3990; trials: 41820
2026-04-27 08:30:17 - INFO - dist: 0.10788948993962945; accepted: 4020; trials: 42136
2026-04-27 08:56:06 - INFO - dist: 0.20628390446053563; accepted: 4050; trials: 42514
2026-04-27 09:19:58 - INFO - dist: 0.10151822404392757; accepted: 4080; trials: 42864
2026-04-27 09:39:50 - INFO - dist: 0.15257007357323984; accepted: 4110; trials: 43146
2026-04-27 10:00:35 - INFO - dist: 0.176294603196743; accepted: 4140; trials: 43451
2026-04-27 10:26:33 - INFO - dist: 0.1341582808259567; accepted: 4170; trials: 43826
2026-04-27 10:47:38 - INFO - dist: 0.09291811601590458; accepted: 4200; trials: 44126
2026-04-27 11:05:02 - INFO - dist: 0.12660457613148457; accepted: 4230; trials: 44381
2026-04-27 11:31:19 - INFO - dist: 0.15421500853369616; accepted: 4260; trials: 44754
2026-04-27 11:48:21 - INFO - dist: 0.15732964382805037; accepted: 4290; trials: 45003
2026-04-27 12:08:53 - INFO - dist: 0.1259779069049944; accepted: 4320; trials: 45295
2026-04-27 12:28:59 - INFO - dist: 0.1874504826837376; accepted: 4350; trials: 45574
2026-04-27 12:46:44 - INFO - dist: 0.14090127657819748; accepted: 4380; trials: 45831
2026-04-27 13:08:05 - INFO - dist: 0.14416012245976728; accepted: 4410; trials: 46140
2026-04-27 13:27:27 - INFO - dist: 0.19526982816176908; accepted: 4440; trials: 46422
2026-04-27 13:47:56 - INFO - dist: 0.1499348932909013; accepted: 4470; trials: 46716
2026-04-27 14:10:57 - INFO - dist: 0.13178639303406636; accepted: 4500; trials: 47050
2026-04-27 14:32:32 - INFO - dist: 0.1895297799625765; accepted: 4530; trials: 47362
2026-04-27 14:56:21 - INFO - dist: 0.17347501176356742; accepted: 4560; trials: 47704
2026-04-27 15:23:47 - INFO - dist: 0.2001400456149419; accepted: 4590; trials: 48105
2026-04-27 15:42:40 - INFO - dist: 0.19782819455206932; accepted: 4620; trials: 48383
2026-04-27 16:06:35 - INFO - dist: 0.17663923229135944; accepted: 4650; trials: 48737
2026-04-27 16:27:22 - INFO - dist: 0.19433846067154703; accepted: 4680; trials: 49044
2026-04-27 16:47:03 - INFO - dist: 0.056355258118605776; accepted: 4710; trials: 49331
2026-04-27 17:06:41 - INFO - dist: 0.18440686254681024; accepted: 4740; trials: 49618
2026-04-27 17:28:37 - INFO - dist: 0.1441479175410621; accepted: 4770; trials: 49934
2026-04-27 17:45:50 - INFO - dist: 0.07019500859045662; accepted: 4800; trials: 50176
2026-04-27 18:03:01 - INFO - dist: 0.12726198294613422; accepted: 4830; trials: 50427
2026-04-27 18:29:20 - INFO - dist: 0.15143411844492383; accepted: 4860; trials: 50812
2026-04-27 18:47:41 - INFO - dist: 0.18250110938446984; accepted: 4890; trials: 51074
2026-04-27 19:06:37 - INFO - dist: 0.19151986057769438; accepted: 4920; trials: 51345
2026-04-27 19:31:49 - INFO - dist: 0.20062526160733624; accepted: 4950; trials: 51707
2026-04-27 19:53:42 - INFO - dist: 0.2036374116348602; accepted: 4980; trials: 52028
2026-04-27 20:06:47 - INFO - Accepted: 5000; Trials: 52218; Acceptance rate: 0.09575242253629017
2026-04-27 20:06:47 - INFO - Posterior mean R0: 2.3955802690749506
2026-04-27 20:06:47 - INFO - Posterior mean sigma: 0.4598492455058155
2026-04-27 20:06:47 - INFO - Elapsed: 220334.3542 s
