nohup: ignoring input
T's size 920
True True
s_obs [151.43478261  75.65821838  -0.27504653   6.76281263]
scale [5.20e+02 5.67e+04 4.48e-01 2.64e+01]
dist 0.4343316991192491 number:  0
dist 0.17601701259775418 number:  50
dist 0.4315759950792562 number:  100
dist 0.40549748152759946 number:  150
dist 0.014002675368775617 number:  200
dist 0.5385286774758536 number:  250
dist nan number:  300
dist 0.24006188472480608 number:  350
dist nan number:  400
dist nan number:  450
dist 0.26362737792077257 number:  500
dist nan number:  550
dist 0.17442746318418711 number:  600
dist 0.2946349124671561 number:  650
dist 0.5246873679564669 number:  700
dist 0.10286829432824866 number:  750
dist 0.2555742655831312 number:  800
dist 0.074967148549539 number:  850
dist nan number:  900
dist nan number:  950
dist nan number:  1000
dist nan number:  1050
dist 0.26370533491823456 number:  1100
dist nan number:  1150
dist 0.49215167990139647 number:  1200
dist 0.38938596449654506 number:  1250
dist 0.1038683781154557 number:  1300
dist 0.12223549929940056 number:  1350
dist 0.1730660167700159 number:  1400
dist 0.122348494336107 number:  1450
eps:  0.14697134743223286
dists:  1012
dist 0.1260418327927329 accepted:  30 trials:  194
dist 0.06728567119615464 accepted:  60 trials:  424
dist 0.14355535721802296 accepted:  90 trials:  622
dist 0.12120488029208124 accepted:  120 trials:  815
dist 0.06405423607320644 accepted:  150 trials:  1042
dist 0.14635004707949448 accepted:  180 trials:  1310
dist 0.11537966050027704 accepted:  210 trials:  1536
dist 0.13945324876751447 accepted:  240 trials:  1827
dist 0.12299141096640542 accepted:  270 trials:  2119
dist 0.14543164828564337 accepted:  300 trials:  2374
dist 0.0880812299981485 accepted:  330 trials:  2585
dist 0.14157892007834694 accepted:  360 trials:  2803
dist 0.06366889501791985 accepted:  390 trials:  3090
dist 0.13160465147897732 accepted:  420 trials:  3299
dist 0.12250367714385592 accepted:  450 trials:  3525
dist 0.12757843816542175 accepted:  480 trials:  3757
dist 0.12234802340612773 accepted:  510 trials:  3958
dist 0.06150553054786309 accepted:  540 trials:  4138
dist 0.12404736563727616 accepted:  570 trials:  4320
dist 0.09320241944548524 accepted:  600 trials:  4564
dist 0.04431203810921901 accepted:  630 trials:  4803
dist 0.07070895086901753 accepted:  660 trials:  5000
dist 0.10967288376916898 accepted:  690 trials:  5260
dist 0.031244764781716807 accepted:  720 trials:  5491
dist 0.09746102883434013 accepted:  750 trials:  5756
dist 0.10063348778360783 accepted:  780 trials:  6026
dist 0.017206880198330506 accepted:  810 trials:  6259
dist 0.06274286572747363 accepted:  840 trials:  6402
dist 0.0876838306890332 accepted:  870 trials:  6604
dist 0.1072012170991213 accepted:  900 trials:  6860
dist 0.1267286231983806 accepted:  930 trials:  7121
dist 0.04938855007959707 accepted:  960 trials:  7313
dist 0.12546022907527687 accepted:  990 trials:  7561
dist 0.12084630360123463 accepted:  1020 trials:  7899
dist 0.12094234999053662 accepted:  1050 trials:  8132
dist 0.12957458432245275 accepted:  1080 trials:  8362
dist 0.12258301045169645 accepted:  1110 trials:  8605
dist 0.1423663594156067 accepted:  1140 trials:  8844
dist 0.08840591392992217 accepted:  1170 trials:  9085
dist 0.14334783055303613 accepted:  1200 trials:  9263
dist 0.05078901099748911 accepted:  1230 trials:  9600
dist 0.1258463241094328 accepted:  1260 trials:  9792
dist 0.13139099712216273 accepted:  1290 trials:  10024
dist 0.07425972710374151 accepted:  1320 trials:  10217
dist 0.10316885886792405 accepted:  1350 trials:  10429
dist 0.021567770596516506 accepted:  1380 trials:  10582
dist 0.02481023922283024 accepted:  1410 trials:  10789
dist 0.07753684590716037 accepted:  1440 trials:  11000
dist 0.03487884175154026 accepted:  1470 trials:  11204
dist 0.09527743447415685 accepted:  1500 trials:  11435
dist 0.06688249695871808 accepted:  1530 trials:  11646
dist 0.08035708551193951 accepted:  1560 trials:  11894
dist 0.11508133648264653 accepted:  1590 trials:  12135
dist 0.06936845020213676 accepted:  1620 trials:  12315
dist 0.06479638333998114 accepted:  1650 trials:  12553
dist 0.13443417447919895 accepted:  1680 trials:  12788
dist 0.12182813545715578 accepted:  1710 trials:  13045
dist 0.089204339601491 accepted:  1740 trials:  13310
dist 0.05080456825647734 accepted:  1770 trials:  13514
dist 0.04846060238568301 accepted:  1800 trials:  13677
dist 0.1281869055037274 accepted:  1830 trials:  13845
dist 0.05769762909666969 accepted:  1860 trials:  14059
dist 0.08024433127241555 accepted:  1890 trials:  14276
dist 0.1236475032729406 accepted:  1920 trials:  14529
dist 0.021074597183654505 accepted:  1950 trials:  14755
dist 0.13040051042520406 accepted:  1980 trials:  14969
Accepted:  2000 Trials:  15153 Acceptance rate:  0.1319870652676038
Posterior mean R0:  4.573174251904035
Posterior mean sigma:  0.5117623914421285
Elapsed: 71164.9456 s
