nohup: ignoring input
Loading data...
✓ Loaded 499,940 samples
  R0 range: [1.000, 8.000]
  Sigma range: [0.200, 1.000]

Generating Plot 1: 2D Scatter...
  ✓ Saved: ../../figures/from_260430/prior/prior_scatter.png

Generating Plot 2: 2D Density Heatmap...
  ✓ Saved: ../../figures/from_260430/prior/prior_density.png

Generating Plot 3: Marginal Distributions...
  ✓ Saved: ../../figures/from_260430/prior/prior_marginals.png

Generating Plot 4: Joint Plot with Marginals...
  ✓ Saved: ../../figures/from_260430/prior/prior_joint.png

======================================================================
DISTRIBUTION STATISTICS
======================================================================

R0:
  Range:  [1.000, 8.000]
  Mean:   4.501
  Median: 4.495
  Std:    2.019

Sigma:
  Range:  [0.200, 1.000]
  Mean:   0.600
  Median: 0.600
  Std:    0.231
======================================================================

✅ All plots generated successfully!

Generated plots:
  1. prior_scatter.png   - 2D scatter plot
  2. prior_density.png   - 2D density heatmap
  3. prior_marginals.png - Marginal histograms
  4. prior_joint.png     - Joint plot with marginals
