python: can't open file 'pcc_sigma0p4_R03p0.py': [Errno 2] No such file or directory
T's size 920
True True
R0 (2000,) [3.56485228 4.70733526 1.92168994 3.48350921 3.87936542 3.83044543
 3.1491516  1.89563379 3.79624839 2.85325583]
sigma (2000,) [0.39597168 0.70395216 0.21191593 0.57465003 0.54183902 0.54995229
 0.44224171 0.22423573 0.543045   0.46284407]
theta (2000, 2) [[3.56485228 0.39597168]
 [4.70733526 0.70395216]
 [1.92168994 0.21191593]
 [3.48350921 0.57465003]
 [3.87936542 0.54183902]
 [3.83044543 0.54995229]
 [3.1491516  0.44224171]
 [1.89563379 0.22423573]
 [3.79624839 0.543045  ]
 [2.85325583 0.46284407]]
rmse: 8.658238032767706
mae: 4.4201565217391305
coverage: 0.9260869565217391
Elapsed: 10789.9926 s
Worst strain coverage: 0.17391304347826086
Best strain coverage: 1.0
Worst strain MAE: 25.691499999999998
Worst time coverage: 0.9
Best time coverage: 0.95
Worst time MAE: 7.533975000000001
============================================================
POSTERIOR PREDICTIVE CHECK RESULTS
============================================================
Ground truth:      R0 = 2.5, sigma = 0.4
Posterior samples: 2000
R0 posterior:      3.463 ± 0.999
sigma posterior:   0.488 ± 0.163
------------------------------------------------------------
RMSE:              8.658238
MAE:               4.420157
90% CI Coverage:   92.61%
Expected Coverage: 90.00%
------------------------------------------------------------
Status: ⚠ Over-coverage (model underconfident)
============================================================
