T's size 920
True True
R0 (2000,) [4.07782273 5.44880231 5.79475077 6.51160295 6.01061408 4.39653452
 3.37692667 3.57898192 4.35549806 3.22390699]
sigma (2000,) [0.39597168 0.70395216 0.61453203 0.7004272  0.693193   0.54995229
 0.21778823 0.44224171 0.543045   0.46284407]
theta (2000, 2) [[4.07782273 0.39597168]
 [5.44880231 0.70395216]
 [5.79475077 0.61453203]
 [6.51160295 0.7004272 ]
 [6.01061408 0.693193  ]
 [4.39653452 0.54995229]
 [3.37692667 0.21778823]
 [3.57898192 0.44224171]
 [4.35549806 0.543045  ]
 [3.22390699 0.46284407]]
rmse: 9.12309224847501
mae: 5.503845108695653
coverage: 0.9347826086956522
Elapsed: 11647.5348 s
Worst strain coverage: 0.21739130434782608
Best strain coverage: 1.0
Worst strain MAE: 23.963500000000003
Worst time coverage: 0.9
Best time coverage: 1.0
Worst time MAE: 9.332362500000002
============================================================
POSTERIOR PREDICTIVE CHECK RESULTS
============================================================
Ground truth:      R0 = 2.5, sigma = 0.4
Posterior samples: 2000
R0 posterior:      4.434 ± 1.096
sigma posterior:   0.502 ± 0.154
------------------------------------------------------------
RMSE:              9.123092
MAE:               5.503845
90% CI Coverage:   93.48%
Expected Coverage: 90.00%
------------------------------------------------------------
Status: ⚠ Over-coverage (model underconfident)
============================================================
